HTTPSConnectionPool(host='api.proxyscrape.com', port=443): Read timed out. (read timeout=15)
HTTPSConnectionPool(host='api.proxyscrape.com', port=443): Read timed out. (read timeout=15)
HTTPSConnectionPool(host='proxylist.geonode.com', port=443): Read timed out. (read timeout=15)
HTTPSConnectionPool(host='proxylist.geonode.com', port=443): Read timed out. (read timeout=15)
HTTPSConnectionPool(host='t.me', port=443): Max retries exceeded with url: /amtmedyaduyuru/2?embed=1&mode=tme (Caused by ConnectTimeoutError(<urllib3.connection.HTTPSConnection object at 0x000002634064C890>, 'Connection to t.me timed out. (connect timeout=None)'))
HTTPSConnectionPool(host='t.me', port=443): Max retries exceeded with url: /amtmedyaduyuru/2?embed=1&mode=tme (Caused by NameResolutionError("<urllib3.connection.HTTPSConnection object at 0x000002633A98CA50>: Failed to resolve 't.me' ([Errno 11001] getaddrinfo failed)"))
HTTPSConnectionPool(host='t.me', port=443): Max retries exceeded with url: /amtmedyaduyuru/2?embed=1&mode=tme (Caused by NameResolutionError("<urllib3.connection.HTTPSConnection object at 0x000002633C3C83D0>: Failed to resolve 't.me' ([Errno 11001] getaddrinfo failed)"))
HTTPSConnectionPool(host='t.me', port=443): Max retries exceeded with url: /amtmedyaduyuru/2?embed=1&mode=tme (Caused by NameResolutionError("<urllib3.connection.HTTPSConnection object at 0x00000263392D4190>: Failed to resolve 't.me' ([Errno 11001] getaddrinfo failed)"))
HTTPSConnectionPool(host='t.me', port=443): Max retries exceeded with url: /amtmedyaduyuru/2?embed=1&mode=tme (Caused by NameResolutionError("<urllib3.connection.HTTPSConnection object at 0x000002633FE81AD0>: Failed to resolve 't.me' ([Errno 11001] getaddrinfo failed)"))
HTTPSConnectionPool(host='t.me', port=443): Max retries exceeded with url: /amtmedyaduyuru/2?embed=1&mode=tme (Caused by NameResolutionError("<urllib3.connection.HTTPSConnection object at 0x000002633E03BC50>: Failed to resolve 't.me' ([Errno 11001] getaddrinfo failed)"))
HTTPSConnectionPool(host='t.me', port=443): Max retries exceeded with url: /amtmedyaduyuru/2?embed=1&mode=tme (Caused by NameResolutionError("<urllib3.connection.HTTPSConnection object at 0x000002634071E990>: Failed to resolve 't.me' ([Errno 11001] getaddrinfo failed)"))
HTTPSConnectionPool(host='t.me', port=443): Max retries exceeded with url: /amtmedyaduyuru/2?embed=1&mode=tme (Caused by NameResolutionError("<urllib3.connection.HTTPSConnection object at 0x00000263400FFB50>: Failed to resolve 't.me' ([Errno 11001] getaddrinfo failed)"))
HTTPSConnectionPool(host='t.me', port=443): Max retries exceeded with url: /amtmedyaduyuru/2?embed=1&mode=tme (Caused by NameResolutionError("<urllib3.connection.HTTPSConnection object at 0x0000026339176810>: Failed to resolve 't.me' ([Errno 11001] getaddrinfo failed)"))
HTTPSConnectionPool(host='t.me', port=443): Max retries exceeded with url: /amtmedyaduyuru/2?embed=1&mode=tme (Caused by NameResolutionError("<urllib3.connection.HTTPSConnection object at 0x000002634096AA50>: Failed to resolve 't.me' ([Errno 11001] getaddrinfo failed)"))
HTTPSConnectionPool(host='t.me', port=443): Max retries exceeded with url: /amtmedyaduyuru/2?embed=1&mode=tme (Caused by NameResolutionError("<urllib3.connection.HTTPSConnection object at 0x0000026340F13610>: Failed to resolve 't.me' ([Errno 11001] getaddrinfo failed)"))
HTTPSConnectionPool(host='t.me', port=443): Max retries exceeded with url: /amtmedyaduyuru/2?embed=1&mode=tme (Caused by NameResolutionError("<urllib3.connection.HTTPSConnection object at 0x0000026340DFDD10>: Failed to resolve 't.me' ([Errno 11001] getaddrinfo failed)"))
HTTPSConnectionPool(host='t.me', port=443): Max retries exceeded with url: /amtmedyaduyuru/2?embed=1&mode=tme (Caused by NameResolutionError("<urllib3.connection.HTTPSConnection object at 0x0000026340754490>: Failed to resolve 't.me' ([Errno 11001] getaddrinfo failed)"))
HTTPSConnectionPool(host='t.me', port=443): Max retries exceeded with url: /amtmedyaduyuru/2?embed=1&mode=tme (Caused by NameResolutionError("<urllib3.connection.HTTPSConnection object at 0x0000026340DFCF50>: Failed to resolve 't.me' ([Errno 11001] getaddrinfo failed)"))
HTTPSConnectionPool(host='t.me', port=443): Max retries exceeded with url: /amtmedyaduyuru/2?embed=1&mode=tme (Caused by NameResolutionError("<urllib3.connection.HTTPSConnection object at 0x000002633C54DED0>: Failed to resolve 't.me' ([Errno 11001] getaddrinfo failed)"))
HTTPSConnectionPool(host='t.me', port=443): Max retries exceeded with url: /amtmedyaduyuru/2?embed=1&mode=tme (Caused by NameResolutionError("<urllib3.connection.HTTPSConnection object at 0x000002633E31D350>: Failed to resolve 't.me' ([Errno 11001] getaddrinfo failed)"))
HTTPSConnectionPool(host='t.me', port=443): Max retries exceeded with url: /amtmedyaduyuru/2?embed=1&mode=tme (Caused by NameResolutionError("<urllib3.connection.HTTPSConnection object at 0x0000026340F136D0>: Failed to resolve 't.me' ([Errno 11001] getaddrinfo failed)"))
HTTPSConnectionPool(host='t.me', port=443): Max retries exceeded with url: /amtmedyaduyuru/2?embed=1&mode=tme (Caused by NameResolutionError("<urllib3.connection.HTTPSConnection object at 0x0000026336632A50>: Failed to resolve 't.me' ([Errno 11001] getaddrinfo failed)"))
HTTPSConnectionPool(host='t.me', port=443): Max retries exceeded with url: /amtmedyaduyuru/2?embed=1&mode=tme (Caused by NameResolutionError("<urllib3.connection.HTTPSConnection object at 0x000002634073EE10>: Failed to resolve 't.me' ([Errno 11001] getaddrinfo failed)"))
HTTPSConnectionPool(host='t.me', port=443): Max retries exceeded with url: /amtmedyaduyuru/2?embed=1&mode=tme (Caused by NameResolutionError("<urllib3.connection.HTTPSConnection object at 0x00000263404F66D0>: Failed to resolve 't.me' ([Errno 11001] getaddrinfo failed)"))
HTTPSConnectionPool(host='t.me', port=443): Max retries exceeded with url: /amtmedyaduyuru/2?embed=1&mode=tme (Caused by NameResolutionError("<urllib3.connection.HTTPSConnection object at 0x000002633E31A310>: Failed to resolve 't.me' ([Errno 11001] getaddrinfo failed)"))
HTTPSConnectionPool(host='t.me', port=443): Max retries exceeded with url: /amtmedyaduyuru/2?embed=1&mode=tme (Caused by NameResolutionError("<urllib3.connection.HTTPSConnection object at 0x0000026340F26710>: Failed to resolve 't.me' ([Errno 11001] getaddrinfo failed)"))
HTTPSConnectionPool(host='t.me', port=443): Max retries exceeded with url: /amtmedyaduyuru/2?embed=1&mode=tme (Caused by NameResolutionError("<urllib3.connection.HTTPSConnection object at 0x000002633FE81AD0>: Failed to resolve 't.me' ([Errno 11001] getaddrinfo failed)"))
HTTPSConnectionPool(host='t.me', port=443): Max retries exceeded with url: /amtmedyaduyuru/2?embed=1&mode=tme (Caused by NameResolutionError("<urllib3.connection.HTTPSConnection object at 0x000002633C718D90>: Failed to resolve 't.me' ([Errno 11001] getaddrinfo failed)"))
HTTPSConnectionPool(host='t.me', port=443): Max retries exceeded with url: /amtmedyaduyuru/2?embed=1&mode=tme (Caused by NameResolutionError("<urllib3.connection.HTTPSConnection object at 0x0000026340287910>: Failed to resolve 't.me' ([Errno 11001] getaddrinfo failed)"))
HTTPSConnectionPool(host='t.me', port=443): Max retries exceeded with url: /amtmedyaduyuru/2?embed=1&mode=tme (Caused by NameResolutionError("<urllib3.connection.HTTPSConnection object at 0x000002634010C610>: Failed to resolve 't.me' ([Errno 11001] getaddrinfo failed)"))
HTTPSConnectionPool(host='t.me', port=443): Max retries exceeded with url: /amtmedyaduyuru/2?embed=1&mode=tme (Caused by NameResolutionError("<urllib3.connection.HTTPSConnection object at 0x000002633E176290>: Failed to resolve 't.me' ([Errno 11001] getaddrinfo failed)"))
HTTPSConnectionPool(host='t.me', port=443): Max retries exceeded with url: /amtmedyaduyuru/2?embed=1&mode=tme (Caused by NameResolutionError("<urllib3.connection.HTTPSConnection object at 0x0000026340B06610>: Failed to resolve 't.me' ([Errno 11001] getaddrinfo failed)"))
HTTPSConnectionPool(host='t.me', port=443): Max retries exceeded with url: /amtmedyaduyuru/2?embed=1&mode=tme (Caused by NameResolutionError("<urllib3.connection.HTTPSConnection object at 0x0000026340B73F50>: Failed to resolve 't.me' ([Errno 11001] getaddrinfo failed)"))
HTTPSConnectionPool(host='t.me', port=443): Max retries exceeded with url: /amtmedyaduyuru/2?embed=1&mode=tme (Caused by NameResolutionError("<urllib3.connection.HTTPSConnection object at 0x0000026340C72050>: Failed to resolve 't.me' ([Errno 11001] getaddrinfo failed)"))
HTTPSConnectionPool(host='t.me', port=443): Max retries exceeded with url: /amtmedyaduyuru/2?embed=1&mode=tme (Caused by NameResolutionError("<urllib3.connection.HTTPSConnection object at 0x000002633FB47CD0>: Failed to resolve 't.me' ([Errno 11001] getaddrinfo failed)"))
HTTPSConnectionPool(host='t.me', port=443): Max retries exceeded with url: /amtmedyaduyuru/2?embed=1&mode=tme (Caused by NameResolutionError("<urllib3.connection.HTTPSConnection object at 0x000002633F7C3450>: Failed to resolve 't.me' ([Errno 11001] getaddrinfo failed)"))
HTTPSConnectionPool(host='t.me', port=443): Max retries exceeded with url: /amtmedyaduyuru/2?embed=1&mode=tme (Caused by NameResolutionError("<urllib3.connection.HTTPSConnection object at 0x000002633C552BD0>: Failed to resolve 't.me' ([Errno 11001] getaddrinfo failed)"))
HTTPSConnectionPool(host='t.me', port=443): Max retries exceeded with url: /amtmedyaduyuru/2?embed=1&mode=tme (Caused by NameResolutionError("<urllib3.connection.HTTPSConnection object at 0x000002633AE610D0>: Failed to resolve 't.me' ([Errno 11001] getaddrinfo failed)"))
HTTPSConnectionPool(host='t.me', port=443): Max retries exceeded with url: /amtmedyaduyuru/2?embed=1&mode=tme (Caused by NameResolutionError("<urllib3.connection.HTTPSConnection object at 0x000002633FB58AD0>: Failed to resolve 't.me' ([Errno 11001] getaddrinfo failed)"))
HTTPSConnectionPool(host='t.me', port=443): Max retries exceeded with url: /amtmedyaduyuru/2?embed=1&mode=tme (Caused by NameResolutionError("<urllib3.connection.HTTPSConnection object at 0x0000026340ACD3D0>: Failed to resolve 't.me' ([Errno 11001] getaddrinfo failed)"))
HTTPSConnectionPool(host='t.me', port=443): Max retries exceeded with url: /amtmedyaduyuru/2?embed=1&mode=tme (Caused by NameResolutionError("<urllib3.connection.HTTPSConnection object at 0x00000263408DA550>: Failed to resolve 't.me' ([Errno 11001] getaddrinfo failed)"))
HTTPSConnectionPool(host='t.me', port=443): Max retries exceeded with url: /amtmedyaduyuru/2?embed=1&mode=tme (Caused by NameResolutionError("<urllib3.connection.HTTPSConnection object at 0x0000026340084F50>: Failed to resolve 't.me' ([Errno 11001] getaddrinfo failed)"))
HTTPSConnectionPool(host='t.me', port=443): Max retries exceeded with url: /amtmedyaduyuru/2?embed=1&mode=tme (Caused by NameResolutionError("<urllib3.connection.HTTPSConnection object at 0x000002633FC280D0>: Failed to resolve 't.me' ([Errno 11001] getaddrinfo failed)"))
HTTPSConnectionPool(host='t.me', port=443): Max retries exceeded with url: /amtmedyaduyuru/2?embed=1&mode=tme (Caused by NameResolutionError("<urllib3.connection.HTTPSConnection object at 0x000002633A54CF90>: Failed to resolve 't.me' ([Errno 11001] getaddrinfo failed)"))
HTTPSConnectionPool(host='t.me', port=443): Max retries exceeded with url: /amtmedyaduyuru/2?embed=1&mode=tme (Caused by NameResolutionError("<urllib3.connection.HTTPSConnection object at 0x00000263406CB710>: Failed to resolve 't.me' ([Errno 11001] getaddrinfo failed)"))
HTTPSConnectionPool(host='t.me', port=443): Max retries exceeded with url: /amtmedyaduyuru/2?embed=1&mode=tme (Caused by NameResolutionError("<urllib3.connection.HTTPSConnection object at 0x0000026336630750>: Failed to resolve 't.me' ([Errno 11001] getaddrinfo failed)"))
HTTPSConnectionPool(host='t.me', port=443): Max retries exceeded with url: /amtmedyaduyuru/2?embed=1&mode=tme (Caused by NameResolutionError("<urllib3.connection.HTTPSConnection object at 0x000002633E03BC50>: Failed to resolve 't.me' ([Errno 11001] getaddrinfo failed)"))
HTTPSConnectionPool(host='t.me', port=443): Max retries exceeded with url: /amtmedyaduyuru/2?embed=1&mode=tme (Caused by NameResolutionError("<urllib3.connection.HTTPSConnection object at 0x0000026340875F50>: Failed to resolve 't.me' ([Errno 11001] getaddrinfo failed)"))
HTTPSConnectionPool(host='t.me', port=443): Max retries exceeded with url: /amtmedyaduyuru/2?embed=1&mode=tme (Caused by NameResolutionError("<urllib3.connection.HTTPSConnection object at 0x000002634065BB10>: Failed to resolve 't.me' ([Errno 11001] getaddrinfo failed)"))
HTTPSConnectionPool(host='t.me', port=443): Max retries exceeded with url: /amtmedyaduyuru/2?embed=1&mode=tme (Caused by NameResolutionError("<urllib3.connection.HTTPSConnection object at 0x0000026340CC9A50>: Failed to resolve 't.me' ([Errno 11001] getaddrinfo failed)"))
HTTPSConnectionPool(host='t.me', port=443): Max retries exceeded with url: /amtmedyaduyuru/2?embed=1&mode=tme (Caused by NameResolutionError("<urllib3.connection.HTTPSConnection object at 0x0000026340F13890>: Failed to resolve 't.me' ([Errno 11001] getaddrinfo failed)"))
HTTPSConnectionPool(host='t.me', port=443): Max retries exceeded with url: /amtmedyaduyuru/2?embed=1&mode=tme (Caused by NameResolutionError("<urllib3.connection.HTTPSConnection object at 0x0000026340F24B90>: Failed to resolve 't.me' ([Errno 11001] getaddrinfo failed)"))
HTTPSConnectionPool(host='t.me', port=443): Max retries exceeded with url: /amtmedyaduyuru/2?embed=1&mode=tme (Caused by NameResolutionError("<urllib3.connection.HTTPSConnection object at 0x0000026340C9F750>: Failed to resolve 't.me' ([Errno 11001] getaddrinfo failed)"))
HTTPSConnectionPool(host='t.me', port=443): Max retries exceeded with url: /amtmedyaduyuru/2?embed=1&mode=tme (Caused by NameResolutionError("<urllib3.connection.HTTPSConnection object at 0x000002633FB3B050>: Failed to resolve 't.me' ([Errno 11001] getaddrinfo failed)"))
HTTPSConnectionPool(host='t.me', port=443): Max retries exceeded with url: /amtmedyaduyuru/2?embed=1&mode=tme (Caused by NameResolutionError("<urllib3.connection.HTTPSConnection object at 0x000002633B7AE390>: Failed to resolve 't.me' ([Errno 11001] getaddrinfo failed)"))
HTTPSConnectionPool(host='t.me', port=443): Max retries exceeded with url: /amtmedyaduyuru/2?embed=1&mode=tme (Caused by NameResolutionError("<urllib3.connection.HTTPSConnection object at 0x000002633AECF990>: Failed to resolve 't.me' ([Errno 11001] getaddrinfo failed)"))
HTTPSConnectionPool(host='t.me', port=443): Max retries exceeded with url: /amtmedyaduyuru/2?embed=1&mode=tme (Caused by NameResolutionError("<urllib3.connection.HTTPSConnection object at 0x000002633FCB7390>: Failed to resolve 't.me' ([Errno 11001] getaddrinfo failed)"))
HTTPSConnectionPool(host='t.me', port=443): Max retries exceeded with url: /amtmedyaduyuru/2?embed=1&mode=tme (Caused by NameResolutionError("<urllib3.connection.HTTPSConnection object at 0x000002633F9AB610>: Failed to resolve 't.me' ([Errno 11001] getaddrinfo failed)"))
HTTPSConnectionPool(host='t.me', port=443): Max retries exceeded with url: /amtmedyaduyuru/2?embed=1&mode=tme (Caused by NameResolutionError("<urllib3.connection.HTTPSConnection object at 0x0000026340F25050>: Failed to resolve 't.me' ([Errno 11001] getaddrinfo failed)"))
HTTPSConnectionPool(host='t.me', port=443): Max retries exceeded with url: /amtmedyaduyuru/2?embed=1&mode=tme (Caused by NameResolutionError("<urllib3.connection.HTTPSConnection object at 0x0000026340F245D0>: Failed to resolve 't.me' ([Errno 11001] getaddrinfo failed)"))
HTTPSConnectionPool(host='t.me', port=443): Max retries exceeded with url: /amtmedyaduyuru/2?embed=1&mode=tme (Caused by NameResolutionError("<urllib3.connection.HTTPSConnection object at 0x000002633C5535D0>: Failed to resolve 't.me' ([Errno 11001] getaddrinfo failed)"))
HTTPSConnectionPool(host='t.me', port=443): Max retries exceeded with url: /amtmedyaduyuru/2?embed=1&mode=tme (Caused by NameResolutionError("<urllib3.connection.HTTPSConnection object at 0x000002633E007410>: Failed to resolve 't.me' ([Errno 11001] getaddrinfo failed)"))
HTTPSConnectionPool(host='t.me', port=443): Max retries exceeded with url: /amtmedyaduyuru/2?embed=1&mode=tme (Caused by NameResolutionError("<urllib3.connection.HTTPSConnection object at 0x000002633DFC0F50>: Failed to resolve 't.me' ([Errno 11001] getaddrinfo failed)"))
HTTPSConnectionPool(host='t.me', port=443): Max retries exceeded with url: /amtmedyaduyuru/2?embed=1&mode=tme (Caused by NameResolutionError("<urllib3.connection.HTTPSConnection object at 0x000002634019E910>: Failed to resolve 't.me' ([Errno 11001] getaddrinfo failed)"))
HTTPSConnectionPool(host='t.me', port=443): Max retries exceeded with url: /amtmedyaduyuru/2?embed=1&mode=tme (Caused by NameResolutionError("<urllib3.connection.HTTPSConnection object at 0x000002633666FFD0>: Failed to resolve 't.me' ([Errno 11001] getaddrinfo failed)"))
HTTPSConnectionPool(host='t.me', port=443): Max retries exceeded with url: /amtmedyaduyuru/2?embed=1&mode=tme (Caused by NameResolutionError("<urllib3.connection.HTTPSConnection object at 0x000002633E370590>: Failed to resolve 't.me' ([Errno 11001] getaddrinfo failed)"))
HTTPSConnectionPool(host='t.me', port=443): Max retries exceeded with url: /amtmedyaduyuru/2?embed=1&mode=tme (Caused by NameResolutionError("<urllib3.connection.HTTPSConnection object at 0x00000263409C27D0>: Failed to resolve 't.me' ([Errno 11001] getaddrinfo failed)"))
HTTPSConnectionPool(host='t.me', port=443): Max retries exceeded with url: /amtmedyaduyuru/2?embed=1&mode=tme (Caused by NameResolutionError("<urllib3.connection.HTTPSConnection object at 0x0000026336680C90>: Failed to resolve 't.me' ([Errno 11001] getaddrinfo failed)"))
HTTPSConnectionPool(host='t.me', port=443): Max retries exceeded with url: /amtmedyaduyuru/2?embed=1&mode=tme (Caused by NameResolutionError("<urllib3.connection.HTTPSConnection object at 0x000002633FC40850>: Failed to resolve 't.me' ([Errno 11001] getaddrinfo failed)"))
HTTPSConnectionPool(host='t.me', port=443): Max retries exceeded with url: /amtmedyaduyuru/2?embed=1&mode=tme (Caused by NameResolutionError("<urllib3.connection.HTTPSConnection object at 0x000002634082C5D0>: Failed to resolve 't.me' ([Errno 11001] getaddrinfo failed)"))
HTTPSConnectionPool(host='t.me', port=443): Max retries exceeded with url: /amtmedyaduyuru/2?embed=1&mode=tme (Caused by NameResolutionError("<urllib3.connection.HTTPSConnection object at 0x0000026340F275D0>: Failed to resolve 't.me' ([Errno 11001] getaddrinfo failed)"))
HTTPSConnectionPool(host='t.me', port=443): Max retries exceeded with url: /amtmedyaduyuru/2?embed=1&mode=tme (Caused by NameResolutionError("<urllib3.connection.HTTPSConnection object at 0x0000026340F2D2D0>: Failed to resolve 't.me' ([Errno 11001] getaddrinfo failed)"))
HTTPSConnectionPool(host='t.me', port=443): Max retries exceeded with url: /amtmedyaduyuru/2?embed=1&mode=tme (Caused by NameResolutionError("<urllib3.connection.HTTPSConnection object at 0x0000026340F2F050>: Failed to resolve 't.me' ([Errno 11001] getaddrinfo failed)"))
HTTPSConnectionPool(host='t.me', port=443): Max retries exceeded with url: /amtmedyaduyuru/2?embed=1&mode=tme (Caused by NameResolutionError("<urllib3.connection.HTTPSConnection object at 0x0000026340F27A10>: Failed to resolve 't.me' ([Errno 11001] getaddrinfo failed)"))
HTTPSConnectionPool(host='t.me', port=443): Max retries exceeded with url: /amtmedyaduyuru/2?embed=1&mode=tme (Caused by NameResolutionError("<urllib3.connection.HTTPSConnection object at 0x0000026340F27010>: Failed to resolve 't.me' ([Errno 11001] getaddrinfo failed)"))
HTTPSConnectionPool(host='t.me', port=443): Max retries exceeded with url: /amtmedyaduyuru/2?embed=1&mode=tme (Caused by NameResolutionError("<urllib3.connection.HTTPSConnection object at 0x0000026340AAA810>: Failed to resolve 't.me' ([Errno 11001] getaddrinfo failed)"))
HTTPSConnectionPool(host='t.me', port=443): Max retries exceeded with url: /amtmedyaduyuru/2?embed=1&mode=tme (Caused by NameResolutionError("<urllib3.connection.HTTPSConnection object at 0x0000026340CC8390>: Failed to resolve 't.me' ([Errno 11001] getaddrinfo failed)"))
HTTPSConnectionPool(host='t.me', port=443): Max retries exceeded with url: /amtmedyaduyuru/2?embed=1&mode=tme (Caused by NameResolutionError("<urllib3.connection.HTTPSConnection object at 0x0000026340EFAFD0>: Failed to resolve 't.me' ([Errno 11001] getaddrinfo failed)"))
HTTPSConnectionPool(host='t.me', port=443): Max retries exceeded with url: /amtmedyaduyuru/2?embed=1&mode=tme (Caused by NameResolutionError("<urllib3.connection.HTTPSConnection object at 0x0000026340F2CAD0>: Failed to resolve 't.me' ([Errno 11001] getaddrinfo failed)"))
HTTPSConnectionPool(host='t.me', port=443): Max retries exceeded with url: /amtmedyaduyuru/2?embed=1&mode=tme (Caused by NameResolutionError("<urllib3.connection.HTTPSConnection object at 0x000002633FCBFF90>: Failed to resolve 't.me' ([Errno 11001] getaddrinfo failed)"))
HTTPSConnectionPool(host='t.me', port=443): Max retries exceeded with url: /amtmedyaduyuru/2?embed=1&mode=tme (Caused by NameResolutionError("<urllib3.connection.HTTPSConnection object at 0x0000026340B15BD0>: Failed to resolve 't.me' ([Errno 11001] getaddrinfo failed)"))
HTTPSConnectionPool(host='t.me', port=443): Max retries exceeded with url: /amtmedyaduyuru/2?embed=1&mode=tme (Caused by NameResolutionError("<urllib3.connection.HTTPSConnection object at 0x0000026340F272D0>: Failed to resolve 't.me' ([Errno 11001] getaddrinfo failed)"))
HTTPSConnectionPool(host='t.me', port=443): Max retries exceeded with url: /amtmedyaduyuru/2?embed=1&mode=tme (Caused by NameResolutionError("<urllib3.connection.HTTPSConnection object at 0x000002634058CC90>: Failed to resolve 't.me' ([Errno 11001] getaddrinfo failed)"))
HTTPSConnectionPool(host='t.me', port=443): Max retries exceeded with url: /amtmedyaduyuru/2?embed=1&mode=tme (Caused by NameResolutionError("<urllib3.connection.HTTPSConnection object at 0x000002633FC40850>: Failed to resolve 't.me' ([Errno 11001] getaddrinfo failed)"))
HTTPSConnectionPool(host='t.me', port=443): Max retries exceeded with url: /amtmedyaduyuru/2?embed=1&mode=tme (Caused by NameResolutionError("<urllib3.connection.HTTPSConnection object at 0x000002633C5DA5D0>: Failed to resolve 't.me' ([Errno 11001] getaddrinfo failed)"))
HTTPSConnectionPool(host='t.me', port=443): Max retries exceeded with url: /amtmedyaduyuru/2?embed=1&mode=tme (Caused by NameResolutionError("<urllib3.connection.HTTPSConnection object at 0x000002633FC6B950>: Failed to resolve 't.me' ([Errno 11001] getaddrinfo failed)"))
HTTPSConnectionPool(host='t.me', port=443): Max retries exceeded with url: /amtmedyaduyuru/2?embed=1&mode=tme (Caused by NameResolutionError("<urllib3.connection.HTTPSConnection object at 0x0000026340EF9950>: Failed to resolve 't.me' ([Errno 11001] getaddrinfo failed)"))
HTTPSConnectionPool(host='t.me', port=443): Max retries exceeded with url: /amtmedyaduyuru/2?embed=1&mode=tme (Caused by NameResolutionError("<urllib3.connection.HTTPSConnection object at 0x000002634072CED0>: Failed to resolve 't.me' ([Errno 11001] getaddrinfo failed)"))
HTTPSConnectionPool(host='t.me', port=443): Max retries exceeded with url: /amtmedyaduyuru/2?embed=1&mode=tme (Caused by NameResolutionError("<urllib3.connection.HTTPSConnection object at 0x000002633E01D8D0>: Failed to resolve 't.me' ([Errno 11001] getaddrinfo failed)"))
HTTPSConnectionPool(host='t.me', port=443): Max retries exceeded with url: /amtmedyaduyuru/2?embed=1&mode=tme (Caused by NameResolutionError("<urllib3.connection.HTTPSConnection object at 0x0000026340B2D810>: Failed to resolve 't.me' ([Errno 11001] getaddrinfo failed)"))
HTTPSConnectionPool(host='t.me', port=443): Max retries exceeded with url: /amtmedyaduyuru/2?embed=1&mode=tme (Caused by NameResolutionError("<urllib3.connection.HTTPSConnection object at 0x000002633C550F10>: Failed to resolve 't.me' ([Errno 11001] getaddrinfo failed)"))
HTTPSConnectionPool(host='t.me', port=443): Max retries exceeded with url: /amtmedyaduyuru/2?embed=1&mode=tme (Caused by NameResolutionError("<urllib3.connection.HTTPSConnection object at 0x000002633A9CB250>: Failed to resolve 't.me' ([Errno 11001] getaddrinfo failed)"))
HTTPSConnectionPool(host='t.me', port=443): Max retries exceeded with url: /amtmedyaduyuru/2?embed=1&mode=tme (Caused by NameResolutionError("<urllib3.connection.HTTPSConnection object at 0x0000026340EFA850>: Failed to resolve 't.me' ([Errno 11001] getaddrinfo failed)"))
HTTPSConnectionPool(host='t.me', port=443): Max retries exceeded with url: /amtmedyaduyuru/2?embed=1&mode=tme (Caused by NameResolutionError("<urllib3.connection.HTTPSConnection object at 0x0000026340C73B90>: Failed to resolve 't.me' ([Errno 11001] getaddrinfo failed)"))
HTTPSConnectionPool(host='t.me', port=443): Max retries exceeded with url: /amtmedyaduyuru/2?embed=1&mode=tme (Caused by NameResolutionError("<urllib3.connection.HTTPSConnection object at 0x000002633F94CA90>: Failed to resolve 't.me' ([Errno 11001] getaddrinfo failed)"))
HTTPSConnectionPool(host='t.me', port=443): Max retries exceeded with url: /amtmedyaduyuru/2?embed=1&mode=tme (Caused by NameResolutionError("<urllib3.connection.HTTPSConnection object at 0x0000026340B50E10>: Failed to resolve 't.me' ([Errno 11001] getaddrinfo failed)"))
HTTPSConnectionPool(host='t.me', port=443): Max retries exceeded with url: /amtmedyaduyuru/2?embed=1&mode=tme (Caused by NameResolutionError("<urllib3.connection.HTTPSConnection object at 0x0000026340DF0990>: Failed to resolve 't.me' ([Errno 11001] getaddrinfo failed)"))
HTTPSConnectionPool(host='t.me', port=443): Max retries exceeded with url: /amtmedyaduyuru/2?embed=1&mode=tme (Caused by NameResolutionError("<urllib3.connection.HTTPSConnection object at 0x000002634082DE90>: Failed to resolve 't.me' ([Errno 11001] getaddrinfo failed)"))
HTTPSConnectionPool(host='t.me', port=443): Max retries exceeded with url: /amtmedyaduyuru/2?embed=1&mode=tme (Caused by NameResolutionError("<urllib3.connection.HTTPSConnection object at 0x000002633FDA30D0>: Failed to resolve 't.me' ([Errno 11001] getaddrinfo failed)"))
HTTPSConnectionPool(host='t.me', port=443): Max retries exceeded with url: /amtmedyaduyuru/2?embed=1&mode=tme (Caused by NameResolutionError("<urllib3.connection.HTTPSConnection object at 0x0000026340B5F310>: Failed to resolve 't.me' ([Errno 11001] getaddrinfo failed)"))
HTTPSConnectionPool(host='t.me', port=443): Max retries exceeded with url: /amtmedyaduyuru/2?embed=1&mode=tme (Caused by NameResolutionError("<urllib3.connection.HTTPSConnection object at 0x0000026340156B90>: Failed to resolve 't.me' ([Errno 11001] getaddrinfo failed)"))
HTTPSConnectionPool(host='t.me', port=443): Max retries exceeded with url: /amtmedyaduyuru/2?embed=1&mode=tme (Caused by NameResolutionError("<urllib3.connection.HTTPSConnection object at 0x0000026340F13410>: Failed to resolve 't.me' ([Errno 11001] getaddrinfo failed)"))
HTTPSConnectionPool(host='t.me', port=443): Max retries exceeded with url: /amtmedyaduyuru/2?embed=1&mode=tme (Caused by NameResolutionError("<urllib3.connection.HTTPSConnection object at 0x000002633665C8D0>: Failed to resolve 't.me' ([Errno 11001] getaddrinfo failed)"))
HTTPSConnectionPool(host='t.me', port=443): Max retries exceeded with url: /amtmedyaduyuru/2?embed=1&mode=tme (Caused by NameResolutionError("<urllib3.connection.HTTPSConnection object at 0x0000026340287B10>: Failed to resolve 't.me' ([Errno 11001] getaddrinfo failed)"))
HTTPSConnectionPool(host='t.me', port=443): Max retries exceeded with url: /amtmedyaduyuru/2?embed=1&mode=tme (Caused by NameResolutionError("<urllib3.connection.HTTPSConnection object at 0x0000026340CC9D50>: Failed to resolve 't.me' ([Errno 11001] getaddrinfo failed)"))
HTTPSConnectionPool(host='t.me', port=443): Max retries exceeded with url: /amtmedyaduyuru/2?embed=1&mode=tme (Caused by NameResolutionError("<urllib3.connection.HTTPSConnection object at 0x0000026340F24350>: Failed to resolve 't.me' ([Errno 11001] getaddrinfo failed)"))
HTTPSConnectionPool(host='t.me', port=443): Max retries exceeded with url: /amtmedyaduyuru/2?embed=1&mode=tme (Caused by NameResolutionError("<urllib3.connection.HTTPSConnection object at 0x0000026340CC9AD0>: Failed to resolve 't.me' ([Errno 11001] getaddrinfo failed)"))
HTTPSConnectionPool(host='t.me', port=443): Max retries exceeded with url: /amtmedyaduyuru/2?embed=1&mode=tme (Caused by NameResolutionError("<urllib3.connection.HTTPSConnection object at 0x000002634008CB10>: Failed to resolve 't.me' ([Errno 11001] getaddrinfo failed)"))
HTTPSConnectionPool(host='t.me', port=443): Max retries exceeded with url: /amtmedyaduyuru/2?embed=1&mode=tme (Caused by NameResolutionError("<urllib3.connection.HTTPSConnection object at 0x0000026340BD9D90>: Failed to resolve 't.me' ([Errno 11001] getaddrinfo failed)"))
HTTPSConnectionPool(host='t.me', port=443): Max retries exceeded with url: /amtmedyaduyuru/2?embed=1&mode=tme (Caused by NameResolutionError("<urllib3.connection.HTTPSConnection object at 0x000002633F8E1250>: Failed to resolve 't.me' ([Errno 11001] getaddrinfo failed)"))
HTTPSConnectionPool(host='t.me', port=443): Max retries exceeded with url: /amtmedyaduyuru/2?embed=1&mode=tme (Caused by NameResolutionError("<urllib3.connection.HTTPSConnection object at 0x00000263366312D0>: Failed to resolve 't.me' ([Errno 11001] getaddrinfo failed)"))
HTTPSConnectionPool(host='t.me', port=443): Max retries exceeded with url: /amtmedyaduyuru/2?embed=1&mode=tme (Caused by NameResolutionError("<urllib3.connection.HTTPSConnection object at 0x0000026340F24890>: Failed to resolve 't.me' ([Errno 11001] getaddrinfo failed)"))
HTTPSConnectionPool(host='t.me', port=443): Max retries exceeded with url: /amtmedyaduyuru/2?embed=1&mode=tme (Caused by NameResolutionError("<urllib3.connection.HTTPSConnection object at 0x0000026340C51850>: Failed to resolve 't.me' ([Errno 11001] getaddrinfo failed)"))
HTTPSConnectionPool(host='t.me', port=443): Max retries exceeded with url: /amtmedyaduyuru/2?embed=1&mode=tme (Caused by NameResolutionError("<urllib3.connection.HTTPSConnection object at 0x000002633B8AAC90>: Failed to resolve 't.me' ([Errno 11001] getaddrinfo failed)"))
HTTPSConnectionPool(host='t.me', port=443): Max retries exceeded with url: /amtmedyaduyuru/2?embed=1&mode=tme (Caused by NameResolutionError("<urllib3.connection.HTTPSConnection object at 0x0000026340E09350>: Failed to resolve 't.me' ([Errno 11001] getaddrinfo failed)"))
HTTPSConnectionPool(host='t.me', port=443): Max retries exceeded with url: /amtmedyaduyuru/2?embed=1&mode=tme (Caused by NameResolutionError("<urllib3.connection.HTTPSConnection object at 0x000002634072C110>: Failed to resolve 't.me' ([Errno 11001] getaddrinfo failed)"))
HTTPSConnectionPool(host='t.me', port=443): Max retries exceeded with url: /amtmedyaduyuru/2?embed=1&mode=tme (Caused by NameResolutionError("<urllib3.connection.HTTPSConnection object at 0x00000263403BAD10>: Failed to resolve 't.me' ([Errno 11001] getaddrinfo failed)"))
HTTPSConnectionPool(host='t.me', port=443): Max retries exceeded with url: /amtmedyaduyuru/2?embed=1&mode=tme (Caused by NameResolutionError("<urllib3.connection.HTTPSConnection object at 0x0000026340CA0990>: Failed to resolve 't.me' ([Errno 11001] getaddrinfo failed)"))
HTTPSConnectionPool(host='t.me', port=443): Max retries exceeded with url: /amtmedyaduyuru/2?embed=1&mode=tme (Caused by NameResolutionError("<urllib3.connection.HTTPSConnection object at 0x0000026340F26F90>: Failed to resolve 't.me' ([Errno 11001] getaddrinfo failed)"))
HTTPSConnectionPool(host='t.me', port=443): Max retries exceeded with url: /amtmedyaduyuru/2?embed=1&mode=tme (Caused by NameResolutionError("<urllib3.connection.HTTPSConnection object at 0x0000026338A4C810>: Failed to resolve 't.me' ([Errno 11001] getaddrinfo failed)"))
HTTPSConnectionPool(host='t.me', port=443): Max retries exceeded with url: /amtmedyaduyuru/2?embed=1&mode=tme (Caused by NameResolutionError("<urllib3.connection.HTTPSConnection object at 0x000002633652DD10>: Failed to resolve 't.me' ([Errno 11001] getaddrinfo failed)"))
HTTPSConnectionPool(host='t.me', port=443): Max retries exceeded with url: /amtmedyaduyuru/2?embed=1&mode=tme (Caused by NameResolutionError("<urllib3.connection.HTTPSConnection object at 0x00000263407991D0>: Failed to resolve 't.me' ([Errno 11001] getaddrinfo failed)"))
HTTPSConnectionPool(host='t.me', port=443): Max retries exceeded with url: /amtmedyaduyuru/2?embed=1&mode=tme (Caused by NameResolutionError("<urllib3.connection.HTTPSConnection object at 0x0000026340C9C8D0>: Failed to resolve 't.me' ([Errno 11001] getaddrinfo failed)"))
HTTPSConnectionPool(host='t.me', port=443): Max retries exceeded with url: /amtmedyaduyuru/2?embed=1&mode=tme (Caused by NameResolutionError("<urllib3.connection.HTTPSConnection object at 0x0000026340EF9F50>: Failed to resolve 't.me' ([Errno 11001] getaddrinfo failed)"))
HTTPSConnectionPool(host='t.me', port=443): Max retries exceeded with url: /amtmedyaduyuru/2?embed=1&mode=tme (Caused by NameResolutionError("<urllib3.connection.HTTPSConnection object at 0x0000026340C6BC10>: Failed to resolve 't.me' ([Errno 11001] getaddrinfo failed)"))
HTTPSConnectionPool(host='t.me', port=443): Max retries exceeded with url: /amtmedyaduyuru/2?embed=1&mode=tme (Caused by NameResolutionError("<urllib3.connection.HTTPSConnection object at 0x0000026340CA20D0>: Failed to resolve 't.me' ([Errno 11001] getaddrinfo failed)"))
HTTPSConnectionPool(host='t.me', port=443): Max retries exceeded with url: /amtmedyaduyuru/2?embed=1&mode=tme (Caused by NameResolutionError("<urllib3.connection.HTTPSConnection object at 0x0000026340C0D890>: Failed to resolve 't.me' ([Errno 11001] getaddrinfo failed)"))
HTTPSConnectionPool(host='t.me', port=443): Max retries exceeded with url: /amtmedyaduyuru/2?embed=1&mode=tme (Caused by NameResolutionError("<urllib3.connection.HTTPSConnection object at 0x0000026340F24550>: Failed to resolve 't.me' ([Errno 11001] getaddrinfo failed)"))
HTTPSConnectionPool(host='t.me', port=443): Max retries exceeded with url: /amtmedyaduyuru/2?embed=1&mode=tme (Caused by NameResolutionError("<urllib3.connection.HTTPSConnection object at 0x0000026340F2C610>: Failed to resolve 't.me' ([Errno 11001] getaddrinfo failed)"))
HTTPSConnectionPool(host='t.me', port=443): Max retries exceeded with url: /amtmedyaduyuru/2?embed=1&mode=tme (Caused by NameResolutionError("<urllib3.connection.HTTPSConnection object at 0x0000026340178450>: Failed to resolve 't.me' ([Errno 11001] getaddrinfo failed)"))
HTTPSConnectionPool(host='t.me', port=443): Max retries exceeded with url: /amtmedyaduyuru/2?embed=1&mode=tme (Caused by NameResolutionError("<urllib3.connection.HTTPSConnection object at 0x000002633B73BA90>: Failed to resolve 't.me' ([Errno 11001] getaddrinfo failed)"))
HTTPSConnectionPool(host='t.me', port=443): Max retries exceeded with url: /amtmedyaduyuru/2?embed=1&mode=tme (Caused by NameResolutionError("<urllib3.connection.HTTPSConnection object at 0x00000263409ED9D0>: Failed to resolve 't.me' ([Errno 11001] getaddrinfo failed)"))
HTTPSConnectionPool(host='t.me', port=443): Max retries exceeded with url: /amtmedyaduyuru/2?embed=1&mode=tme (Caused by NameResolutionError("<urllib3.connection.HTTPSConnection object at 0x0000026340EF9950>: Failed to resolve 't.me' ([Errno 11001] getaddrinfo failed)"))
HTTPSConnectionPool(host='t.me', port=443): Max retries exceeded with url: /amtmedyaduyuru/2?embed=1&mode=tme (Caused by NameResolutionError("<urllib3.connection.HTTPSConnection object at 0x0000026340F24C50>: Failed to resolve 't.me' ([Errno 11001] getaddrinfo failed)"))
HTTPSConnectionPool(host='t.me', port=443): Max retries exceeded with url: /amtmedyaduyuru/2?embed=1&mode=tme (Caused by NameResolutionError("<urllib3.connection.HTTPSConnection object at 0x000002633B886410>: Failed to resolve 't.me' ([Errno 11001] getaddrinfo failed)"))
HTTPSConnectionPool(host='t.me', port=443): Max retries exceeded with url: /amtmedyaduyuru/2?embed=1&mode=tme (Caused by NameResolutionError("<urllib3.connection.HTTPSConnection object at 0x0000026340F2DB50>: Failed to resolve 't.me' ([Errno 11001] getaddrinfo failed)"))
HTTPSConnectionPool(host='t.me', port=443): Max retries exceeded with url: /amtmedyaduyuru/2?embed=1&mode=tme (Caused by NameResolutionError("<urllib3.connection.HTTPSConnection object at 0x0000026340F2FF10>: Failed to resolve 't.me' ([Errno 11001] getaddrinfo failed)"))
HTTPSConnectionPool(host='t.me', port=443): Max retries exceeded with url: /amtmedyaduyuru/2?embed=1&mode=tme (Caused by NameResolutionError("<urllib3.connection.HTTPSConnection object at 0x0000026340F3DD10>: Failed to resolve 't.me' ([Errno 11001] getaddrinfo failed)"))
HTTPSConnectionPool(host='t.me', port=443): Max retries exceeded with url: /amtmedyaduyuru/2?embed=1&mode=tme (Caused by NameResolutionError("<urllib3.connection.HTTPSConnection object at 0x000002633E31A810>: Failed to resolve 't.me' ([Errno 11001] getaddrinfo failed)"))
HTTPSConnectionPool(host='t.me', port=443): Max retries exceeded with url: /amtmedyaduyuru/2?embed=1&mode=tme (Caused by NameResolutionError("<urllib3.connection.HTTPSConnection object at 0x00000263365841D0>: Failed to resolve 't.me' ([Errno 11001] getaddrinfo failed)"))
HTTPSConnectionPool(host='t.me', port=443): Max retries exceeded with url: /amtmedyaduyuru/2?embed=1&mode=tme (Caused by NameResolutionError("<urllib3.connection.HTTPSConnection object at 0x000002633FDF5750>: Failed to resolve 't.me' ([Errno 11001] getaddrinfo failed)"))
HTTPSConnectionPool(host='t.me', port=443): Max retries exceeded with url: /amtmedyaduyuru/2?embed=1&mode=tme (Caused by NameResolutionError("<urllib3.connection.HTTPSConnection object at 0x0000026340E0B450>: Failed to resolve 't.me' ([Errno 11001] getaddrinfo failed)"))
HTTPSConnectionPool(host='t.me', port=443): Max retries exceeded with url: /amtmedyaduyuru/2?embed=1&mode=tme (Caused by NameResolutionError("<urllib3.connection.HTTPSConnection object at 0x0000026340308A90>: Failed to resolve 't.me' ([Errno 11001] getaddrinfo failed)"))
HTTPSConnectionPool(host='t.me', port=443): Max retries exceeded with url: /amtmedyaduyuru/2?embed=1&mode=tme (Caused by NameResolutionError("<urllib3.connection.HTTPSConnection object at 0x000002633FEF8350>: Failed to resolve 't.me' ([Errno 11001] getaddrinfo failed)"))
HTTPSConnectionPool(host='t.me', port=443): Max retries exceeded with url: /amtmedyaduyuru/2?embed=1&mode=tme (Caused by NameResolutionError("<urllib3.connection.HTTPSConnection object at 0x000002633E171DD0>: Failed to resolve 't.me' ([Errno 11001] getaddrinfo failed)"))
HTTPSConnectionPool(host='t.me', port=443): Max retries exceeded with url: /amtmedyaduyuru/2?embed=1&mode=tme (Caused by NameResolutionError("<urllib3.connection.HTTPSConnection object at 0x000002633F864B10>: Failed to resolve 't.me' ([Errno 11001] getaddrinfo failed)"))
HTTPSConnectionPool(host='t.me', port=443): Max retries exceeded with url: /amtmedyaduyuru/2?embed=1&mode=tme (Caused by NameResolutionError("<urllib3.connection.HTTPSConnection object at 0x000002633E31C690>: Failed to resolve 't.me' ([Errno 11001] getaddrinfo failed)"))
HTTPSConnectionPool(host='t.me', port=443): Max retries exceeded with url: /amtmedyaduyuru/2?embed=1&mode=tme (Caused by NameResolutionError("<urllib3.connection.HTTPSConnection object at 0x00000263409EE4D0>: Failed to resolve 't.me' ([Errno 11001] getaddrinfo failed)"))
HTTPSConnectionPool(host='t.me', port=443): Max retries exceeded with url: /amtmedyaduyuru/2?embed=1&mode=tme (Caused by NameResolutionError("<urllib3.connection.HTTPSConnection object at 0x000002633FBD6890>: Failed to resolve 't.me' ([Errno 11001] getaddrinfo failed)"))
HTTPSConnectionPool(host='t.me', port=443): Max retries exceeded with url: /amtmedyaduyuru/2?embed=1&mode=tme (Caused by NameResolutionError("<urllib3.connection.HTTPSConnection object at 0x0000026340F253D0>: Failed to resolve 't.me' ([Errno 11001] getaddrinfo failed)"))
HTTPSConnectionPool(host='t.me', port=443): Max retries exceeded with url: /amtmedyaduyuru/2?embed=1&mode=tme (Caused by NameResolutionError("<urllib3.connection.HTTPSConnection object at 0x000002633E31A610>: Failed to resolve 't.me' ([Errno 11001] getaddrinfo failed)"))
HTTPSConnectionPool(host='t.me', port=443): Max retries exceeded with url: /amtmedyaduyuru/2?embed=1&mode=tme (Caused by NameResolutionError("<urllib3.connection.HTTPSConnection object at 0x000002633B66DF90>: Failed to resolve 't.me' ([Errno 11001] getaddrinfo failed)"))
HTTPSConnectionPool(host='t.me', port=443): Max retries exceeded with url: /amtmedyaduyuru/2?embed=1&mode=tme (Caused by NameResolutionError("<urllib3.connection.HTTPSConnection object at 0x0000026340E0A710>: Failed to resolve 't.me' ([Errno 11001] getaddrinfo failed)"))
HTTPSConnectionPool(host='t.me', port=443): Max retries exceeded with url: /amtmedyaduyuru/2?embed=1&mode=tme (Caused by NameResolutionError("<urllib3.connection.HTTPSConnection object at 0x000002633FE9ABD0>: Failed to resolve 't.me' ([Errno 11001] getaddrinfo failed)"))
HTTPSConnectionPool(host='t.me', port=443): Max retries exceeded with url: /amtmedyaduyuru/2?embed=1&mode=tme (Caused by NameResolutionError("<urllib3.connection.HTTPSConnection object at 0x0000026340B71050>: Failed to resolve 't.me' ([Errno 11001] getaddrinfo failed)"))
HTTPSConnectionPool(host='t.me', port=443): Max retries exceeded with url: /amtmedyaduyuru/2?embed=1&mode=tme (Caused by NameResolutionError("<urllib3.connection.HTTPSConnection object at 0x0000026340F27190>: Failed to resolve 't.me' ([Errno 11001] getaddrinfo failed)"))
HTTPSConnectionPool(host='t.me', port=443): Max retries exceeded with url: /amtmedyaduyuru/2?embed=1&mode=tme (Caused by NameResolutionError("<urllib3.connection.HTTPSConnection object at 0x000002633FF3B250>: Failed to resolve 't.me' ([Errno 11001] getaddrinfo failed)"))
HTTPSConnectionPool(host='t.me', port=443): Max retries exceeded with url: /amtmedyaduyuru/2?embed=1&mode=tme (Caused by NameResolutionError("<urllib3.connection.HTTPSConnection object at 0x0000026340908250>: Failed to resolve 't.me' ([Errno 11001] getaddrinfo failed)"))
HTTPSConnectionPool(host='t.me', port=443): Max retries exceeded with url: /amtmedyaduyuru/2?embed=1&mode=tme (Caused by NameResolutionError("<urllib3.connection.HTTPSConnection object at 0x00000263393E63D0>: Failed to resolve 't.me' ([Errno 11001] getaddrinfo failed)"))
HTTPSConnectionPool(host='t.me', port=443): Max retries exceeded with url: /amtmedyaduyuru/2?embed=1&mode=tme (Caused by NameResolutionError("<urllib3.connection.HTTPSConnection object at 0x00000263405E5D50>: Failed to resolve 't.me' ([Errno 11001] getaddrinfo failed)"))
HTTPSConnectionPool(host='t.me', port=443): Max retries exceeded with url: /amtmedyaduyuru/2?embed=1&mode=tme (Caused by NameResolutionError("<urllib3.connection.HTTPSConnection object at 0x0000026340F24610>: Failed to resolve 't.me' ([Errno 11001] getaddrinfo failed)"))
HTTPSConnectionPool(host='t.me', port=443): Max retries exceeded with url: /amtmedyaduyuru/2?embed=1&mode=tme (Caused by NameResolutionError("<urllib3.connection.HTTPSConnection object at 0x0000026340B70A90>: Failed to resolve 't.me' ([Errno 11001] getaddrinfo failed)"))
HTTPSConnectionPool(host='t.me', port=443): Max retries exceeded with url: /amtmedyaduyuru/2?embed=1&mode=tme (Caused by NameResolutionError("<urllib3.connection.HTTPSConnection object at 0x000002634071FA50>: Failed to resolve 't.me' ([Errno 11001] getaddrinfo failed)"))
HTTPSConnectionPool(host='t.me', port=443): Max retries exceeded with url: /amtmedyaduyuru/2?embed=1&mode=tme (Caused by NameResolutionError("<urllib3.connection.HTTPSConnection object at 0x0000026340F2E090>: Failed to resolve 't.me' ([Errno 11001] getaddrinfo failed)"))
HTTPSConnectionPool(host='t.me', port=443): Max retries exceeded with url: /amtmedyaduyuru/2?embed=1&mode=tme (Caused by NameResolutionError("<urllib3.connection.HTTPSConnection object at 0x0000026340B2FAD0>: Failed to resolve 't.me' ([Errno 11001] getaddrinfo failed)"))
HTTPSConnectionPool(host='t.me', port=443): Max retries exceeded with url: /amtmedyaduyuru/2?embed=1&mode=tme (Caused by NameResolutionError("<urllib3.connection.HTTPSConnection object at 0x0000026340CA06D0>: Failed to resolve 't.me' ([Errno 11001] getaddrinfo failed)"))
HTTPSConnectionPool(host='t.me', port=443): Max retries exceeded with url: /amtmedyaduyuru/2?embed=1&mode=tme (Caused by NameResolutionError("<urllib3.connection.HTTPSConnection object at 0x000002633B727050>: Failed to resolve 't.me' ([Errno 11001] getaddrinfo failed)"))
HTTPSConnectionPool(host='t.me', port=443): Max retries exceeded with url: /amtmedyaduyuru/2?embed=1&mode=tme (Caused by NameResolutionError("<urllib3.connection.HTTPSConnection object at 0x0000026340B73F50>: Failed to resolve 't.me' ([Errno 11001] getaddrinfo failed)"))
HTTPSConnectionPool(host='t.me', port=443): Max retries exceeded with url: /amtmedyaduyuru/2?embed=1&mode=tme (Caused by NameResolutionError("<urllib3.connection.HTTPSConnection object at 0x0000026340F26C50>: Failed to resolve 't.me' ([Errno 11001] getaddrinfo failed)"))
HTTPSConnectionPool(host='t.me', port=443): Max retries exceeded with url: /amtmedyaduyuru/2?embed=1&mode=tme (Caused by NameResolutionError("<urllib3.connection.HTTPSConnection object at 0x000002633FCBF310>: Failed to resolve 't.me' ([Errno 11001] getaddrinfo failed)"))
HTTPSConnectionPool(host='t.me', port=443): Max retries exceeded with url: /amtmedyaduyuru/2?embed=1&mode=tme (Caused by NameResolutionError("<urllib3.connection.HTTPSConnection object at 0x000002633AF37290>: Failed to resolve 't.me' ([Errno 11001] getaddrinfo failed)"))
HTTPSConnectionPool(host='t.me', port=443): Max retries exceeded with url: /amtmedyaduyuru/2?embed=1&mode=tme (Caused by NameResolutionError("<urllib3.connection.HTTPSConnection object at 0x0000026340F256D0>: Failed to resolve 't.me' ([Errno 11001] getaddrinfo failed)"))
HTTPSConnectionPool(host='t.me', port=443): Max retries exceeded with url: /amtmedyaduyuru/2?embed=1&mode=tme (Caused by NameResolutionError("<urllib3.connection.HTTPSConnection object at 0x000002633FC82890>: Failed to resolve 't.me' ([Errno 11001] getaddrinfo failed)"))
HTTPSConnectionPool(host='t.me', port=443): Max retries exceeded with url: /amtmedyaduyuru/2?embed=1&mode=tme (Caused by NameResolutionError("<urllib3.connection.HTTPSConnection object at 0x000002633FEEDAD0>: Failed to resolve 't.me' ([Errno 11001] getaddrinfo failed)"))
HTTPSConnectionPool(host='t.me', port=443): Max retries exceeded with url: /amtmedyaduyuru/2?embed=1&mode=tme (Caused by NameResolutionError("<urllib3.connection.HTTPSConnection object at 0x000002633B66DF90>: Failed to resolve 't.me' ([Errno 11001] getaddrinfo failed)"))
HTTPSConnectionPool(host='t.me', port=443): Max retries exceeded with url: /amtmedyaduyuru/2?embed=1&mode=tme (Caused by NameResolutionError("<urllib3.connection.HTTPSConnection object at 0x0000026340E0BE50>: Failed to resolve 't.me' ([Errno 11001] getaddrinfo failed)"))
HTTPSConnectionPool(host='t.me', port=443): Max retries exceeded with url: /amtmedyaduyuru/2?embed=1&mode=tme (Caused by NameResolutionError("<urllib3.connection.HTTPSConnection object at 0x0000026340C6BA50>: Failed to resolve 't.me' ([Errno 11001] getaddrinfo failed)"))
HTTPSConnectionPool(host='t.me', port=443): Max retries exceeded with url: /amtmedyaduyuru/2?embed=1&mode=tme (Caused by NameResolutionError("<urllib3.connection.HTTPSConnection object at 0x0000026340601710>: Failed to resolve 't.me' ([Errno 11001] getaddrinfo failed)"))
HTTPSConnectionPool(host='t.me', port=443): Max retries exceeded with url: /amtmedyaduyuru/2?embed=1&mode=tme (Caused by NameResolutionError("<urllib3.connection.HTTPSConnection object at 0x000002633C6FD610>: Failed to resolve 't.me' ([Errno 11001] getaddrinfo failed)"))
HTTPSConnectionPool(host='t.me', port=443): Max retries exceeded with url: /amtmedyaduyuru/2?embed=1&mode=tme (Caused by NameResolutionError("<urllib3.connection.HTTPSConnection object at 0x0000026340C9FE50>: Failed to resolve 't.me' ([Errno 11001] getaddrinfo failed)"))
HTTPSConnectionPool(host='t.me', port=443): Max retries exceeded with url: /amtmedyaduyuru/2?embed=1&mode=tme (Caused by NameResolutionError("<urllib3.connection.HTTPSConnection object at 0x0000026340F268D0>: Failed to resolve 't.me' ([Errno 11001] getaddrinfo failed)"))
HTTPSConnectionPool(host='t.me', port=443): Max retries exceeded with url: /amtmedyaduyuru/2?embed=1&mode=tme (Caused by NameResolutionError("<urllib3.connection.HTTPSConnection object at 0x0000026340F2C050>: Failed to resolve 't.me' ([Errno 11001] getaddrinfo failed)"))
HTTPSConnectionPool(host='t.me', port=443): Max retries exceeded with url: /amtmedyaduyuru/2?embed=1&mode=tme (Caused by NameResolutionError("<urllib3.connection.HTTPSConnection object at 0x000002633C2AD890>: Failed to resolve 't.me' ([Errno 11001] getaddrinfo failed)"))
HTTPSConnectionPool(host='t.me', port=443): Max retries exceeded with url: /amtmedyaduyuru/2?embed=1&mode=tme (Caused by NameResolutionError("<urllib3.connection.HTTPSConnection object at 0x00000263404D4910>: Failed to resolve 't.me' ([Errno 11001] getaddrinfo failed)"))
HTTPSConnectionPool(host='t.me', port=443): Max retries exceeded with url: /amtmedyaduyuru/2?embed=1&mode=tme (Caused by NameResolutionError("<urllib3.connection.HTTPSConnection object at 0x000002633666F510>: Failed to resolve 't.me' ([Errno 11001] getaddrinfo failed)"))
HTTPSConnectionPool(host='t.me', port=443): Max retries exceeded with url: /amtmedyaduyuru/2?embed=1&mode=tme (Caused by NameResolutionError("<urllib3.connection.HTTPSConnection object at 0x0000026340154B10>: Failed to resolve 't.me' ([Errno 11001] getaddrinfo failed)"))
HTTPSConnectionPool(host='t.me', port=443): Max retries exceeded with url: /amtmedyaduyuru/2?embed=1&mode=tme (Caused by NameResolutionError("<urllib3.connection.HTTPSConnection object at 0x000002633FF64B90>: Failed to resolve 't.me' ([Errno 11001] getaddrinfo failed)"))
HTTPSConnectionPool(host='t.me', port=443): Max retries exceeded with url: /amtmedyaduyuru/2?embed=1&mode=tme (Caused by NameResolutionError("<urllib3.connection.HTTPSConnection object at 0x000002633FDA0990>: Failed to resolve 't.me' ([Errno 11001] getaddrinfo failed)"))
HTTPSConnectionPool(host='t.me', port=443): Max retries exceeded with url: /amtmedyaduyuru/2?embed=1&mode=tme (Caused by NameResolutionError("<urllib3.connection.HTTPSConnection object at 0x00000263392D4190>: Failed to resolve 't.me' ([Errno 11001] getaddrinfo failed)"))
HTTPSConnectionPool(host='t.me', port=443): Max retries exceeded with url: /amtmedyaduyuru/2?embed=1&mode=tme (Caused by NameResolutionError("<urllib3.connection.HTTPSConnection object at 0x000002633F8823D0>: Failed to resolve 't.me' ([Errno 11001] getaddrinfo failed)"))
HTTPSConnectionPool(host='t.me', port=443): Max retries exceeded with url: /amtmedyaduyuru/2?embed=1&mode=tme (Caused by NameResolutionError("<urllib3.connection.HTTPSConnection object at 0x0000026340E0B190>: Failed to resolve 't.me' ([Errno 11001] getaddrinfo failed)"))
HTTPSConnectionPool(host='t.me', port=443): Max retries exceeded with url: /amtmedyaduyuru/2?embed=1&mode=tme (Caused by NameResolutionError("<urllib3.connection.HTTPSConnection object at 0x0000026340F2FCD0>: Failed to resolve 't.me' ([Errno 11001] getaddrinfo failed)"))
HTTPSConnectionPool(host='t.me', port=443): Max retries exceeded with url: /amtmedyaduyuru/2?embed=1&mode=tme (Caused by NameResolutionError("<urllib3.connection.HTTPSConnection object at 0x0000026340C9D050>: Failed to resolve 't.me' ([Errno 11001] getaddrinfo failed)"))
HTTPSConnectionPool(host='t.me', port=443): Max retries exceeded with url: /amtmedyaduyuru/2?embed=1&mode=tme (Caused by NameResolutionError("<urllib3.connection.HTTPSConnection object at 0x00000263408C1890>: Failed to resolve 't.me' ([Errno 11001] getaddrinfo failed)"))
HTTPSConnectionPool(host='t.me', port=443): Max retries exceeded with url: /amtmedyaduyuru/2?embed=1&mode=tme (Caused by NameResolutionError("<urllib3.connection.HTTPSConnection object at 0x00000263364F4950>: Failed to resolve 't.me' ([Errno 11001] getaddrinfo failed)"))
HTTPSConnectionPool(host='t.me', port=443): Max retries exceeded with url: /amtmedyaduyuru/2?embed=1&mode=tme (Caused by NameResolutionError("<urllib3.connection.HTTPSConnection object at 0x000002633FEEDAD0>: Failed to resolve 't.me' ([Errno 11001] getaddrinfo failed)"))
HTTPSConnectionPool(host='t.me', port=443): Max retries exceeded with url: /amtmedyaduyuru/2?embed=1&mode=tme (Caused by NameResolutionError("<urllib3.connection.HTTPSConnection object at 0x0000026340CC9CD0>: Failed to resolve 't.me' ([Errno 11001] getaddrinfo failed)"))
HTTPSConnectionPool(host='t.me', port=443): Max retries exceeded with url: /amtmedyaduyuru/2?embed=1&mode=tme (Caused by NameResolutionError("<urllib3.connection.HTTPSConnection object at 0x0000026340F3D3D0>: Failed to resolve 't.me' ([Errno 11001] getaddrinfo failed)"))
HTTPSConnectionPool(host='t.me', port=443): Max retries exceeded with url: /amtmedyaduyuru/2?embed=1&mode=tme (Caused by NameResolutionError("<urllib3.connection.HTTPSConnection object at 0x000002633B727050>: Failed to resolve 't.me' ([Errno 11001] getaddrinfo failed)"))
HTTPSConnectionPool(host='t.me', port=443): Max retries exceeded with url: /amtmedyaduyuru/2?embed=1&mode=tme (Caused by NameResolutionError("<urllib3.connection.HTTPSConnection object at 0x0000026340EF9F10>: Failed to resolve 't.me' ([Errno 11001] getaddrinfo failed)"))
HTTPSConnectionPool(host='t.me', port=443): Max retries exceeded with url: /amtmedyaduyuru/2?embed=1&mode=tme (Caused by NameResolutionError("<urllib3.connection.HTTPSConnection object at 0x0000026340CD6790>: Failed to resolve 't.me' ([Errno 11001] getaddrinfo failed)"))
HTTPSConnectionPool(host='t.me', port=443): Max retries exceeded with url: /amtmedyaduyuru/2?embed=1&mode=tme (Caused by NameResolutionError("<urllib3.connection.HTTPSConnection object at 0x000002633DFF9950>: Failed to resolve 't.me' ([Errno 11001] getaddrinfo failed)"))
HTTPSConnectionPool(host='t.me', port=443): Max retries exceeded with url: /amtmedyaduyuru/2?embed=1&mode=tme (Caused by NameResolutionError("<urllib3.connection.HTTPSConnection object at 0x0000026340C9CB50>: Failed to resolve 't.me' ([Errno 11001] getaddrinfo failed)"))
HTTPSConnectionPool(host='t.me', port=443): Max retries exceeded with url: /amtmedyaduyuru/2?embed=1&mode=tme (Caused by NameResolutionError("<urllib3.connection.HTTPSConnection object at 0x0000026340F3DF10>: Failed to resolve 't.me' ([Errno 11001] getaddrinfo failed)"))
HTTPSConnectionPool(host='t.me', port=443): Max retries exceeded with url: /amtmedyaduyuru/2?embed=1&mode=tme (Caused by NameResolutionError("<urllib3.connection.HTTPSConnection object at 0x0000026340F3EF10>: Failed to resolve 't.me' ([Errno 11001] getaddrinfo failed)"))
HTTPSConnectionPool(host='t.me', port=443): Max retries exceeded with url: /amtmedyaduyuru/2?embed=1&mode=tme (Caused by NameResolutionError("<urllib3.connection.HTTPSConnection object at 0x00000263349A9090>: Failed to resolve 't.me' ([Errno 11001] getaddrinfo failed)"))
HTTPSConnectionPool(host='t.me', port=443): Max retries exceeded with url: /amtmedyaduyuru/2?embed=1&mode=tme (Caused by NameResolutionError("<urllib3.connection.HTTPSConnection object at 0x000002633FFFBA10>: Failed to resolve 't.me' ([Errno 11001] getaddrinfo failed)"))
HTTPSConnectionPool(host='t.me', port=443): Max retries exceeded with url: /amtmedyaduyuru/2?embed=1&mode=tme (Caused by NameResolutionError("<urllib3.connection.HTTPSConnection object at 0x0000026340CF5610>: Failed to resolve 't.me' ([Errno 11001] getaddrinfo failed)"))
HTTPSConnectionPool(host='t.me', port=443): Max retries exceeded with url: /amtmedyaduyuru/2?embed=1&mode=tme (Caused by NameResolutionError("<urllib3.connection.HTTPSConnection object at 0x0000026340CC9CD0>: Failed to resolve 't.me' ([Errno 11001] getaddrinfo failed)"))
HTTPSConnectionPool(host='t.me', port=443): Max retries exceeded with url: /amtmedyaduyuru/2?embed=1&mode=tme (Caused by NameResolutionError("<urllib3.connection.HTTPSConnection object at 0x0000026340F13410>: Failed to resolve 't.me' ([Errno 11001] getaddrinfo failed)"))
HTTPSConnectionPool(host='t.me', port=443): Max retries exceeded with url: /amtmedyaduyuru/2?embed=1&mode=tme (Caused by NameResolutionError("<urllib3.connection.HTTPSConnection object at 0x000002633FAE1190>: Failed to resolve 't.me' ([Errno 11001] getaddrinfo failed)"))
HTTPSConnectionPool(host='t.me', port=443): Max retries exceeded with url: /amtmedyaduyuru/2?embed=1&mode=tme (Caused by NameResolutionError("<urllib3.connection.HTTPSConnection object at 0x0000026340CD66D0>: Failed to resolve 't.me' ([Errno 11001] getaddrinfo failed)"))
HTTPSConnectionPool(host='t.me', port=443): Max retries exceeded with url: /amtmedyaduyuru/2?embed=1&mode=tme (Caused by NameResolutionError("<urllib3.connection.HTTPSConnection object at 0x000002634096B8D0>: Failed to resolve 't.me' ([Errno 11001] getaddrinfo failed)"))
HTTPSConnectionPool(host='t.me', port=443): Max retries exceeded with url: /amtmedyaduyuru/2?embed=1&mode=tme (Caused by NameResolutionError("<urllib3.connection.HTTPSConnection object at 0x000002633FACAE10>: Failed to resolve 't.me' ([Errno 11001] getaddrinfo failed)"))
HTTPSConnectionPool(host='t.me', port=443): Max retries exceeded with url: /amtmedyaduyuru/2?embed=1&mode=tme (Caused by NameResolutionError("<urllib3.connection.HTTPSConnection object at 0x000002634072E390>: Failed to resolve 't.me' ([Errno 11001] getaddrinfo failed)"))
HTTPSConnectionPool(host='t.me', port=443): Max retries exceeded with url: /amtmedyaduyuru/2?embed=1&mode=tme (Caused by NameResolutionError("<urllib3.connection.HTTPSConnection object at 0x000002633AEE8410>: Failed to resolve 't.me' ([Errno 11001] getaddrinfo failed)"))
HTTPSConnectionPool(host='t.me', port=443): Max retries exceeded with url: /amtmedyaduyuru/2?embed=1&mode=tme (Caused by NameResolutionError("<urllib3.connection.HTTPSConnection object at 0x0000026340F2CF90>: Failed to resolve 't.me' ([Errno 11001] getaddrinfo failed)"))
HTTPSConnectionPool(host='t.me', port=443): Max retries exceeded with url: /amtmedyaduyuru/2?embed=1&mode=tme (Caused by NameResolutionError("<urllib3.connection.HTTPSConnection object at 0x00000263402A7210>: Failed to resolve 't.me' ([Errno 11001] getaddrinfo failed)"))
HTTPSConnectionPool(host='t.me', port=443): Max retries exceeded with url: /amtmedyaduyuru/2?embed=1&mode=tme (Caused by NameResolutionError("<urllib3.connection.HTTPSConnection object at 0x0000026336630510>: Failed to resolve 't.me' ([Errno 11001] getaddrinfo failed)"))
HTTPSConnectionPool(host='t.me', port=443): Max retries exceeded with url: /amtmedyaduyuru/2?embed=1&mode=tme (Caused by NameResolutionError("<urllib3.connection.HTTPSConnection object at 0x0000026334197290>: Failed to resolve 't.me' ([Errno 11001] getaddrinfo failed)"))
HTTPSConnectionPool(host='t.me', port=443): Max retries exceeded with url: /amtmedyaduyuru/2?embed=1&mode=tme (Caused by NameResolutionError("<urllib3.connection.HTTPSConnection object at 0x000002633A991250>: Failed to resolve 't.me' ([Errno 11001] getaddrinfo failed)"))
HTTPSConnectionPool(host='t.me', port=443): Max retries exceeded with url: /amtmedyaduyuru/2?embed=1&mode=tme (Caused by NameResolutionError("<urllib3.connection.HTTPSConnection object at 0x00000263402B5310>: Failed to resolve 't.me' ([Errno 11001] getaddrinfo failed)"))
HTTPSConnectionPool(host='t.me', port=443): Max retries exceeded with url: /amtmedyaduyuru/2?embed=1&mode=tme (Caused by NameResolutionError("<urllib3.connection.HTTPSConnection object at 0x000002633FDA0990>: Failed to resolve 't.me' ([Errno 11001] getaddrinfo failed)"))
HTTPSConnectionPool(host='t.me', port=443): Max retries exceeded with url: /amtmedyaduyuru/2?embed=1&mode=tme (Caused by NameResolutionError("<urllib3.connection.HTTPSConnection object at 0x000002633FEE9FD0>: Failed to resolve 't.me' ([Errno 11001] getaddrinfo failed)"))
HTTPSConnectionPool(host='t.me', port=443): Max retries exceeded with url: /amtmedyaduyuru/2?embed=1&mode=tme (Caused by NameResolutionError("<urllib3.connection.HTTPSConnection object at 0x0000026340F2C6D0>: Failed to resolve 't.me' ([Errno 11001] getaddrinfo failed)"))
HTTPSConnectionPool(host='t.me', port=443): Max retries exceeded with url: /amtmedyaduyuru/2?embed=1&mode=tme (Caused by NameResolutionError("<urllib3.connection.HTTPSConnection object at 0x00000263405FC290>: Failed to resolve 't.me' ([Errno 11001] getaddrinfo failed)"))
HTTPSConnectionPool(host='t.me', port=443): Max retries exceeded with url: /amtmedyaduyuru/2?embed=1&mode=tme (Caused by NameResolutionError("<urllib3.connection.HTTPSConnection object at 0x00000263364F4950>: Failed to resolve 't.me' ([Errno 11001] getaddrinfo failed)"))
HTTPSConnectionPool(host='t.me', port=443): Max retries exceeded with url: /amtmedyaduyuru/2?embed=1&mode=tme (Caused by NameResolutionError("<urllib3.connection.HTTPSConnection object at 0x000002633FDA0990>: Failed to resolve 't.me' ([Errno 11001] getaddrinfo failed)"))
HTTPSConnectionPool(host='t.me', port=443): Max retries exceeded with url: /amtmedyaduyuru/2?embed=1&mode=tme (Caused by NameResolutionError("<urllib3.connection.HTTPSConnection object at 0x0000026340F2CA10>: Failed to resolve 't.me' ([Errno 11001] getaddrinfo failed)"))
HTTPSConnectionPool(host='t.me', port=443): Max retries exceeded with url: /amtmedyaduyuru/2?embed=1&mode=tme (Caused by NameResolutionError("<urllib3.connection.HTTPSConnection object at 0x0000026340F25B90>: Failed to resolve 't.me' ([Errno 11001] getaddrinfo failed)"))
HTTPSConnectionPool(host='t.me', port=443): Max retries exceeded with url: /amtmedyaduyuru/2?embed=1&mode=tme (Caused by NameResolutionError("<urllib3.connection.HTTPSConnection object at 0x0000026340CD49D0>: Failed to resolve 't.me' ([Errno 11001] getaddrinfo failed)"))
HTTPSConnectionPool(host='t.me', port=443): Max retries exceeded with url: /amtmedyaduyuru/2?embed=1&mode=tme (Caused by NameResolutionError("<urllib3.connection.HTTPSConnection object at 0x0000026340883790>: Failed to resolve 't.me' ([Errno 11001] getaddrinfo failed)"))
HTTPSConnectionPool(host='t.me', port=443): Max retries exceeded with url: /amtmedyaduyuru/2?embed=1&mode=tme (Caused by NameResolutionError("<urllib3.connection.HTTPSConnection object at 0x000002633FF56890>: Failed to resolve 't.me' ([Errno 11001] getaddrinfo failed)"))
HTTPSConnectionPool(host='t.me', port=443): Max retries exceeded with url: /amtmedyaduyuru/2?embed=1&mode=tme (Caused by NameResolutionError("<urllib3.connection.HTTPSConnection object at 0x0000026340F2F210>: Failed to resolve 't.me' ([Errno 11001] getaddrinfo failed)"))
HTTPSConnectionPool(host='t.me', port=443): Max retries exceeded with url: /amtmedyaduyuru/2?embed=1&mode=tme (Caused by NameResolutionError("<urllib3.connection.HTTPSConnection object at 0x000002633666F510>: Failed to resolve 't.me' ([Errno 11001] getaddrinfo failed)"))
HTTPSConnectionPool(host='t.me', port=443): Max retries exceeded with url: /amtmedyaduyuru/2?embed=1&mode=tme (Caused by NameResolutionError("<urllib3.connection.HTTPSConnection object at 0x0000026340C9C990>: Failed to resolve 't.me' ([Errno 11001] getaddrinfo failed)"))
HTTPSConnectionPool(host='t.me', port=443): Max retries exceeded with url: /amtmedyaduyuru/2?embed=1&mode=tme (Caused by NameResolutionError("<urllib3.connection.HTTPSConnection object at 0x000002634011DE10>: Failed to resolve 't.me' ([Errno 11001] getaddrinfo failed)"))
HTTPSConnectionPool(host='t.me', port=443): Max retries exceeded with url: /amtmedyaduyuru/2?embed=1&mode=tme (Caused by NameResolutionError("<urllib3.connection.HTTPSConnection object at 0x00000263403CAE10>: Failed to resolve 't.me' ([Errno 11001] getaddrinfo failed)"))
HTTPSConnectionPool(host='t.me', port=443): Max retries exceeded with url: /amtmedyaduyuru/2?embed=1&mode=tme (Caused by NameResolutionError("<urllib3.connection.HTTPSConnection object at 0x000002633E10B9D0>: Failed to resolve 't.me' ([Errno 11001] getaddrinfo failed)"))
HTTPSConnectionPool(host='t.me', port=443): Max retries exceeded with url: /amtmedyaduyuru/2?embed=1&mode=tme (Caused by NameResolutionError("<urllib3.connection.HTTPSConnection object at 0x000002633FCAB610>: Failed to resolve 't.me' ([Errno 11001] getaddrinfo failed)"))
HTTPSConnectionPool(host='t.me', port=443): Max retries exceeded with url: /amtmedyaduyuru/2?embed=1&mode=tme (Caused by NameResolutionError("<urllib3.connection.HTTPSConnection object at 0x000002633FFD08D0>: Failed to resolve 't.me' ([Errno 11001] getaddrinfo failed)"))
HTTPSConnectionPool(host='t.me', port=443): Max retries exceeded with url: /amtmedyaduyuru/2?embed=1&mode=tme (Caused by NameResolutionError("<urllib3.connection.HTTPSConnection object at 0x000002633FB83090>: Failed to resolve 't.me' ([Errno 11001] getaddrinfo failed)"))
HTTPSConnectionPool(host='t.me', port=443): Max retries exceeded with url: /amtmedyaduyuru/2?embed=1&mode=tme (Caused by NameResolutionError("<urllib3.connection.HTTPSConnection object at 0x0000026340B22CD0>: Failed to resolve 't.me' ([Errno 11001] getaddrinfo failed)"))
HTTPSConnectionPool(host='t.me', port=443): Max retries exceeded with url: /amtmedyaduyuru/2?embed=1&mode=tme (Caused by NameResolutionError("<urllib3.connection.HTTPSConnection object at 0x0000026340379790>: Failed to resolve 't.me' ([Errno 11001] getaddrinfo failed)"))
HTTPSConnectionPool(host='t.me', port=443): Max retries exceeded with url: /amtmedyaduyuru/2?embed=1&mode=tme (Caused by NameResolutionError("<urllib3.connection.HTTPSConnection object at 0x0000026340565910>: Failed to resolve 't.me' ([Errno 11001] getaddrinfo failed)"))
HTTPSConnectionPool(host='t.me', port=443): Max retries exceeded with url: /amtmedyaduyuru/2?embed=1&mode=tme (Caused by NameResolutionError("<urllib3.connection.HTTPSConnection object at 0x000002633FFB73D0>: Failed to resolve 't.me' ([Errno 11001] getaddrinfo failed)"))
HTTPSConnectionPool(host='t.me', port=443): Max retries exceeded with url: /amtmedyaduyuru/2?embed=1&mode=tme (Caused by NameResolutionError("<urllib3.connection.HTTPSConnection object at 0x00000263406DF0D0>: Failed to resolve 't.me' ([Errno 11001] getaddrinfo failed)"))
HTTPSConnectionPool(host='t.me', port=443): Max retries exceeded with url: /amtmedyaduyuru/2?embed=1&mode=tme (Caused by NameResolutionError("<urllib3.connection.HTTPSConnection object at 0x0000026340E0B450>: Failed to resolve 't.me' ([Errno 11001] getaddrinfo failed)"))
HTTPSConnectionPool(host='t.me', port=443): Max retries exceeded with url: /amtmedyaduyuru/2?embed=1&mode=tme (Caused by NameResolutionError("<urllib3.connection.HTTPSConnection object at 0x00000263407037D0>: Failed to resolve 't.me' ([Errno 11001] getaddrinfo failed)"))
HTTPSConnectionPool(host='t.me', port=443): Max retries exceeded with url: /amtmedyaduyuru/2?embed=1&mode=tme (Caused by NameResolutionError("<urllib3.connection.HTTPSConnection object at 0x000002633B9BBFD0>: Failed to resolve 't.me' ([Errno 11001] getaddrinfo failed)"))
HTTPSConnectionPool(host='t.me', port=443): Max retries exceeded with url: /amtmedyaduyuru/2?embed=1&mode=tme (Caused by NameResolutionError("<urllib3.connection.HTTPSConnection object at 0x000002633666E490>: Failed to resolve 't.me' ([Errno 11001] getaddrinfo failed)"))
HTTPSConnectionPool(host='t.me', port=443): Max retries exceeded with url: /amtmedyaduyuru/2?embed=1&mode=tme (Caused by NameResolutionError("<urllib3.connection.HTTPSConnection object at 0x000002633F7B1750>: Failed to resolve 't.me' ([Errno 11001] getaddrinfo failed)"))
HTTPSConnectionPool(host='t.me', port=443): Max retries exceeded with url: /amtmedyaduyuru/2?embed=1&mode=tme (Caused by NameResolutionError("<urllib3.connection.HTTPSConnection object at 0x0000026340B8B5D0>: Failed to resolve 't.me' ([Errno 11001] getaddrinfo failed)"))
HTTPSConnectionPool(host='t.me', port=443): Max retries exceeded with url: /amtmedyaduyuru/2?embed=1&mode=tme (Caused by NameResolutionError("<urllib3.connection.HTTPSConnection object at 0x0000026340CD6A90>: Failed to resolve 't.me' ([Errno 11001] getaddrinfo failed)"))
HTTPSConnectionPool(host='t.me', port=443): Max retries exceeded with url: /amtmedyaduyuru/2?embed=1&mode=tme (Caused by NameResolutionError("<urllib3.connection.HTTPSConnection object at 0x0000026340F2FD90>: Failed to resolve 't.me' ([Errno 11001] getaddrinfo failed)"))
HTTPSConnectionPool(host='t.me', port=443): Max retries exceeded with url: /amtmedyaduyuru/2?embed=1&mode=tme (Caused by NameResolutionError("<urllib3.connection.HTTPSConnection object at 0x00000263404CBA90>: Failed to resolve 't.me' ([Errno 11001] getaddrinfo failed)"))
HTTPSConnectionPool(host='t.me', port=443): Max retries exceeded with url: /amtmedyaduyuru/2?embed=1&mode=tme (Caused by NameResolutionError("<urllib3.connection.HTTPSConnection object at 0x0000026340ACF190>: Failed to resolve 't.me' ([Errno 11001] getaddrinfo failed)"))
HTTPSConnectionPool(host='t.me', port=443): Max retries exceeded with url: /amtmedyaduyuru/2?embed=1&mode=tme (Caused by NameResolutionError("<urllib3.connection.HTTPSConnection object at 0x0000026340450550>: Failed to resolve 't.me' ([Errno 11001] getaddrinfo failed)"))
HTTPSConnectionPool(host='t.me', port=443): Max retries exceeded with url: /amtmedyaduyuru/2?embed=1&mode=tme (Caused by NameResolutionError("<urllib3.connection.HTTPSConnection object at 0x0000026340CD6790>: Failed to resolve 't.me' ([Errno 11001] getaddrinfo failed)"))
HTTPSConnectionPool(host='t.me', port=443): Max retries exceeded with url: /amtmedyaduyuru/2?embed=1&mode=tme (Caused by NameResolutionError("<urllib3.connection.HTTPSConnection object at 0x0000026340C9F150>: Failed to resolve 't.me' ([Errno 11001] getaddrinfo failed)"))
HTTPSConnectionPool(host='t.me', port=443): Max retries exceeded with url: /amtmedyaduyuru/2?embed=1&mode=tme (Caused by NameResolutionError("<urllib3.connection.HTTPSConnection object at 0x00000263401C0CD0>: Failed to resolve 't.me' ([Errno 11001] getaddrinfo failed)"))
HTTPSConnectionPool(host='t.me', port=443): Max retries exceeded with url: /amtmedyaduyuru/2?embed=1&mode=tme (Caused by NameResolutionError("<urllib3.connection.HTTPSConnection object at 0x000002633DFE0A10>: Failed to resolve 't.me' ([Errno 11001] getaddrinfo failed)"))
HTTPSConnectionPool(host='t.me', port=443): Max retries exceeded with url: /amtmedyaduyuru/2?embed=1&mode=tme (Caused by NameResolutionError("<urllib3.connection.HTTPSConnection object at 0x0000026340360AD0>: Failed to resolve 't.me' ([Errno 11001] getaddrinfo failed)"))
HTTPSConnectionPool(host='t.me', port=443): Max retries exceeded with url: /amtmedyaduyuru/2?embed=1&mode=tme (Caused by NameResolutionError("<urllib3.connection.HTTPSConnection object at 0x000002633FD61A50>: Failed to resolve 't.me' ([Errno 11001] getaddrinfo failed)"))
HTTPSConnectionPool(host='t.me', port=443): Max retries exceeded with url: /amtmedyaduyuru/2?embed=1&mode=tme (Caused by NameResolutionError("<urllib3.connection.HTTPSConnection object at 0x000002633B658190>: Failed to resolve 't.me' ([Errno 11001] getaddrinfo failed)"))
HTTPSConnectionPool(host='t.me', port=443): Max retries exceeded with url: /amtmedyaduyuru/2?embed=1&mode=tme (Caused by NameResolutionError("<urllib3.connection.HTTPSConnection object at 0x0000026340F2EE50>: Failed to resolve 't.me' ([Errno 11001] getaddrinfo failed)"))
HTTPSConnectionPool(host='t.me', port=443): Max retries exceeded with url: /amtmedyaduyuru/2?embed=1&mode=tme (Caused by NameResolutionError("<urllib3.connection.HTTPSConnection object at 0x000002633F830D10>: Failed to resolve 't.me' ([Errno 11001] getaddrinfo failed)"))
HTTPSConnectionPool(host='t.me', port=443): Max retries exceeded with url: /amtmedyaduyuru/2?embed=1&mode=tme (Caused by NameResolutionError("<urllib3.connection.HTTPSConnection object at 0x000002633C5A0510>: Failed to resolve 't.me' ([Errno 11001] getaddrinfo failed)"))
HTTPSConnectionPool(host='t.me', port=443): Max retries exceeded with url: /amtmedyaduyuru/2?embed=1&mode=tme (Caused by NameResolutionError("<urllib3.connection.HTTPSConnection object at 0x000002633E176D90>: Failed to resolve 't.me' ([Errno 11001] getaddrinfo failed)"))
HTTPSConnectionPool(host='t.me', port=443): Max retries exceeded with url: /amtmedyaduyuru/2?embed=1&mode=tme (Caused by NameResolutionError("<urllib3.connection.HTTPSConnection object at 0x000002634086A050>: Failed to resolve 't.me' ([Errno 11001] getaddrinfo failed)"))
HTTPSConnectionPool(host='t.me', port=443): Max retries exceeded with url: /amtmedyaduyuru/2?embed=1&mode=tme (Caused by NameResolutionError("<urllib3.connection.HTTPSConnection object at 0x000002633FAF6450>: Failed to resolve 't.me' ([Errno 11001] getaddrinfo failed)"))
HTTPSConnectionPool(host='t.me', port=443): Max retries exceeded with url: /amtmedyaduyuru/2?embed=1&mode=tme (Caused by NameResolutionError("<urllib3.connection.HTTPSConnection object at 0x0000026340B2C750>: Failed to resolve 't.me' ([Errno 11001] getaddrinfo failed)"))
HTTPSConnectionPool(host='t.me', port=443): Max retries exceeded with url: /amtmedyaduyuru/2?embed=1&mode=tme (Caused by NameResolutionError("<urllib3.connection.HTTPSConnection object at 0x00000263404AD750>: Failed to resolve 't.me' ([Errno 11001] getaddrinfo failed)"))
HTTPSConnectionPool(host='t.me', port=443): Max retries exceeded with url: /amtmedyaduyuru/2?embed=1&mode=tme (Caused by NameResolutionError("<urllib3.connection.HTTPSConnection object at 0x0000026340F2D310>: Failed to resolve 't.me' ([Errno 11001] getaddrinfo failed)"))
HTTPSConnectionPool(host='t.me', port=443): Max retries exceeded with url: /amtmedyaduyuru/2?embed=1&mode=tme (Caused by NameResolutionError("<urllib3.connection.HTTPSConnection object at 0x0000026340CD7850>: Failed to resolve 't.me' ([Errno 11001] getaddrinfo failed)"))
HTTPSConnectionPool(host='t.me', port=443): Max retries exceeded with url: /amtmedyaduyuru/2?embed=1&mode=tme (Caused by NameResolutionError("<urllib3.connection.HTTPSConnection object at 0x0000026340C9E950>: Failed to resolve 't.me' ([Errno 11001] getaddrinfo failed)"))
HTTPSConnectionPool(host='t.me', port=443): Max retries exceeded with url: /amtmedyaduyuru/2?embed=1&mode=tme (Caused by NameResolutionError("<urllib3.connection.HTTPSConnection object at 0x000002633E2A92D0>: Failed to resolve 't.me' ([Errno 11001] getaddrinfo failed)"))
HTTPSConnectionPool(host='t.me', port=443): Max retries exceeded with url: /amtmedyaduyuru/2?embed=1&mode=tme (Caused by NameResolutionError("<urllib3.connection.HTTPSConnection object at 0x000002633FAF6450>: Failed to resolve 't.me' ([Errno 11001] getaddrinfo failed)"))
HTTPSConnectionPool(host='t.me', port=443): Max retries exceeded with url: /amtmedyaduyuru/2?embed=1&mode=tme (Caused by NameResolutionError("<urllib3.connection.HTTPSConnection object at 0x0000026340881ED0>: Failed to resolve 't.me' ([Errno 11001] getaddrinfo failed)"))
HTTPSConnectionPool(host='t.me', port=443): Max retries exceeded with url: /amtmedyaduyuru/2?embed=1&mode=tme (Caused by NameResolutionError("<urllib3.connection.HTTPSConnection object at 0x00000263401C0CD0>: Failed to resolve 't.me' ([Errno 11001] getaddrinfo failed)"))
HTTPSConnectionPool(host='t.me', port=443): Max retries exceeded with url: /amtmedyaduyuru/2?embed=1&mode=tme (Caused by NameResolutionError("<urllib3.connection.HTTPSConnection object at 0x000002633813FD50>: Failed to resolve 't.me' ([Errno 11001] getaddrinfo failed)"))
HTTPSConnectionPool(host='t.me', port=443): Max retries exceeded with url: /amtmedyaduyuru/2?embed=1&mode=tme (Caused by NameResolutionError("<urllib3.connection.HTTPSConnection object at 0x00000263403D76D0>: Failed to resolve 't.me' ([Errno 11001] getaddrinfo failed)"))
HTTPSConnectionPool(host='t.me', port=443): Max retries exceeded with url: /amtmedyaduyuru/2?embed=1&mode=tme (Caused by NameResolutionError("<urllib3.connection.HTTPSConnection object at 0x0000026340078BD0>: Failed to resolve 't.me' ([Errno 11001] getaddrinfo failed)"))
HTTPSConnectionPool(host='t.me', port=443): Max retries exceeded with url: /amtmedyaduyuru/2?embed=1&mode=tme (Caused by NameResolutionError("<urllib3.connection.HTTPSConnection object at 0x0000026340B8A090>: Failed to resolve 't.me' ([Errno 11001] getaddrinfo failed)"))
HTTPSConnectionPool(host='t.me', port=443): Max retries exceeded with url: /amtmedyaduyuru/2?embed=1&mode=tme (Caused by NameResolutionError("<urllib3.connection.HTTPSConnection object at 0x000002633FCABA90>: Failed to resolve 't.me' ([Errno 11001] getaddrinfo failed)"))
HTTPSConnectionPool(host='t.me', port=443): Max retries exceeded with url: /amtmedyaduyuru/2?embed=1&mode=tme (Caused by NameResolutionError("<urllib3.connection.HTTPSConnection object at 0x0000026340B8A090>: Failed to resolve 't.me' ([Errno 11001] getaddrinfo failed)"))
HTTPSConnectionPool(host='t.me', port=443): Max retries exceeded with url: /amtmedyaduyuru/2?embed=1&mode=tme (Caused by NameResolutionError("<urllib3.connection.HTTPSConnection object at 0x000002633BAF3DD0>: Failed to resolve 't.me' ([Errno 11001] getaddrinfo failed)"))
HTTPSConnectionPool(host='t.me', port=443): Max retries exceeded with url: /amtmedyaduyuru/2?embed=1&mode=tme (Caused by NameResolutionError("<urllib3.connection.HTTPSConnection object at 0x000002633BB48690>: Failed to resolve 't.me' ([Errno 11001] getaddrinfo failed)"))
HTTPSConnectionPool(host='t.me', port=443): Max retries exceeded with url: /amtmedyaduyuru/2?embed=1&mode=tme (Caused by NameResolutionError("<urllib3.connection.HTTPSConnection object at 0x000002633FD4ECD0>: Failed to resolve 't.me' ([Errno 11001] getaddrinfo failed)"))
HTTPSConnectionPool(host='t.me', port=443): Max retries exceeded with url: /amtmedyaduyuru/2?embed=1&mode=tme (Caused by NameResolutionError("<urllib3.connection.HTTPSConnection object at 0x0000026340CD7950>: Failed to resolve 't.me' ([Errno 11001] getaddrinfo failed)"))
HTTPSConnectionPool(host='t.me', port=443): Max retries exceeded with url: /amtmedyaduyuru/2?embed=1&mode=tme (Caused by NameResolutionError("<urllib3.connection.HTTPSConnection object at 0x00000263403B8B10>: Failed to resolve 't.me' ([Errno 11001] getaddrinfo failed)"))
HTTPSConnectionPool(host='t.me', port=443): Max retries exceeded with url: /amtmedyaduyuru/2?embed=1&mode=tme (Caused by NameResolutionError("<urllib3.connection.HTTPSConnection object at 0x0000026340881850>: Failed to resolve 't.me' ([Errno 11001] getaddrinfo failed)"))
HTTPSConnectionPool(host='t.me', port=443): Max retries exceeded with url: /amtmedyaduyuru/2?embed=1&mode=tme (Caused by NameResolutionError("<urllib3.connection.HTTPSConnection object at 0x000002634025D490>: Failed to resolve 't.me' ([Errno 11001] getaddrinfo failed)"))
HTTPSConnectionPool(host='t.me', port=443): Max retries exceeded with url: /amtmedyaduyuru/2?embed=1&mode=tme (Caused by NameResolutionError("<urllib3.connection.HTTPSConnection object at 0x000002633FFD61D0>: Failed to resolve 't.me' ([Errno 11001] getaddrinfo failed)"))
HTTPSConnectionPool(host='t.me', port=443): Max retries exceeded with url: /amtmedyaduyuru/2?embed=1&mode=tme (Caused by NameResolutionError("<urllib3.connection.HTTPSConnection object at 0x0000026340538090>: Failed to resolve 't.me' ([Errno 11001] getaddrinfo failed)"))
HTTPSConnectionPool(host='t.me', port=443): Max retries exceeded with url: /amtmedyaduyuru/2?embed=1&mode=tme (Caused by NameResolutionError("<urllib3.connection.HTTPSConnection object at 0x0000026340490DD0>: Failed to resolve 't.me' ([Errno 11001] getaddrinfo failed)"))
HTTPSConnectionPool(host='t.me', port=443): Max retries exceeded with url: /amtmedyaduyuru/2?embed=1&mode=tme (Caused by NameResolutionError("<urllib3.connection.HTTPSConnection object at 0x0000026340665650>: Failed to resolve 't.me' ([Errno 11001] getaddrinfo failed)"))
HTTPSConnectionPool(host='t.me', port=443): Max retries exceeded with url: /amtmedyaduyuru/2?embed=1&mode=tme (Caused by NameResolutionError("<urllib3.connection.HTTPSConnection object at 0x00000263406BAE90>: Failed to resolve 't.me' ([Errno 11001] getaddrinfo failed)"))
HTTPSConnectionPool(host='t.me', port=443): Max retries exceeded with url: /amtmedyaduyuru/2?embed=1&mode=tme (Caused by NameResolutionError("<urllib3.connection.HTTPSConnection object at 0x000002633C5A2F10>: Failed to resolve 't.me' ([Errno 11001] getaddrinfo failed)"))
HTTPSConnectionPool(host='t.me', port=443): Max retries exceeded with url: /amtmedyaduyuru/2?embed=1&mode=tme (Caused by NameResolutionError("<urllib3.connection.HTTPSConnection object at 0x000002633A616350>: Failed to resolve 't.me' ([Errno 11001] getaddrinfo failed)"))
HTTPSConnectionPool(host='t.me', port=443): Max retries exceeded with url: /amtmedyaduyuru/2?embed=1&mode=tme (Caused by NameResolutionError("<urllib3.connection.HTTPSConnection object at 0x000002633FDCC9D0>: Failed to resolve 't.me' ([Errno 11001] getaddrinfo failed)"))
HTTPSConnectionPool(host='t.me', port=443): Max retries exceeded with url: /amtmedyaduyuru/2?embed=1&mode=tme (Caused by NameResolutionError("<urllib3.connection.HTTPSConnection object at 0x000002633FB8BA90>: Failed to resolve 't.me' ([Errno 11001] getaddrinfo failed)"))
HTTPSConnectionPool(host='t.me', port=443): Max retries exceeded with url: /amtmedyaduyuru/2?embed=1&mode=tme (Caused by NameResolutionError("<urllib3.connection.HTTPSConnection object at 0x0000026340C73910>: Failed to resolve 't.me' ([Errno 11001] getaddrinfo failed)"))
HTTPSConnectionPool(host='t.me', port=443): Max retries exceeded with url: /amtmedyaduyuru/2?embed=1&mode=tme (Caused by NameResolutionError("<urllib3.connection.HTTPSConnection object at 0x0000026340881710>: Failed to resolve 't.me' ([Errno 11001] getaddrinfo failed)"))
HTTPSConnectionPool(host='t.me', port=443): Max retries exceeded with url: /amtmedyaduyuru/2?embed=1&mode=tme (Caused by NameResolutionError("<urllib3.connection.HTTPSConnection object at 0x0000026340B52F10>: Failed to resolve 't.me' ([Errno 11001] getaddrinfo failed)"))
HTTPSConnectionPool(host='t.me', port=443): Max retries exceeded with url: /amtmedyaduyuru/2?embed=1&mode=tme (Caused by NameResolutionError("<urllib3.connection.HTTPSConnection object at 0x000002633A87E2D0>: Failed to resolve 't.me' ([Errno 11001] getaddrinfo failed)"))
HTTPSConnectionPool(host='t.me', port=443): Max retries exceeded with url: /amtmedyaduyuru/2?embed=1&mode=tme (Caused by NameResolutionError("<urllib3.connection.HTTPSConnection object at 0x000002633FB83090>: Failed to resolve 't.me' ([Errno 11001] getaddrinfo failed)"))
HTTPSConnectionPool(host='t.me', port=443): Max retries exceeded with url: /amtmedyaduyuru/2?embed=1&mode=tme (Caused by NameResolutionError("<urllib3.connection.HTTPSConnection object at 0x000002633B659650>: Failed to resolve 't.me' ([Errno 11001] getaddrinfo failed)"))
HTTPSConnectionPool(host='t.me', port=443): Max retries exceeded with url: /amtmedyaduyuru/2?embed=1&mode=tme (Caused by NameResolutionError("<urllib3.connection.HTTPSConnection object at 0x0000026340C50090>: Failed to resolve 't.me' ([Errno 11001] getaddrinfo failed)"))
HTTPSConnectionPool(host='t.me', port=443): Max retries exceeded with url: /amtmedyaduyuru/2?embed=1&mode=tme (Caused by NameResolutionError("<urllib3.connection.HTTPSConnection object at 0x0000026340CD51D0>: Failed to resolve 't.me' ([Errno 11001] getaddrinfo failed)"))
HTTPSConnectionPool(host='t.me', port=443): Max retries exceeded with url: /amtmedyaduyuru/2?embed=1&mode=tme (Caused by NameResolutionError("<urllib3.connection.HTTPSConnection object at 0x0000026340B89290>: Failed to resolve 't.me' ([Errno 11001] getaddrinfo failed)"))
HTTPSConnectionPool(host='t.me', port=443): Max retries exceeded with url: /amtmedyaduyuru/2?embed=1&mode=tme (Caused by NameResolutionError("<urllib3.connection.HTTPSConnection object at 0x000002633FAF6450>: Failed to resolve 't.me' ([Errno 11001] getaddrinfo failed)"))
HTTPSConnectionPool(host='t.me', port=443): Max retries exceeded with url: /amtmedyaduyuru/2?embed=1&mode=tme (Caused by NameResolutionError("<urllib3.connection.HTTPSConnection object at 0x0000026340D56950>: Failed to resolve 't.me' ([Errno 11001] getaddrinfo failed)"))
HTTPSConnectionPool(host='t.me', port=443): Max retries exceeded with url: /amtmedyaduyuru/2?embed=1&mode=tme (Caused by NameResolutionError("<urllib3.connection.HTTPSConnection object at 0x000002633FF15050>: Failed to resolve 't.me' ([Errno 11001] getaddrinfo failed)"))
HTTPSConnectionPool(host='t.me', port=443): Max retries exceeded with url: /amtmedyaduyuru/2?embed=1&mode=tme (Caused by NameResolutionError("<urllib3.connection.HTTPSConnection object at 0x0000026340F2E2D0>: Failed to resolve 't.me' ([Errno 11001] getaddrinfo failed)"))
HTTPSConnectionPool(host='t.me', port=443): Max retries exceeded with url: /amtmedyaduyuru/2?embed=1&mode=tme (Caused by NameResolutionError("<urllib3.connection.HTTPSConnection object at 0x000002633A7D9C10>: Failed to resolve 't.me' ([Errno 11001] getaddrinfo failed)"))
HTTPSConnectionPool(host='t.me', port=443): Max retries exceeded with url: /amtmedyaduyuru/2?embed=1&mode=tme (Caused by NameResolutionError("<urllib3.connection.HTTPSConnection object at 0x000002633FA3C110>: Failed to resolve 't.me' ([Errno 11001] getaddrinfo failed)"))
HTTPSConnectionPool(host='t.me', port=443): Max retries exceeded with url: /amtmedyaduyuru/2?embed=1&mode=tme (Caused by NameResolutionError("<urllib3.connection.HTTPSConnection object at 0x00000263409EE450>: Failed to resolve 't.me' ([Errno 11001] getaddrinfo failed)"))
HTTPSConnectionPool(host='t.me', port=443): Max retries exceeded with url: /amtmedyaduyuru/2?embed=1&mode=tme (Caused by NameResolutionError("<urllib3.connection.HTTPSConnection object at 0x00000263407C8110>: Failed to resolve 't.me' ([Errno 11001] getaddrinfo failed)"))
HTTPSConnectionPool(host='t.me', port=443): Max retries exceeded with url: /amtmedyaduyuru/2?embed=1&mode=tme (Caused by NameResolutionError("<urllib3.connection.HTTPSConnection object at 0x0000026340B2D750>: Failed to resolve 't.me' ([Errno 11001] getaddrinfo failed)"))
HTTPSConnectionPool(host='t.me', port=443): Max retries exceeded with url: /amtmedyaduyuru/2?embed=1&mode=tme (Caused by NameResolutionError("<urllib3.connection.HTTPSConnection object at 0x000002633E1B1550>: Failed to resolve 't.me' ([Errno 11001] getaddrinfo failed)"))
HTTPSConnectionPool(host='t.me', port=443): Max retries exceeded with url: /amtmedyaduyuru/2?embed=1&mode=tme (Caused by NameResolutionError("<urllib3.connection.HTTPSConnection object at 0x000002633C4110D0>: Failed to resolve 't.me' ([Errno 11001] getaddrinfo failed)"))
HTTPSConnectionPool(host='t.me', port=443): Max retries exceeded with url: /amtmedyaduyuru/2?embed=1&mode=tme (Caused by NameResolutionError("<urllib3.connection.HTTPSConnection object at 0x0000026340EF98D0>: Failed to resolve 't.me' ([Errno 11001] getaddrinfo failed)"))
HTTPSConnectionPool(host='t.me', port=443): Max retries exceeded with url: /amtmedyaduyuru/2?embed=1&mode=tme (Caused by NameResolutionError("<urllib3.connection.HTTPSConnection object at 0x0000026340EF9950>: Failed to resolve 't.me' ([Errno 11001] getaddrinfo failed)"))
HTTPSConnectionPool(host='t.me', port=443): Max retries exceeded with url: /amtmedyaduyuru/2?embed=1&mode=tme (Caused by NameResolutionError("<urllib3.connection.HTTPSConnection object at 0x000002633DFDB310>: Failed to resolve 't.me' ([Errno 11001] getaddrinfo failed)"))
HTTPSConnectionPool(host='t.me', port=443): Max retries exceeded with url: /amtmedyaduyuru/2?embed=1&mode=tme (Caused by NameResolutionError("<urllib3.connection.HTTPSConnection object at 0x000002633DFC2350>: Failed to resolve 't.me' ([Errno 11001] getaddrinfo failed)"))
HTTPSConnectionPool(host='t.me', port=443): Max retries exceeded with url: /amtmedyaduyuru/2?embed=1&mode=tme (Caused by NameResolutionError("<urllib3.connection.HTTPSConnection object at 0x00000263390C3350>: Failed to resolve 't.me' ([Errno 11001] getaddrinfo failed)"))
HTTPSConnectionPool(host='t.me', port=443): Max retries exceeded with url: /amtmedyaduyuru/2?embed=1&mode=tme (Caused by NameResolutionError("<urllib3.connection.HTTPSConnection object at 0x0000026340C52850>: Failed to resolve 't.me' ([Errno 11001] getaddrinfo failed)"))
HTTPSConnectionPool(host='t.me', port=443): Max retries exceeded with url: /amtmedyaduyuru/2?embed=1&mode=tme (Caused by NameResolutionError("<urllib3.connection.HTTPSConnection object at 0x0000026340EFA4D0>: Failed to resolve 't.me' ([Errno 11001] getaddrinfo failed)"))
HTTPSConnectionPool(host='t.me', port=443): Max retries exceeded with url: /amtmedyaduyuru/2?embed=1&mode=tme (Caused by NameResolutionError("<urllib3.connection.HTTPSConnection object at 0x0000026340880B90>: Failed to resolve 't.me' ([Errno 11001] getaddrinfo failed)"))
HTTPSConnectionPool(host='t.me', port=443): Max retries exceeded with url: /amtmedyaduyuru/2?embed=1&mode=tme (Caused by NameResolutionError("<urllib3.connection.HTTPSConnection object at 0x0000026340CF46D0>: Failed to resolve 't.me' ([Errno 11001] getaddrinfo failed)"))
HTTPSConnectionPool(host='t.me', port=443): Max retries exceeded with url: /amtmedyaduyuru/2?embed=1&mode=tme (Caused by NameResolutionError("<urllib3.connection.HTTPSConnection object at 0x000002633F92F690>: Failed to resolve 't.me' ([Errno 11001] getaddrinfo failed)"))
HTTPSConnectionPool(host='t.me', port=443): Max retries exceeded with url: /amtmedyaduyuru/2?embed=1&mode=tme (Caused by NameResolutionError("<urllib3.connection.HTTPSConnection object at 0x000002633FFD6450>: Failed to resolve 't.me' ([Errno 11001] getaddrinfo failed)"))
HTTPSConnectionPool(host='t.me', port=443): Max retries exceeded with url: /amtmedyaduyuru/2?embed=1&mode=tme (Caused by NameResolutionError("<urllib3.connection.HTTPSConnection object at 0x000002634025F610>: Failed to resolve 't.me' ([Errno 11001] getaddrinfo failed)"))
HTTPSConnectionPool(host='t.me', port=443): Max retries exceeded with url: /amtmedyaduyuru/2?embed=1&mode=tme (Caused by NameResolutionError("<urllib3.connection.HTTPSConnection object at 0x000002633B77FAD0>: Failed to resolve 't.me' ([Errno 11001] getaddrinfo failed)"))
HTTPSConnectionPool(host='t.me', port=443): Max retries exceeded with url: /amtmedyaduyuru/2?embed=1&mode=tme (Caused by NameResolutionError("<urllib3.connection.HTTPSConnection object at 0x000002633FC2AF10>: Failed to resolve 't.me' ([Errno 11001] getaddrinfo failed)"))
HTTPSConnectionPool(host='t.me', port=443): Max retries exceeded with url: /amtmedyaduyuru/2?embed=1&mode=tme (Caused by NameResolutionError("<urllib3.connection.HTTPSConnection object at 0x0000026340880990>: Failed to resolve 't.me' ([Errno 11001] getaddrinfo failed)"))
HTTPSConnectionPool(host='t.me', port=443): Max retries exceeded with url: /amtmedyaduyuru/2?embed=1&mode=tme (Caused by NameResolutionError("<urllib3.connection.HTTPSConnection object at 0x0000026340E0A990>: Failed to resolve 't.me' ([Errno 11001] getaddrinfo failed)"))
HTTPSConnectionPool(host='t.me', port=443): Max retries exceeded with url: /amtmedyaduyuru/2?embed=1&mode=tme (Caused by NameResolutionError("<urllib3.connection.HTTPSConnection object at 0x000002633FDF78D0>: Failed to resolve 't.me' ([Errno 11001] getaddrinfo failed)"))
HTTPSConnectionPool(host='t.me', port=443): Max retries exceeded with url: /amtmedyaduyuru/2?embed=1&mode=tme (Caused by NameResolutionError("<urllib3.connection.HTTPSConnection object at 0x0000026336549590>: Failed to resolve 't.me' ([Errno 11001] getaddrinfo failed)"))
HTTPSConnectionPool(host='t.me', port=443): Max retries exceeded with url: /amtmedyaduyuru/2?embed=1&mode=tme (Caused by NameResolutionError("<urllib3.connection.HTTPSConnection object at 0x000002634085F550>: Failed to resolve 't.me' ([Errno 11001] getaddrinfo failed)"))
HTTPSConnectionPool(host='t.me', port=443): Max retries exceeded with url: /amtmedyaduyuru/2?embed=1&mode=tme (Caused by NameResolutionError("<urllib3.connection.HTTPSConnection object at 0x0000026340B52850>: Failed to resolve 't.me' ([Errno 11001] getaddrinfo failed)"))
HTTPSConnectionPool(host='t.me', port=443): Max retries exceeded with url: /amtmedyaduyuru/2?embed=1&mode=tme (Caused by NameResolutionError("<urllib3.connection.HTTPSConnection object at 0x0000026340B5DB50>: Failed to resolve 't.me' ([Errno 11001] getaddrinfo failed)"))
HTTPSConnectionPool(host='t.me', port=443): Max retries exceeded with url: /amtmedyaduyuru/2?embed=1&mode=tme (Caused by NameResolutionError("<urllib3.connection.HTTPSConnection object at 0x000002634030B850>: Failed to resolve 't.me' ([Errno 11001] getaddrinfo failed)"))
HTTPSConnectionPool(host='t.me', port=443): Max retries exceeded with url: /amtmedyaduyuru/2?embed=1&mode=tme (Caused by NameResolutionError("<urllib3.connection.HTTPSConnection object at 0x0000026340A8E450>: Failed to resolve 't.me' ([Errno 11001] getaddrinfo failed)"))
HTTPSConnectionPool(host='t.me', port=443): Max retries exceeded with url: /amtmedyaduyuru/2?embed=1&mode=tme (Caused by NameResolutionError("<urllib3.connection.HTTPSConnection object at 0x000002633668F510>: Failed to resolve 't.me' ([Errno 11001] getaddrinfo failed)"))
HTTPSConnectionPool(host='t.me', port=443): Max retries exceeded with url: /amtmedyaduyuru/2?embed=1&mode=tme (Caused by NameResolutionError("<urllib3.connection.HTTPSConnection object at 0x0000026340EF8A90>: Failed to resolve 't.me' ([Errno 11001] getaddrinfo failed)"))
HTTPSConnectionPool(host='t.me', port=443): Max retries exceeded with url: /amtmedyaduyuru/2?embed=1&mode=tme (Caused by NameResolutionError("<urllib3.connection.HTTPSConnection object at 0x00000263408FC910>: Failed to resolve 't.me' ([Errno 11001] getaddrinfo failed)"))
HTTPSConnectionPool(host='t.me', port=443): Max retries exceeded with url: /amtmedyaduyuru/2?embed=1&mode=tme (Caused by NameResolutionError("<urllib3.connection.HTTPSConnection object at 0x0000026340DFE050>: Failed to resolve 't.me' ([Errno 11001] getaddrinfo failed)"))
HTTPSConnectionPool(host='t.me', port=443): Max retries exceeded with url: /amtmedyaduyuru/2?embed=1&mode=tme (Caused by NameResolutionError("<urllib3.connection.HTTPSConnection object at 0x0000026340CD49D0>: Failed to resolve 't.me' ([Errno 11001] getaddrinfo failed)"))
HTTPSConnectionPool(host='t.me', port=443): Max retries exceeded with url: /amtmedyaduyuru/2?embed=1&mode=tme (Caused by NameResolutionError("<urllib3.connection.HTTPSConnection object at 0x0000026340F24550>: Failed to resolve 't.me' ([Errno 11001] getaddrinfo failed)"))
HTTPSConnectionPool(host='t.me', port=443): Max retries exceeded with url: /amtmedyaduyuru/2?embed=1&mode=tme (Caused by NameResolutionError("<urllib3.connection.HTTPSConnection object at 0x000002634050AF10>: Failed to resolve 't.me' ([Errno 11001] getaddrinfo failed)"))
HTTPSConnectionPool(host='t.me', port=443): Max retries exceeded with url: /amtmedyaduyuru/2?embed=1&mode=tme (Caused by NameResolutionError("<urllib3.connection.HTTPSConnection object at 0x00000263407C9C10>: Failed to resolve 't.me' ([Errno 11001] getaddrinfo failed)"))
HTTPSConnectionPool(host='t.me', port=443): Max retries exceeded with url: /amtmedyaduyuru/2?embed=1&mode=tme (Caused by NameResolutionError("<urllib3.connection.HTTPSConnection object at 0x0000026340C9EA10>: Failed to resolve 't.me' ([Errno 11001] getaddrinfo failed)"))
HTTPSConnectionPool(host='t.me', port=443): Max retries exceeded with url: /amtmedyaduyuru/2?embed=1&mode=tme (Caused by NameResolutionError("<urllib3.connection.HTTPSConnection object at 0x000002634019F550>: Failed to resolve 't.me' ([Errno 11001] getaddrinfo failed)"))
HTTPSConnectionPool(host='t.me', port=443): Max retries exceeded with url: /amtmedyaduyuru/2?embed=1&mode=tme (Caused by NameResolutionError("<urllib3.connection.HTTPSConnection object at 0x000002633FFD4590>: Failed to resolve 't.me' ([Errno 11001] getaddrinfo failed)"))
HTTPSConnectionPool(host='t.me', port=443): Max retries exceeded with url: /amtmedyaduyuru/2?embed=1&mode=tme (Caused by NameResolutionError("<urllib3.connection.HTTPSConnection object at 0x000002633F78B650>: Failed to resolve 't.me' ([Errno 11001] getaddrinfo failed)"))
HTTPSConnectionPool(host='t.me', port=443): Max retries exceeded with url: /amtmedyaduyuru/2?embed=1&mode=tme (Caused by NameResolutionError("<urllib3.connection.HTTPSConnection object at 0x0000026340B5F950>: Failed to resolve 't.me' ([Errno 11001] getaddrinfo failed)"))
HTTPSConnectionPool(host='t.me', port=443): Max retries exceeded with url: /amtmedyaduyuru/2?embed=1&mode=tme (Caused by NameResolutionError("<urllib3.connection.HTTPSConnection object at 0x000002633FA0C910>: Failed to resolve 't.me' ([Errno 11001] getaddrinfo failed)"))
HTTPSConnectionPool(host='t.me', port=443): Max retries exceeded with url: /amtmedyaduyuru/2?embed=1&mode=tme (Caused by NameResolutionError("<urllib3.connection.HTTPSConnection object at 0x000002633C3A7B10>: Failed to resolve 't.me' ([Errno 11001] getaddrinfo failed)"))
HTTPSConnectionPool(host='t.me', port=443): Max retries exceeded with url: /amtmedyaduyuru/2?embed=1&mode=tme (Caused by NameResolutionError("<urllib3.connection.HTTPSConnection object at 0x000002633AAD4E90>: Failed to resolve 't.me' ([Errno 11001] getaddrinfo failed)"))
HTTPSConnectionPool(host='t.me', port=443): Max retries exceeded with url: /amtmedyaduyuru/2?embed=1&mode=tme (Caused by NameResolutionError("<urllib3.connection.HTTPSConnection object at 0x000002633FE9AC90>: Failed to resolve 't.me' ([Errno 11001] getaddrinfo failed)"))
HTTPSConnectionPool(host='t.me', port=443): Max retries exceeded with url: /amtmedyaduyuru/2?embed=1&mode=tme (Caused by NameResolutionError("<urllib3.connection.HTTPSConnection object at 0x0000026340F3D790>: Failed to resolve 't.me' ([Errno 11001] getaddrinfo failed)"))
HTTPSConnectionPool(host='t.me', port=443): Max retries exceeded with url: /amtmedyaduyuru/2?embed=1&mode=tme (Caused by NameResolutionError("<urllib3.connection.HTTPSConnection object at 0x0000026340F3FB10>: Failed to resolve 't.me' ([Errno 11001] getaddrinfo failed)"))
HTTPSConnectionPool(host='t.me', port=443): Max retries exceeded with url: /amtmedyaduyuru/2?embed=1&mode=tme (Caused by NameResolutionError("<urllib3.connection.HTTPSConnection object at 0x0000026340F3DFD0>: Failed to resolve 't.me' ([Errno 11001] getaddrinfo failed)"))
HTTPSConnectionPool(host='t.me', port=443): Max retries exceeded with url: /amtmedyaduyuru/2?embed=1&mode=tme (Caused by NameResolutionError("<urllib3.connection.HTTPSConnection object at 0x0000026340F3D150>: Failed to resolve 't.me' ([Errno 11001] getaddrinfo failed)"))
HTTPSConnectionPool(host='t.me', port=443): Max retries exceeded with url: /amtmedyaduyuru/2?embed=1&mode=tme (Caused by NameResolutionError("<urllib3.connection.HTTPSConnection object at 0x000002633FD11610>: Failed to resolve 't.me' ([Errno 11001] getaddrinfo failed)"))
HTTPSConnectionPool(host='t.me', port=443): Max retries exceeded with url: /amtmedyaduyuru/2?embed=1&mode=tme (Caused by NameResolutionError("<urllib3.connection.HTTPSConnection object at 0x000002633FAED810>: Failed to resolve 't.me' ([Errno 11001] getaddrinfo failed)"))
HTTPSConnectionPool(host='t.me', port=443): Max retries exceeded with url: /amtmedyaduyuru/2?embed=1&mode=tme (Caused by NameResolutionError("<urllib3.connection.HTTPSConnection object at 0x000002633FCF1290>: Failed to resolve 't.me' ([Errno 11001] getaddrinfo failed)"))
HTTPSConnectionPool(host='t.me', port=443): Max retries exceeded with url: /amtmedyaduyuru/2?embed=1&mode=tme (Caused by NameResolutionError("<urllib3.connection.HTTPSConnection object at 0x0000026340F518D0>: Failed to resolve 't.me' ([Errno 11001] getaddrinfo failed)"))
HTTPSConnectionPool(host='t.me', port=443): Max retries exceeded with url: /amtmedyaduyuru/2?embed=1&mode=tme (Caused by NameResolutionError("<urllib3.connection.HTTPSConnection object at 0x000002634019F550>: Failed to resolve 't.me' ([Errno 11001] getaddrinfo failed)"))
HTTPSConnectionPool(host='t.me', port=443): Max retries exceeded with url: /amtmedyaduyuru/2?embed=1&mode=tme (Caused by NameResolutionError("<urllib3.connection.HTTPSConnection object at 0x0000026340040A10>: Failed to resolve 't.me' ([Errno 11001] getaddrinfo failed)"))
HTTPSConnectionPool(host='t.me', port=443): Max retries exceeded with url: /amtmedyaduyuru/2?embed=1&mode=tme (Caused by NameResolutionError("<urllib3.connection.HTTPSConnection object at 0x00000263405C3A50>: Failed to resolve 't.me' ([Errno 11001] getaddrinfo failed)"))
HTTPSConnectionPool(host='t.me', port=443): Max retries exceeded with url: /amtmedyaduyuru/2?embed=1&mode=tme (Caused by NameResolutionError("<urllib3.connection.HTTPSConnection object at 0x00000263365DDF10>: Failed to resolve 't.me' ([Errno 11001] getaddrinfo failed)"))
HTTPSConnectionPool(host='t.me', port=443): Max retries exceeded with url: /amtmedyaduyuru/2?embed=1&mode=tme (Caused by NameResolutionError("<urllib3.connection.HTTPSConnection object at 0x0000026340F3D790>: Failed to resolve 't.me' ([Errno 11001] getaddrinfo failed)"))
HTTPSConnectionPool(host='t.me', port=443): Max retries exceeded with url: /amtmedyaduyuru/2?embed=1&mode=tme (Caused by NameResolutionError("<urllib3.connection.HTTPSConnection object at 0x0000026340F50590>: Failed to resolve 't.me' ([Errno 11001] getaddrinfo failed)"))
HTTPSConnectionPool(host='t.me', port=443): Max retries exceeded with url: /amtmedyaduyuru/2?embed=1&mode=tme (Caused by NameResolutionError("<urllib3.connection.HTTPSConnection object at 0x0000026340212090>: Failed to resolve 't.me' ([Errno 11001] getaddrinfo failed)"))
HTTPSConnectionPool(host='t.me', port=443): Max retries exceeded with url: /amtmedyaduyuru/2?embed=1&mode=tme (Caused by NameResolutionError("<urllib3.connection.HTTPSConnection object at 0x0000026340E0B690>: Failed to resolve 't.me' ([Errno 11001] getaddrinfo failed)"))
HTTPSConnectionPool(host='t.me', port=443): Max retries exceeded with url: /amtmedyaduyuru/2?embed=1&mode=tme (Caused by NameResolutionError("<urllib3.connection.HTTPSConnection object at 0x000002633C6D6010>: Failed to resolve 't.me' ([Errno 11001] getaddrinfo failed)"))
HTTPSConnectionPool(host='t.me', port=443): Max retries exceeded with url: /amtmedyaduyuru/2?embed=1&mode=tme (Caused by NameResolutionError("<urllib3.connection.HTTPSConnection object at 0x000002633FE05A10>: Failed to resolve 't.me' ([Errno 11001] getaddrinfo failed)"))
HTTPSConnectionPool(host='t.me', port=443): Max retries exceeded with url: /amtmedyaduyuru/2?embed=1&mode=tme (Caused by NameResolutionError("<urllib3.connection.HTTPSConnection object at 0x0000026340C9DDD0>: Failed to resolve 't.me' ([Errno 11001] getaddrinfo failed)"))
HTTPSConnectionPool(host='t.me', port=443): Max retries exceeded with url: /amtmedyaduyuru/2?embed=1&mode=tme (Caused by NameResolutionError("<urllib3.connection.HTTPSConnection object at 0x000002633E208B50>: Failed to resolve 't.me' ([Errno 11001] getaddrinfo failed)"))
HTTPSConnectionPool(host='t.me', port=443): Max retries exceeded with url: /amtmedyaduyuru/2?embed=1&mode=tme (Caused by NameResolutionError("<urllib3.connection.HTTPSConnection object at 0x000002633E2BE410>: Failed to resolve 't.me' ([Errno 11001] getaddrinfo failed)"))
HTTPSConnectionPool(host='t.me', port=443): Max retries exceeded with url: /amtmedyaduyuru/2?embed=1&mode=tme (Caused by NameResolutionError("<urllib3.connection.HTTPSConnection object at 0x000002634030B450>: Failed to resolve 't.me' ([Errno 11001] getaddrinfo failed)"))
HTTPSConnectionPool(host='t.me', port=443): Max retries exceeded with url: /amtmedyaduyuru/2?embed=1&mode=tme (Caused by NameResolutionError("<urllib3.connection.HTTPSConnection object at 0x0000026340F3E090>: Failed to resolve 't.me' ([Errno 11001] getaddrinfo failed)"))
HTTPSConnectionPool(host='t.me', port=443): Max retries exceeded with url: /amtmedyaduyuru/2?embed=1&mode=tme (Caused by NameResolutionError("<urllib3.connection.HTTPSConnection object at 0x000002633F9A81D0>: Failed to resolve 't.me' ([Errno 11001] getaddrinfo failed)"))
HTTPSConnectionPool(host='t.me', port=443): Max retries exceeded with url: /amtmedyaduyuru/2?embed=1&mode=tme (Caused by NameResolutionError("<urllib3.connection.HTTPSConnection object at 0x00000263400BE310>: Failed to resolve 't.me' ([Errno 11001] getaddrinfo failed)"))
HTTPSConnectionPool(host='t.me', port=443): Max retries exceeded with url: /amtmedyaduyuru/2?embed=1&mode=tme (Caused by NameResolutionError("<urllib3.connection.HTTPSConnection object at 0x0000026340CD6710>: Failed to resolve 't.me' ([Errno 11001] getaddrinfo failed)"))
HTTPSConnectionPool(host='t.me', port=443): Max retries exceeded with url: /amtmedyaduyuru/2?embed=1&mode=tme (Caused by NameResolutionError("<urllib3.connection.HTTPSConnection object at 0x000002633F8EED10>: Failed to resolve 't.me' ([Errno 11001] getaddrinfo failed)"))
HTTPSConnectionPool(host='t.me', port=443): Max retries exceeded with url: /amtmedyaduyuru/2?embed=1&mode=tme (Caused by NameResolutionError("<urllib3.connection.HTTPSConnection object at 0x000002633FE07590>: Failed to resolve 't.me' ([Errno 11001] getaddrinfo failed)"))
HTTPSConnectionPool(host='t.me', port=443): Max retries exceeded with url: /amtmedyaduyuru/2?embed=1&mode=tme (Caused by NameResolutionError("<urllib3.connection.HTTPSConnection object at 0x000002633FFC6DD0>: Failed to resolve 't.me' ([Errno 11001] getaddrinfo failed)"))
HTTPSConnectionPool(host='t.me', port=443): Max retries exceeded with url: /amtmedyaduyuru/2?embed=1&mode=tme (Caused by NameResolutionError("<urllib3.connection.HTTPSConnection object at 0x000002633BA36590>: Failed to resolve 't.me' ([Errno 11001] getaddrinfo failed)"))
HTTPSConnectionPool(host='t.me', port=443): Max retries exceeded with url: /amtmedyaduyuru/2?embed=1&mode=tme (Caused by NameResolutionError("<urllib3.connection.HTTPSConnection object at 0x000002633C5B4F50>: Failed to resolve 't.me' ([Errno 11001] getaddrinfo failed)"))
HTTPSConnectionPool(host='t.me', port=443): Max retries exceeded with url: /amtmedyaduyuru/2?embed=1&mode=tme (Caused by NameResolutionError("<urllib3.connection.HTTPSConnection object at 0x000002633FCF1290>: Failed to resolve 't.me' ([Errno 11001] getaddrinfo failed)"))
HTTPSConnectionPool(host='t.me', port=443): Max retries exceeded with url: /amtmedyaduyuru/2?embed=1&mode=tme (Caused by NameResolutionError("<urllib3.connection.HTTPSConnection object at 0x00000263407F9690>: Failed to resolve 't.me' ([Errno 11001] getaddrinfo failed)"))
HTTPSConnectionPool(host='t.me', port=443): Max retries exceeded with url: /amtmedyaduyuru/2?embed=1&mode=tme (Caused by NameResolutionError("<urllib3.connection.HTTPSConnection object at 0x000002633E177750>: Failed to resolve 't.me' ([Errno 11001] getaddrinfo failed)"))
HTTPSConnectionPool(host='t.me', port=443): Max retries exceeded with url: /amtmedyaduyuru/2?embed=1&mode=tme (Caused by NameResolutionError("<urllib3.connection.HTTPSConnection object at 0x000002633E011550>: Failed to resolve 't.me' ([Errno 11001] getaddrinfo failed)"))
HTTPSConnectionPool(host='t.me', port=443): Max retries exceeded with url: /amtmedyaduyuru/2?embed=1&mode=tme (Caused by NameResolutionError("<urllib3.connection.HTTPSConnection object at 0x000002633FCA9190>: Failed to resolve 't.me' ([Errno 11001] getaddrinfo failed)"))
HTTPSConnectionPool(host='t.me', port=443): Max retries exceeded with url: /amtmedyaduyuru/2?embed=1&mode=tme (Caused by NameResolutionError("<urllib3.connection.HTTPSConnection object at 0x000002633E31C690>: Failed to resolve 't.me' ([Errno 11001] getaddrinfo failed)"))
HTTPSConnectionPool(host='t.me', port=443): Max retries exceeded with url: /amtmedyaduyuru/2?embed=1&mode=tme (Caused by NameResolutionError("<urllib3.connection.HTTPSConnection object at 0x000002634013AB50>: Failed to resolve 't.me' ([Errno 11001] getaddrinfo failed)"))
HTTPSConnectionPool(host='t.me', port=443): Max retries exceeded with url: /amtmedyaduyuru/2?embed=1&mode=tme (Caused by NameResolutionError("<urllib3.connection.HTTPSConnection object at 0x00000263404CBA90>: Failed to resolve 't.me' ([Errno 11001] getaddrinfo failed)"))
HTTPSConnectionPool(host='t.me', port=443): Max retries exceeded with url: /amtmedyaduyuru/2?embed=1&mode=tme (Caused by NameResolutionError("<urllib3.connection.HTTPSConnection object at 0x000002633CF9C150>: Failed to resolve 't.me' ([Errno 11001] getaddrinfo failed)"))
HTTPSConnectionPool(host='t.me', port=443): Max retries exceeded with url: /amtmedyaduyuru/2?embed=1&mode=tme (Caused by NameResolutionError("<urllib3.connection.HTTPSConnection object at 0x000002633F9034D0>: Failed to resolve 't.me' ([Errno 11001] getaddrinfo failed)"))
HTTPSConnectionPool(host='t.me', port=443): Max retries exceeded with url: /amtmedyaduyuru/2?embed=1&mode=tme (Caused by NameResolutionError("<urllib3.connection.HTTPSConnection object at 0x00000263405C1250>: Failed to resolve 't.me' ([Errno 11001] getaddrinfo failed)"))
HTTPSConnectionPool(host='t.me', port=443): Max retries exceeded with url: /amtmedyaduyuru/2?embed=1&mode=tme (Caused by NameResolutionError("<urllib3.connection.HTTPSConnection object at 0x00000263366DE610>: Failed to resolve 't.me' ([Errno 11001] getaddrinfo failed)"))
HTTPSConnectionPool(host='t.me', port=443): Max retries exceeded with url: /amtmedyaduyuru/2?embed=1&mode=tme (Caused by NameResolutionError("<urllib3.connection.HTTPSConnection object at 0x000002633C43A450>: Failed to resolve 't.me' ([Errno 11001] getaddrinfo failed)"))
HTTPSConnectionPool(host='t.me', port=443): Max retries exceeded with url: /amtmedyaduyuru/2?embed=1&mode=tme (Caused by NameResolutionError("<urllib3.connection.HTTPSConnection object at 0x000002633FC68350>: Failed to resolve 't.me' ([Errno 11001] getaddrinfo failed)"))
HTTPSConnectionPool(host='t.me', port=443): Max retries exceeded with url: /amtmedyaduyuru/2?embed=1&mode=tme (Caused by NameResolutionError("<urllib3.connection.HTTPSConnection object at 0x0000026340B054D0>: Failed to resolve 't.me' ([Errno 11001] getaddrinfo failed)"))
HTTPSConnectionPool(host='t.me', port=443): Max retries exceeded with url: /amtmedyaduyuru/2?embed=1&mode=tme (Caused by NameResolutionError("<urllib3.connection.HTTPSConnection object at 0x000002633FF35F10>: Failed to resolve 't.me' ([Errno 11001] getaddrinfo failed)"))
HTTPSConnectionPool(host='t.me', port=443): Max retries exceeded with url: /amtmedyaduyuru/2?embed=1&mode=tme (Caused by NameResolutionError("<urllib3.connection.HTTPSConnection object at 0x000002634023EA10>: Failed to resolve 't.me' ([Errno 11001] getaddrinfo failed)"))
HTTPSConnectionPool(host='t.me', port=443): Max retries exceeded with url: /amtmedyaduyuru/2?embed=1&mode=tme (Caused by NameResolutionError("<urllib3.connection.HTTPSConnection object at 0x0000026340CD5ED0>: Failed to resolve 't.me' ([Errno 11001] getaddrinfo failed)"))
HTTPSConnectionPool(host='t.me', port=443): Max retries exceeded with url: /amtmedyaduyuru/2?embed=1&mode=tme (Caused by NameResolutionError("<urllib3.connection.HTTPSConnection object at 0x0000026340308B90>: Failed to resolve 't.me' ([Errno 11001] getaddrinfo failed)"))
HTTPSConnectionPool(host='t.me', port=443): Max retries exceeded with url: /amtmedyaduyuru/2?embed=1&mode=tme (Caused by NameResolutionError("<urllib3.connection.HTTPSConnection object at 0x000002633FDCF490>: Failed to resolve 't.me' ([Errno 11001] getaddrinfo failed)"))
HTTPSConnectionPool(host='t.me', port=443): Max retries exceeded with url: /amtmedyaduyuru/2?embed=1&mode=tme (Caused by NameResolutionError("<urllib3.connection.HTTPSConnection object at 0x0000026340A8E950>: Failed to resolve 't.me' ([Errno 11001] getaddrinfo failed)"))
HTTPSConnectionPool(host='t.me', port=443): Max retries exceeded with url: /amtmedyaduyuru/2?embed=1&mode=tme (Caused by NameResolutionError("<urllib3.connection.HTTPSConnection object at 0x0000026340C9C490>: Failed to resolve 't.me' ([Errno 11001] getaddrinfo failed)"))
HTTPSConnectionPool(host='t.me', port=443): Max retries exceeded with url: /amtmedyaduyuru/2?embed=1&mode=tme (Caused by NameResolutionError("<urllib3.connection.HTTPSConnection object at 0x000002632E524C50>: Failed to resolve 't.me' ([Errno 11001] getaddrinfo failed)"))
HTTPSConnectionPool(host='t.me', port=443): Max retries exceeded with url: /amtmedyaduyuru/2?embed=1&mode=tme (Caused by NameResolutionError("<urllib3.connection.HTTPSConnection object at 0x000002633C4B03D0>: Failed to resolve 't.me' ([Errno 11001] getaddrinfo failed)"))
HTTPSConnectionPool(host='t.me', port=443): Max retries exceeded with url: /amtmedyaduyuru/2?embed=1&mode=tme (Caused by NameResolutionError("<urllib3.connection.HTTPSConnection object at 0x0000026340B054D0>: Failed to resolve 't.me' ([Errno 11001] getaddrinfo failed)"))
HTTPSConnectionPool(host='t.me', port=443): Max retries exceeded with url: /amtmedyaduyuru/2?embed=1&mode=tme (Caused by NameResolutionError("<urllib3.connection.HTTPSConnection object at 0x0000026340308A90>: Failed to resolve 't.me' ([Errno 11001] getaddrinfo failed)"))
HTTPSConnectionPool(host='t.me', port=443): Max retries exceeded with url: /amtmedyaduyuru/2?embed=1&mode=tme (Caused by NameResolutionError("<urllib3.connection.HTTPSConnection object at 0x0000026340CD51D0>: Failed to resolve 't.me' ([Errno 11001] getaddrinfo failed)"))
HTTPSConnectionPool(host='t.me', port=443): Max retries exceeded with url: /amtmedyaduyuru/2?embed=1&mode=tme (Caused by NameResolutionError("<urllib3.connection.HTTPSConnection object at 0x000002633E0F6710>: Failed to resolve 't.me' ([Errno 11001] getaddrinfo failed)"))
HTTPSConnectionPool(host='t.me', port=443): Max retries exceeded with url: /amtmedyaduyuru/2?embed=1&mode=tme (Caused by NameResolutionError("<urllib3.connection.HTTPSConnection object at 0x000002633E0F5AD0>: Failed to resolve 't.me' ([Errno 11001] getaddrinfo failed)"))
HTTPSConnectionPool(host='t.me', port=443): Max retries exceeded with url: /amtmedyaduyuru/2?embed=1&mode=tme (Caused by NameResolutionError("<urllib3.connection.HTTPSConnection object at 0x0000026340043010>: Failed to resolve 't.me' ([Errno 11001] getaddrinfo failed)"))
HTTPSConnectionPool(host='t.me', port=443): Max retries exceeded with url: /amtmedyaduyuru/2?embed=1&mode=tme (Caused by NameResolutionError("<urllib3.connection.HTTPSConnection object at 0x00000263408A1FD0>: Failed to resolve 't.me' ([Errno 11001] getaddrinfo failed)"))
HTTPSConnectionPool(host='t.me', port=443): Max retries exceeded with url: /amtmedyaduyuru/2?embed=1&mode=tme (Caused by NameResolutionError("<urllib3.connection.HTTPSConnection object at 0x0000026338EDDBD0>: Failed to resolve 't.me' ([Errno 11001] getaddrinfo failed)"))
HTTPSConnectionPool(host='t.me', port=443): Max retries exceeded with url: /amtmedyaduyuru/2?embed=1&mode=tme (Caused by NameResolutionError("<urllib3.connection.HTTPSConnection object at 0x00000263409B5210>: Failed to resolve 't.me' ([Errno 11001] getaddrinfo failed)"))
HTTPSConnectionPool(host='t.me', port=443): Max retries exceeded with url: /amtmedyaduyuru/2?embed=1&mode=tme (Caused by NameResolutionError("<urllib3.connection.HTTPSConnection object at 0x000002634094F990>: Failed to resolve 't.me' ([Errno 11001] getaddrinfo failed)"))
HTTPSConnectionPool(host='t.me', port=443): Max retries exceeded with url: /amtmedyaduyuru/2?embed=1&mode=tme (Caused by NameResolutionError("<urllib3.connection.HTTPSConnection object at 0x00000263401D1390>: Failed to resolve 't.me' ([Errno 11001] getaddrinfo failed)"))
HTTPSConnectionPool(host='t.me', port=443): Max retries exceeded with url: /amtmedyaduyuru/2?embed=1&mode=tme (Caused by NameResolutionError("<urllib3.connection.HTTPSConnection object at 0x00000263404535D0>: Failed to resolve 't.me' ([Errno 11001] getaddrinfo failed)"))
HTTPSConnectionPool(host='t.me', port=443): Max retries exceeded with url: /amtmedyaduyuru/2?embed=1&mode=tme (Caused by NameResolutionError("<urllib3.connection.HTTPSConnection object at 0x000002633E31C690>: Failed to resolve 't.me' ([Errno 11001] getaddrinfo failed)"))
HTTPSConnectionPool(host='t.me', port=443): Max retries exceeded with url: /amtmedyaduyuru/2?embed=1&mode=tme (Caused by NameResolutionError("<urllib3.connection.HTTPSConnection object at 0x00000263407AFBD0>: Failed to resolve 't.me' ([Errno 11001] getaddrinfo failed)"))
HTTPSConnectionPool(host='t.me', port=443): Max retries exceeded with url: /amtmedyaduyuru/2?embed=1&mode=tme (Caused by NameResolutionError("<urllib3.connection.HTTPSConnection object at 0x000002633E0F7690>: Failed to resolve 't.me' ([Errno 11001] getaddrinfo failed)"))
HTTPSConnectionPool(host='t.me', port=443): Max retries exceeded with url: /amtmedyaduyuru/2?embed=1&mode=tme (Caused by NameResolutionError("<urllib3.connection.HTTPSConnection object at 0x000002633BB49510>: Failed to resolve 't.me' ([Errno 11001] getaddrinfo failed)"))
HTTPSConnectionPool(host='t.me', port=443): Max retries exceeded with url: /amtmedyaduyuru/2?embed=1&mode=tme (Caused by NameResolutionError("<urllib3.connection.HTTPSConnection object at 0x0000026340C9E110>: Failed to resolve 't.me' ([Errno 11001] getaddrinfo failed)"))
HTTPSConnectionPool(host='t.me', port=443): Max retries exceeded with url: /amtmedyaduyuru/2?embed=1&mode=tme (Caused by NameResolutionError("<urllib3.connection.HTTPSConnection object at 0x000002634019F550>: Failed to resolve 't.me' ([Errno 11001] getaddrinfo failed)"))
HTTPSConnectionPool(host='t.me', port=443): Max retries exceeded with url: /amtmedyaduyuru/2?embed=1&mode=tme (Caused by NameResolutionError("<urllib3.connection.HTTPSConnection object at 0x000002633C365190>: Failed to resolve 't.me' ([Errno 11001] getaddrinfo failed)"))
HTTPSConnectionPool(host='t.me', port=443): Max retries exceeded with url: /amtmedyaduyuru/2?embed=1&mode=tme (Caused by NameResolutionError("<urllib3.connection.HTTPSConnection object at 0x000002634065A0D0>: Failed to resolve 't.me' ([Errno 11001] getaddrinfo failed)"))
HTTPSConnectionPool(host='t.me', port=443): Max retries exceeded with url: /amtmedyaduyuru/2?embed=1&mode=tme (Caused by NameResolutionError("<urllib3.connection.HTTPSConnection object at 0x0000026340276810>: Failed to resolve 't.me' ([Errno 11001] getaddrinfo failed)"))
HTTPSConnectionPool(host='t.me', port=443): Max retries exceeded with url: /amtmedyaduyuru/2?embed=1&mode=tme (Caused by NameResolutionError("<urllib3.connection.HTTPSConnection object at 0x00000263409B70D0>: Failed to resolve 't.me' ([Errno 11001] getaddrinfo failed)"))
HTTPSConnectionPool(host='t.me', port=443): Max retries exceeded with url: /amtmedyaduyuru/2?embed=1&mode=tme (Caused by NameResolutionError("<urllib3.connection.HTTPSConnection object at 0x0000026340F51D10>: Failed to resolve 't.me' ([Errno 11001] getaddrinfo failed)"))
HTTPSConnectionPool(host='t.me', port=443): Max retries exceeded with url: /amtmedyaduyuru/2?embed=1&mode=tme (Caused by NameResolutionError("<urllib3.connection.HTTPSConnection object at 0x0000026340F25B90>: Failed to resolve 't.me' ([Errno 11001] getaddrinfo failed)"))
HTTPSConnectionPool(host='t.me', port=443): Max retries exceeded with url: /amtmedyaduyuru/2?embed=1&mode=tme (Caused by NameResolutionError("<urllib3.connection.HTTPSConnection object at 0x0000026340E0B010>: Failed to resolve 't.me' ([Errno 11001] getaddrinfo failed)"))
HTTPSConnectionPool(host='t.me', port=443): Max retries exceeded with url: /amtmedyaduyuru/2?embed=1&mode=tme (Caused by NameResolutionError("<urllib3.connection.HTTPSConnection object at 0x0000026340F2CA50>: Failed to resolve 't.me' ([Errno 11001] getaddrinfo failed)"))
HTTPSConnectionPool(host='t.me', port=443): Max retries exceeded with url: /amtmedyaduyuru/2?embed=1&mode=tme (Caused by NameResolutionError("<urllib3.connection.HTTPSConnection object at 0x00000263409B6410>: Failed to resolve 't.me' ([Errno 11001] getaddrinfo failed)"))
HTTPSConnectionPool(host='t.me', port=443): Max retries exceeded with url: /amtmedyaduyuru/2?embed=1&mode=tme (Caused by NameResolutionError("<urllib3.connection.HTTPSConnection object at 0x000002633CF9D650>: Failed to resolve 't.me' ([Errno 11001] getaddrinfo failed)"))
HTTPSConnectionPool(host='t.me', port=443): Max retries exceeded with url: /amtmedyaduyuru/2?embed=1&mode=tme (Caused by NameResolutionError("<urllib3.connection.HTTPSConnection object at 0x0000026340F51990>: Failed to resolve 't.me' ([Errno 11001] getaddrinfo failed)"))
HTTPSConnectionPool(host='t.me', port=443): Max retries exceeded with url: /amtmedyaduyuru/2?embed=1&mode=tme (Caused by NameResolutionError("<urllib3.connection.HTTPSConnection object at 0x000002633FA3DA90>: Failed to resolve 't.me' ([Errno 11001] getaddrinfo failed)"))
HTTPSConnectionPool(host='t.me', port=443): Max retries exceeded with url: /amtmedyaduyuru/2?embed=1&mode=tme (Caused by NameResolutionError("<urllib3.connection.HTTPSConnection object at 0x000002634023C190>: Failed to resolve 't.me' ([Errno 11001] getaddrinfo failed)"))
HTTPSConnectionPool(host='t.me', port=443): Max retries exceeded with url: /amtmedyaduyuru/2?embed=1&mode=tme (Caused by NameResolutionError("<urllib3.connection.HTTPSConnection object at 0x000002634011F410>: Failed to resolve 't.me' ([Errno 11001] getaddrinfo failed)"))
HTTPSConnectionPool(host='t.me', port=443): Max retries exceeded with url: /amtmedyaduyuru/2?embed=1&mode=tme (Caused by NameResolutionError("<urllib3.connection.HTTPSConnection object at 0x0000026340381290>: Failed to resolve 't.me' ([Errno 11001] getaddrinfo failed)"))
HTTPSConnectionPool(host='t.me', port=443): Max retries exceeded with url: /amtmedyaduyuru/2?embed=1&mode=tme (Caused by NameResolutionError("<urllib3.connection.HTTPSConnection object at 0x000002633E2BC250>: Failed to resolve 't.me' ([Errno 11001] getaddrinfo failed)"))
HTTPSConnectionPool(host='t.me', port=443): Max retries exceeded with url: /amtmedyaduyuru/2?embed=1&mode=tme (Caused by NameResolutionError("<urllib3.connection.HTTPSConnection object at 0x00000263409AB590>: Failed to resolve 't.me' ([Errno 11001] getaddrinfo failed)"))
HTTPSConnectionPool(host='t.me', port=443): Max retries exceeded with url: /amtmedyaduyuru/2?embed=1&mode=tme (Caused by NameResolutionError("<urllib3.connection.HTTPSConnection object at 0x000002633C4B03D0>: Failed to resolve 't.me' ([Errno 11001] getaddrinfo failed)"))
HTTPSConnectionPool(host='t.me', port=443): Max retries exceeded with url: /amtmedyaduyuru/2?embed=1&mode=tme (Caused by NameResolutionError("<urllib3.connection.HTTPSConnection object at 0x00000263404F4410>: Failed to resolve 't.me' ([Errno 11001] getaddrinfo failed)"))
HTTPSConnectionPool(host='t.me', port=443): Max retries exceeded with url: /amtmedyaduyuru/2?embed=1&mode=tme (Caused by NameResolutionError("<urllib3.connection.HTTPSConnection object at 0x00000263406BB2D0>: Failed to resolve 't.me' ([Errno 11001] getaddrinfo failed)"))
HTTPSConnectionPool(host='t.me', port=443): Max retries exceeded with url: /amtmedyaduyuru/2?embed=1&mode=tme (Caused by NameResolutionError("<urllib3.connection.HTTPSConnection object at 0x0000026338A6B110>: Failed to resolve 't.me' ([Errno 11001] getaddrinfo failed)"))
HTTPSConnectionPool(host='t.me', port=443): Max retries exceeded with url: /amtmedyaduyuru/2?embed=1&mode=tme (Caused by NameResolutionError("<urllib3.connection.HTTPSConnection object at 0x0000026340C123D0>: Failed to resolve 't.me' ([Errno 11001] getaddrinfo failed)"))
HTTPSConnectionPool(host='t.me', port=443): Max retries exceeded with url: /amtmedyaduyuru/2?embed=1&mode=tme (Caused by NameResolutionError("<urllib3.connection.HTTPSConnection object at 0x000002633C384490>: Failed to resolve 't.me' ([Errno 11001] getaddrinfo failed)"))
HTTPSConnectionPool(host='t.me', port=443): Max retries exceeded with url: /amtmedyaduyuru/2?embed=1&mode=tme (Caused by NameResolutionError("<urllib3.connection.HTTPSConnection object at 0x0000026340F51690>: Failed to resolve 't.me' ([Errno 11001] getaddrinfo failed)"))
HTTPSConnectionPool(host='t.me', port=443): Max retries exceeded with url: /amtmedyaduyuru/2?embed=1&mode=tme (Caused by NameResolutionError("<urllib3.connection.HTTPSConnection object at 0x000002633E0F6710>: Failed to resolve 't.me' ([Errno 11001] getaddrinfo failed)"))
HTTPSConnectionPool(host='t.me', port=443): Max retries exceeded with url: /amtmedyaduyuru/2?embed=1&mode=tme (Caused by NameResolutionError("<urllib3.connection.HTTPSConnection object at 0x000002633FCAAA10>: Failed to resolve 't.me' ([Errno 11001] getaddrinfo failed)"))
HTTPSConnectionPool(host='t.me', port=443): Max retries exceeded with url: /amtmedyaduyuru/2?embed=1&mode=tme (Caused by NameResolutionError("<urllib3.connection.HTTPSConnection object at 0x0000026340040D10>: Failed to resolve 't.me' ([Errno 11001] getaddrinfo failed)"))
HTTPSConnectionPool(host='t.me', port=443): Max retries exceeded with url: /amtmedyaduyuru/2?embed=1&mode=tme (Caused by NameResolutionError("<urllib3.connection.HTTPSConnection object at 0x0000026340F3FBD0>: Failed to resolve 't.me' ([Errno 11001] getaddrinfo failed)"))
HTTPSConnectionPool(host='t.me', port=443): Max retries exceeded with url: /amtmedyaduyuru/2?embed=1&mode=tme (Caused by NameResolutionError("<urllib3.connection.HTTPSConnection object at 0x00000263400BCC10>: Failed to resolve 't.me' ([Errno 11001] getaddrinfo failed)"))
HTTPSConnectionPool(host='t.me', port=443): Max retries exceeded with url: /amtmedyaduyuru/2?embed=1&mode=tme (Caused by NameResolutionError("<urllib3.connection.HTTPSConnection object at 0x000002633C4B03D0>: Failed to resolve 't.me' ([Errno 11001] getaddrinfo failed)"))
HTTPSConnectionPool(host='t.me', port=443): Max retries exceeded with url: /amtmedyaduyuru/2?embed=1&mode=tme (Caused by NameResolutionError("<urllib3.connection.HTTPSConnection object at 0x000002633B622010>: Failed to resolve 't.me' ([Errno 11001] getaddrinfo failed)"))
HTTPSConnectionPool(host='t.me', port=443): Max retries exceeded with url: /amtmedyaduyuru/2?embed=1&mode=tme (Caused by NameResolutionError("<urllib3.connection.HTTPSConnection object at 0x000002633C6BE5D0>: Failed to resolve 't.me' ([Errno 11001] getaddrinfo failed)"))
HTTPSConnectionPool(host='t.me', port=443): Max retries exceeded with url: /amtmedyaduyuru/2?embed=1&mode=tme (Caused by NameResolutionError("<urllib3.connection.HTTPSConnection object at 0x000002633FE24D10>: Failed to resolve 't.me' ([Errno 11001] getaddrinfo failed)"))
HTTPSConnectionPool(host='t.me', port=443): Max retries exceeded with url: /amtmedyaduyuru/2?embed=1&mode=tme (Caused by NameResolutionError("<urllib3.connection.HTTPSConnection object at 0x000002634011C450>: Failed to resolve 't.me' ([Errno 11001] getaddrinfo failed)"))
HTTPSConnectionPool(host='t.me', port=443): Max retries exceeded with url: /amtmedyaduyuru/2?embed=1&mode=tme (Caused by NameResolutionError("<urllib3.connection.HTTPSConnection object at 0x000002633FFD1850>: Failed to resolve 't.me' ([Errno 11001] getaddrinfo failed)"))
HTTPSConnectionPool(host='t.me', port=443): Max retries exceeded with url: /amtmedyaduyuru/2?embed=1&mode=tme (Caused by NameResolutionError("<urllib3.connection.HTTPSConnection object at 0x00000263365DDF10>: Failed to resolve 't.me' ([Errno 11001] getaddrinfo failed)"))
HTTPSConnectionPool(host='t.me', port=443): Max retries exceeded with url: /amtmedyaduyuru/2?embed=1&mode=tme (Caused by NameResolutionError("<urllib3.connection.HTTPSConnection object at 0x00000263409B5210>: Failed to resolve 't.me' ([Errno 11001] getaddrinfo failed)"))
HTTPSConnectionPool(host='t.me', port=443): Max retries exceeded with url: /amtmedyaduyuru/2?embed=1&mode=tme (Caused by NameResolutionError("<urllib3.connection.HTTPSConnection object at 0x000002633E09CED0>: Failed to resolve 't.me' ([Errno 11001] getaddrinfo failed)"))
HTTPSConnectionPool(host='t.me', port=443): Max retries exceeded with url: /amtmedyaduyuru/2?embed=1&mode=tme (Caused by NameResolutionError("<urllib3.connection.HTTPSConnection object at 0x000002633DFD88D0>: Failed to resolve 't.me' ([Errno 11001] getaddrinfo failed)"))
HTTPSConnectionPool(host='t.me', port=443): Max retries exceeded with url: /amtmedyaduyuru/2?embed=1&mode=tme (Caused by NameResolutionError("<urllib3.connection.HTTPSConnection object at 0x0000026340700A90>: Failed to resolve 't.me' ([Errno 11001] getaddrinfo failed)"))
HTTPSConnectionPool(host='t.me', port=443): Max retries exceeded with url: /amtmedyaduyuru/2?embed=1&mode=tme (Caused by NameResolutionError("<urllib3.connection.HTTPSConnection object at 0x000002633FA3CD90>: Failed to resolve 't.me' ([Errno 11001] getaddrinfo failed)"))
HTTPSConnectionPool(host='t.me', port=443): Max retries exceeded with url: /amtmedyaduyuru/2?embed=1&mode=tme (Caused by NameResolutionError("<urllib3.connection.HTTPSConnection object at 0x0000026336678390>: Failed to resolve 't.me' ([Errno 11001] getaddrinfo failed)"))
HTTPSConnectionPool(host='t.me', port=443): Max retries exceeded with url: /amtmedyaduyuru/2?embed=1&mode=tme (Caused by NameResolutionError("<urllib3.connection.HTTPSConnection object at 0x0000026340CCB3D0>: Failed to resolve 't.me' ([Errno 11001] getaddrinfo failed)"))
HTTPSConnectionPool(host='t.me', port=443): Max retries exceeded with url: /amtmedyaduyuru/2?embed=1&mode=tme (Caused by NameResolutionError("<urllib3.connection.HTTPSConnection object at 0x0000026340CD6D50>: Failed to resolve 't.me' ([Errno 11001] getaddrinfo failed)"))
HTTPSConnectionPool(host='t.me', port=443): Max retries exceeded with url: /amtmedyaduyuru/2?embed=1&mode=tme (Caused by NameResolutionError("<urllib3.connection.HTTPSConnection object at 0x0000026340AD6E50>: Failed to resolve 't.me' ([Errno 11001] getaddrinfo failed)"))
HTTPSConnectionPool(host='t.me', port=443): Max retries exceeded with url: /amtmedyaduyuru/2?embed=1&mode=tme (Caused by NameResolutionError("<urllib3.connection.HTTPSConnection object at 0x00000263408A25D0>: Failed to resolve 't.me' ([Errno 11001] getaddrinfo failed)"))
HTTPSConnectionPool(host='t.me', port=443): Max retries exceeded with url: /amtmedyaduyuru/2?embed=1&mode=tme (Caused by NameResolutionError("<urllib3.connection.HTTPSConnection object at 0x000002633FD12E50>: Failed to resolve 't.me' ([Errno 11001] getaddrinfo failed)"))
HTTPSConnectionPool(host='t.me', port=443): Max retries exceeded with url: /amtmedyaduyuru/2?embed=1&mode=tme (Caused by NameResolutionError("<urllib3.connection.HTTPSConnection object at 0x000002633FA96ED0>: Failed to resolve 't.me' ([Errno 11001] getaddrinfo failed)"))
HTTPSConnectionPool(host='t.me', port=443): Max retries exceeded with url: /amtmedyaduyuru/2?embed=1&mode=tme (Caused by NameResolutionError("<urllib3.connection.HTTPSConnection object at 0x00000263339E7090>: Failed to resolve 't.me' ([Errno 11001] getaddrinfo failed)"))
HTTPSConnectionPool(host='t.me', port=443): Max retries exceeded with url: /amtmedyaduyuru/2?embed=1&mode=tme (Caused by NameResolutionError("<urllib3.connection.HTTPSConnection object at 0x000002633FB88A50>: Failed to resolve 't.me' ([Errno 11001] getaddrinfo failed)"))
HTTPSConnectionPool(host='t.me', port=443): Max retries exceeded with url: /amtmedyaduyuru/2?embed=1&mode=tme (Caused by NameResolutionError("<urllib3.connection.HTTPSConnection object at 0x0000026340755AD0>: Failed to resolve 't.me' ([Errno 11001] getaddrinfo failed)"))
HTTPSConnectionPool(host='t.me', port=443): Max retries exceeded with url: /amtmedyaduyuru/2?embed=1&mode=tme (Caused by NameResolutionError("<urllib3.connection.HTTPSConnection object at 0x000002633F8EE2D0>: Failed to resolve 't.me' ([Errno 11001] getaddrinfo failed)"))
HTTPSConnectionPool(host='t.me', port=443): Max retries exceeded with url: /amtmedyaduyuru/2?embed=1&mode=tme (Caused by NameResolutionError("<urllib3.connection.HTTPSConnection object at 0x00000263406C9390>: Failed to resolve 't.me' ([Errno 11001] getaddrinfo failed)"))
HTTPSConnectionPool(host='t.me', port=443): Max retries exceeded with url: /amtmedyaduyuru/2?embed=1&mode=tme (Caused by NameResolutionError("<urllib3.connection.HTTPSConnection object at 0x00000263407A1FD0>: Failed to resolve 't.me' ([Errno 11001] getaddrinfo failed)"))
HTTPSConnectionPool(host='t.me', port=443): Max retries exceeded with url: /amtmedyaduyuru/2?embed=1&mode=tme (Caused by NameResolutionError("<urllib3.connection.HTTPSConnection object at 0x0000026340F52410>: Failed to resolve 't.me' ([Errno 11001] getaddrinfo failed)"))
HTTPSConnectionPool(host='t.me', port=443): Max retries exceeded with url: /amtmedyaduyuru/2?embed=1&mode=tme (Caused by NameResolutionError("<urllib3.connection.HTTPSConnection object at 0x0000026340274F50>: Failed to resolve 't.me' ([Errno 11001] getaddrinfo failed)"))
HTTPSConnectionPool(host='t.me', port=443): Max retries exceeded with url: /amtmedyaduyuru/2?embed=1&mode=tme (Caused by NameResolutionError("<urllib3.connection.HTTPSConnection object at 0x000002633FD4F2D0>: Failed to resolve 't.me' ([Errno 11001] getaddrinfo failed)"))
HTTPSConnectionPool(host='t.me', port=443): Max retries exceeded with url: /amtmedyaduyuru/2?embed=1&mode=tme (Caused by NameResolutionError("<urllib3.connection.HTTPSConnection object at 0x000002633A58E9D0>: Failed to resolve 't.me' ([Errno 11001] getaddrinfo failed)"))
HTTPSConnectionPool(host='t.me', port=443): Max retries exceeded with url: /amtmedyaduyuru/2?embed=1&mode=tme (Caused by NameResolutionError("<urllib3.connection.HTTPSConnection object at 0x000002633636A390>: Failed to resolve 't.me' ([Errno 11001] getaddrinfo failed)"))
HTTPSConnectionPool(host='t.me', port=443): Max retries exceeded with url: /amtmedyaduyuru/2?embed=1&mode=tme (Caused by NameResolutionError("<urllib3.connection.HTTPSConnection object at 0x0000026340E35B90>: Failed to resolve 't.me' ([Errno 11001] getaddrinfo failed)"))
HTTPSConnectionPool(host='t.me', port=443): Max retries exceeded with url: /amtmedyaduyuru/2?embed=1&mode=tme (Caused by NameResolutionError("<urllib3.connection.HTTPSConnection object at 0x00000263401C4950>: Failed to resolve 't.me' ([Errno 11001] getaddrinfo failed)"))
HTTPSConnectionPool(host='t.me', port=443): Max retries exceeded with url: /amtmedyaduyuru/2?embed=1&mode=tme (Caused by NameResolutionError("<urllib3.connection.HTTPSConnection object at 0x000002633F901590>: Failed to resolve 't.me' ([Errno 11001] getaddrinfo failed)"))
HTTPSConnectionPool(host='t.me', port=443): Max retries exceeded with url: /amtmedyaduyuru/2?embed=1&mode=tme (Caused by NameResolutionError("<urllib3.connection.HTTPSConnection object at 0x000002633C3C0BD0>: Failed to resolve 't.me' ([Errno 11001] getaddrinfo failed)"))
HTTPSConnectionPool(host='t.me', port=443): Max retries exceeded with url: /amtmedyaduyuru/2?embed=1&mode=tme (Caused by NameResolutionError("<urllib3.connection.HTTPSConnection object at 0x0000026340908250>: Failed to resolve 't.me' ([Errno 11001] getaddrinfo failed)"))
HTTPSConnectionPool(host='t.me', port=443): Max retries exceeded with url: /amtmedyaduyuru/2?embed=1&mode=tme (Caused by NameResolutionError("<urllib3.connection.HTTPSConnection object at 0x0000026340AD6610>: Failed to resolve 't.me' ([Errno 11001] getaddrinfo failed)"))
HTTPSConnectionPool(host='t.me', port=443): Max retries exceeded with url: /amtmedyaduyuru/2?embed=1&mode=tme (Caused by NameResolutionError("<urllib3.connection.HTTPSConnection object at 0x0000026340AD6610>: Failed to resolve 't.me' ([Errno 11001] getaddrinfo failed)"))
HTTPSConnectionPool(host='t.me', port=443): Max retries exceeded with url: /amtmedyaduyuru/2?embed=1&mode=tme (Caused by NameResolutionError("<urllib3.connection.HTTPSConnection object at 0x0000026340713C90>: Failed to resolve 't.me' ([Errno 11001] getaddrinfo failed)"))
HTTPSConnectionPool(host='t.me', port=443): Max retries exceeded with url: /amtmedyaduyuru/2?embed=1&mode=tme (Caused by NameResolutionError("<urllib3.connection.HTTPSConnection object at 0x0000026340C9CA10>: Failed to resolve 't.me' ([Errno 11001] getaddrinfo failed)"))
HTTPSConnectionPool(host='t.me', port=443): Max retries exceeded with url: /amtmedyaduyuru/2?embed=1&mode=tme (Caused by NameResolutionError("<urllib3.connection.HTTPSConnection object at 0x0000026340A8D410>: Failed to resolve 't.me' ([Errno 11001] getaddrinfo failed)"))
HTTPSConnectionPool(host='t.me', port=443): Max retries exceeded with url: /amtmedyaduyuru/2?embed=1&mode=tme (Caused by NameResolutionError("<urllib3.connection.HTTPSConnection object at 0x00000263407A3D10>: Failed to resolve 't.me' ([Errno 11001] getaddrinfo failed)"))
HTTPSConnectionPool(host='t.me', port=443): Max retries exceeded with url: /amtmedyaduyuru/2?embed=1&mode=tme (Caused by NameResolutionError("<urllib3.connection.HTTPSConnection object at 0x0000026340F510D0>: Failed to resolve 't.me' ([Errno 11001] getaddrinfo failed)"))
HTTPSConnectionPool(host='t.me', port=443): Max retries exceeded with url: /amtmedyaduyuru/2?embed=1&mode=tme (Caused by NameResolutionError("<urllib3.connection.HTTPSConnection object at 0x0000026340F53E50>: Failed to resolve 't.me' ([Errno 11001] getaddrinfo failed)"))
HTTPSConnectionPool(host='t.me', port=443): Max retries exceeded with url: /amtmedyaduyuru/2?embed=1&mode=tme (Caused by NameResolutionError("<urllib3.connection.HTTPSConnection object at 0x00000263401D0C50>: Failed to resolve 't.me' ([Errno 11001] getaddrinfo failed)"))
HTTPSConnectionPool(host='t.me', port=443): Max retries exceeded with url: /amtmedyaduyuru/2?embed=1&mode=tme (Caused by NameResolutionError("<urllib3.connection.HTTPSConnection object at 0x000002633C6B1410>: Failed to resolve 't.me' ([Errno 11001] getaddrinfo failed)"))
HTTPSConnectionPool(host='t.me', port=443): Max retries exceeded with url: /amtmedyaduyuru/2?embed=1&mode=tme (Caused by NameResolutionError("<urllib3.connection.HTTPSConnection object at 0x000002633FF37A90>: Failed to resolve 't.me' ([Errno 11001] getaddrinfo failed)"))
HTTPSConnectionPool(host='t.me', port=443): Max retries exceeded with url: /amtmedyaduyuru/2?embed=1&mode=tme (Caused by NameResolutionError("<urllib3.connection.HTTPSConnection object at 0x0000026340BC4A50>: Failed to resolve 't.me' ([Errno 11001] getaddrinfo failed)"))
HTTPSConnectionPool(host='t.me', port=443): Max retries exceeded with url: /amtmedyaduyuru/2?embed=1&mode=tme (Caused by NameResolutionError("<urllib3.connection.HTTPSConnection object at 0x0000026340B05E90>: Failed to resolve 't.me' ([Errno 11001] getaddrinfo failed)"))
HTTPSConnectionPool(host='t.me', port=443): Max retries exceeded with url: /amtmedyaduyuru/2?embed=1&mode=tme (Caused by NameResolutionError("<urllib3.connection.HTTPSConnection object at 0x0000026340F51A90>: Failed to resolve 't.me' ([Errno 11001] getaddrinfo failed)"))
HTTPSConnectionPool(host='t.me', port=443): Max retries exceeded with url: /amtmedyaduyuru/2?embed=1&mode=tme (Caused by NameResolutionError("<urllib3.connection.HTTPSConnection object at 0x000002633F8E0650>: Failed to resolve 't.me' ([Errno 11001] getaddrinfo failed)"))
HTTPSConnectionPool(host='t.me', port=443): Max retries exceeded with url: /amtmedyaduyuru/2?embed=1&mode=tme (Caused by NameResolutionError("<urllib3.connection.HTTPSConnection object at 0x000002633FA4FDD0>: Failed to resolve 't.me' ([Errno 11001] getaddrinfo failed)"))
HTTPSConnectionPool(host='t.me', port=443): Max retries exceeded with url: /amtmedyaduyuru/2?embed=1&mode=tme (Caused by NameResolutionError("<urllib3.connection.HTTPSConnection object at 0x0000026340508910>: Failed to resolve 't.me' ([Errno 11001] getaddrinfo failed)"))
HTTPSConnectionPool(host='t.me', port=443): Max retries exceeded with url: /amtmedyaduyuru/2?embed=1&mode=tme (Caused by NameResolutionError("<urllib3.connection.HTTPSConnection object at 0x000002633FA3C810>: Failed to resolve 't.me' ([Errno 11001] getaddrinfo failed)"))
HTTPSConnectionPool(host='t.me', port=443): Max retries exceeded with url: /amtmedyaduyuru/2?embed=1&mode=tme (Caused by NameResolutionError("<urllib3.connection.HTTPSConnection object at 0x000002633E2BDC50>: Failed to resolve 't.me' ([Errno 11001] getaddrinfo failed)"))
HTTPSConnectionPool(host='t.me', port=443): Max retries exceeded with url: /amtmedyaduyuru/2?embed=1&mode=tme (Caused by NameResolutionError("<urllib3.connection.HTTPSConnection object at 0x000002633FB3B390>: Failed to resolve 't.me' ([Errno 11001] getaddrinfo failed)"))
HTTPSConnectionPool(host='t.me', port=443): Max retries exceeded with url: /amtmedyaduyuru/2?embed=1&mode=tme (Caused by NameResolutionError("<urllib3.connection.HTTPSConnection object at 0x000002633C373750>: Failed to resolve 't.me' ([Errno 11001] getaddrinfo failed)"))
HTTPSConnectionPool(host='t.me', port=443): Max retries exceeded with url: /amtmedyaduyuru/2?embed=1&mode=tme (Caused by NameResolutionError("<urllib3.connection.HTTPSConnection object at 0x000002633E3722D0>: Failed to resolve 't.me' ([Errno 11001] getaddrinfo failed)"))
HTTPSConnectionPool(host='t.me', port=443): Max retries exceeded with url: /amtmedyaduyuru/2?embed=1&mode=tme (Caused by NameResolutionError("<urllib3.connection.HTTPSConnection object at 0x000002634022CC90>: Failed to resolve 't.me' ([Errno 11001] getaddrinfo failed)"))
HTTPSConnectionPool(host='t.me', port=443): Max retries exceeded with url: /amtmedyaduyuru/2?embed=1&mode=tme (Caused by NameResolutionError("<urllib3.connection.HTTPSConnection object at 0x000002633C2F5610>: Failed to resolve 't.me' ([Errno 11001] getaddrinfo failed)"))
HTTPSConnectionPool(host='t.me', port=443): Max retries exceeded with url: /amtmedyaduyuru/2?embed=1&mode=tme (Caused by NameResolutionError("<urllib3.connection.HTTPSConnection object at 0x000002633FCF0550>: Failed to resolve 't.me' ([Errno 11001] getaddrinfo failed)"))
HTTPSConnectionPool(host='t.me', port=443): Max retries exceeded with url: /amtmedyaduyuru/2?embed=1&mode=tme (Caused by NameResolutionError("<urllib3.connection.HTTPSConnection object at 0x000002633C4413D0>: Failed to resolve 't.me' ([Errno 11001] getaddrinfo failed)"))
HTTPSConnectionPool(host='t.me', port=443): Max retries exceeded with url: /amtmedyaduyuru/2?embed=1&mode=tme (Caused by NameResolutionError("<urllib3.connection.HTTPSConnection object at 0x000002633AC03950>: Failed to resolve 't.me' ([Errno 11001] getaddrinfo failed)"))
HTTPSConnectionPool(host='t.me', port=443): Max retries exceeded with url: /amtmedyaduyuru/2?embed=1&mode=tme (Caused by NameResolutionError("<urllib3.connection.HTTPSConnection object at 0x00000263408DBB90>: Failed to resolve 't.me' ([Errno 11001] getaddrinfo failed)"))
HTTPSConnectionPool(host='t.me', port=443): Max retries exceeded with url: /amtmedyaduyuru/2?embed=1&mode=tme (Caused by NameResolutionError("<urllib3.connection.HTTPSConnection object at 0x000002633FA3C550>: Failed to resolve 't.me' ([Errno 11001] getaddrinfo failed)"))
HTTPSConnectionPool(host='t.me', port=443): Max retries exceeded with url: /amtmedyaduyuru/2?embed=1&mode=tme (Caused by NameResolutionError("<urllib3.connection.HTTPSConnection object at 0x000002633C455D90>: Failed to resolve 't.me' ([Errno 11001] getaddrinfo failed)"))
HTTPSConnectionPool(host='t.me', port=443): Max retries exceeded with url: /amtmedyaduyuru/2?embed=1&mode=tme (Caused by NameResolutionError("<urllib3.connection.HTTPSConnection object at 0x0000026340DFE610>: Failed to resolve 't.me' ([Errno 11001] getaddrinfo failed)"))
HTTPSConnectionPool(host='t.me', port=443): Max retries exceeded with url: /amtmedyaduyuru/2?embed=1&mode=tme (Caused by NameResolutionError("<urllib3.connection.HTTPSConnection object at 0x0000026340275810>: Failed to resolve 't.me' ([Errno 11001] getaddrinfo failed)"))
HTTPSConnectionPool(host='t.me', port=443): Max retries exceeded with url: /amtmedyaduyuru/2?embed=1&mode=tme (Caused by NameResolutionError("<urllib3.connection.HTTPSConnection object at 0x000002633FAE0690>: Failed to resolve 't.me' ([Errno 11001] getaddrinfo failed)"))
HTTPSConnectionPool(host='t.me', port=443): Max retries exceeded with url: /amtmedyaduyuru/2?embed=1&mode=tme (Caused by NameResolutionError("<urllib3.connection.HTTPSConnection object at 0x000002633C6BE5D0>: Failed to resolve 't.me' ([Errno 11001] getaddrinfo failed)"))
HTTPSConnectionPool(host='t.me', port=443): Max retries exceeded with url: /amtmedyaduyuru/2?embed=1&mode=tme (Caused by NameResolutionError("<urllib3.connection.HTTPSConnection object at 0x000002633C3CA990>: Failed to resolve 't.me' ([Errno 11001] getaddrinfo failed)"))
HTTPSConnectionPool(host='t.me', port=443): Max retries exceeded with url: /amtmedyaduyuru/2?embed=1&mode=tme (Caused by NameResolutionError("<urllib3.connection.HTTPSConnection object at 0x0000026340F53150>: Failed to resolve 't.me' ([Errno 11001] getaddrinfo failed)"))
HTTPSConnectionPool(host='t.me', port=443): Max retries exceeded with url: /amtmedyaduyuru/2?embed=1&mode=tme (Caused by NameResolutionError("<urllib3.connection.HTTPSConnection object at 0x0000026340F53D10>: Failed to resolve 't.me' ([Errno 11001] getaddrinfo failed)"))
HTTPSConnectionPool(host='t.me', port=443): Max retries exceeded with url: /amtmedyaduyuru/2?embed=1&mode=tme (Caused by NameResolutionError("<urllib3.connection.HTTPSConnection object at 0x0000026340CCB310>: Failed to resolve 't.me' ([Errno 11001] getaddrinfo failed)"))
HTTPSConnectionPool(host='t.me', port=443): Max retries exceeded with url: /amtmedyaduyuru/2?embed=1&mode=tme (Caused by NameResolutionError("<urllib3.connection.HTTPSConnection object at 0x000002633C3A5890>: Failed to resolve 't.me' ([Errno 11001] getaddrinfo failed)"))
HTTPSConnectionPool(host='t.me', port=443): Max retries exceeded with url: /amtmedyaduyuru/2?embed=1&mode=tme (Caused by NameResolutionError("<urllib3.connection.HTTPSConnection object at 0x0000026340B8BB90>: Failed to resolve 't.me' ([Errno 11001] getaddrinfo failed)"))
HTTPSConnectionPool(host='t.me', port=443): Max retries exceeded with url: /amtmedyaduyuru/2?embed=1&mode=tme (Caused by NameResolutionError("<urllib3.connection.HTTPSConnection object at 0x000002634086B150>: Failed to resolve 't.me' ([Errno 11001] getaddrinfo failed)"))
HTTPSConnectionPool(host='t.me', port=443): Max retries exceeded with url: /amtmedyaduyuru/2?embed=1&mode=tme (Caused by NameResolutionError("<urllib3.connection.HTTPSConnection object at 0x00000263404535D0>: Failed to resolve 't.me' ([Errno 11001] getaddrinfo failed)"))
HTTPSConnectionPool(host='t.me', port=443): Max retries exceeded with url: /amtmedyaduyuru/2?embed=1&mode=tme (Caused by NameResolutionError("<urllib3.connection.HTTPSConnection object at 0x0000026340C9F150>: Failed to resolve 't.me' ([Errno 11001] getaddrinfo failed)"))
HTTPSConnectionPool(host='t.me', port=443): Max retries exceeded with url: /amtmedyaduyuru/2?embed=1&mode=tme (Caused by NameResolutionError("<urllib3.connection.HTTPSConnection object at 0x0000026340F53950>: Failed to resolve 't.me' ([Errno 11001] getaddrinfo failed)"))
HTTPSConnectionPool(host='t.me', port=443): Max retries exceeded with url: /amtmedyaduyuru/2?embed=1&mode=tme (Caused by NameResolutionError("<urllib3.connection.HTTPSConnection object at 0x00000263405E7190>: Failed to resolve 't.me' ([Errno 11001] getaddrinfo failed)"))
HTTPSConnectionPool(host='t.me', port=443): Max retries exceeded with url: /amtmedyaduyuru/2?embed=1&mode=tme (Caused by NameResolutionError("<urllib3.connection.HTTPSConnection object at 0x000002633CF9C9D0>: Failed to resolve 't.me' ([Errno 11001] getaddrinfo failed)"))
HTTPSConnectionPool(host='t.me', port=443): Max retries exceeded with url: /amtmedyaduyuru/2?embed=1&mode=tme (Caused by NameResolutionError("<urllib3.connection.HTTPSConnection object at 0x000002633FFD6010>: Failed to resolve 't.me' ([Errno 11001] getaddrinfo failed)"))
HTTPSConnectionPool(host='t.me', port=443): Max retries exceeded with url: /amtmedyaduyuru/2?embed=1&mode=tme (Caused by NameResolutionError("<urllib3.connection.HTTPSConnection object at 0x000002634023CB50>: Failed to resolve 't.me' ([Errno 11001] getaddrinfo failed)"))
HTTPSConnectionPool(host='t.me', port=443): Max retries exceeded with url: /amtmedyaduyuru/2?embed=1&mode=tme (Caused by NameResolutionError("<urllib3.connection.HTTPSConnection object at 0x000002633AECDD90>: Failed to resolve 't.me' ([Errno 11001] getaddrinfo failed)"))
HTTPSConnectionPool(host='t.me', port=443): Max retries exceeded with url: /amtmedyaduyuru/2?embed=1&mode=tme (Caused by NameResolutionError("<urllib3.connection.HTTPSConnection object at 0x0000026340F521D0>: Failed to resolve 't.me' ([Errno 11001] getaddrinfo failed)"))
HTTPSConnectionPool(host='t.me', port=443): Max retries exceeded with url: /amtmedyaduyuru/2?embed=1&mode=tme (Caused by NameResolutionError("<urllib3.connection.HTTPSConnection object at 0x000002633B679950>: Failed to resolve 't.me' ([Errno 11001] getaddrinfo failed)"))
HTTPSConnectionPool(host='t.me', port=443): Max retries exceeded with url: /amtmedyaduyuru/2?embed=1&mode=tme (Caused by NameResolutionError("<urllib3.connection.HTTPSConnection object at 0x000002634096A950>: Failed to resolve 't.me' ([Errno 11001] getaddrinfo failed)"))
HTTPSConnectionPool(host='t.me', port=443): Max retries exceeded with url: /amtmedyaduyuru/2?embed=1&mode=tme (Caused by NameResolutionError("<urllib3.connection.HTTPSConnection object at 0x0000026340934750>: Failed to resolve 't.me' ([Errno 11001] getaddrinfo failed)"))
HTTPSConnectionPool(host='t.me', port=443): Max retries exceeded with url: /amtmedyaduyuru/2?embed=1&mode=tme (Caused by NameResolutionError("<urllib3.connection.HTTPSConnection object at 0x000002633654B790>: Failed to resolve 't.me' ([Errno 11001] getaddrinfo failed)"))
HTTPSConnectionPool(host='t.me', port=443): Max retries exceeded with url: /amtmedyaduyuru/2?embed=1&mode=tme (Caused by NameResolutionError("<urllib3.connection.HTTPSConnection object at 0x0000026340043010>: Failed to resolve 't.me' ([Errno 11001] getaddrinfo failed)"))
HTTPSConnectionPool(host='t.me', port=443): Max retries exceeded with url: /amtmedyaduyuru/2?embed=1&mode=tme (Caused by NameResolutionError("<urllib3.connection.HTTPSConnection object at 0x000002633E1B3150>: Failed to resolve 't.me' ([Errno 11001] getaddrinfo failed)"))
HTTPSConnectionPool(host='t.me', port=443): Max retries exceeded with url: /amtmedyaduyuru/2?embed=1&mode=tme (Caused by NameResolutionError("<urllib3.connection.HTTPSConnection object at 0x000002633DFC38D0>: Failed to resolve 't.me' ([Errno 11001] getaddrinfo failed)"))
HTTPSConnectionPool(host='t.me', port=443): Max retries exceeded with url: /amtmedyaduyuru/2?embed=1&mode=tme (Caused by NameResolutionError("<urllib3.connection.HTTPSConnection object at 0x0000026340ACE390>: Failed to resolve 't.me' ([Errno 11001] getaddrinfo failed)"))
HTTPSConnectionPool(host='t.me', port=443): Max retries exceeded with url: /amtmedyaduyuru/2?embed=1&mode=tme (Caused by NameResolutionError("<urllib3.connection.HTTPSConnection object at 0x0000026340999CD0>: Failed to resolve 't.me' ([Errno 11001] getaddrinfo failed)"))
HTTPSConnectionPool(host='t.me', port=443): Max retries exceeded with url: /amtmedyaduyuru/2?embed=1&mode=tme (Caused by NameResolutionError("<urllib3.connection.HTTPSConnection object at 0x0000026340CD6110>: Failed to resolve 't.me' ([Errno 11001] getaddrinfo failed)"))
HTTPSConnectionPool(host='t.me', port=443): Max retries exceeded with url: /amtmedyaduyuru/2?embed=1&mode=tme (Caused by NameResolutionError("<urllib3.connection.HTTPSConnection object at 0x00000263400BC350>: Failed to resolve 't.me' ([Errno 11001] getaddrinfo failed)"))
HTTPSConnectionPool(host='t.me', port=443): Max retries exceeded with url: /amtmedyaduyuru/2?embed=1&mode=tme (Caused by NameResolutionError("<urllib3.connection.HTTPSConnection object at 0x0000026337FC0E90>: Failed to resolve 't.me' ([Errno 11001] getaddrinfo failed)"))
HTTPSConnectionPool(host='t.me', port=443): Max retries exceeded with url: /amtmedyaduyuru/2?embed=1&mode=tme (Caused by NameResolutionError("<urllib3.connection.HTTPSConnection object at 0x0000026340F53BD0>: Failed to resolve 't.me' ([Errno 11001] getaddrinfo failed)"))
HTTPSConnectionPool(host='t.me', port=443): Max retries exceeded with url: /amtmedyaduyuru/2?embed=1&mode=tme (Caused by NameResolutionError("<urllib3.connection.HTTPSConnection object at 0x0000026340755010>: Failed to resolve 't.me' ([Errno 11001] getaddrinfo failed)"))
HTTPSConnectionPool(host='t.me', port=443): Max retries exceeded with url: /amtmedyaduyuru/2?embed=1&mode=tme (Caused by NameResolutionError("<urllib3.connection.HTTPSConnection object at 0x0000026340E37D50>: Failed to resolve 't.me' ([Errno 11001] getaddrinfo failed)"))
HTTPSConnectionPool(host='t.me', port=443): Max retries exceeded with url: /amtmedyaduyuru/2?embed=1&mode=tme (Caused by NameResolutionError("<urllib3.connection.HTTPSConnection object at 0x0000026340E37F90>: Failed to resolve 't.me' ([Errno 11001] getaddrinfo failed)"))
HTTPSConnectionPool(host='t.me', port=443): Max retries exceeded with url: /amtmedyaduyuru/2?embed=1&mode=tme (Caused by NameResolutionError("<urllib3.connection.HTTPSConnection object at 0x000002633AE6FC50>: Failed to resolve 't.me' ([Errno 11001] getaddrinfo failed)"))
HTTPSConnectionPool(host='t.me', port=443): Max retries exceeded with url: /amtmedyaduyuru/2?embed=1&mode=tme (Caused by NameResolutionError("<urllib3.connection.HTTPSConnection object at 0x000002633B836490>: Failed to resolve 't.me' ([Errno 11001] getaddrinfo failed)"))
HTTPSConnectionPool(host='t.me', port=443): Max retries exceeded with url: /amtmedyaduyuru/2?embed=1&mode=tme (Caused by NameResolutionError("<urllib3.connection.HTTPSConnection object at 0x00000263408DBB90>: Failed to resolve 't.me' ([Errno 11001] getaddrinfo failed)"))
HTTPSConnectionPool(host='t.me', port=443): Max retries exceeded with url: /amtmedyaduyuru/2?embed=1&mode=tme (Caused by NameResolutionError("<urllib3.connection.HTTPSConnection object at 0x000002633E09CED0>: Failed to resolve 't.me' ([Errno 11001] getaddrinfo failed)"))
HTTPSConnectionPool(host='t.me', port=443): Max retries exceeded with url: /amtmedyaduyuru/2?embed=1&mode=tme (Caused by NameResolutionError("<urllib3.connection.HTTPSConnection object at 0x0000026340C9DCD0>: Failed to resolve 't.me' ([Errno 11001] getaddrinfo failed)"))
HTTPSConnectionPool(host='t.me', port=443): Max retries exceeded with url: /amtmedyaduyuru/2?embed=1&mode=tme (Caused by NameResolutionError("<urllib3.connection.HTTPSConnection object at 0x000002633E2BD7D0>: Failed to resolve 't.me' ([Errno 11001] getaddrinfo failed)"))
HTTPSConnectionPool(host='t.me', port=443): Max retries exceeded with url: /amtmedyaduyuru/2?embed=1&mode=tme (Caused by NameResolutionError("<urllib3.connection.HTTPSConnection object at 0x0000026340756D50>: Failed to resolve 't.me' ([Errno 11001] getaddrinfo failed)"))
HTTPSConnectionPool(host='t.me', port=443): Max retries exceeded with url: /amtmedyaduyuru/2?embed=1&mode=tme (Caused by NameResolutionError("<urllib3.connection.HTTPSConnection object at 0x000002634062A450>: Failed to resolve 't.me' ([Errno 11001] getaddrinfo failed)"))
HTTPSConnectionPool(host='t.me', port=443): Max retries exceeded with url: /amtmedyaduyuru/2?embed=1&mode=tme (Caused by NameResolutionError("<urllib3.connection.HTTPSConnection object at 0x00000263406DC090>: Failed to resolve 't.me' ([Errno 11001] getaddrinfo failed)"))
HTTPSConnectionPool(host='t.me', port=443): Max retries exceeded with url: /amtmedyaduyuru/2?embed=1&mode=tme (Caused by NameResolutionError("<urllib3.connection.HTTPSConnection object at 0x0000026340E37C50>: Failed to resolve 't.me' ([Errno 11001] getaddrinfo failed)"))
HTTPSConnectionPool(host='t.me', port=443): Max retries exceeded with url: /amtmedyaduyuru/2?embed=1&mode=tme (Caused by NameResolutionError("<urllib3.connection.HTTPSConnection object at 0x00000263409EEF50>: Failed to resolve 't.me' ([Errno 11001] getaddrinfo failed)"))
HTTPSConnectionPool(host='t.me', port=443): Max retries exceeded with url: /amtmedyaduyuru/2?embed=1&mode=tme (Caused by NameResolutionError("<urllib3.connection.HTTPSConnection object at 0x0000026338C0EA50>: Failed to resolve 't.me' ([Errno 11001] getaddrinfo failed)"))
HTTPSConnectionPool(host='t.me', port=443): Max retries exceeded with url: /amtmedyaduyuru/2?embed=1&mode=tme (Caused by NameResolutionError("<urllib3.connection.HTTPSConnection object at 0x000002633E273BD0>: Failed to resolve 't.me' ([Errno 11001] getaddrinfo failed)"))
HTTPSConnectionPool(host='t.me', port=443): Max retries exceeded with url: /amtmedyaduyuru/2?embed=1&mode=tme (Caused by NameResolutionError("<urllib3.connection.HTTPSConnection object at 0x00000263406761D0>: Failed to resolve 't.me' ([Errno 11001] getaddrinfo failed)"))
HTTPSConnectionPool(host='t.me', port=443): Max retries exceeded with url: /amtmedyaduyuru/2?embed=1&mode=tme (Caused by NameResolutionError("<urllib3.connection.HTTPSConnection object at 0x000002634071DED0>: Failed to resolve 't.me' ([Errno 11001] getaddrinfo failed)"))
HTTPSConnectionPool(host='t.me', port=443): Max retries exceeded with url: /amtmedyaduyuru/2?embed=1&mode=tme (Caused by NameResolutionError("<urllib3.connection.HTTPSConnection object at 0x000002633E09CED0>: Failed to resolve 't.me' ([Errno 11001] getaddrinfo failed)"))
HTTPSConnectionPool(host='t.me', port=443): Max retries exceeded with url: /amtmedyaduyuru/2?embed=1&mode=tme (Caused by NameResolutionError("<urllib3.connection.HTTPSConnection object at 0x000002633FE05650>: Failed to resolve 't.me' ([Errno 11001] getaddrinfo failed)"))
HTTPSConnectionPool(host='t.me', port=443): Max retries exceeded with url: /amtmedyaduyuru/2?embed=1&mode=tme (Caused by NameResolutionError("<urllib3.connection.HTTPSConnection object at 0x000002634082EC50>: Failed to resolve 't.me' ([Errno 11001] getaddrinfo failed)"))
HTTPSConnectionPool(host='t.me', port=443): Max retries exceeded with url: /amtmedyaduyuru/2?embed=1&mode=tme (Caused by NameResolutionError("<urllib3.connection.HTTPSConnection object at 0x0000026340D043D0>: Failed to resolve 't.me' ([Errno 11001] getaddrinfo failed)"))
HTTPSConnectionPool(host='t.me', port=443): Max retries exceeded with url: /amtmedyaduyuru/2?embed=1&mode=tme (Caused by NameResolutionError("<urllib3.connection.HTTPSConnection object at 0x000002633E06D8D0>: Failed to resolve 't.me' ([Errno 11001] getaddrinfo failed)"))
HTTPSConnectionPool(host='t.me', port=443): Max retries exceeded with url: /amtmedyaduyuru/2?embed=1&mode=tme (Caused by NameResolutionError("<urllib3.connection.HTTPSConnection object at 0x0000026340E374D0>: Failed to resolve 't.me' ([Errno 11001] getaddrinfo failed)"))
HTTPSConnectionPool(host='t.me', port=443): Max retries exceeded with url: /amtmedyaduyuru/2?embed=1&mode=tme (Caused by NameResolutionError("<urllib3.connection.HTTPSConnection object at 0x000002633F850BD0>: Failed to resolve 't.me' ([Errno 11001] getaddrinfo failed)"))
HTTPSConnectionPool(host='t.me', port=443): Max retries exceeded with url: /amtmedyaduyuru/2?embed=1&mode=tme (Caused by NameResolutionError("<urllib3.connection.HTTPSConnection object at 0x000002634085EC10>: Failed to resolve 't.me' ([Errno 11001] getaddrinfo failed)"))
HTTPSConnectionPool(host='t.me', port=443): Max retries exceeded with url: /amtmedyaduyuru/2?embed=1&mode=tme (Caused by NameResolutionError("<urllib3.connection.HTTPSConnection object at 0x00000263402CDE50>: Failed to resolve 't.me' ([Errno 11001] getaddrinfo failed)"))
HTTPSConnectionPool(host='t.me', port=443): Max retries exceeded with url: /amtmedyaduyuru/2?embed=1&mode=tme (Caused by NameResolutionError("<urllib3.connection.HTTPSConnection object at 0x0000026340F53110>: Failed to resolve 't.me' ([Errno 11001] getaddrinfo failed)"))
HTTPSConnectionPool(host='t.me', port=443): Max retries exceeded with url: /amtmedyaduyuru/2?embed=1&mode=tme (Caused by NameResolutionError("<urllib3.connection.HTTPSConnection object at 0x000002633FE07750>: Failed to resolve 't.me' ([Errno 11001] getaddrinfo failed)"))
HTTPSConnectionPool(host='t.me', port=443): Max retries exceeded with url: /amtmedyaduyuru/2?embed=1&mode=tme (Caused by NameResolutionError("<urllib3.connection.HTTPSConnection object at 0x000002633B800A10>: Failed to resolve 't.me' ([Errno 11001] getaddrinfo failed)"))
HTTPSConnectionPool(host='t.me', port=443): Max retries exceeded with url: /amtmedyaduyuru/2?embed=1&mode=tme (Caused by NameResolutionError("<urllib3.connection.HTTPSConnection object at 0x0000026340F5C1D0>: Failed to resolve 't.me' ([Errno 11001] getaddrinfo failed)"))
HTTPSConnectionPool(host='t.me', port=443): Max retries exceeded with url: /amtmedyaduyuru/2?embed=1&mode=tme (Caused by NameResolutionError("<urllib3.connection.HTTPSConnection object at 0x000002634072F390>: Failed to resolve 't.me' ([Errno 11001] getaddrinfo failed)"))
HTTPSConnectionPool(host='t.me', port=443): Max retries exceeded with url: /amtmedyaduyuru/2?embed=1&mode=tme (Caused by NameResolutionError("<urllib3.connection.HTTPSConnection object at 0x000002633BB21410>: Failed to resolve 't.me' ([Errno 11001] getaddrinfo failed)"))
HTTPSConnectionPool(host='t.me', port=443): Max retries exceeded with url: /amtmedyaduyuru/2?embed=1&mode=tme (Caused by NameResolutionError("<urllib3.connection.HTTPSConnection object at 0x000002633FB46A10>: Failed to resolve 't.me' ([Errno 11001] getaddrinfo failed)"))
HTTPSConnectionPool(host='t.me', port=443): Max retries exceeded with url: /amtmedyaduyuru/2?embed=1&mode=tme (Caused by NameResolutionError("<urllib3.connection.HTTPSConnection object at 0x000002633F783ED0>: Failed to resolve 't.me' ([Errno 11001] getaddrinfo failed)"))
HTTPSConnectionPool(host='t.me', port=443): Max retries exceeded with url: /amtmedyaduyuru/2?embed=1&mode=tme (Caused by NameResolutionError("<urllib3.connection.HTTPSConnection object at 0x0000026340CD7210>: Failed to resolve 't.me' ([Errno 11001] getaddrinfo failed)"))
HTTPSConnectionPool(host='t.me', port=443): Max retries exceeded with url: /amtmedyaduyuru/2?embed=1&mode=tme (Caused by NameResolutionError("<urllib3.connection.HTTPSConnection object at 0x000002633C4EE4D0>: Failed to resolve 't.me' ([Errno 11001] getaddrinfo failed)"))
HTTPSConnectionPool(host='t.me', port=443): Max retries exceeded with url: /amtmedyaduyuru/2?embed=1&mode=tme (Caused by NameResolutionError("<urllib3.connection.HTTPSConnection object at 0x000002633E1717D0>: Failed to resolve 't.me' ([Errno 11001] getaddrinfo failed)"))
HTTPSConnectionPool(host='t.me', port=443): Max retries exceeded with url: /amtmedyaduyuru/2?embed=1&mode=tme (Caused by NameResolutionError("<urllib3.connection.HTTPSConnection object at 0x000002633FE817D0>: Failed to resolve 't.me' ([Errno 11001] getaddrinfo failed)"))
HTTPSConnectionPool(host='t.me', port=443): Max retries exceeded with url: /amtmedyaduyuru/2?embed=1&mode=tme (Caused by NameResolutionError("<urllib3.connection.HTTPSConnection object at 0x000002633E0078D0>: Failed to resolve 't.me' ([Errno 11001] getaddrinfo failed)"))
HTTPSConnectionPool(host='t.me', port=443): Max retries exceeded with url: /amtmedyaduyuru/2?embed=1&mode=tme (Caused by NameResolutionError("<urllib3.connection.HTTPSConnection object at 0x0000026340E37890>: Failed to resolve 't.me' ([Errno 11001] getaddrinfo failed)"))
HTTPSConnectionPool(host='t.me', port=443): Max retries exceeded with url: /amtmedyaduyuru/2?embed=1&mode=tme (Caused by NameResolutionError("<urllib3.connection.HTTPSConnection object at 0x0000026340F523D0>: Failed to resolve 't.me' ([Errno 11001] getaddrinfo failed)"))
HTTPSConnectionPool(host='t.me', port=443): Max retries exceeded with url: /amtmedyaduyuru/2?embed=1&mode=tme (Caused by NameResolutionError("<urllib3.connection.HTTPSConnection object at 0x000002633E2BCA50>: Failed to resolve 't.me' ([Errno 11001] getaddrinfo failed)"))
HTTPSConnectionPool(host='t.me', port=443): Max retries exceeded with url: /amtmedyaduyuru/2?embed=1&mode=tme (Caused by NameResolutionError("<urllib3.connection.HTTPSConnection object at 0x0000026340F5D510>: Failed to resolve 't.me' ([Errno 11001] getaddrinfo failed)"))
HTTPSConnectionPool(host='t.me', port=443): Max retries exceeded with url: /amtmedyaduyuru/2?embed=1&mode=tme (Caused by NameResolutionError("<urllib3.connection.HTTPSConnection object at 0x000002633E371210>: Failed to resolve 't.me' ([Errno 11001] getaddrinfo failed)"))
HTTPSConnectionPool(host='t.me', port=443): Max retries exceeded with url: /amtmedyaduyuru/2?embed=1&mode=tme (Caused by NameResolutionError("<urllib3.connection.HTTPSConnection object at 0x000002633FDD4F10>: Failed to resolve 't.me' ([Errno 11001] getaddrinfo failed)"))
HTTPSConnectionPool(host='t.me', port=443): Max retries exceeded with url: /amtmedyaduyuru/2?embed=1&mode=tme (Caused by NameResolutionError("<urllib3.connection.HTTPSConnection object at 0x0000026340542010>: Failed to resolve 't.me' ([Errno 11001] getaddrinfo failed)"))
HTTPSConnectionPool(host='t.me', port=443): Max retries exceeded with url: /amtmedyaduyuru/2?embed=1&mode=tme (Caused by NameResolutionError("<urllib3.connection.HTTPSConnection object at 0x000002634023C190>: Failed to resolve 't.me' ([Errno 11001] getaddrinfo failed)"))
HTTPSConnectionPool(host='t.me', port=443): Max retries exceeded with url: /amtmedyaduyuru/2?embed=1&mode=tme (Caused by NameResolutionError("<urllib3.connection.HTTPSConnection object at 0x000002633FB88490>: Failed to resolve 't.me' ([Errno 11001] getaddrinfo failed)"))
HTTPSConnectionPool(host='t.me', port=443): Max retries exceeded with url: /amtmedyaduyuru/2?embed=1&mode=tme (Caused by NameResolutionError("<urllib3.connection.HTTPSConnection object at 0x0000026340755E50>: Failed to resolve 't.me' ([Errno 11001] getaddrinfo failed)"))
HTTPSConnectionPool(host='t.me', port=443): Max retries exceeded with url: /amtmedyaduyuru/2?embed=1&mode=tme (Caused by NameResolutionError("<urllib3.connection.HTTPSConnection object at 0x00000263409E85D0>: Failed to resolve 't.me' ([Errno 11001] getaddrinfo failed)"))
HTTPSConnectionPool(host='t.me', port=443): Max retries exceeded with url: /amtmedyaduyuru/2?embed=1&mode=tme (Caused by NameResolutionError("<urllib3.connection.HTTPSConnection object at 0x0000026340362750>: Failed to resolve 't.me' ([Errno 11001] getaddrinfo failed)"))
HTTPSConnectionPool(host='t.me', port=443): Max retries exceeded with url: /amtmedyaduyuru/2?embed=1&mode=tme (Caused by NameResolutionError("<urllib3.connection.HTTPSConnection object at 0x000002633F8ECF10>: Failed to resolve 't.me' ([Errno 11001] getaddrinfo failed)"))
HTTPSConnectionPool(host='t.me', port=443): Max retries exceeded with url: /amtmedyaduyuru/2?embed=1&mode=tme (Caused by NameResolutionError("<urllib3.connection.HTTPSConnection object at 0x0000026338C0F1D0>: Failed to resolve 't.me' ([Errno 11001] getaddrinfo failed)"))
HTTPSConnectionPool(host='t.me', port=443): Max retries exceeded with url: /amtmedyaduyuru/2?embed=1&mode=tme (Caused by NameResolutionError("<urllib3.connection.HTTPSConnection object at 0x00000263400C7850>: Failed to resolve 't.me' ([Errno 11001] getaddrinfo failed)"))
HTTPSConnectionPool(host='t.me', port=443): Max retries exceeded with url: /amtmedyaduyuru/2?embed=1&mode=tme (Caused by NameResolutionError("<urllib3.connection.HTTPSConnection object at 0x000002633FB46A10>: Failed to resolve 't.me' ([Errno 11001] getaddrinfo failed)"))
HTTPSConnectionPool(host='t.me', port=443): Max retries exceeded with url: /amtmedyaduyuru/2?embed=1&mode=tme (Caused by NameResolutionError("<urllib3.connection.HTTPSConnection object at 0x00000263402A4350>: Failed to resolve 't.me' ([Errno 11001] getaddrinfo failed)"))
HTTPSConnectionPool(host='t.me', port=443): Max retries exceeded with url: /amtmedyaduyuru/2?embed=1&mode=tme (Caused by NameResolutionError("<urllib3.connection.HTTPSConnection object at 0x0000026340B51F90>: Failed to resolve 't.me' ([Errno 11001] getaddrinfo failed)"))
HTTPSConnectionPool(host='t.me', port=443): Max retries exceeded with url: /amtmedyaduyuru/2?embed=1&mode=tme (Caused by NameResolutionError("<urllib3.connection.HTTPSConnection object at 0x0000026340F2F250>: Failed to resolve 't.me' ([Errno 11001] getaddrinfo failed)"))
HTTPSConnectionPool(host='t.me', port=443): Max retries exceeded with url: /amtmedyaduyuru/2?embed=1&mode=tme (Caused by NameResolutionError("<urllib3.connection.HTTPSConnection object at 0x000002633DFE12D0>: Failed to resolve 't.me' ([Errno 11001] getaddrinfo failed)"))
HTTPSConnectionPool(host='t.me', port=443): Max retries exceeded with url: /amtmedyaduyuru/2?embed=1&mode=tme (Caused by NameResolutionError("<urllib3.connection.HTTPSConnection object at 0x0000026340418D50>: Failed to resolve 't.me' ([Errno 11001] getaddrinfo failed)"))
HTTPSConnectionPool(host='t.me', port=443): Max retries exceeded with url: /amtmedyaduyuru/2?embed=1&mode=tme (Caused by NameResolutionError("<urllib3.connection.HTTPSConnection object at 0x0000026340600D10>: Failed to resolve 't.me' ([Errno 11001] getaddrinfo failed)"))
HTTPSConnectionPool(host='t.me', port=443): Max retries exceeded with url: /amtmedyaduyuru/2?embed=1&mode=tme (Caused by NameResolutionError("<urllib3.connection.HTTPSConnection object at 0x00000263370ACF10>: Failed to resolve 't.me' ([Errno 11001] getaddrinfo failed)"))
HTTPSConnectionPool(host='t.me', port=443): Max retries exceeded with url: /amtmedyaduyuru/2?embed=1&mode=tme (Caused by NameResolutionError("<urllib3.connection.HTTPSConnection object at 0x00000263404535D0>: Failed to resolve 't.me' ([Errno 11001] getaddrinfo failed)"))
HTTPSConnectionPool(host='t.me', port=443): Max retries exceeded with url: /amtmedyaduyuru/2?embed=1&mode=tme (Caused by NameResolutionError("<urllib3.connection.HTTPSConnection object at 0x0000026340B060D0>: Failed to resolve 't.me' ([Errno 11001] getaddrinfo failed)"))
HTTPSConnectionPool(host='t.me', port=443): Max retries exceeded with url: /amtmedyaduyuru/2?embed=1&mode=tme (Caused by NameResolutionError("<urllib3.connection.HTTPSConnection object at 0x000002634025C7D0>: Failed to resolve 't.me' ([Errno 11001] getaddrinfo failed)"))
HTTPSConnectionPool(host='t.me', port=443): Max retries exceeded with url: /amtmedyaduyuru/2?embed=1&mode=tme (Caused by NameResolutionError("<urllib3.connection.HTTPSConnection object at 0x0000026340E37690>: Failed to resolve 't.me' ([Errno 11001] getaddrinfo failed)"))
HTTPSConnectionPool(host='t.me', port=443): Max retries exceeded with url: /amtmedyaduyuru/2?embed=1&mode=tme (Caused by NameResolutionError("<urllib3.connection.HTTPSConnection object at 0x0000026340D04490>: Failed to resolve 't.me' ([Errno 11001] getaddrinfo failed)"))
HTTPSConnectionPool(host='t.me', port=443): Max retries exceeded with url: /amtmedyaduyuru/2?embed=1&mode=tme (Caused by NameResolutionError("<urllib3.connection.HTTPSConnection object at 0x000002633FA0DF50>: Failed to resolve 't.me' ([Errno 11001] getaddrinfo failed)"))
HTTPSConnectionPool(host='t.me', port=443): Max retries exceeded with url: /amtmedyaduyuru/2?embed=1&mode=tme (Caused by NameResolutionError("<urllib3.connection.HTTPSConnection object at 0x00000263401D3D50>: Failed to resolve 't.me' ([Errno 11001] getaddrinfo failed)"))
HTTPSConnectionPool(host='t.me', port=443): Max retries exceeded with url: /amtmedyaduyuru/2?embed=1&mode=tme (Caused by NameResolutionError("<urllib3.connection.HTTPSConnection object at 0x00000263408FC7D0>: Failed to resolve 't.me' ([Errno 11001] getaddrinfo failed)"))
HTTPSConnectionPool(host='t.me', port=443): Max retries exceeded with url: /amtmedyaduyuru/2?embed=1&mode=tme (Caused by NameResolutionError("<urllib3.connection.HTTPSConnection object at 0x0000026340F5E3D0>: Failed to resolve 't.me' ([Errno 11001] getaddrinfo failed)"))
HTTPSConnectionPool(host='t.me', port=443): Max retries exceeded with url: /amtmedyaduyuru/2?embed=1&mode=tme (Caused by NameResolutionError("<urllib3.connection.HTTPSConnection object at 0x0000026340F520D0>: Failed to resolve 't.me' ([Errno 11001] getaddrinfo failed)"))
HTTPSConnectionPool(host='t.me', port=443): Max retries exceeded with url: /amtmedyaduyuru/2?embed=1&mode=tme (Caused by NameResolutionError("<urllib3.connection.HTTPSConnection object at 0x000002633F9CC890>: Failed to resolve 't.me' ([Errno 11001] getaddrinfo failed)"))
HTTPSConnectionPool(host='t.me', port=443): Max retries exceeded with url: /amtmedyaduyuru/2?embed=1&mode=tme (Caused by NameResolutionError("<urllib3.connection.HTTPSConnection object at 0x000002633FAA0850>: Failed to resolve 't.me' ([Errno 11001] getaddrinfo failed)"))
HTTPSConnectionPool(host='t.me', port=443): Max retries exceeded with url: /amtmedyaduyuru/2?embed=1&mode=tme (Caused by NameResolutionError("<urllib3.connection.HTTPSConnection object at 0x00000263402A4350>: Failed to resolve 't.me' ([Errno 11001] getaddrinfo failed)"))
HTTPSConnectionPool(host='t.me', port=443): Max retries exceeded with url: /amtmedyaduyuru/2?embed=1&mode=tme (Caused by NameResolutionError("<urllib3.connection.HTTPSConnection object at 0x0000026340AD68D0>: Failed to resolve 't.me' ([Errno 11001] getaddrinfo failed)"))
HTTPSConnectionPool(host='t.me', port=443): Max retries exceeded with url: /amtmedyaduyuru/2?embed=1&mode=tme (Caused by NameResolutionError("<urllib3.connection.HTTPSConnection object at 0x000002633CFB07D0>: Failed to resolve 't.me' ([Errno 11001] getaddrinfo failed)"))
HTTPSConnectionPool(host='t.me', port=443): Max retries exceeded with url: /amtmedyaduyuru/2?embed=1&mode=tme (Caused by NameResolutionError("<urllib3.connection.HTTPSConnection object at 0x000002633E120950>: Failed to resolve 't.me' ([Errno 11001] getaddrinfo failed)"))
HTTPSConnectionPool(host='t.me', port=443): Max retries exceeded with url: /amtmedyaduyuru/2?embed=1&mode=tme (Caused by NameResolutionError("<urllib3.connection.HTTPSConnection object at 0x000002633FBE6290>: Failed to resolve 't.me' ([Errno 11001] getaddrinfo failed)"))
HTTPSConnectionPool(host='t.me', port=443): Max retries exceeded with url: /amtmedyaduyuru/2?embed=1&mode=tme (Caused by NameResolutionError("<urllib3.connection.HTTPSConnection object at 0x000002633933E150>: Failed to resolve 't.me' ([Errno 11001] getaddrinfo failed)"))
HTTPSConnectionPool(host='t.me', port=443): Max retries exceeded with url: /amtmedyaduyuru/2?embed=1&mode=tme (Caused by NameResolutionError("<urllib3.connection.HTTPSConnection object at 0x000002633FDCD710>: Failed to resolve 't.me' ([Errno 11001] getaddrinfo failed)"))
HTTPSConnectionPool(host='t.me', port=443): Max retries exceeded with url: /amtmedyaduyuru/2?embed=1&mode=tme (Caused by NameResolutionError("<urllib3.connection.HTTPSConnection object at 0x000002633F997110>: Failed to resolve 't.me' ([Errno 11001] getaddrinfo failed)"))
HTTPSConnectionPool(host='t.me', port=443): Max retries exceeded with url: /amtmedyaduyuru/2?embed=1&mode=tme (Caused by NameResolutionError("<urllib3.connection.HTTPSConnection object at 0x0000026340F52F10>: Failed to resolve 't.me' ([Errno 11001] getaddrinfo failed)"))
HTTPSConnectionPool(host='t.me', port=443): Max retries exceeded with url: /amtmedyaduyuru/2?embed=1&mode=tme (Caused by NameResolutionError("<urllib3.connection.HTTPSConnection object at 0x0000026340F5C850>: Failed to resolve 't.me' ([Errno 11001] getaddrinfo failed)"))
HTTPSConnectionPool(host='t.me', port=443): Max retries exceeded with url: /amtmedyaduyuru/2?embed=1&mode=tme (Caused by NameResolutionError("<urllib3.connection.HTTPSConnection object at 0x0000026340F5FF50>: Failed to resolve 't.me' ([Errno 11001] getaddrinfo failed)"))
HTTPSConnectionPool(host='t.me', port=443): Max retries exceeded with url: /amtmedyaduyuru/2?embed=1&mode=tme (Caused by NameResolutionError("<urllib3.connection.HTTPSConnection object at 0x0000026340488810>: Failed to resolve 't.me' ([Errno 11001] getaddrinfo failed)"))
HTTPSConnectionPool(host='t.me', port=443): Max retries exceeded with url: /amtmedyaduyuru/2?embed=1&mode=tme (Caused by NameResolutionError("<urllib3.connection.HTTPSConnection object at 0x0000026340825790>: Failed to resolve 't.me' ([Errno 11001] getaddrinfo failed)"))
HTTPSConnectionPool(host='t.me', port=443): Max retries exceeded with url: /amtmedyaduyuru/2?embed=1&mode=tme (Caused by NameResolutionError("<urllib3.connection.HTTPSConnection object at 0x0000026340C011D0>: Failed to resolve 't.me' ([Errno 11001] getaddrinfo failed)"))
HTTPSConnectionPool(host='t.me', port=443): Max retries exceeded with url: /amtmedyaduyuru/2?embed=1&mode=tme (Caused by NameResolutionError("<urllib3.connection.HTTPSConnection object at 0x000002633FF38C90>: Failed to resolve 't.me' ([Errno 11001] getaddrinfo failed)"))
HTTPSConnectionPool(host='t.me', port=443): Max retries exceeded with url: /amtmedyaduyuru/2?embed=1&mode=tme (Caused by NameResolutionError("<urllib3.connection.HTTPSConnection object at 0x0000026340361290>: Failed to resolve 't.me' ([Errno 11001] getaddrinfo failed)"))
HTTPSConnectionPool(host='t.me', port=443): Max retries exceeded with url: /amtmedyaduyuru/2?embed=1&mode=tme (Caused by NameResolutionError("<urllib3.connection.HTTPSConnection object at 0x0000026340179010>: Failed to resolve 't.me' ([Errno 11001] getaddrinfo failed)"))
HTTPSConnectionPool(host='t.me', port=443): Max retries exceeded with url: /amtmedyaduyuru/2?embed=1&mode=tme (Caused by NameResolutionError("<urllib3.connection.HTTPSConnection object at 0x0000026340380A90>: Failed to resolve 't.me' ([Errno 11001] getaddrinfo failed)"))
HTTPSConnectionPool(host='t.me', port=443): Max retries exceeded with url: /amtmedyaduyuru/2?embed=1&mode=tme (Caused by NameResolutionError("<urllib3.connection.HTTPSConnection object at 0x000002633FBD6890>: Failed to resolve 't.me' ([Errno 11001] getaddrinfo failed)"))
HTTPSConnectionPool(host='t.me', port=443): Max retries exceeded with url: /amtmedyaduyuru/2?embed=1&mode=tme (Caused by NameResolutionError("<urllib3.connection.HTTPSConnection object at 0x000002633FD3A850>: Failed to resolve 't.me' ([Errno 11001] getaddrinfo failed)"))
HTTPSConnectionPool(host='t.me', port=443): Max retries exceeded with url: /amtmedyaduyuru/2?embed=1&mode=tme (Caused by NameResolutionError("<urllib3.connection.HTTPSConnection object at 0x0000026340F53B90>: Failed to resolve 't.me' ([Errno 11001] getaddrinfo failed)"))
HTTPSConnectionPool(host='t.me', port=443): Max retries exceeded with url: /amtmedyaduyuru/2?embed=1&mode=tme (Caused by NameResolutionError("<urllib3.connection.HTTPSConnection object at 0x0000026340E22950>: Failed to resolve 't.me' ([Errno 11001] getaddrinfo failed)"))
HTTPSConnectionPool(host='t.me', port=443): Max retries exceeded with url: /amtmedyaduyuru/2?embed=1&mode=tme (Caused by NameResolutionError("<urllib3.connection.HTTPSConnection object at 0x0000026340E22DD0>: Failed to resolve 't.me' ([Errno 11001] getaddrinfo failed)"))
HTTPSConnectionPool(host='t.me', port=443): Max retries exceeded with url: /amtmedyaduyuru/2?embed=1&mode=tme (Caused by NameResolutionError("<urllib3.connection.HTTPSConnection object at 0x0000026338233610>: Failed to resolve 't.me' ([Errno 11001] getaddrinfo failed)"))
HTTPSConnectionPool(host='t.me', port=443): Max retries exceeded with url: /amtmedyaduyuru/2?embed=1&mode=tme (Caused by NameResolutionError("<urllib3.connection.HTTPSConnection object at 0x000002633FF3B990>: Failed to resolve 't.me' ([Errno 11001] getaddrinfo failed)"))
HTTPSConnectionPool(host='t.me', port=443): Max retries exceeded with url: /amtmedyaduyuru/2?embed=1&mode=tme (Caused by NameResolutionError("<urllib3.connection.HTTPSConnection object at 0x00000263405DA390>: Failed to resolve 't.me' ([Errno 11001] getaddrinfo failed)"))
HTTPSConnectionPool(host='t.me', port=443): Max retries exceeded with url: /amtmedyaduyuru/2?embed=1&mode=tme (Caused by NameResolutionError("<urllib3.connection.HTTPSConnection object at 0x000002633FC28AD0>: Failed to resolve 't.me' ([Errno 11001] getaddrinfo failed)"))
HTTPSConnectionPool(host='t.me', port=443): Max retries exceeded with url: /amtmedyaduyuru/2?embed=1&mode=tme (Caused by NameResolutionError("<urllib3.connection.HTTPSConnection object at 0x0000026340F71E50>: Failed to resolve 't.me' ([Errno 11001] getaddrinfo failed)"))
HTTPSConnectionPool(host='t.me', port=443): Max retries exceeded with url: /amtmedyaduyuru/2?embed=1&mode=tme (Caused by NameResolutionError("<urllib3.connection.HTTPSConnection object at 0x0000026340F73D90>: Failed to resolve 't.me' ([Errno 11001] getaddrinfo failed)"))
HTTPSConnectionPool(host='t.me', port=443): Max retries exceeded with url: /amtmedyaduyuru/2?embed=1&mode=tme (Caused by NameResolutionError("<urllib3.connection.HTTPSConnection object at 0x000002633E120950>: Failed to resolve 't.me' ([Errno 11001] getaddrinfo failed)"))
HTTPSConnectionPool(host='t.me', port=443): Max retries exceeded with url: /amtmedyaduyuru/2?embed=1&mode=tme (Caused by NameResolutionError("<urllib3.connection.HTTPSConnection object at 0x00000263408C5E90>: Failed to resolve 't.me' ([Errno 11001] getaddrinfo failed)"))
HTTPSConnectionPool(host='t.me', port=443): Max retries exceeded with url: /amtmedyaduyuru/2?embed=1&mode=tme (Caused by NameResolutionError("<urllib3.connection.HTTPSConnection object at 0x000002633FFD6450>: Failed to resolve 't.me' ([Errno 11001] getaddrinfo failed)"))
HTTPSConnectionPool(host='t.me', port=443): Max retries exceeded with url: /amtmedyaduyuru/2?embed=1&mode=tme (Caused by NameResolutionError("<urllib3.connection.HTTPSConnection object at 0x0000026340418750>: Failed to resolve 't.me' ([Errno 11001] getaddrinfo failed)"))
HTTPSConnectionPool(host='t.me', port=443): Max retries exceeded with url: /amtmedyaduyuru/2?embed=1&mode=tme (Caused by NameResolutionError("<urllib3.connection.HTTPSConnection object at 0x0000026340C9E2D0>: Failed to resolve 't.me' ([Errno 11001] getaddrinfo failed)"))
HTTPSConnectionPool(host='t.me', port=443): Max retries exceeded with url: /amtmedyaduyuru/2?embed=1&mode=tme (Caused by NameResolutionError("<urllib3.connection.HTTPSConnection object at 0x0000026340E20E90>: Failed to resolve 't.me' ([Errno 11001] getaddrinfo failed)"))
HTTPSConnectionPool(host='t.me', port=443): Max retries exceeded with url: /amtmedyaduyuru/2?embed=1&mode=tme (Caused by NameResolutionError("<urllib3.connection.HTTPSConnection object at 0x000002633C478A90>: Failed to resolve 't.me' ([Errno 11001] getaddrinfo failed)"))
HTTPSConnectionPool(host='t.me', port=443): Max retries exceeded with url: /amtmedyaduyuru/2?embed=1&mode=tme (Caused by NameResolutionError("<urllib3.connection.HTTPSConnection object at 0x00000263400FDFD0>: Failed to resolve 't.me' ([Errno 11001] getaddrinfo failed)"))
HTTPSConnectionPool(host='t.me', port=443): Max retries exceeded with url: /amtmedyaduyuru/2?embed=1&mode=tme (Caused by NameResolutionError("<urllib3.connection.HTTPSConnection object at 0x000002633E319D50>: Failed to resolve 't.me' ([Errno 11001] getaddrinfo failed)"))
HTTPSConnectionPool(host='t.me', port=443): Max retries exceeded with url: /amtmedyaduyuru/2?embed=1&mode=tme (Caused by NameResolutionError("<urllib3.connection.HTTPSConnection object at 0x000002634068ADD0>: Failed to resolve 't.me' ([Errno 11001] getaddrinfo failed)"))
HTTPSConnectionPool(host='t.me', port=443): Max retries exceeded with url: /amtmedyaduyuru/2?embed=1&mode=tme (Caused by NameResolutionError("<urllib3.connection.HTTPSConnection object at 0x000002634025E1D0>: Failed to resolve 't.me' ([Errno 11001] getaddrinfo failed)"))
HTTPSConnectionPool(host='t.me', port=443): Max retries exceeded with url: /amtmedyaduyuru/2?embed=1&mode=tme (Caused by NameResolutionError("<urllib3.connection.HTTPSConnection object at 0x00000263408FF310>: Failed to resolve 't.me' ([Errno 11001] getaddrinfo failed)"))
HTTPSConnectionPool(host='t.me', port=443): Max retries exceeded with url: /amtmedyaduyuru/2?embed=1&mode=tme (Caused by NameResolutionError("<urllib3.connection.HTTPSConnection object at 0x0000026340D04490>: Failed to resolve 't.me' ([Errno 11001] getaddrinfo failed)"))
HTTPSConnectionPool(host='t.me', port=443): Max retries exceeded with url: /amtmedyaduyuru/2?embed=1&mode=tme (Caused by NameResolutionError("<urllib3.connection.HTTPSConnection object at 0x000002633B6C72D0>: Failed to resolve 't.me' ([Errno 11001] getaddrinfo failed)"))
HTTPSConnectionPool(host='t.me', port=443): Max retries exceeded with url: /amtmedyaduyuru/2?embed=1&mode=tme (Caused by NameResolutionError("<urllib3.connection.HTTPSConnection object at 0x00000263408C7190>: Failed to resolve 't.me' ([Errno 11001] getaddrinfo failed)"))
HTTPSConnectionPool(host='t.me', port=443): Max retries exceeded with url: /amtmedyaduyuru/2?embed=1&mode=tme (Caused by NameResolutionError("<urllib3.connection.HTTPSConnection object at 0x0000026340E22790>: Failed to resolve 't.me' ([Errno 11001] getaddrinfo failed)"))
HTTPSConnectionPool(host='t.me', port=443): Max retries exceeded with url: /amtmedyaduyuru/2?embed=1&mode=tme (Caused by NameResolutionError("<urllib3.connection.HTTPSConnection object at 0x0000026340F5C890>: Failed to resolve 't.me' ([Errno 11001] getaddrinfo failed)"))
HTTPSConnectionPool(host='t.me', port=443): Max retries exceeded with url: /amtmedyaduyuru/2?embed=1&mode=tme (Caused by NameResolutionError("<urllib3.connection.HTTPSConnection object at 0x0000026340F5E110>: Failed to resolve 't.me' ([Errno 11001] getaddrinfo failed)"))
HTTPSConnectionPool(host='t.me', port=443): Max retries exceeded with url: /amtmedyaduyuru/2?embed=1&mode=tme (Caused by NameResolutionError("<urllib3.connection.HTTPSConnection object at 0x000002633F94F550>: Failed to resolve 't.me' ([Errno 11001] getaddrinfo failed)"))
HTTPSConnectionPool(host='t.me', port=443): Max retries exceeded with url: /amtmedyaduyuru/2?embed=1&mode=tme (Caused by NameResolutionError("<urllib3.connection.HTTPSConnection object at 0x0000026340A07950>: Failed to resolve 't.me' ([Errno 11001] getaddrinfo failed)"))
HTTPSConnectionPool(host='t.me', port=443): Max retries exceeded with url: /amtmedyaduyuru/2?embed=1&mode=tme (Caused by NameResolutionError("<urllib3.connection.HTTPSConnection object at 0x000002633FD3B0D0>: Failed to resolve 't.me' ([Errno 11001] getaddrinfo failed)"))
HTTPSConnectionPool(host='t.me', port=443): Max retries exceeded with url: /amtmedyaduyuru/2?embed=1&mode=tme (Caused by NameResolutionError("<urllib3.connection.HTTPSConnection object at 0x00000263402A74D0>: Failed to resolve 't.me' ([Errno 11001] getaddrinfo failed)"))
HTTPSConnectionPool(host='t.me', port=443): Max retries exceeded with url: /amtmedyaduyuru/2?embed=1&mode=tme (Caused by NameResolutionError("<urllib3.connection.HTTPSConnection object at 0x0000026340E37CD0>: Failed to resolve 't.me' ([Errno 11001] getaddrinfo failed)"))
HTTPSConnectionPool(host='t.me', port=443): Max retries exceeded with url: /amtmedyaduyuru/2?embed=1&mode=tme (Caused by NameResolutionError("<urllib3.connection.HTTPSConnection object at 0x0000026340F5E310>: Failed to resolve 't.me' ([Errno 11001] getaddrinfo failed)"))
HTTPSConnectionPool(host='t.me', port=443): Max retries exceeded with url: /amtmedyaduyuru/2?embed=1&mode=tme (Caused by NameResolutionError("<urllib3.connection.HTTPSConnection object at 0x000002634072E290>: Failed to resolve 't.me' ([Errno 11001] getaddrinfo failed)"))
HTTPSConnectionPool(host='t.me', port=443): Max retries exceeded with url: /amtmedyaduyuru/2?embed=1&mode=tme (Caused by NameResolutionError("<urllib3.connection.HTTPSConnection object at 0x0000026340CF7AD0>: Failed to resolve 't.me' ([Errno 11001] getaddrinfo failed)"))
HTTPSConnectionPool(host='t.me', port=443): Max retries exceeded with url: /amtmedyaduyuru/2?embed=1&mode=tme (Caused by NameResolutionError("<urllib3.connection.HTTPSConnection object at 0x000002633FDFC150>: Failed to resolve 't.me' ([Errno 11001] getaddrinfo failed)"))
HTTPSConnectionPool(host='t.me', port=443): Max retries exceeded with url: /amtmedyaduyuru/2?embed=1&mode=tme (Caused by NameResolutionError("<urllib3.connection.HTTPSConnection object at 0x00000263365AA210>: Failed to resolve 't.me' ([Errno 11001] getaddrinfo failed)"))
HTTPSConnectionPool(host='t.me', port=443): Max retries exceeded with url: /amtmedyaduyuru/2?embed=1&mode=tme (Caused by NameResolutionError("<urllib3.connection.HTTPSConnection object at 0x0000026340AD5710>: Failed to resolve 't.me' ([Errno 11001] getaddrinfo failed)"))
HTTPSConnectionPool(host='t.me', port=443): Max retries exceeded with url: /amtmedyaduyuru/2?embed=1&mode=tme (Caused by NameResolutionError("<urllib3.connection.HTTPSConnection object at 0x000002633FC6BAD0>: Failed to resolve 't.me' ([Errno 11001] getaddrinfo failed)"))
HTTPSConnectionPool(host='t.me', port=443): Max retries exceeded with url: /amtmedyaduyuru/2?embed=1&mode=tme (Caused by NameResolutionError("<urllib3.connection.HTTPSConnection object at 0x00000263408C5A10>: Failed to resolve 't.me' ([Errno 11001] getaddrinfo failed)"))
HTTPSConnectionPool(host='t.me', port=443): Max retries exceeded with url: /amtmedyaduyuru/2?embed=1&mode=tme (Caused by NameResolutionError("<urllib3.connection.HTTPSConnection object at 0x00000263407A2410>: Failed to resolve 't.me' ([Errno 11001] getaddrinfo failed)"))
HTTPSConnectionPool(host='t.me', port=443): Max retries exceeded with url: /amtmedyaduyuru/2?embed=1&mode=tme (Caused by NameResolutionError("<urllib3.connection.HTTPSConnection object at 0x000002633DFD02D0>: Failed to resolve 't.me' ([Errno 11001] getaddrinfo failed)"))
HTTPSConnectionPool(host='t.me', port=443): Max retries exceeded with url: /amtmedyaduyuru/2?embed=1&mode=tme (Caused by NameResolutionError("<urllib3.connection.HTTPSConnection object at 0x0000026337E02B10>: Failed to resolve 't.me' ([Errno 11001] getaddrinfo failed)"))
HTTPSConnectionPool(host='t.me', port=443): Max retries exceeded with url: /amtmedyaduyuru/2?embed=1&mode=tme (Caused by NameResolutionError("<urllib3.connection.HTTPSConnection object at 0x00000263409EBD90>: Failed to resolve 't.me' ([Errno 11001] getaddrinfo failed)"))
HTTPSConnectionPool(host='t.me', port=443): Max retries exceeded with url: /amtmedyaduyuru/2?embed=1&mode=tme (Caused by NameResolutionError("<urllib3.connection.HTTPSConnection object at 0x0000026340A04C50>: Failed to resolve 't.me' ([Errno 11001] getaddrinfo failed)"))
HTTPSConnectionPool(host='t.me', port=443): Max retries exceeded with url: /amtmedyaduyuru/2?embed=1&mode=tme (Caused by NameResolutionError("<urllib3.connection.HTTPSConnection object at 0x0000026340ACE050>: Failed to resolve 't.me' ([Errno 11001] getaddrinfo failed)"))
HTTPSConnectionPool(host='t.me', port=443): Max retries exceeded with url: /amtmedyaduyuru/2?embed=1&mode=tme (Caused by NameResolutionError("<urllib3.connection.HTTPSConnection object at 0x000002633FE065D0>: Failed to resolve 't.me' ([Errno 11001] getaddrinfo failed)"))
HTTPSConnectionPool(host='t.me', port=443): Max retries exceeded with url: /amtmedyaduyuru/2?embed=1&mode=tme (Caused by NameResolutionError("<urllib3.connection.HTTPSConnection object at 0x000002633FDC3A50>: Failed to resolve 't.me' ([Errno 11001] getaddrinfo failed)"))
HTTPSConnectionPool(host='t.me', port=443): Max retries exceeded with url: /amtmedyaduyuru/2?embed=1&mode=tme (Caused by NameResolutionError("<urllib3.connection.HTTPSConnection object at 0x0000026340F71E50>: Failed to resolve 't.me' ([Errno 11001] getaddrinfo failed)"))
HTTPSConnectionPool(host='t.me', port=443): Max retries exceeded with url: /amtmedyaduyuru/2?embed=1&mode=tme (Caused by NameResolutionError("<urllib3.connection.HTTPSConnection object at 0x0000026340F52B10>: Failed to resolve 't.me' ([Errno 11001] getaddrinfo failed)"))
HTTPSConnectionPool(host='t.me', port=443): Max retries exceeded with url: /amtmedyaduyuru/2?embed=1&mode=tme (Caused by NameResolutionError("<urllib3.connection.HTTPSConnection object at 0x00000263402E6350>: Failed to resolve 't.me' ([Errno 11001] getaddrinfo failed)"))
HTTPSConnectionPool(host='t.me', port=443): Max retries exceeded with url: /amtmedyaduyuru/2?embed=1&mode=tme (Caused by NameResolutionError("<urllib3.connection.HTTPSConnection object at 0x00000263408C5A10>: Failed to resolve 't.me' ([Errno 11001] getaddrinfo failed)"))
HTTPSConnectionPool(host='t.me', port=443): Max retries exceeded with url: /amtmedyaduyuru/2?embed=1&mode=tme (Caused by NameResolutionError("<urllib3.connection.HTTPSConnection object at 0x0000026340A05ED0>: Failed to resolve 't.me' ([Errno 11001] getaddrinfo failed)"))
HTTPSConnectionPool(host='t.me', port=443): Max retries exceeded with url: /amtmedyaduyuru/2?embed=1&mode=tme (Caused by NameResolutionError("<urllib3.connection.HTTPSConnection object at 0x000002633662BA10>: Failed to resolve 't.me' ([Errno 11001] getaddrinfo failed)"))
HTTPSConnectionPool(host='t.me', port=443): Max retries exceeded with url: /amtmedyaduyuru/2?embed=1&mode=tme (Caused by NameResolutionError("<urllib3.connection.HTTPSConnection object at 0x000002633FFEEB90>: Failed to resolve 't.me' ([Errno 11001] getaddrinfo failed)"))
HTTPSConnectionPool(host='t.me', port=443): Max retries exceeded with url: /amtmedyaduyuru/2?embed=1&mode=tme (Caused by NameResolutionError("<urllib3.connection.HTTPSConnection object at 0x000002633AA8F290>: Failed to resolve 't.me' ([Errno 11001] getaddrinfo failed)"))
HTTPSConnectionPool(host='t.me', port=443): Max retries exceeded with url: /amtmedyaduyuru/2?embed=1&mode=tme (Caused by NameResolutionError("<urllib3.connection.HTTPSConnection object at 0x0000026340A8E450>: Failed to resolve 't.me' ([Errno 11001] getaddrinfo failed)"))
HTTPSConnectionPool(host='t.me', port=443): Max retries exceeded with url: /amtmedyaduyuru/2?embed=1&mode=tme (Caused by NameResolutionError("<urllib3.connection.HTTPSConnection object at 0x0000026340875D50>: Failed to resolve 't.me' ([Errno 11001] getaddrinfo failed)"))
HTTPSConnectionPool(host='t.me', port=443): Max retries exceeded with url: /amtmedyaduyuru/2?embed=1&mode=tme (Caused by NameResolutionError("<urllib3.connection.HTTPSConnection object at 0x000002633FFD6150>: Failed to resolve 't.me' ([Errno 11001] getaddrinfo failed)"))
HTTPSConnectionPool(host='t.me', port=443): Max retries exceeded with url: /amtmedyaduyuru/2?embed=1&mode=tme (Caused by NameResolutionError("<urllib3.connection.HTTPSConnection object at 0x0000026340C9E4D0>: Failed to resolve 't.me' ([Errno 11001] getaddrinfo failed)"))
HTTPSConnectionPool(host='t.me', port=443): Max retries exceeded with url: /amtmedyaduyuru/2?embed=1&mode=tme (Caused by NameResolutionError("<urllib3.connection.HTTPSConnection object at 0x000002634041B590>: Failed to resolve 't.me' ([Errno 11001] getaddrinfo failed)"))
HTTPSConnectionPool(host='t.me', port=443): Max retries exceeded with url: /amtmedyaduyuru/2?embed=1&mode=tme (Caused by NameResolutionError("<urllib3.connection.HTTPSConnection object at 0x000002634041AFD0>: Failed to resolve 't.me' ([Errno 11001] getaddrinfo failed)"))
HTTPSConnectionPool(host='t.me', port=443): Max retries exceeded with url: /amtmedyaduyuru/2?embed=1&mode=tme (Caused by NameResolutionError("<urllib3.connection.HTTPSConnection object at 0x00000263366315D0>: Failed to resolve 't.me' ([Errno 11001] getaddrinfo failed)"))
HTTPSConnectionPool(host='t.me', port=443): Max retries exceeded with url: /amtmedyaduyuru/2?embed=1&mode=tme (Caused by NameResolutionError("<urllib3.connection.HTTPSConnection object at 0x0000026340C9C850>: Failed to resolve 't.me' ([Errno 11001] getaddrinfo failed)"))
HTTPSConnectionPool(host='t.me', port=443): Max retries exceeded with url: /amtmedyaduyuru/2?embed=1&mode=tme (Caused by NameResolutionError("<urllib3.connection.HTTPSConnection object at 0x00000263400BC8D0>: Failed to resolve 't.me' ([Errno 11001] getaddrinfo failed)"))
HTTPSConnectionPool(host='t.me', port=443): Max retries exceeded with url: /amtmedyaduyuru/2?embed=1&mode=tme (Caused by NameResolutionError("<urllib3.connection.HTTPSConnection object at 0x0000026340F5C190>: Failed to resolve 't.me' ([Errno 11001] getaddrinfo failed)"))
HTTPSConnectionPool(host='t.me', port=443): Max retries exceeded with url: /amtmedyaduyuru/2?embed=1&mode=tme (Caused by NameResolutionError("<urllib3.connection.HTTPSConnection object at 0x00000263400FC950>: Failed to resolve 't.me' ([Errno 11001] getaddrinfo failed)"))
HTTPSConnectionPool(host='t.me', port=443): Max retries exceeded with url: /amtmedyaduyuru/2?embed=1&mode=tme (Caused by NameResolutionError("<urllib3.connection.HTTPSConnection object at 0x00000263365AA210>: Failed to resolve 't.me' ([Errno 11001] getaddrinfo failed)"))
HTTPSConnectionPool(host='t.me', port=443): Max retries exceeded with url: /amtmedyaduyuru/2?embed=1&mode=tme (Caused by NameResolutionError("<urllib3.connection.HTTPSConnection object at 0x0000026340874E50>: Failed to resolve 't.me' ([Errno 11001] getaddrinfo failed)"))
HTTPSConnectionPool(host='t.me', port=443): Max retries exceeded with url: /amtmedyaduyuru/2?embed=1&mode=tme (Caused by NameResolutionError("<urllib3.connection.HTTPSConnection object at 0x000002633FB3AED0>: Failed to resolve 't.me' ([Errno 11001] getaddrinfo failed)"))
HTTPSConnectionPool(host='t.me', port=443): Max retries exceeded with url: /amtmedyaduyuru/2?embed=1&mode=tme (Caused by NameResolutionError("<urllib3.connection.HTTPSConnection object at 0x0000026340D04FD0>: Failed to resolve 't.me' ([Errno 11001] getaddrinfo failed)"))
HTTPSConnectionPool(host='t.me', port=443): Max retries exceeded with url: /amtmedyaduyuru/2?embed=1&mode=tme (Caused by NameResolutionError("<urllib3.connection.HTTPSConnection object at 0x00000263407ACB90>: Failed to resolve 't.me' ([Errno 11001] getaddrinfo failed)"))
HTTPSConnectionPool(host='t.me', port=443): Max retries exceeded with url: /amtmedyaduyuru/2?embed=1&mode=tme (Caused by NameResolutionError("<urllib3.connection.HTTPSConnection object at 0x000002633FE84A50>: Failed to resolve 't.me' ([Errno 11001] getaddrinfo failed)"))
HTTPSConnectionPool(host='t.me', port=443): Max retries exceeded with url: /amtmedyaduyuru/2?embed=1&mode=tme (Caused by NameResolutionError("<urllib3.connection.HTTPSConnection object at 0x000002633FE81DD0>: Failed to resolve 't.me' ([Errno 11001] getaddrinfo failed)"))
HTTPSConnectionPool(host='t.me', port=443): Max retries exceeded with url: /amtmedyaduyuru/2?embed=1&mode=tme (Caused by NameResolutionError("<urllib3.connection.HTTPSConnection object at 0x000002633FF16850>: Failed to resolve 't.me' ([Errno 11001] getaddrinfo failed)"))
HTTPSConnectionPool(host='t.me', port=443): Max retries exceeded with url: /amtmedyaduyuru/2?embed=1&mode=tme (Caused by NameResolutionError("<urllib3.connection.HTTPSConnection object at 0x0000026340AB3610>: Failed to resolve 't.me' ([Errno 11001] getaddrinfo failed)"))
HTTPSConnectionPool(host='t.me', port=443): Max retries exceeded with url: /amtmedyaduyuru/2?embed=1&mode=tme (Caused by NameResolutionError("<urllib3.connection.HTTPSConnection object at 0x0000026340F70CD0>: Failed to resolve 't.me' ([Errno 11001] getaddrinfo failed)"))
HTTPSConnectionPool(host='t.me', port=443): Max retries exceeded with url: /amtmedyaduyuru/2?embed=1&mode=tme (Caused by NameResolutionError("<urllib3.connection.HTTPSConnection object at 0x000002634041BA50>: Failed to resolve 't.me' ([Errno 11001] getaddrinfo failed)"))
HTTPSConnectionPool(host='t.me', port=443): Max retries exceeded with url: /amtmedyaduyuru/2?embed=1&mode=tme (Caused by NameResolutionError("<urllib3.connection.HTTPSConnection object at 0x000002634030BA90>: Failed to resolve 't.me' ([Errno 11001] getaddrinfo failed)"))
HTTPSConnectionPool(host='t.me', port=443): Max retries exceeded with url: /amtmedyaduyuru/2?embed=1&mode=tme (Caused by NameResolutionError("<urllib3.connection.HTTPSConnection object at 0x0000026340E42950>: Failed to resolve 't.me' ([Errno 11001] getaddrinfo failed)"))
HTTPSConnectionPool(host='t.me', port=443): Max retries exceeded with url: /amtmedyaduyuru/2?embed=1&mode=tme (Caused by NameResolutionError("<urllib3.connection.HTTPSConnection object at 0x000002633C2BA8D0>: Failed to resolve 't.me' ([Errno 11001] getaddrinfo failed)"))
HTTPSConnectionPool(host='t.me', port=443): Max retries exceeded with url: /amtmedyaduyuru/2?embed=1&mode=tme (Caused by NameResolutionError("<urllib3.connection.HTTPSConnection object at 0x0000026340874E50>: Failed to resolve 't.me' ([Errno 11001] getaddrinfo failed)"))
HTTPSConnectionPool(host='t.me', port=443): Max retries exceeded with url: /amtmedyaduyuru/2?embed=1&mode=tme (Caused by NameResolutionError("<urllib3.connection.HTTPSConnection object at 0x0000026340E365D0>: Failed to resolve 't.me' ([Errno 11001] getaddrinfo failed)"))
HTTPSConnectionPool(host='t.me', port=443): Max retries exceeded with url: /amtmedyaduyuru/2?embed=1&mode=tme (Caused by NameResolutionError("<urllib3.connection.HTTPSConnection object at 0x0000026340451F90>: Failed to resolve 't.me' ([Errno 11001] getaddrinfo failed)"))
HTTPSConnectionPool(host='t.me', port=443): Max retries exceeded with url: /amtmedyaduyuru/2?embed=1&mode=tme (Caused by NameResolutionError("<urllib3.connection.HTTPSConnection object at 0x000002633FF16090>: Failed to resolve 't.me' ([Errno 11001] getaddrinfo failed)"))
HTTPSConnectionPool(host='t.me', port=443): Max retries exceeded with url: /amtmedyaduyuru/2?embed=1&mode=tme (Caused by NameResolutionError("<urllib3.connection.HTTPSConnection object at 0x000002633C5B4050>: Failed to resolve 't.me' ([Errno 11001] getaddrinfo failed)"))
HTTPSConnectionPool(host='t.me', port=443): Max retries exceeded with url: /amtmedyaduyuru/2?embed=1&mode=tme (Caused by NameResolutionError("<urllib3.connection.HTTPSConnection object at 0x00000263390E3E90>: Failed to resolve 't.me' ([Errno 11001] getaddrinfo failed)"))
HTTPSConnectionPool(host='t.me', port=443): Max retries exceeded with url: /amtmedyaduyuru/2?embed=1&mode=tme (Caused by NameResolutionError("<urllib3.connection.HTTPSConnection object at 0x00000263408C7190>: Failed to resolve 't.me' ([Errno 11001] getaddrinfo failed)"))
HTTPSConnectionPool(host='t.me', port=443): Max retries exceeded with url: /amtmedyaduyuru/2?embed=1&mode=tme (Caused by NameResolutionError("<urllib3.connection.HTTPSConnection object at 0x000002633B86B5D0>: Failed to resolve 't.me' ([Errno 11001] getaddrinfo failed)"))
HTTPSConnectionPool(host='t.me', port=443): Max retries exceeded with url: /amtmedyaduyuru/2?embed=1&mode=tme (Caused by NameResolutionError("<urllib3.connection.HTTPSConnection object at 0x0000026338A83250>: Failed to resolve 't.me' ([Errno 11001] getaddrinfo failed)"))
HTTPSConnectionPool(host='t.me', port=443): Max retries exceeded with url: /amtmedyaduyuru/2?embed=1&mode=tme (Caused by NameResolutionError("<urllib3.connection.HTTPSConnection object at 0x000002633C6FF310>: Failed to resolve 't.me' ([Errno 11001] getaddrinfo failed)"))
HTTPSConnectionPool(host='t.me', port=443): Max retries exceeded with url: /amtmedyaduyuru/2?embed=1&mode=tme (Caused by NameResolutionError("<urllib3.connection.HTTPSConnection object at 0x000002633FF39F10>: Failed to resolve 't.me' ([Errno 11001] getaddrinfo failed)"))
HTTPSConnectionPool(host='t.me', port=443): Max retries exceeded with url: /amtmedyaduyuru/2?embed=1&mode=tme (Caused by NameResolutionError("<urllib3.connection.HTTPSConnection object at 0x00000263407A1110>: Failed to resolve 't.me' ([Errno 11001] getaddrinfo failed)"))
HTTPSConnectionPool(host='t.me', port=443): Max retries exceeded with url: /amtmedyaduyuru/2?embed=1&mode=tme (Caused by NameResolutionError("<urllib3.connection.HTTPSConnection object at 0x000002634085F8D0>: Failed to resolve 't.me' ([Errno 11001] getaddrinfo failed)"))
HTTPSConnectionPool(host='t.me', port=443): Max retries exceeded with url: /amtmedyaduyuru/2?embed=1&mode=tme (Caused by NameResolutionError("<urllib3.connection.HTTPSConnection object at 0x0000026340211210>: Failed to resolve 't.me' ([Errno 11001] getaddrinfo failed)"))
HTTPSConnectionPool(host='t.me', port=443): Max retries exceeded with url: /amtmedyaduyuru/2?embed=1&mode=tme (Caused by NameResolutionError("<urllib3.connection.HTTPSConnection object at 0x0000026340DFE610>: Failed to resolve 't.me' ([Errno 11001] getaddrinfo failed)"))
HTTPSConnectionPool(host='t.me', port=443): Max retries exceeded with url: /amtmedyaduyuru/2?embed=1&mode=tme (Caused by NameResolutionError("<urllib3.connection.HTTPSConnection object at 0x0000026340776AD0>: Failed to resolve 't.me' ([Errno 11001] getaddrinfo failed)"))
HTTPSConnectionPool(host='t.me', port=443): Max retries exceeded with url: /amtmedyaduyuru/2?embed=1&mode=tme (Caused by NameResolutionError("<urllib3.connection.HTTPSConnection object at 0x0000026340754950>: Failed to resolve 't.me' ([Errno 11001] getaddrinfo failed)"))
HTTPSConnectionPool(host='t.me', port=443): Max retries exceeded with url: /amtmedyaduyuru/2?embed=1&mode=tme (Caused by NameResolutionError("<urllib3.connection.HTTPSConnection object at 0x0000026340F2FCD0>: Failed to resolve 't.me' ([Errno 11001] getaddrinfo failed)"))
HTTPSConnectionPool(host='t.me', port=443): Max retries exceeded with url: /amtmedyaduyuru/2?embed=1&mode=tme (Caused by NameResolutionError("<urllib3.connection.HTTPSConnection object at 0x000002633B97C590>: Failed to resolve 't.me' ([Errno 11001] getaddrinfo failed)"))
HTTPSConnectionPool(host='t.me', port=443): Max retries exceeded with url: /amtmedyaduyuru/2?embed=1&mode=tme (Caused by NameResolutionError("<urllib3.connection.HTTPSConnection object at 0x0000026340B5FE90>: Failed to resolve 't.me' ([Errno 11001] getaddrinfo failed)"))
HTTPSConnectionPool(host='t.me', port=443): Max retries exceeded with url: /amtmedyaduyuru/2?embed=1&mode=tme (Caused by NameResolutionError("<urllib3.connection.HTTPSConnection object at 0x00000263405D9E10>: Failed to resolve 't.me' ([Errno 11001] getaddrinfo failed)"))
HTTPSConnectionPool(host='t.me', port=443): Max retries exceeded with url: /amtmedyaduyuru/2?embed=1&mode=tme (Caused by NameResolutionError("<urllib3.connection.HTTPSConnection object at 0x000002633FD3A6D0>: Failed to resolve 't.me' ([Errno 11001] getaddrinfo failed)"))
HTTPSConnectionPool(host='t.me', port=443): Max retries exceeded with url: /amtmedyaduyuru/2?embed=1&mode=tme (Caused by NameResolutionError("<urllib3.connection.HTTPSConnection object at 0x000002633FF39990>: Failed to resolve 't.me' ([Errno 11001] getaddrinfo failed)"))
HTTPSConnectionPool(host='t.me', port=443): Max retries exceeded with url: /amtmedyaduyuru/2?embed=1&mode=tme (Caused by NameResolutionError("<urllib3.connection.HTTPSConnection object at 0x000002633FF38290>: Failed to resolve 't.me' ([Errno 11001] getaddrinfo failed)"))
HTTPSConnectionPool(host='t.me', port=443): Max retries exceeded with url: /amtmedyaduyuru/2?embed=1&mode=tme (Caused by NameResolutionError("<urllib3.connection.HTTPSConnection object at 0x000002633652E490>: Failed to resolve 't.me' ([Errno 11001] getaddrinfo failed)"))
HTTPSConnectionPool(host='t.me', port=443): Max retries exceeded with url: /amtmedyaduyuru/2?embed=1&mode=tme (Caused by NameResolutionError("<urllib3.connection.HTTPSConnection object at 0x000002633FF14210>: Failed to resolve 't.me' ([Errno 11001] getaddrinfo failed)"))
HTTPSConnectionPool(host='t.me', port=443): Max retries exceeded with url: /amtmedyaduyuru/2?embed=1&mode=tme (Caused by NameResolutionError("<urllib3.connection.HTTPSConnection object at 0x000002633E358A10>: Failed to resolve 't.me' ([Errno 11001] getaddrinfo failed)"))
HTTPSConnectionPool(host='t.me', port=443): Max retries exceeded with url: /amtmedyaduyuru/2?embed=1&mode=tme (Caused by NameResolutionError("<urllib3.connection.HTTPSConnection object at 0x00000263407A1E50>: Failed to resolve 't.me' ([Errno 11001] getaddrinfo failed)"))
HTTPSConnectionPool(host='t.me', port=443): Max retries exceeded with url: /amtmedyaduyuru/2?embed=1&mode=tme (Caused by NameResolutionError("<urllib3.connection.HTTPSConnection object at 0x0000026340F529D0>: Failed to resolve 't.me' ([Errno 11001] getaddrinfo failed)"))
HTTPSConnectionPool(host='t.me', port=443): Max retries exceeded with url: /amtmedyaduyuru/2?embed=1&mode=tme (Caused by NameResolutionError("<urllib3.connection.HTTPSConnection object at 0x00000263408FC7D0>: Failed to resolve 't.me' ([Errno 11001] getaddrinfo failed)"))
HTTPSConnectionPool(host='t.me', port=443): Max retries exceeded with url: /amtmedyaduyuru/2?embed=1&mode=tme (Caused by NameResolutionError("<urllib3.connection.HTTPSConnection object at 0x0000026340D047D0>: Failed to resolve 't.me' ([Errno 11001] getaddrinfo failed)"))
HTTPSConnectionPool(host='t.me', port=443): Max retries exceeded with url: /amtmedyaduyuru/2?embed=1&mode=tme (Caused by NameResolutionError("<urllib3.connection.HTTPSConnection object at 0x000002633FAF5A90>: Failed to resolve 't.me' ([Errno 11001] getaddrinfo failed)"))
HTTPSConnectionPool(host='t.me', port=443): Max retries exceeded with url: /amtmedyaduyuru/2?embed=1&mode=tme (Caused by NameResolutionError("<urllib3.connection.HTTPSConnection object at 0x0000026340754F50>: Failed to resolve 't.me' ([Errno 11001] getaddrinfo failed)"))
HTTPSConnectionPool(host='t.me', port=443): Max retries exceeded with url: /amtmedyaduyuru/2?embed=1&mode=tme (Caused by NameResolutionError("<urllib3.connection.HTTPSConnection object at 0x0000026340876C90>: Failed to resolve 't.me' ([Errno 11001] getaddrinfo failed)"))
HTTPSConnectionPool(host='t.me', port=443): Max retries exceeded with url: /amtmedyaduyuru/2?embed=1&mode=tme (Caused by NameResolutionError("<urllib3.connection.HTTPSConnection object at 0x0000026340DFDFD0>: Failed to resolve 't.me' ([Errno 11001] getaddrinfo failed)"))
HTTPSConnectionPool(host='t.me', port=443): Max retries exceeded with url: /amtmedyaduyuru/2?embed=1&mode=tme (Caused by NameResolutionError("<urllib3.connection.HTTPSConnection object at 0x000002633FFD6450>: Failed to resolve 't.me' ([Errno 11001] getaddrinfo failed)"))
HTTPSConnectionPool(host='t.me', port=443): Max retries exceeded with url: /amtmedyaduyuru/2?embed=1&mode=tme (Caused by NameResolutionError("<urllib3.connection.HTTPSConnection object at 0x00000263409B6550>: Failed to resolve 't.me' ([Errno 11001] getaddrinfo failed)"))
HTTPSConnectionPool(host='t.me', port=443): Max retries exceeded with url: /amtmedyaduyuru/2?embed=1&mode=tme (Caused by NameResolutionError("<urllib3.connection.HTTPSConnection object at 0x000002633C2D5910>: Failed to resolve 't.me' ([Errno 11001] getaddrinfo failed)"))
HTTPSConnectionPool(host='t.me', port=443): Max retries exceeded with url: /amtmedyaduyuru/2?embed=1&mode=tme (Caused by NameResolutionError("<urllib3.connection.HTTPSConnection object at 0x000002633FC315D0>: Failed to resolve 't.me' ([Errno 11001] getaddrinfo failed)"))
HTTPSConnectionPool(host='t.me', port=443): Max retries exceeded with url: /amtmedyaduyuru/2?embed=1&mode=tme (Caused by NameResolutionError("<urllib3.connection.HTTPSConnection object at 0x00000263408A3650>: Failed to resolve 't.me' ([Errno 11001] getaddrinfo failed)"))
HTTPSConnectionPool(host='t.me', port=443): Max retries exceeded with url: /amtmedyaduyuru/2?embed=1&mode=tme (Caused by NameResolutionError("<urllib3.connection.HTTPSConnection object at 0x000002633FF518D0>: Failed to resolve 't.me' ([Errno 11001] getaddrinfo failed)"))
HTTPSConnectionPool(host='t.me', port=443): Max retries exceeded with url: /amtmedyaduyuru/2?embed=1&mode=tme (Caused by NameResolutionError("<urllib3.connection.HTTPSConnection object at 0x0000026340F50BD0>: Failed to resolve 't.me' ([Errno 11001] getaddrinfo failed)"))
HTTPSConnectionPool(host='t.me', port=443): Max retries exceeded with url: /amtmedyaduyuru/2?embed=1&mode=tme (Caused by NameResolutionError("<urllib3.connection.HTTPSConnection object at 0x000002633FC4E150>: Failed to resolve 't.me' ([Errno 11001] getaddrinfo failed)"))
HTTPSConnectionPool(host='t.me', port=443): Max retries exceeded with url: /amtmedyaduyuru/2?embed=1&mode=tme (Caused by NameResolutionError("<urllib3.connection.HTTPSConnection object at 0x000002633F845550>: Failed to resolve 't.me' ([Errno 11001] getaddrinfo failed)"))
HTTPSConnectionPool(host='t.me', port=443): Max retries exceeded with url: /amtmedyaduyuru/2?embed=1&mode=tme (Caused by NameResolutionError("<urllib3.connection.HTTPSConnection object at 0x000002633FEF9E10>: Failed to resolve 't.me' ([Errno 11001] getaddrinfo failed)"))
HTTPSConnectionPool(host='t.me', port=443): Max retries exceeded with url: /amtmedyaduyuru/2?embed=1&mode=tme (Caused by NameResolutionError("<urllib3.connection.HTTPSConnection object at 0x0000026340757CD0>: Failed to resolve 't.me' ([Errno 11001] getaddrinfo failed)"))
HTTPSConnectionPool(host='t.me', port=443): Max retries exceeded with url: /amtmedyaduyuru/2?embed=1&mode=tme (Caused by NameResolutionError("<urllib3.connection.HTTPSConnection object at 0x0000026340875D50>: Failed to resolve 't.me' ([Errno 11001] getaddrinfo failed)"))
HTTPSConnectionPool(host='t.me', port=443): Max retries exceeded with url: /amtmedyaduyuru/2?embed=1&mode=tme (Caused by NameResolutionError("<urllib3.connection.HTTPSConnection object at 0x000002633F8ED8D0>: Failed to resolve 't.me' ([Errno 11001] getaddrinfo failed)"))
HTTPSConnectionPool(host='t.me', port=443): Max retries exceeded with url: /amtmedyaduyuru/2?embed=1&mode=tme (Caused by NameResolutionError("<urllib3.connection.HTTPSConnection object at 0x0000026340B71F50>: Failed to resolve 't.me' ([Errno 11001] getaddrinfo failed)"))
HTTPSConnectionPool(host='t.me', port=443): Max retries exceeded with url: /amtmedyaduyuru/2?embed=1&mode=tme (Caused by NameResolutionError("<urllib3.connection.HTTPSConnection object at 0x000002633FFD5350>: Failed to resolve 't.me' ([Errno 11001] getaddrinfo failed)"))
HTTPSConnectionPool(host='t.me', port=443): Max retries exceeded with url: /amtmedyaduyuru/2?embed=1&mode=tme (Caused by NameResolutionError("<urllib3.connection.HTTPSConnection object at 0x0000026340E43350>: Failed to resolve 't.me' ([Errno 11001] getaddrinfo failed)"))
HTTPSConnectionPool(host='t.me', port=443): Max retries exceeded with url: /amtmedyaduyuru/2?embed=1&mode=tme (Caused by NameResolutionError("<urllib3.connection.HTTPSConnection object at 0x0000026340CD6250>: Failed to resolve 't.me' ([Errno 11001] getaddrinfo failed)"))
HTTPSConnectionPool(host='t.me', port=443): Max retries exceeded with url: /amtmedyaduyuru/2?embed=1&mode=tme (Caused by NameResolutionError("<urllib3.connection.HTTPSConnection object at 0x00000263401565D0>: Failed to resolve 't.me' ([Errno 11001] getaddrinfo failed)"))
HTTPSConnectionPool(host='t.me', port=443): Max retries exceeded with url: /amtmedyaduyuru/2?embed=1&mode=tme (Caused by NameResolutionError("<urllib3.connection.HTTPSConnection object at 0x000002633F90AB90>: Failed to resolve 't.me' ([Errno 11001] getaddrinfo failed)"))
HTTPSConnectionPool(host='t.me', port=443): Max retries exceeded with url: /amtmedyaduyuru/2?embed=1&mode=tme (Caused by NameResolutionError("<urllib3.connection.HTTPSConnection object at 0x0000026340D06490>: Failed to resolve 't.me' ([Errno 11001] getaddrinfo failed)"))
HTTPSConnectionPool(host='t.me', port=443): Max retries exceeded with url: /amtmedyaduyuru/2?embed=1&mode=tme (Caused by NameResolutionError("<urllib3.connection.HTTPSConnection object at 0x0000026340406C10>: Failed to resolve 't.me' ([Errno 11001] getaddrinfo failed)"))
HTTPSConnectionPool(host='t.me', port=443): Max retries exceeded with url: /amtmedyaduyuru/2?embed=1&mode=tme (Caused by NameResolutionError("<urllib3.connection.HTTPSConnection object at 0x000002633FD88050>: Failed to resolve 't.me' ([Errno 11001] getaddrinfo failed)"))
HTTPSConnectionPool(host='t.me', port=443): Max retries exceeded with url: /amtmedyaduyuru/2?embed=1&mode=tme (Caused by NameResolutionError("<urllib3.connection.HTTPSConnection object at 0x000002633FDC3D90>: Failed to resolve 't.me' ([Errno 11001] getaddrinfo failed)"))
HTTPSConnectionPool(host='t.me', port=443): Max retries exceeded with url: /amtmedyaduyuru/2?embed=1&mode=tme (Caused by NameResolutionError("<urllib3.connection.HTTPSConnection object at 0x0000026340B8AA50>: Failed to resolve 't.me' ([Errno 11001] getaddrinfo failed)"))
HTTPSConnectionPool(host='t.me', port=443): Max retries exceeded with url: /amtmedyaduyuru/2?embed=1&mode=tme (Caused by NameResolutionError("<urllib3.connection.HTTPSConnection object at 0x000002633AA8F290>: Failed to resolve 't.me' ([Errno 11001] getaddrinfo failed)"))
HTTPSConnectionPool(host='t.me', port=443): Max retries exceeded with url: /amtmedyaduyuru/2?embed=1&mode=tme (Caused by NameResolutionError("<urllib3.connection.HTTPSConnection object at 0x000002633FF53F50>: Failed to resolve 't.me' ([Errno 11001] getaddrinfo failed)"))
HTTPSConnectionPool(host='t.me', port=443): Max retries exceeded with url: /amtmedyaduyuru/2?embed=1&mode=tme (Caused by NameResolutionError("<urllib3.connection.HTTPSConnection object at 0x000002634039AA90>: Failed to resolve 't.me' ([Errno 11001] getaddrinfo failed)"))
HTTPSConnectionPool(host='t.me', port=443): Max retries exceeded with url: /amtmedyaduyuru/2?embed=1&mode=tme (Caused by NameResolutionError("<urllib3.connection.HTTPSConnection object at 0x000002633FE04090>: Failed to resolve 't.me' ([Errno 11001] getaddrinfo failed)"))
HTTPSConnectionPool(host='t.me', port=443): Max retries exceeded with url: /amtmedyaduyuru/2?embed=1&mode=tme (Caused by NameResolutionError("<urllib3.connection.HTTPSConnection object at 0x0000026340A7E110>: Failed to resolve 't.me' ([Errno 11001] getaddrinfo failed)"))
HTTPSConnectionPool(host='t.me', port=443): Max retries exceeded with url: /amtmedyaduyuru/2?embed=1&mode=tme (Caused by NameResolutionError("<urllib3.connection.HTTPSConnection object at 0x00000263405FF790>: Failed to resolve 't.me' ([Errno 11001] getaddrinfo failed)"))
HTTPSConnectionPool(host='t.me', port=443): Max retries exceeded with url: /amtmedyaduyuru/2?embed=1&mode=tme (Caused by NameResolutionError("<urllib3.connection.HTTPSConnection object at 0x0000026340BC5690>: Failed to resolve 't.me' ([Errno 11001] getaddrinfo failed)"))
HTTPSConnectionPool(host='t.me', port=443): Max retries exceeded with url: /amtmedyaduyuru/2?embed=1&mode=tme (Caused by NameResolutionError("<urllib3.connection.HTTPSConnection object at 0x0000026340F5EA50>: Failed to resolve 't.me' ([Errno 11001] getaddrinfo failed)"))
HTTPSConnectionPool(host='t.me', port=443): Max retries exceeded with url: /amtmedyaduyuru/2?embed=1&mode=tme (Caused by NameResolutionError("<urllib3.connection.HTTPSConnection object at 0x0000026340154F50>: Failed to resolve 't.me' ([Errno 11001] getaddrinfo failed)"))
HTTPSConnectionPool(host='t.me', port=443): Max retries exceeded with url: /amtmedyaduyuru/2?embed=1&mode=tme (Caused by NameResolutionError("<urllib3.connection.HTTPSConnection object at 0x0000026340D07AD0>: Failed to resolve 't.me' ([Errno 11001] getaddrinfo failed)"))
HTTPSConnectionPool(host='t.me', port=443): Max retries exceeded with url: /amtmedyaduyuru/2?embed=1&mode=tme (Caused by NameResolutionError("<urllib3.connection.HTTPSConnection object at 0x000002633FA86B90>: Failed to resolve 't.me' ([Errno 11001] getaddrinfo failed)"))
HTTPSConnectionPool(host='t.me', port=443): Max retries exceeded with url: /amtmedyaduyuru/2?embed=1&mode=tme (Caused by NameResolutionError("<urllib3.connection.HTTPSConnection object at 0x000002634023CF10>: Failed to resolve 't.me' ([Errno 11001] getaddrinfo failed)"))
HTTPSConnectionPool(host='t.me', port=443): Max retries exceeded with url: /amtmedyaduyuru/2?embed=1&mode=tme (Caused by NameResolutionError("<urllib3.connection.HTTPSConnection object at 0x000002633FB44690>: Failed to resolve 't.me' ([Errno 11001] getaddrinfo failed)"))
HTTPSConnectionPool(host='t.me', port=443): Max retries exceeded with url: /amtmedyaduyuru/2?embed=1&mode=tme (Caused by NameResolutionError("<urllib3.connection.HTTPSConnection object at 0x000002634039B750>: Failed to resolve 't.me' ([Errno 11001] getaddrinfo failed)"))
HTTPSConnectionPool(host='t.me', port=443): Max retries exceeded with url: /amtmedyaduyuru/2?embed=1&mode=tme (Caused by NameResolutionError("<urllib3.connection.HTTPSConnection object at 0x000002634041AAD0>: Failed to resolve 't.me' ([Errno 11001] getaddrinfo failed)"))
HTTPSConnectionPool(host='t.me', port=443): Max retries exceeded with url: /amtmedyaduyuru/2?embed=1&mode=tme (Caused by NameResolutionError("<urllib3.connection.HTTPSConnection object at 0x000002634068ACD0>: Failed to resolve 't.me' ([Errno 11001] getaddrinfo failed)"))
HTTPSConnectionPool(host='t.me', port=443): Max retries exceeded with url: /amtmedyaduyuru/2?embed=1&mode=tme (Caused by NameResolutionError("<urllib3.connection.HTTPSConnection object at 0x00000263400BCC10>: Failed to resolve 't.me' ([Errno 11001] getaddrinfo failed)"))
HTTPSConnectionPool(host='t.me', port=443): Max retries exceeded with url: /amtmedyaduyuru/2?embed=1&mode=tme (Caused by NameResolutionError("<urllib3.connection.HTTPSConnection object at 0x00000263402A4A50>: Failed to resolve 't.me' ([Errno 11001] getaddrinfo failed)"))
HTTPSConnectionPool(host='t.me', port=443): Max retries exceeded with url: /amtmedyaduyuru/2?embed=1&mode=tme (Caused by NameResolutionError("<urllib3.connection.HTTPSConnection object at 0x0000026340F5EB90>: Failed to resolve 't.me' ([Errno 11001] getaddrinfo failed)"))
HTTPSConnectionPool(host='t.me', port=443): Max retries exceeded with url: /amtmedyaduyuru/2?embed=1&mode=tme (Caused by NameResolutionError("<urllib3.connection.HTTPSConnection object at 0x0000026340F50BD0>: Failed to resolve 't.me' ([Errno 11001] getaddrinfo failed)"))
HTTPSConnectionPool(host='t.me', port=443): Max retries exceeded with url: /amtmedyaduyuru/2?embed=1&mode=tme (Caused by NameResolutionError("<urllib3.connection.HTTPSConnection object at 0x0000026340CD7350>: Failed to resolve 't.me' ([Errno 11001] getaddrinfo failed)"))
HTTPSConnectionPool(host='t.me', port=443): Max retries exceeded with url: /amtmedyaduyuru/2?embed=1&mode=tme (Caused by NameResolutionError("<urllib3.connection.HTTPSConnection object at 0x0000026340F5FC90>: Failed to resolve 't.me' ([Errno 11001] getaddrinfo failed)"))
HTTPSConnectionPool(host='t.me', port=443): Max retries exceeded with url: /amtmedyaduyuru/2?embed=1&mode=tme (Caused by NameResolutionError("<urllib3.connection.HTTPSConnection object at 0x00000263402E65D0>: Failed to resolve 't.me' ([Errno 11001] getaddrinfo failed)"))
HTTPSConnectionPool(host='t.me', port=443): Max retries exceeded with url: /amtmedyaduyuru/2?embed=1&mode=tme (Caused by NameResolutionError("<urllib3.connection.HTTPSConnection object at 0x0000026340F12190>: Failed to resolve 't.me' ([Errno 11001] getaddrinfo failed)"))
HTTPSConnectionPool(host='t.me', port=443): Max retries exceeded with url: /amtmedyaduyuru/2?embed=1&mode=tme (Caused by NameResolutionError("<urllib3.connection.HTTPSConnection object at 0x00000263408C1D50>: Failed to resolve 't.me' ([Errno 11001] getaddrinfo failed)"))
HTTPSConnectionPool(host='t.me', port=443): Max retries exceeded with url: /amtmedyaduyuru/2?embed=1&mode=tme (Caused by NameResolutionError("<urllib3.connection.HTTPSConnection object at 0x00000263365DDE10>: Failed to resolve 't.me' ([Errno 11001] getaddrinfo failed)"))
HTTPSConnectionPool(host='t.me', port=443): Max retries exceeded with url: /amtmedyaduyuru/2?embed=1&mode=tme (Caused by NameResolutionError("<urllib3.connection.HTTPSConnection object at 0x000002633BAC4B90>: Failed to resolve 't.me' ([Errno 11001] getaddrinfo failed)"))
HTTPSConnectionPool(host='t.me', port=443): Max retries exceeded with url: /amtmedyaduyuru/2?embed=1&mode=tme (Caused by NameResolutionError("<urllib3.connection.HTTPSConnection object at 0x000002633FA00890>: Failed to resolve 't.me' ([Errno 11001] getaddrinfo failed)"))
HTTPSConnectionPool(host='t.me', port=443): Max retries exceeded with url: /amtmedyaduyuru/2?embed=1&mode=tme (Caused by NameResolutionError("<urllib3.connection.HTTPSConnection object at 0x00000263407E1AD0>: Failed to resolve 't.me' ([Errno 11001] getaddrinfo failed)"))
HTTPSConnectionPool(host='t.me', port=443): Max retries exceeded with url: /amtmedyaduyuru/2?embed=1&mode=tme (Caused by NameResolutionError("<urllib3.connection.HTTPSConnection object at 0x000002633C3BA150>: Failed to resolve 't.me' ([Errno 11001] getaddrinfo failed)"))
HTTPSConnectionPool(host='t.me', port=443): Max retries exceeded with url: /amtmedyaduyuru/2?embed=1&mode=tme (Caused by NameResolutionError("<urllib3.connection.HTTPSConnection object at 0x000002633F79CA50>: Failed to resolve 't.me' ([Errno 11001] getaddrinfo failed)"))
HTTPSConnectionPool(host='t.me', port=443): Max retries exceeded with url: /amtmedyaduyuru/2?embed=1&mode=tme (Caused by NameResolutionError("<urllib3.connection.HTTPSConnection object at 0x000002633FFA2450>: Failed to resolve 't.me' ([Errno 11001] getaddrinfo failed)"))
HTTPSConnectionPool(host='t.me', port=443): Max retries exceeded with url: /amtmedyaduyuru/2?embed=1&mode=tme (Caused by NameResolutionError("<urllib3.connection.HTTPSConnection object at 0x000002633FF39F10>: Failed to resolve 't.me' ([Errno 11001] getaddrinfo failed)"))
HTTPSConnectionPool(host='t.me', port=443): Max retries exceeded with url: /amtmedyaduyuru/2?embed=1&mode=tme (Caused by NameResolutionError("<urllib3.connection.HTTPSConnection object at 0x0000026340A04650>: Failed to resolve 't.me' ([Errno 11001] getaddrinfo failed)"))
HTTPSConnectionPool(host='t.me', port=443): Max retries exceeded with url: /amtmedyaduyuru/2?embed=1&mode=tme (Caused by NameResolutionError("<urllib3.connection.HTTPSConnection object at 0x0000026340F5D810>: Failed to resolve 't.me' ([Errno 11001] getaddrinfo failed)"))
HTTPSConnectionPool(host='t.me', port=443): Max retries exceeded with url: /amtmedyaduyuru/2?embed=1&mode=tme (Caused by NameResolutionError("<urllib3.connection.HTTPSConnection object at 0x0000026340F51450>: Failed to resolve 't.me' ([Errno 11001] getaddrinfo failed)"))
HTTPSConnectionPool(host='t.me', port=443): Max retries exceeded with url: /amtmedyaduyuru/2?embed=1&mode=tme (Caused by NameResolutionError("<urllib3.connection.HTTPSConnection object at 0x00000263404ADF50>: Failed to resolve 't.me' ([Errno 11001] getaddrinfo failed)"))
HTTPSConnectionPool(host='t.me', port=443): Max retries exceeded with url: /amtmedyaduyuru/2?embed=1&mode=tme (Caused by NameResolutionError("<urllib3.connection.HTTPSConnection object at 0x0000026340908E90>: Failed to resolve 't.me' ([Errno 11001] getaddrinfo failed)"))
HTTPSConnectionPool(host='t.me', port=443): Max retries exceeded with url: /amtmedyaduyuru/2?embed=1&mode=tme (Caused by NameResolutionError("<urllib3.connection.HTTPSConnection object at 0x00000263405E41D0>: Failed to resolve 't.me' ([Errno 11001] getaddrinfo failed)"))
HTTPSConnectionPool(host='t.me', port=443): Max retries exceeded with url: /amtmedyaduyuru/2?embed=1&mode=tme (Caused by NameResolutionError("<urllib3.connection.HTTPSConnection object at 0x00000263407E1E50>: Failed to resolve 't.me' ([Errno 11001] getaddrinfo failed)"))
HTTPSConnectionPool(host='t.me', port=443): Max retries exceeded with url: /amtmedyaduyuru/2?embed=1&mode=tme (Caused by NameResolutionError("<urllib3.connection.HTTPSConnection object at 0x000002633AE6FC50>: Failed to resolve 't.me' ([Errno 11001] getaddrinfo failed)"))
HTTPSConnectionPool(host='t.me', port=443): Max retries exceeded with url: /amtmedyaduyuru/2?embed=1&mode=tme (Caused by NameResolutionError("<urllib3.connection.HTTPSConnection object at 0x0000026337D70DD0>: Failed to resolve 't.me' ([Errno 11001] getaddrinfo failed)"))
HTTPSConnectionPool(host='t.me', port=443): Max retries exceeded with url: /amtmedyaduyuru/2?embed=1&mode=tme (Caused by NameResolutionError("<urllib3.connection.HTTPSConnection object at 0x00000263401D00D0>: Failed to resolve 't.me' ([Errno 11001] getaddrinfo failed)"))
HTTPSConnectionPool(host='t.me', port=443): Max retries exceeded with url: /amtmedyaduyuru/2?embed=1&mode=tme (Caused by NameResolutionError("<urllib3.connection.HTTPSConnection object at 0x00000263407AD3D0>: Failed to resolve 't.me' ([Errno 11001] getaddrinfo failed)"))
HTTPSConnectionPool(host='t.me', port=443): Max retries exceeded with url: /amtmedyaduyuru/2?embed=1&mode=tme (Caused by NameResolutionError("<urllib3.connection.HTTPSConnection object at 0x0000026340C6AA50>: Failed to resolve 't.me' ([Errno 11001] getaddrinfo failed)"))
HTTPSConnectionPool(host='t.me', port=443): Max retries exceeded with url: /amtmedyaduyuru/2?embed=1&mode=tme (Caused by NameResolutionError("<urllib3.connection.HTTPSConnection object at 0x000002633662B090>: Failed to resolve 't.me' ([Errno 11001] getaddrinfo failed)"))
HTTPSConnectionPool(host='t.me', port=443): Max retries exceeded with url: /amtmedyaduyuru/2?embed=1&mode=tme (Caused by NameResolutionError("<urllib3.connection.HTTPSConnection object at 0x00000263403D6B50>: Failed to resolve 't.me' ([Errno 11001] getaddrinfo failed)"))
HTTPSConnectionPool(host='t.me', port=443): Max retries exceeded with url: /amtmedyaduyuru/2?embed=1&mode=tme (Caused by NameResolutionError("<urllib3.connection.HTTPSConnection object at 0x000002633DFB3510>: Failed to resolve 't.me' ([Errno 11001] getaddrinfo failed)"))
HTTPSConnectionPool(host='t.me', port=443): Max retries exceeded with url: /amtmedyaduyuru/2?embed=1&mode=tme (Caused by NameResolutionError("<urllib3.connection.HTTPSConnection object at 0x000002634098AF90>: Failed to resolve 't.me' ([Errno 11001] getaddrinfo failed)"))
HTTPSConnectionPool(host='t.me', port=443): Max retries exceeded with url: /amtmedyaduyuru/2?embed=1&mode=tme (Caused by NameResolutionError("<urllib3.connection.HTTPSConnection object at 0x000002634011CC50>: Failed to resolve 't.me' ([Errno 11001] getaddrinfo failed)"))
HTTPSConnectionPool(host='t.me', port=443): Max retries exceeded with url: /amtmedyaduyuru/2?embed=1&mode=tme (Caused by NameResolutionError("<urllib3.connection.HTTPSConnection object at 0x0000026340B20450>: Failed to resolve 't.me' ([Errno 11001] getaddrinfo failed)"))
HTTPSConnectionPool(host='t.me', port=443): Max retries exceeded with url: /amtmedyaduyuru/2?embed=1&mode=tme (Caused by NameResolutionError("<urllib3.connection.HTTPSConnection object at 0x0000026340F735D0>: Failed to resolve 't.me' ([Errno 11001] getaddrinfo failed)"))
HTTPSConnectionPool(host='t.me', port=443): Max retries exceeded with url: /amtmedyaduyuru/2?embed=1&mode=tme (Caused by NameResolutionError("<urllib3.connection.HTTPSConnection object at 0x000002634082C110>: Failed to resolve 't.me' ([Errno 11001] getaddrinfo failed)"))
HTTPSConnectionPool(host='t.me', port=443): Max retries exceeded with url: /amtmedyaduyuru/2?embed=1&mode=tme (Caused by NameResolutionError("<urllib3.connection.HTTPSConnection object at 0x0000026340F5F050>: Failed to resolve 't.me' ([Errno 11001] getaddrinfo failed)"))
HTTPSConnectionPool(host='t.me', port=443): Max retries exceeded with url: /amtmedyaduyuru/2?embed=1&mode=tme (Caused by NameResolutionError("<urllib3.connection.HTTPSConnection object at 0x0000026340053990>: Failed to resolve 't.me' ([Errno 11001] getaddrinfo failed)"))
HTTPSConnectionPool(host='t.me', port=443): Max retries exceeded with url: /amtmedyaduyuru/2?embed=1&mode=tme (Caused by NameResolutionError("<urllib3.connection.HTTPSConnection object at 0x0000026340BD9DD0>: Failed to resolve 't.me' ([Errno 11001] getaddrinfo failed)"))
HTTPSConnectionPool(host='t.me', port=443): Max retries exceeded with url: /amtmedyaduyuru/2?embed=1&mode=tme (Caused by NameResolutionError("<urllib3.connection.HTTPSConnection object at 0x000002633F832890>: Failed to resolve 't.me' ([Errno 11001] getaddrinfo failed)"))
HTTPSConnectionPool(host='t.me', port=443): Max retries exceeded with url: /amtmedyaduyuru/2?embed=1&mode=tme (Caused by NameResolutionError("<urllib3.connection.HTTPSConnection object at 0x000002634072D8D0>: Failed to resolve 't.me' ([Errno 11001] getaddrinfo failed)"))
HTTPSConnectionPool(host='t.me', port=443): Max retries exceeded with url: /amtmedyaduyuru/2?embed=1&mode=tme (Caused by NameResolutionError("<urllib3.connection.HTTPSConnection object at 0x000002633CFB3110>: Failed to resolve 't.me' ([Errno 11001] getaddrinfo failed)"))
HTTPSConnectionPool(host='t.me', port=443): Max retries exceeded with url: /amtmedyaduyuru/2?embed=1&mode=tme (Caused by NameResolutionError("<urllib3.connection.HTTPSConnection object at 0x000002633FD3B8D0>: Failed to resolve 't.me' ([Errno 11001] getaddrinfo failed)"))
HTTPSConnectionPool(host='t.me', port=443): Max retries exceeded with url: /amtmedyaduyuru/2?embed=1&mode=tme (Caused by NameResolutionError("<urllib3.connection.HTTPSConnection object at 0x000002633FAED290>: Failed to resolve 't.me' ([Errno 11001] getaddrinfo failed)"))
HTTPSConnectionPool(host='t.me', port=443): Max retries exceeded with url: /amtmedyaduyuru/2?embed=1&mode=tme (Caused by NameResolutionError("<urllib3.connection.HTTPSConnection object at 0x00000263408C7090>: Failed to resolve 't.me' ([Errno 11001] getaddrinfo failed)"))
HTTPSConnectionPool(host='t.me', port=443): Max retries exceeded with url: /amtmedyaduyuru/2?embed=1&mode=tme (Caused by NameResolutionError("<urllib3.connection.HTTPSConnection object at 0x00000263404AD0D0>: Failed to resolve 't.me' ([Errno 11001] getaddrinfo failed)"))
HTTPSConnectionPool(host='t.me', port=443): Max retries exceeded with url: /amtmedyaduyuru/2?embed=1&mode=tme (Caused by NameResolutionError("<urllib3.connection.HTTPSConnection object at 0x0000026340B50C50>: Failed to resolve 't.me' ([Errno 11001] getaddrinfo failed)"))
HTTPSConnectionPool(host='t.me', port=443): Max retries exceeded with url: /amtmedyaduyuru/2?embed=1&mode=tme (Caused by NameResolutionError("<urllib3.connection.HTTPSConnection object at 0x0000026340F73E10>: Failed to resolve 't.me' ([Errno 11001] getaddrinfo failed)"))
HTTPSConnectionPool(host='t.me', port=443): Max retries exceeded with url: /amtmedyaduyuru/2?embed=1&mode=tme (Caused by NameResolutionError("<urllib3.connection.HTTPSConnection object at 0x00000263409ED190>: Failed to resolve 't.me' ([Errno 11001] getaddrinfo failed)"))
HTTPSConnectionPool(host='t.me', port=443): Max retries exceeded with url: /amtmedyaduyuru/2?embed=1&mode=tme (Caused by NameResolutionError("<urllib3.connection.HTTPSConnection object at 0x000002633F90AB90>: Failed to resolve 't.me' ([Errno 11001] getaddrinfo failed)"))
HTTPSConnectionPool(host='t.me', port=443): Max retries exceeded with url: /amtmedyaduyuru/2?embed=1&mode=tme (Caused by NameResolutionError("<urllib3.connection.HTTPSConnection object at 0x0000026340B2CC10>: Failed to resolve 't.me' ([Errno 11001] getaddrinfo failed)"))
HTTPSConnectionPool(host='t.me', port=443): Max retries exceeded with url: /amtmedyaduyuru/2?embed=1&mode=tme (Caused by NameResolutionError("<urllib3.connection.HTTPSConnection object at 0x00000263408C17D0>: Failed to resolve 't.me' ([Errno 11001] getaddrinfo failed)"))
HTTPSConnectionPool(host='t.me', port=443): Max retries exceeded with url: /amtmedyaduyuru/2?embed=1&mode=tme (Caused by NameResolutionError("<urllib3.connection.HTTPSConnection object at 0x000002633FB39F10>: Failed to resolve 't.me' ([Errno 11001] getaddrinfo failed)"))
HTTPSConnectionPool(host='t.me', port=443): Max retries exceeded with url: /amtmedyaduyuru/2?embed=1&mode=tme (Caused by NameResolutionError("<urllib3.connection.HTTPSConnection object at 0x0000026340CF6ED0>: Failed to resolve 't.me' ([Errno 11001] getaddrinfo failed)"))
HTTPSConnectionPool(host='t.me', port=443): Max retries exceeded with url: /amtmedyaduyuru/2?embed=1&mode=tme (Caused by NameResolutionError("<urllib3.connection.HTTPSConnection object at 0x0000026340422050>: Failed to resolve 't.me' ([Errno 11001] getaddrinfo failed)"))
HTTPSConnectionPool(host='t.me', port=443): Max retries exceeded with url: /amtmedyaduyuru/2?embed=1&mode=tme (Caused by NameResolutionError("<urllib3.connection.HTTPSConnection object at 0x000002633FAED290>: Failed to resolve 't.me' ([Errno 11001] getaddrinfo failed)"))
HTTPSConnectionPool(host='t.me', port=443): Max retries exceeded with url: /amtmedyaduyuru/2?embed=1&mode=tme (Caused by NameResolutionError("<urllib3.connection.HTTPSConnection object at 0x00000263407A0A10>: Failed to resolve 't.me' ([Errno 11001] getaddrinfo failed)"))
HTTPSConnectionPool(host='t.me', port=443): Max retries exceeded with url: /amtmedyaduyuru/2?embed=1&mode=tme (Caused by NameResolutionError("<urllib3.connection.HTTPSConnection object at 0x000002633FB80090>: Failed to resolve 't.me' ([Errno 11001] getaddrinfo failed)"))
HTTPSConnectionPool(host='t.me', port=443): Max retries exceeded with url: /amtmedyaduyuru/2?embed=1&mode=tme (Caused by NameResolutionError("<urllib3.connection.HTTPSConnection object at 0x00000263409101D0>: Failed to resolve 't.me' ([Errno 11001] getaddrinfo failed)"))
HTTPSConnectionPool(host='t.me', port=443): Max retries exceeded with url: /amtmedyaduyuru/2?embed=1&mode=tme (Caused by NameResolutionError("<urllib3.connection.HTTPSConnection object at 0x000002633652EED0>: Failed to resolve 't.me' ([Errno 11001] getaddrinfo failed)"))
HTTPSConnectionPool(host='t.me', port=443): Max retries exceeded with url: /amtmedyaduyuru/2?embed=1&mode=tme (Caused by NameResolutionError("<urllib3.connection.HTTPSConnection object at 0x000002633FD4FA10>: Failed to resolve 't.me' ([Errno 11001] getaddrinfo failed)"))
HTTPSConnectionPool(host='t.me', port=443): Max retries exceeded with url: /amtmedyaduyuru/2?embed=1&mode=tme (Caused by NameResolutionError("<urllib3.connection.HTTPSConnection object at 0x0000026340935DD0>: Failed to resolve 't.me' ([Errno 11001] getaddrinfo failed)"))
HTTPSConnectionPool(host='t.me', port=443): Max retries exceeded with url: /amtmedyaduyuru/2?embed=1&mode=tme (Caused by NameResolutionError("<urllib3.connection.HTTPSConnection object at 0x000002634041AC90>: Failed to resolve 't.me' ([Errno 11001] getaddrinfo failed)"))
HTTPSConnectionPool(host='t.me', port=443): Max retries exceeded with url: /amtmedyaduyuru/2?embed=1&mode=tme (Caused by NameResolutionError("<urllib3.connection.HTTPSConnection object at 0x0000026340F5E4D0>: Failed to resolve 't.me' ([Errno 11001] getaddrinfo failed)"))
HTTPSConnectionPool(host='t.me', port=443): Max retries exceeded with url: /amtmedyaduyuru/2?embed=1&mode=tme (Caused by NameResolutionError("<urllib3.connection.HTTPSConnection object at 0x000002633FE991D0>: Failed to resolve 't.me' ([Errno 11001] getaddrinfo failed)"))
HTTPSConnectionPool(host='t.me', port=443): Max retries exceeded with url: /amtmedyaduyuru/2?embed=1&mode=tme (Caused by NameResolutionError("<urllib3.connection.HTTPSConnection object at 0x000002633C399BD0>: Failed to resolve 't.me' ([Errno 11001] getaddrinfo failed)"))
HTTPSConnectionPool(host='t.me', port=443): Max retries exceeded with url: /amtmedyaduyuru/2?embed=1&mode=tme (Caused by NameResolutionError("<urllib3.connection.HTTPSConnection object at 0x000002634082D7D0>: Failed to resolve 't.me' ([Errno 11001] getaddrinfo failed)"))
HTTPSConnectionPool(host='t.me', port=443): Max retries exceeded with url: /amtmedyaduyuru/2?embed=1&mode=tme (Caused by NameResolutionError("<urllib3.connection.HTTPSConnection object at 0x0000026340B5CC10>: Failed to resolve 't.me' ([Errno 11001] getaddrinfo failed)"))
HTTPSConnectionPool(host='t.me', port=443): Max retries exceeded with url: /amtmedyaduyuru/2?embed=1&mode=tme (Caused by NameResolutionError("<urllib3.connection.HTTPSConnection object at 0x0000026340444510>: Failed to resolve 't.me' ([Errno 11001] getaddrinfo failed)"))
HTTPSConnectionPool(host='t.me', port=443): Max retries exceeded with url: /amtmedyaduyuru/2?embed=1&mode=tme (Caused by NameResolutionError("<urllib3.connection.HTTPSConnection object at 0x0000026340634050>: Failed to resolve 't.me' ([Errno 11001] getaddrinfo failed)"))
HTTPSConnectionPool(host='t.me', port=443): Max retries exceeded with url: /amtmedyaduyuru/2?embed=1&mode=tme (Caused by NameResolutionError("<urllib3.connection.HTTPSConnection object at 0x0000026340398F10>: Failed to resolve 't.me' ([Errno 11001] getaddrinfo failed)"))
HTTPSConnectionPool(host='t.me', port=443): Max retries exceeded with url: /amtmedyaduyuru/2?embed=1&mode=tme (Caused by NameResolutionError("<urllib3.connection.HTTPSConnection object at 0x000002633F880710>: Failed to resolve 't.me' ([Errno 11001] getaddrinfo failed)"))
HTTPSConnectionPool(host='t.me', port=443): Max retries exceeded with url: /amtmedyaduyuru/2?embed=1&mode=tme (Caused by NameResolutionError("<urllib3.connection.HTTPSConnection object at 0x000002633C750690>: Failed to resolve 't.me' ([Errno 11001] getaddrinfo failed)"))
HTTPSConnectionPool(host='t.me', port=443): Max retries exceeded with url: /amtmedyaduyuru/2?embed=1&mode=tme (Caused by NameResolutionError("<urllib3.connection.HTTPSConnection object at 0x0000026340138290>: Failed to resolve 't.me' ([Errno 11001] getaddrinfo failed)"))
HTTPSConnectionPool(host='t.me', port=443): Max retries exceeded with url: /amtmedyaduyuru/2?embed=1&mode=tme (Caused by NameResolutionError("<urllib3.connection.HTTPSConnection object at 0x0000026340F53110>: Failed to resolve 't.me' ([Errno 11001] getaddrinfo failed)"))
HTTPSConnectionPool(host='t.me', port=443): Max retries exceeded with url: /amtmedyaduyuru/2?embed=1&mode=tme (Caused by NameResolutionError("<urllib3.connection.HTTPSConnection object at 0x0000026340F5F090>: Failed to resolve 't.me' ([Errno 11001] getaddrinfo failed)"))
HTTPSConnectionPool(host='t.me', port=443): Max retries exceeded with url: /amtmedyaduyuru/2?embed=1&mode=tme (Caused by NameResolutionError("<urllib3.connection.HTTPSConnection object at 0x0000026340F73810>: Failed to resolve 't.me' ([Errno 11001] getaddrinfo failed)"))
HTTPSConnectionPool(host='t.me', port=443): Max retries exceeded with url: /amtmedyaduyuru/2?embed=1&mode=tme (Caused by NameResolutionError("<urllib3.connection.HTTPSConnection object at 0x0000026340F70710>: Failed to resolve 't.me' ([Errno 11001] getaddrinfo failed)"))
HTTPSConnectionPool(host='t.me', port=443): Max retries exceeded with url: /amtmedyaduyuru/2?embed=1&mode=tme (Caused by NameResolutionError("<urllib3.connection.HTTPSConnection object at 0x000002633668C410>: Failed to resolve 't.me' ([Errno 11001] getaddrinfo failed)"))
HTTPSConnectionPool(host='t.me', port=443): Max retries exceeded with url: /amtmedyaduyuru/2?embed=1&mode=tme (Caused by NameResolutionError("<urllib3.connection.HTTPSConnection object at 0x0000026340F5EB50>: Failed to resolve 't.me' ([Errno 11001] getaddrinfo failed)"))
HTTPSConnectionPool(host='t.me', port=443): Max retries exceeded with url: /amtmedyaduyuru/2?embed=1&mode=tme (Caused by NameResolutionError("<urllib3.connection.HTTPSConnection object at 0x00000263401D2690>: Failed to resolve 't.me' ([Errno 11001] getaddrinfo failed)"))
HTTPSConnectionPool(host='t.me', port=443): Max retries exceeded with url: /amtmedyaduyuru/2?embed=1&mode=tme (Caused by NameResolutionError("<urllib3.connection.HTTPSConnection object at 0x0000026340138290>: Failed to resolve 't.me' ([Errno 11001] getaddrinfo failed)"))
HTTPSConnectionPool(host='t.me', port=443): Max retries exceeded with url: /amtmedyaduyuru/2?embed=1&mode=tme (Caused by NameResolutionError("<urllib3.connection.HTTPSConnection object at 0x00000263408C52D0>: Failed to resolve 't.me' ([Errno 11001] getaddrinfo failed)"))
HTTPSConnectionPool(host='t.me', port=443): Max retries exceeded with url: /amtmedyaduyuru/2?embed=1&mode=tme (Caused by NameResolutionError("<urllib3.connection.HTTPSConnection object at 0x0000026340F706D0>: Failed to resolve 't.me' ([Errno 11001] getaddrinfo failed)"))
HTTPSConnectionPool(host='t.me', port=443): Max retries exceeded with url: /amtmedyaduyuru/2?embed=1&mode=tme (Caused by NameResolutionError("<urllib3.connection.HTTPSConnection object at 0x00000263404D6F50>: Failed to resolve 't.me' ([Errno 11001] getaddrinfo failed)"))
HTTPSConnectionPool(host='t.me', port=443): Max retries exceeded with url: /amtmedyaduyuru/2?embed=1&mode=tme (Caused by NameResolutionError("<urllib3.connection.HTTPSConnection object at 0x00000263407E3750>: Failed to resolve 't.me' ([Errno 11001] getaddrinfo failed)"))
HTTPSConnectionPool(host='t.me', port=443): Max retries exceeded with url: /amtmedyaduyuru/2?embed=1&mode=tme (Caused by NameResolutionError("<urllib3.connection.HTTPSConnection object at 0x00000263402AC6D0>: Failed to resolve 't.me' ([Errno 11001] getaddrinfo failed)"))
HTTPSConnectionPool(host='t.me', port=443): Max retries exceeded with url: /amtmedyaduyuru/2?embed=1&mode=tme (Caused by NameResolutionError("<urllib3.connection.HTTPSConnection object at 0x0000026340CF6E90>: Failed to resolve 't.me' ([Errno 11001] getaddrinfo failed)"))
HTTPSConnectionPool(host='t.me', port=443): Max retries exceeded with url: /amtmedyaduyuru/2?embed=1&mode=tme (Caused by NameResolutionError("<urllib3.connection.HTTPSConnection object at 0x000002634013AF10>: Failed to resolve 't.me' ([Errno 11001] getaddrinfo failed)"))
HTTPSConnectionPool(host='t.me', port=443): Max retries exceeded with url: /amtmedyaduyuru/2?embed=1&mode=tme (Caused by NameResolutionError("<urllib3.connection.HTTPSConnection object at 0x0000026340F5F810>: Failed to resolve 't.me' ([Errno 11001] getaddrinfo failed)"))
HTTPSConnectionPool(host='t.me', port=443): Max retries exceeded with url: /amtmedyaduyuru/2?embed=1&mode=tme (Caused by NameResolutionError("<urllib3.connection.HTTPSConnection object at 0x000002633FD606D0>: Failed to resolve 't.me' ([Errno 11001] getaddrinfo failed)"))
HTTPSConnectionPool(host='t.me', port=443): Max retries exceeded with url: /amtmedyaduyuru/2?embed=1&mode=tme (Caused by NameResolutionError("<urllib3.connection.HTTPSConnection object at 0x0000026338C8B850>: Failed to resolve 't.me' ([Errno 11001] getaddrinfo failed)"))
HTTPSConnectionPool(host='t.me', port=443): Max retries exceeded with url: /amtmedyaduyuru/2?embed=1&mode=tme (Caused by NameResolutionError("<urllib3.connection.HTTPSConnection object at 0x0000026340F72550>: Failed to resolve 't.me' ([Errno 11001] getaddrinfo failed)"))
HTTPSConnectionPool(host='t.me', port=443): Max retries exceeded with url: /amtmedyaduyuru/2?embed=1&mode=tme (Caused by NameResolutionError("<urllib3.connection.HTTPSConnection object at 0x0000026340F705D0>: Failed to resolve 't.me' ([Errno 11001] getaddrinfo failed)"))
HTTPSConnectionPool(host='t.me', port=443): Max retries exceeded with url: /amtmedyaduyuru/2?embed=1&mode=tme (Caused by NameResolutionError("<urllib3.connection.HTTPSConnection object at 0x0000026340F7D450>: Failed to resolve 't.me' ([Errno 11001] getaddrinfo failed)"))
HTTPSConnectionPool(host='t.me', port=443): Max retries exceeded with url: /amtmedyaduyuru/2?embed=1&mode=tme (Caused by NameResolutionError("<urllib3.connection.HTTPSConnection object at 0x0000026338B20190>: Failed to resolve 't.me' ([Errno 11001] getaddrinfo failed)"))
HTTPSConnectionPool(host='t.me', port=443): Max retries exceeded with url: /amtmedyaduyuru/2?embed=1&mode=tme (Caused by NameResolutionError("<urllib3.connection.HTTPSConnection object at 0x0000026340775990>: Failed to resolve 't.me' ([Errno 11001] getaddrinfo failed)"))
HTTPSConnectionPool(host='t.me', port=443): Max retries exceeded with url: /amtmedyaduyuru/2?embed=1&mode=tme (Caused by NameResolutionError("<urllib3.connection.HTTPSConnection object at 0x000002633FAE0AD0>: Failed to resolve 't.me' ([Errno 11001] getaddrinfo failed)"))
HTTPSConnectionPool(host='t.me', port=443): Max retries exceeded with url: /amtmedyaduyuru/2?embed=1&mode=tme (Caused by NameResolutionError("<urllib3.connection.HTTPSConnection object at 0x000002633C3723D0>: Failed to resolve 't.me' ([Errno 11001] getaddrinfo failed)"))
HTTPSConnectionPool(host='t.me', port=443): Max retries exceeded with url: /amtmedyaduyuru/2?embed=1&mode=tme (Caused by NameResolutionError("<urllib3.connection.HTTPSConnection object at 0x0000026340F706D0>: Failed to resolve 't.me' ([Errno 11001] getaddrinfo failed)"))
HTTPSConnectionPool(host='t.me', port=443): Max retries exceeded with url: /amtmedyaduyuru/2?embed=1&mode=tme (Caused by NameResolutionError("<urllib3.connection.HTTPSConnection object at 0x00000263402AE2D0>: Failed to resolve 't.me' ([Errno 11001] getaddrinfo failed)"))
HTTPSConnectionPool(host='t.me', port=443): Max retries exceeded with url: /amtmedyaduyuru/2?embed=1&mode=tme (Caused by NameResolutionError("<urllib3.connection.HTTPSConnection object at 0x0000026340378BD0>: Failed to resolve 't.me' ([Errno 11001] getaddrinfo failed)"))
HTTPSConnectionPool(host='t.me', port=443): Max retries exceeded with url: /amtmedyaduyuru/2?embed=1&mode=tme (Caused by NameResolutionError("<urllib3.connection.HTTPSConnection object at 0x0000026340F708D0>: Failed to resolve 't.me' ([Errno 11001] getaddrinfo failed)"))
HTTPSConnectionPool(host='t.me', port=443): Max retries exceeded with url: /amtmedyaduyuru/2?embed=1&mode=tme (Caused by NameResolutionError("<urllib3.connection.HTTPSConnection object at 0x000002633C41FF10>: Failed to resolve 't.me' ([Errno 11001] getaddrinfo failed)"))
HTTPSConnectionPool(host='t.me', port=443): Max retries exceeded with url: /amtmedyaduyuru/2?embed=1&mode=tme (Caused by NameResolutionError("<urllib3.connection.HTTPSConnection object at 0x0000026340F7D990>: Failed to resolve 't.me' ([Errno 11001] getaddrinfo failed)"))
HTTPSConnectionPool(host='t.me', port=443): Max retries exceeded with url: /amtmedyaduyuru/2?embed=1&mode=tme (Caused by NameResolutionError("<urllib3.connection.HTTPSConnection object at 0x00000263408D98D0>: Failed to resolve 't.me' ([Errno 11001] getaddrinfo failed)"))
HTTPSConnectionPool(host='t.me', port=443): Max retries exceeded with url: /amtmedyaduyuru/2?embed=1&mode=tme (Caused by NameResolutionError("<urllib3.connection.HTTPSConnection object at 0x000002633E063A50>: Failed to resolve 't.me' ([Errno 11001] getaddrinfo failed)"))
HTTPSConnectionPool(host='t.me', port=443): Max retries exceeded with url: /amtmedyaduyuru/2?embed=1&mode=tme (Caused by NameResolutionError("<urllib3.connection.HTTPSConnection object at 0x0000026340C9C9D0>: Failed to resolve 't.me' ([Errno 11001] getaddrinfo failed)"))
HTTPSConnectionPool(host='t.me', port=443): Max retries exceeded with url: /amtmedyaduyuru/2?embed=1&mode=tme (Caused by NameResolutionError("<urllib3.connection.HTTPSConnection object at 0x0000026340777150>: Failed to resolve 't.me' ([Errno 11001] getaddrinfo failed)"))
HTTPSConnectionPool(host='t.me', port=443): Max retries exceeded with url: /amtmedyaduyuru/2?embed=1&mode=tme (Caused by NameResolutionError("<urllib3.connection.HTTPSConnection object at 0x000002634050ADD0>: Failed to resolve 't.me' ([Errno 11001] getaddrinfo failed)"))
HTTPSConnectionPool(host='t.me', port=443): Max retries exceeded with url: /amtmedyaduyuru/2?embed=1&mode=tme (Caused by NameResolutionError("<urllib3.connection.HTTPSConnection object at 0x0000026340F72D10>: Failed to resolve 't.me' ([Errno 11001] getaddrinfo failed)"))
HTTPSConnectionPool(host='t.me', port=443): Max retries exceeded with url: /amtmedyaduyuru/2?embed=1&mode=tme (Caused by NameResolutionError("<urllib3.connection.HTTPSConnection object at 0x000002633FE84650>: Failed to resolve 't.me' ([Errno 11001] getaddrinfo failed)"))
HTTPSConnectionPool(host='t.me', port=443): Max retries exceeded with url: /amtmedyaduyuru/2?embed=1&mode=tme (Caused by NameResolutionError("<urllib3.connection.HTTPSConnection object at 0x000002633C3CA750>: Failed to resolve 't.me' ([Errno 11001] getaddrinfo failed)"))
HTTPSConnectionPool(host='t.me', port=443): Max retries exceeded with url: /amtmedyaduyuru/2?embed=1&mode=tme (Caused by NameResolutionError("<urllib3.connection.HTTPSConnection object at 0x000002633FEC3910>: Failed to resolve 't.me' ([Errno 11001] getaddrinfo failed)"))
HTTPSConnectionPool(host='t.me', port=443): Max retries exceeded with url: /amtmedyaduyuru/2?embed=1&mode=tme (Caused by NameResolutionError("<urllib3.connection.HTTPSConnection object at 0x000002633B6C1550>: Failed to resolve 't.me' ([Errno 11001] getaddrinfo failed)"))
HTTPSConnectionPool(host='t.me', port=443): Max retries exceeded with url: /amtmedyaduyuru/2?embed=1&mode=tme (Caused by NameResolutionError("<urllib3.connection.HTTPSConnection object at 0x00000263408751D0>: Failed to resolve 't.me' ([Errno 11001] getaddrinfo failed)"))
HTTPSConnectionPool(host='t.me', port=443): Max retries exceeded with url: /amtmedyaduyuru/2?embed=1&mode=tme (Caused by NameResolutionError("<urllib3.connection.HTTPSConnection object at 0x000002633B83D210>: Failed to resolve 't.me' ([Errno 11001] getaddrinfo failed)"))
HTTPSConnectionPool(host='t.me', port=443): Max retries exceeded with url: /amtmedyaduyuru/2?embed=1&mode=tme (Caused by NameResolutionError("<urllib3.connection.HTTPSConnection object at 0x000002633CFAC050>: Failed to resolve 't.me' ([Errno 11001] getaddrinfo failed)"))
HTTPSConnectionPool(host='t.me', port=443): Max retries exceeded with url: /amtmedyaduyuru/2?embed=1&mode=tme (Caused by NameResolutionError("<urllib3.connection.HTTPSConnection object at 0x0000026340912410>: Failed to resolve 't.me' ([Errno 11001] getaddrinfo failed)"))
HTTPSConnectionPool(host='t.me', port=443): Max retries exceeded with url: /amtmedyaduyuru/2?embed=1&mode=tme (Caused by NameResolutionError("<urllib3.connection.HTTPSConnection object at 0x000002633B67B010>: Failed to resolve 't.me' ([Errno 11001] getaddrinfo failed)"))
HTTPSConnectionPool(host='t.me', port=443): Max retries exceeded with url: /amtmedyaduyuru/2?embed=1&mode=tme (Caused by NameResolutionError("<urllib3.connection.HTTPSConnection object at 0x000002634022EC50>: Failed to resolve 't.me' ([Errno 11001] getaddrinfo failed)"))
HTTPSConnectionPool(host='t.me', port=443): Max retries exceeded with url: /amtmedyaduyuru/2?embed=1&mode=tme (Caused by NameResolutionError("<urllib3.connection.HTTPSConnection object at 0x000002633C2EBE50>: Failed to resolve 't.me' ([Errno 11001] getaddrinfo failed)"))
HTTPSConnectionPool(host='t.me', port=443): Max retries exceeded with url: /amtmedyaduyuru/2?embed=1&mode=tme (Caused by NameResolutionError("<urllib3.connection.HTTPSConnection object at 0x000002634050D050>: Failed to resolve 't.me' ([Errno 11001] getaddrinfo failed)"))
HTTPSConnectionPool(host='t.me', port=443): Max retries exceeded with url: /amtmedyaduyuru/2?embed=1&mode=tme (Caused by NameResolutionError("<urllib3.connection.HTTPSConnection object at 0x0000026340B2E8D0>: Failed to resolve 't.me' ([Errno 11001] getaddrinfo failed)"))
HTTPSConnectionPool(host='t.me', port=443): Max retries exceeded with url: /amtmedyaduyuru/2?embed=1&mode=tme (Caused by NameResolutionError("<urllib3.connection.HTTPSConnection object at 0x000002633FD60250>: Failed to resolve 't.me' ([Errno 11001] getaddrinfo failed)"))
HTTPSConnectionPool(host='t.me', port=443): Max retries exceeded with url: /amtmedyaduyuru/2?embed=1&mode=tme (Caused by NameResolutionError("<urllib3.connection.HTTPSConnection object at 0x000002634022ECD0>: Failed to resolve 't.me' ([Errno 11001] getaddrinfo failed)"))
HTTPSConnectionPool(host='t.me', port=443): Max retries exceeded with url: /amtmedyaduyuru/2?embed=1&mode=tme (Caused by NameResolutionError("<urllib3.connection.HTTPSConnection object at 0x0000026333943B90>: Failed to resolve 't.me' ([Errno 11001] getaddrinfo failed)"))
HTTPSConnectionPool(host='t.me', port=443): Max retries exceeded with url: /amtmedyaduyuru/2?embed=1&mode=tme (Caused by NameResolutionError("<urllib3.connection.HTTPSConnection object at 0x00000263405D9410>: Failed to resolve 't.me' ([Errno 11001] getaddrinfo failed)"))
HTTPSConnectionPool(host='t.me', port=443): Max retries exceeded with url: /amtmedyaduyuru/2?embed=1&mode=tme (Caused by NameResolutionError("<urllib3.connection.HTTPSConnection object at 0x0000026340F70CD0>: Failed to resolve 't.me' ([Errno 11001] getaddrinfo failed)"))
HTTPSConnectionPool(host='t.me', port=443): Max retries exceeded with url: /amtmedyaduyuru/2?embed=1&mode=tme (Caused by NameResolutionError("<urllib3.connection.HTTPSConnection object at 0x00000263401A7E90>: Failed to resolve 't.me' ([Errno 11001] getaddrinfo failed)"))
HTTPSConnectionPool(host='t.me', port=443): Max retries exceeded with url: /amtmedyaduyuru/2?embed=1&mode=tme (Caused by NameResolutionError("<urllib3.connection.HTTPSConnection object at 0x000002633C3F5150>: Failed to resolve 't.me' ([Errno 11001] getaddrinfo failed)"))
HTTPSConnectionPool(host='t.me', port=443): Max retries exceeded with url: /amtmedyaduyuru/2?embed=1&mode=tme (Caused by NameResolutionError("<urllib3.connection.HTTPSConnection object at 0x000002633A8CB9D0>: Failed to resolve 't.me' ([Errno 11001] getaddrinfo failed)"))
HTTPSConnectionPool(host='t.me', port=443): Max retries exceeded with url: /amtmedyaduyuru/2?embed=1&mode=tme (Caused by NameResolutionError("<urllib3.connection.HTTPSConnection object at 0x0000026340B51090>: Failed to resolve 't.me' ([Errno 11001] getaddrinfo failed)"))
HTTPSConnectionPool(host='t.me', port=443): Max retries exceeded with url: /amtmedyaduyuru/2?embed=1&mode=tme (Caused by NameResolutionError("<urllib3.connection.HTTPSConnection object at 0x000002633FF016D0>: Failed to resolve 't.me' ([Errno 11001] getaddrinfo failed)"))
HTTPSConnectionPool(host='t.me', port=443): Max retries exceeded with url: /amtmedyaduyuru/2?embed=1&mode=tme (Caused by NameResolutionError("<urllib3.connection.HTTPSConnection object at 0x0000026340CF4910>: Failed to resolve 't.me' ([Errno 11001] getaddrinfo failed)"))
HTTPSConnectionPool(host='t.me', port=443): Max retries exceeded with url: /amtmedyaduyuru/2?embed=1&mode=tme (Caused by NameResolutionError("<urllib3.connection.HTTPSConnection object at 0x000002633CF9F590>: Failed to resolve 't.me' ([Errno 11001] getaddrinfo failed)"))
HTTPSConnectionPool(host='t.me', port=443): Max retries exceeded with url: /amtmedyaduyuru/2?embed=1&mode=tme (Caused by NameResolutionError("<urllib3.connection.HTTPSConnection object at 0x0000026340F72710>: Failed to resolve 't.me' ([Errno 11001] getaddrinfo failed)"))
HTTPSConnectionPool(host='t.me', port=443): Max retries exceeded with url: /amtmedyaduyuru/2?embed=1&mode=tme (Caused by NameResolutionError("<urllib3.connection.HTTPSConnection object at 0x000002633FB39F50>: Failed to resolve 't.me' ([Errno 11001] getaddrinfo failed)"))
HTTPSConnectionPool(host='t.me', port=443): Max retries exceeded with url: /amtmedyaduyuru/2?embed=1&mode=tme (Caused by NameResolutionError("<urllib3.connection.HTTPSConnection object at 0x00000263408C4B10>: Failed to resolve 't.me' ([Errno 11001] getaddrinfo failed)"))
HTTPSConnectionPool(host='t.me', port=443): Max retries exceeded with url: /amtmedyaduyuru/2?embed=1&mode=tme (Caused by NameResolutionError("<urllib3.connection.HTTPSConnection object at 0x000002633FC97DD0>: Failed to resolve 't.me' ([Errno 11001] getaddrinfo failed)"))
HTTPSConnectionPool(host='t.me', port=443): Max retries exceeded with url: /amtmedyaduyuru/2?embed=1&mode=tme (Caused by NameResolutionError("<urllib3.connection.HTTPSConnection object at 0x0000026340F5E350>: Failed to resolve 't.me' ([Errno 11001] getaddrinfo failed)"))
HTTPSConnectionPool(host='t.me', port=443): Max retries exceeded with url: /amtmedyaduyuru/2?embed=1&mode=tme (Caused by NameResolutionError("<urllib3.connection.HTTPSConnection object at 0x000002633B660850>: Failed to resolve 't.me' ([Errno 11001] getaddrinfo failed)"))
HTTPSConnectionPool(host='t.me', port=443): Max retries exceeded with url: /amtmedyaduyuru/2?embed=1&mode=tme (Caused by NameResolutionError("<urllib3.connection.HTTPSConnection object at 0x000002633AC3A310>: Failed to resolve 't.me' ([Errno 11001] getaddrinfo failed)"))
HTTPSConnectionPool(host='t.me', port=443): Max retries exceeded with url: /amtmedyaduyuru/2?embed=1&mode=tme (Caused by NameResolutionError("<urllib3.connection.HTTPSConnection object at 0x000002633FEDFC10>: Failed to resolve 't.me' ([Errno 11001] getaddrinfo failed)"))
HTTPSConnectionPool(host='t.me', port=443): Max retries exceeded with url: /amtmedyaduyuru/2?embed=1&mode=tme (Caused by NameResolutionError("<urllib3.connection.HTTPSConnection object at 0x00000263403E9C10>: Failed to resolve 't.me' ([Errno 11001] getaddrinfo failed)"))
HTTPSConnectionPool(host='t.me', port=443): Max retries exceeded with url: /amtmedyaduyuru/2?embed=1&mode=tme (Caused by NameResolutionError("<urllib3.connection.HTTPSConnection object at 0x0000026340F714D0>: Failed to resolve 't.me' ([Errno 11001] getaddrinfo failed)"))
HTTPSConnectionPool(host='t.me', port=443): Max retries exceeded with url: /amtmedyaduyuru/2?embed=1&mode=tme (Caused by NameResolutionError("<urllib3.connection.HTTPSConnection object at 0x00000263404182D0>: Failed to resolve 't.me' ([Errno 11001] getaddrinfo failed)"))
HTTPSConnectionPool(host='t.me', port=443): Max retries exceeded with url: /amtmedyaduyuru/2?embed=1&mode=tme (Caused by NameResolutionError("<urllib3.connection.HTTPSConnection object at 0x0000026340F7CC50>: Failed to resolve 't.me' ([Errno 11001] getaddrinfo failed)"))
HTTPSConnectionPool(host='t.me', port=443): Max retries exceeded with url: /amtmedyaduyuru/2?embed=1&mode=tme (Caused by NameResolutionError("<urllib3.connection.HTTPSConnection object at 0x0000026340A04690>: Failed to resolve 't.me' ([Errno 11001] getaddrinfo failed)"))
HTTPSConnectionPool(host='t.me', port=443): Max retries exceeded with url: /amtmedyaduyuru/2?embed=1&mode=tme (Caused by NameResolutionError("<urllib3.connection.HTTPSConnection object at 0x0000026336586790>: Failed to resolve 't.me' ([Errno 11001] getaddrinfo failed)"))
HTTPSConnectionPool(host='t.me', port=443): Max retries exceeded with url: /amtmedyaduyuru/2?embed=1&mode=tme (Caused by NameResolutionError("<urllib3.connection.HTTPSConnection object at 0x00000263407CB290>: Failed to resolve 't.me' ([Errno 11001] getaddrinfo failed)"))
HTTPSConnectionPool(host='t.me', port=443): Max retries exceeded with url: /amtmedyaduyuru/2?embed=1&mode=tme (Caused by NameResolutionError("<urllib3.connection.HTTPSConnection object at 0x0000026339493B90>: Failed to resolve 't.me' ([Errno 11001] getaddrinfo failed)"))
HTTPSConnectionPool(host='t.me', port=443): Max retries exceeded with url: /amtmedyaduyuru/2?embed=1&mode=tme (Caused by NameResolutionError("<urllib3.connection.HTTPSConnection object at 0x00000263403E8D50>: Failed to resolve 't.me' ([Errno 11001] getaddrinfo failed)"))
HTTPSConnectionPool(host='t.me', port=443): Max retries exceeded with url: /amtmedyaduyuru/2?embed=1&mode=tme (Caused by NameResolutionError("<urllib3.connection.HTTPSConnection object at 0x00000263364D4F90>: Failed to resolve 't.me' ([Errno 11001] getaddrinfo failed)"))
HTTPSConnectionPool(host='t.me', port=443): Max retries exceeded with url: /amtmedyaduyuru/2?embed=1&mode=tme (Caused by NameResolutionError("<urllib3.connection.HTTPSConnection object at 0x000002634058CE50>: Failed to resolve 't.me' ([Errno 11001] getaddrinfo failed)"))
HTTPSConnectionPool(host='t.me', port=443): Max retries exceeded with url: /amtmedyaduyuru/2?embed=1&mode=tme (Caused by NameResolutionError("<urllib3.connection.HTTPSConnection object at 0x00000263403E8E10>: Failed to resolve 't.me' ([Errno 11001] getaddrinfo failed)"))
HTTPSConnectionPool(host='t.me', port=443): Max retries exceeded with url: /amtmedyaduyuru/2?embed=1&mode=tme (Caused by NameResolutionError("<urllib3.connection.HTTPSConnection object at 0x000002633DFD2B10>: Failed to resolve 't.me' ([Errno 11001] getaddrinfo failed)"))
HTTPSConnectionPool(host='t.me', port=443): Max retries exceeded with url: /amtmedyaduyuru/2?embed=1&mode=tme (Caused by NameResolutionError("<urllib3.connection.HTTPSConnection object at 0x00000263402F0A50>: Failed to resolve 't.me' ([Errno 11001] getaddrinfo failed)"))
HTTPSConnectionPool(host='t.me', port=443): Max retries exceeded with url: /amtmedyaduyuru/2?embed=1&mode=tme (Caused by NameResolutionError("<urllib3.connection.HTTPSConnection object at 0x00000263403AEE90>: Failed to resolve 't.me' ([Errno 11001] getaddrinfo failed)"))
HTTPSConnectionPool(host='t.me', port=443): Max retries exceeded with url: /amtmedyaduyuru/2?embed=1&mode=tme (Caused by NameResolutionError("<urllib3.connection.HTTPSConnection object at 0x00000263407307D0>: Failed to resolve 't.me' ([Errno 11001] getaddrinfo failed)"))
HTTPSConnectionPool(host='t.me', port=443): Max retries exceeded with url: /amtmedyaduyuru/2?embed=1&mode=tme (Caused by NameResolutionError("<urllib3.connection.HTTPSConnection object at 0x000002633F8211D0>: Failed to resolve 't.me' ([Errno 11001] getaddrinfo failed)"))
HTTPSConnectionPool(host='t.me', port=443): Max retries exceeded with url: /amtmedyaduyuru/2?embed=1&mode=tme (Caused by NameResolutionError("<urllib3.connection.HTTPSConnection object at 0x000002633FC4E990>: Failed to resolve 't.me' ([Errno 11001] getaddrinfo failed)"))
HTTPSConnectionPool(host='t.me', port=443): Max retries exceeded with url: /amtmedyaduyuru/2?embed=1&mode=tme (Caused by NameResolutionError("<urllib3.connection.HTTPSConnection object at 0x0000026340B50950>: Failed to resolve 't.me' ([Errno 11001] getaddrinfo failed)"))
HTTPSConnectionPool(host='t.me', port=443): Max retries exceeded with url: /amtmedyaduyuru/2?embed=1&mode=tme (Caused by NameResolutionError("<urllib3.connection.HTTPSConnection object at 0x000002633AE4BF50>: Failed to resolve 't.me' ([Errno 11001] getaddrinfo failed)"))
HTTPSConnectionPool(host='t.me', port=443): Max retries exceeded with url: /amtmedyaduyuru/2?embed=1&mode=tme (Caused by NameResolutionError("<urllib3.connection.HTTPSConnection object at 0x000002633C647FD0>: Failed to resolve 't.me' ([Errno 11001] getaddrinfo failed)"))
HTTPSConnectionPool(host='t.me', port=443): Max retries exceeded with url: /amtmedyaduyuru/2?embed=1&mode=tme (Caused by NameResolutionError("<urllib3.connection.HTTPSConnection object at 0x000002633FA3F2D0>: Failed to resolve 't.me' ([Errno 11001] getaddrinfo failed)"))
HTTPSConnectionPool(host='t.me', port=443): Max retries exceeded with url: /amtmedyaduyuru/2?embed=1&mode=tme (Caused by NameResolutionError("<urllib3.connection.HTTPSConnection object at 0x00000263401C1C10>: Failed to resolve 't.me' ([Errno 11001] getaddrinfo failed)"))
HTTPSConnectionPool(host='t.me', port=443): Max retries exceeded with url: /amtmedyaduyuru/2?embed=1&mode=tme (Caused by NameResolutionError("<urllib3.connection.HTTPSConnection object at 0x000002633C347A90>: Failed to resolve 't.me' ([Errno 11001] getaddrinfo failed)"))
HTTPSConnectionPool(host='t.me', port=443): Max retries exceeded with url: /amtmedyaduyuru/2?embed=1&mode=tme (Caused by NameResolutionError("<urllib3.connection.HTTPSConnection object at 0x000002633FEDF250>: Failed to resolve 't.me' ([Errno 11001] getaddrinfo failed)"))
HTTPSConnectionPool(host='t.me', port=443): Max retries exceeded with url: /amtmedyaduyuru/2?embed=1&mode=tme (Caused by NameResolutionError("<urllib3.connection.HTTPSConnection object at 0x00000263400526D0>: Failed to resolve 't.me' ([Errno 11001] getaddrinfo failed)"))
HTTPSConnectionPool(host='t.me', port=443): Max retries exceeded with url: /amtmedyaduyuru/2?embed=1&mode=tme (Caused by NameResolutionError("<urllib3.connection.HTTPSConnection object at 0x000002633B981010>: Failed to resolve 't.me' ([Errno 11001] getaddrinfo failed)"))
HTTPSConnectionPool(host='t.me', port=443): Max retries exceeded with url: /amtmedyaduyuru/2?embed=1&mode=tme (Caused by NameResolutionError("<urllib3.connection.HTTPSConnection object at 0x00000263408C4990>: Failed to resolve 't.me' ([Errno 11001] getaddrinfo failed)"))
HTTPSConnectionPool(host='t.me', port=443): Max retries exceeded with url: /amtmedyaduyuru/2?embed=1&mode=tme (Caused by NameResolutionError("<urllib3.connection.HTTPSConnection object at 0x0000026340CF7190>: Failed to resolve 't.me' ([Errno 11001] getaddrinfo failed)"))
HTTPSConnectionPool(host='t.me', port=443): Max retries exceeded with url: /amtmedyaduyuru/2?embed=1&mode=tme (Caused by NameResolutionError("<urllib3.connection.HTTPSConnection object at 0x0000026340D04A90>: Failed to resolve 't.me' ([Errno 11001] getaddrinfo failed)"))
HTTPSConnectionPool(host='t.me', port=443): Max retries exceeded with url: /amtmedyaduyuru/2?embed=1&mode=tme (Caused by NameResolutionError("<urllib3.connection.HTTPSConnection object at 0x0000026340D04DD0>: Failed to resolve 't.me' ([Errno 11001] getaddrinfo failed)"))
HTTPSConnectionPool(host='t.me', port=443): Max retries exceeded with url: /amtmedyaduyuru/2?embed=1&mode=tme (Caused by NameResolutionError("<urllib3.connection.HTTPSConnection object at 0x000002633FAE1D90>: Failed to resolve 't.me' ([Errno 11001] getaddrinfo failed)"))
HTTPSConnectionPool(host='t.me', port=443): Max retries exceeded with url: /amtmedyaduyuru/2?embed=1&mode=tme (Caused by NameResolutionError("<urllib3.connection.HTTPSConnection object at 0x0000026340B50F50>: Failed to resolve 't.me' ([Errno 11001] getaddrinfo failed)"))
HTTPSConnectionPool(host='t.me', port=443): Max retries exceeded with url: /amtmedyaduyuru/2?embed=1&mode=tme (Caused by NameResolutionError("<urllib3.connection.HTTPSConnection object at 0x000002633E270050>: Failed to resolve 't.me' ([Errno 11001] getaddrinfo failed)"))
HTTPSConnectionPool(host='t.me', port=443): Max retries exceeded with url: /amtmedyaduyuru/2?embed=1&mode=tme (Caused by NameResolutionError("<urllib3.connection.HTTPSConnection object at 0x0000026340B8AF90>: Failed to resolve 't.me' ([Errno 11001] getaddrinfo failed)"))
HTTPSConnectionPool(host='t.me', port=443): Max retries exceeded with url: /amtmedyaduyuru/2?embed=1&mode=tme (Caused by NameResolutionError("<urllib3.connection.HTTPSConnection object at 0x000002633B96BC90>: Failed to resolve 't.me' ([Errno 11001] getaddrinfo failed)"))
HTTPSConnectionPool(host='t.me', port=443): Max retries exceeded with url: /amtmedyaduyuru/2?embed=1&mode=tme (Caused by NameResolutionError("<urllib3.connection.HTTPSConnection object at 0x000002633FAECE90>: Failed to resolve 't.me' ([Errno 11001] getaddrinfo failed)"))
HTTPSConnectionPool(host='t.me', port=443): Max retries exceeded with url: /amtmedyaduyuru/2?embed=1&mode=tme (Caused by NameResolutionError("<urllib3.connection.HTTPSConnection object at 0x00000263406DE190>: Failed to resolve 't.me' ([Errno 11001] getaddrinfo failed)"))
HTTPSConnectionPool(host='t.me', port=443): Max retries exceeded with url: /amtmedyaduyuru/2?embed=1&mode=tme (Caused by NameResolutionError("<urllib3.connection.HTTPSConnection object at 0x0000026340876350>: Failed to resolve 't.me' ([Errno 11001] getaddrinfo failed)"))
HTTPSConnectionPool(host='t.me', port=443): Max retries exceeded with url: /amtmedyaduyuru/2?embed=1&mode=tme (Caused by NameResolutionError("<urllib3.connection.HTTPSConnection object at 0x0000026340912D50>: Failed to resolve 't.me' ([Errno 11001] getaddrinfo failed)"))
HTTPSConnectionPool(host='t.me', port=443): Max retries exceeded with url: /amtmedyaduyuru/2?embed=1&mode=tme (Caused by NameResolutionError("<urllib3.connection.HTTPSConnection object at 0x00000263405E63D0>: Failed to resolve 't.me' ([Errno 11001] getaddrinfo failed)"))
HTTPSConnectionPool(host='t.me', port=443): Max retries exceeded with url: /amtmedyaduyuru/2?embed=1&mode=tme (Caused by NameResolutionError("<urllib3.connection.HTTPSConnection object at 0x000002633FD3A6D0>: Failed to resolve 't.me' ([Errno 11001] getaddrinfo failed)"))
HTTPSConnectionPool(host='t.me', port=443): Max retries exceeded with url: /amtmedyaduyuru/2?embed=1&mode=tme (Caused by NameResolutionError("<urllib3.connection.HTTPSConnection object at 0x00000263381A3790>: Failed to resolve 't.me' ([Errno 11001] getaddrinfo failed)"))
HTTPSConnectionPool(host='t.me', port=443): Max retries exceeded with url: /amtmedyaduyuru/2?embed=1&mode=tme (Caused by NameResolutionError("<urllib3.connection.HTTPSConnection object at 0x000002633B716DD0>: Failed to resolve 't.me' ([Errno 11001] getaddrinfo failed)"))
HTTPSConnectionPool(host='t.me', port=443): Max retries exceeded with url: /amtmedyaduyuru/2?embed=1&mode=tme (Caused by NameResolutionError("<urllib3.connection.HTTPSConnection object at 0x0000026340585ED0>: Failed to resolve 't.me' ([Errno 11001] getaddrinfo failed)"))
HTTPSConnectionPool(host='t.me', port=443): Max retries exceeded with url: /amtmedyaduyuru/2?embed=1&mode=tme (Caused by NameResolutionError("<urllib3.connection.HTTPSConnection object at 0x0000026340EFA990>: Failed to resolve 't.me' ([Errno 11001] getaddrinfo failed)"))
HTTPSConnectionPool(host='t.me', port=443): Max retries exceeded with url: /amtmedyaduyuru/2?embed=1&mode=tme (Caused by NameResolutionError("<urllib3.connection.HTTPSConnection object at 0x000002633B632C50>: Failed to resolve 't.me' ([Errno 11001] getaddrinfo failed)"))
HTTPSConnectionPool(host='t.me', port=443): Max retries exceeded with url: /amtmedyaduyuru/2?embed=1&mode=tme (Caused by NameResolutionError("<urllib3.connection.HTTPSConnection object at 0x000002633A78CE90>: Failed to resolve 't.me' ([Errno 11001] getaddrinfo failed)"))
HTTPSConnectionPool(host='t.me', port=443): Max retries exceeded with url: /amtmedyaduyuru/2?embed=1&mode=tme (Caused by NameResolutionError("<urllib3.connection.HTTPSConnection object at 0x000002633CF68390>: Failed to resolve 't.me' ([Errno 11001] getaddrinfo failed)"))
HTTPSConnectionPool(host='t.me', port=443): Max retries exceeded with url: /amtmedyaduyuru/2?embed=1&mode=tme (Caused by NameResolutionError("<urllib3.connection.HTTPSConnection object at 0x0000026340827B90>: Failed to resolve 't.me' ([Errno 11001] getaddrinfo failed)"))
HTTPSConnectionPool(host='t.me', port=443): Max retries exceeded with url: /amtmedyaduyuru/2?embed=1&mode=tme (Caused by NameResolutionError("<urllib3.connection.HTTPSConnection object at 0x00000263408C3AD0>: Failed to resolve 't.me' ([Errno 11001] getaddrinfo failed)"))
HTTPSConnectionPool(host='t.me', port=443): Max retries exceeded with url: /amtmedyaduyuru/2?embed=1&mode=tme (Caused by NameResolutionError("<urllib3.connection.HTTPSConnection object at 0x0000026340EFAF90>: Failed to resolve 't.me' ([Errno 11001] getaddrinfo failed)"))
HTTPSConnectionPool(host='t.me', port=443): Max retries exceeded with url: /amtmedyaduyuru/2?embed=1&mode=tme (Caused by NameResolutionError("<urllib3.connection.HTTPSConnection object at 0x0000026340419F10>: Failed to resolve 't.me' ([Errno 11001] getaddrinfo failed)"))
HTTPSConnectionPool(host='t.me', port=443): Max retries exceeded with url: /amtmedyaduyuru/2?embed=1&mode=tme (Caused by NameResolutionError("<urllib3.connection.HTTPSConnection object at 0x00000263402F1150>: Failed to resolve 't.me' ([Errno 11001] getaddrinfo failed)"))
HTTPSConnectionPool(host='t.me', port=443): Max retries exceeded with url: /amtmedyaduyuru/2?embed=1&mode=tme (Caused by NameResolutionError("<urllib3.connection.HTTPSConnection object at 0x000002633FEED090>: Failed to resolve 't.me' ([Errno 11001] getaddrinfo failed)"))
HTTPSConnectionPool(host='t.me', port=443): Max retries exceeded with url: /amtmedyaduyuru/2?embed=1&mode=tme (Caused by NameResolutionError("<urllib3.connection.HTTPSConnection object at 0x0000026340C9E850>: Failed to resolve 't.me' ([Errno 11001] getaddrinfo failed)"))
HTTPSConnectionPool(host='t.me', port=443): Max retries exceeded with url: /amtmedyaduyuru/2?embed=1&mode=tme (Caused by NameResolutionError("<urllib3.connection.HTTPSConnection object at 0x000002633FDD5250>: Failed to resolve 't.me' ([Errno 11001] getaddrinfo failed)"))
HTTPSConnectionPool(host='t.me', port=443): Max retries exceeded with url: /amtmedyaduyuru/2?embed=1&mode=tme (Caused by NameResolutionError("<urllib3.connection.HTTPSConnection object at 0x0000026339310F50>: Failed to resolve 't.me' ([Errno 11001] getaddrinfo failed)"))
HTTPSConnectionPool(host='t.me', port=443): Max retries exceeded with url: /amtmedyaduyuru/2?embed=1&mode=tme (Caused by NameResolutionError("<urllib3.connection.HTTPSConnection object at 0x0000026340F5C7D0>: Failed to resolve 't.me' ([Errno 11001] getaddrinfo failed)"))
HTTPSConnectionPool(host='t.me', port=443): Max retries exceeded with url: /amtmedyaduyuru/2?embed=1&mode=tme (Caused by NameResolutionError("<urllib3.connection.HTTPSConnection object at 0x0000026340F7DD90>: Failed to resolve 't.me' ([Errno 11001] getaddrinfo failed)"))
HTTPSConnectionPool(host='t.me', port=443): Max retries exceeded with url: /amtmedyaduyuru/2?embed=1&mode=tme (Caused by NameResolutionError("<urllib3.connection.HTTPSConnection object at 0x000002633FE99A10>: Failed to resolve 't.me' ([Errno 11001] getaddrinfo failed)"))
HTTPSConnectionPool(host='t.me', port=443): Max retries exceeded with url: /amtmedyaduyuru/2?embed=1&mode=tme (Caused by NameResolutionError("<urllib3.connection.HTTPSConnection object at 0x0000026340C52310>: Failed to resolve 't.me' ([Errno 11001] getaddrinfo failed)"))
HTTPSConnectionPool(host='t.me', port=443): Max retries exceeded with url: /amtmedyaduyuru/2?embed=1&mode=tme (Caused by NameResolutionError("<urllib3.connection.HTTPSConnection object at 0x000002633A5C8D10>: Failed to resolve 't.me' ([Errno 11001] getaddrinfo failed)"))
HTTPSConnectionPool(host='t.me', port=443): Max retries exceeded with url: /amtmedyaduyuru/2?embed=1&mode=tme (Caused by NameResolutionError("<urllib3.connection.HTTPSConnection object at 0x0000026340909BD0>: Failed to resolve 't.me' ([Errno 11001] getaddrinfo failed)"))
HTTPSConnectionPool(host='t.me', port=443): Max retries exceeded with url: /amtmedyaduyuru/2?embed=1&mode=tme (Caused by NameResolutionError("<urllib3.connection.HTTPSConnection object at 0x0000026340D07C90>: Failed to resolve 't.me' ([Errno 11001] getaddrinfo failed)"))
HTTPSConnectionPool(host='t.me', port=443): Max retries exceeded with url: /amtmedyaduyuru/2?embed=1&mode=tme (Caused by NameResolutionError("<urllib3.connection.HTTPSConnection object at 0x000002633F865490>: Failed to resolve 't.me' ([Errno 11001] getaddrinfo failed)"))
HTTPSConnectionPool(host='t.me', port=443): Max retries exceeded with url: /amtmedyaduyuru/2?embed=1&mode=tme (Caused by NameResolutionError("<urllib3.connection.HTTPSConnection object at 0x0000026340C9F4D0>: Failed to resolve 't.me' ([Errno 11001] getaddrinfo failed)"))
HTTPSConnectionPool(host='t.me', port=443): Max retries exceeded with url: /amtmedyaduyuru/2?embed=1&mode=tme (Caused by NameResolutionError("<urllib3.connection.HTTPSConnection object at 0x0000026340D07150>: Failed to resolve 't.me' ([Errno 11001] getaddrinfo failed)"))
HTTPSConnectionPool(host='t.me', port=443): Max retries exceeded with url: /amtmedyaduyuru/2?embed=1&mode=tme (Caused by NameResolutionError("<urllib3.connection.HTTPSConnection object at 0x000002634096A350>: Failed to resolve 't.me' ([Errno 11001] getaddrinfo failed)"))
HTTPSConnectionPool(host='t.me', port=443): Max retries exceeded with url: /amtmedyaduyuru/2?embed=1&mode=tme (Caused by NameResolutionError("<urllib3.connection.HTTPSConnection object at 0x00000263401C4390>: Failed to resolve 't.me' ([Errno 11001] getaddrinfo failed)"))
HTTPSConnectionPool(host='t.me', port=443): Max retries exceeded with url: /amtmedyaduyuru/2?embed=1&mode=tme (Caused by NameResolutionError("<urllib3.connection.HTTPSConnection object at 0x000002633AA18F10>: Failed to resolve 't.me' ([Errno 11001] getaddrinfo failed)"))
HTTPSConnectionPool(host='t.me', port=443): Max retries exceeded with url: /amtmedyaduyuru/2?embed=1&mode=tme (Caused by NameResolutionError("<urllib3.connection.HTTPSConnection object at 0x0000026340538E90>: Failed to resolve 't.me' ([Errno 11001] getaddrinfo failed)"))
HTTPSConnectionPool(host='t.me', port=443): Max retries exceeded with url: /amtmedyaduyuru/2?embed=1&mode=tme (Caused by NameResolutionError("<urllib3.connection.HTTPSConnection object at 0x00000263409126D0>: Failed to resolve 't.me' ([Errno 11001] getaddrinfo failed)"))
HTTPSConnectionPool(host='t.me', port=443): Max retries exceeded with url: /amtmedyaduyuru/2?embed=1&mode=tme (Caused by NameResolutionError("<urllib3.connection.HTTPSConnection object at 0x0000026340F7CD50>: Failed to resolve 't.me' ([Errno 11001] getaddrinfo failed)"))
HTTPSConnectionPool(host='t.me', port=443): Max retries exceeded with url: /amtmedyaduyuru/2?embed=1&mode=tme (Caused by NameResolutionError("<urllib3.connection.HTTPSConnection object at 0x0000026340F7F050>: Failed to resolve 't.me' ([Errno 11001] getaddrinfo failed)"))
HTTPSConnectionPool(host='t.me', port=443): Max retries exceeded with url: /amtmedyaduyuru/2?embed=1&mode=tme (Caused by NameResolutionError("<urllib3.connection.HTTPSConnection object at 0x0000026340F94B90>: Failed to resolve 't.me' ([Errno 11001] getaddrinfo failed)"))
HTTPSConnectionPool(host='t.me', port=443): Max retries exceeded with url: /amtmedyaduyuru/2?embed=1&mode=tme (Caused by NameResolutionError("<urllib3.connection.HTTPSConnection object at 0x000002634011EB90>: Failed to resolve 't.me' ([Errno 11001] getaddrinfo failed)"))
HTTPSConnectionPool(host='t.me', port=443): Max retries exceeded with url: /amtmedyaduyuru/2?embed=1&mode=tme (Caused by NameResolutionError("<urllib3.connection.HTTPSConnection object at 0x0000026340B06E90>: Failed to resolve 't.me' ([Errno 11001] getaddrinfo failed)"))
HTTPSConnectionPool(host='t.me', port=443): Max retries exceeded with url: /amtmedyaduyuru/2?embed=1&mode=tme (Caused by NameResolutionError("<urllib3.connection.HTTPSConnection object at 0x0000026340F7DE10>: Failed to resolve 't.me' ([Errno 11001] getaddrinfo failed)"))
HTTPSConnectionPool(host='t.me', port=443): Max retries exceeded with url: /amtmedyaduyuru/2?embed=1&mode=tme (Caused by NameResolutionError("<urllib3.connection.HTTPSConnection object at 0x0000026340F7CAD0>: Failed to resolve 't.me' ([Errno 11001] getaddrinfo failed)"))
HTTPSConnectionPool(host='t.me', port=443): Max retries exceeded with url: /amtmedyaduyuru/2?embed=1&mode=tme (Caused by NameResolutionError("<urllib3.connection.HTTPSConnection object at 0x0000026340C9D450>: Failed to resolve 't.me' ([Errno 11001] getaddrinfo failed)"))
HTTPSConnectionPool(host='t.me', port=443): Max retries exceeded with url: /amtmedyaduyuru/2?embed=1&mode=tme (Caused by NameResolutionError("<urllib3.connection.HTTPSConnection object at 0x0000026340419ED0>: Failed to resolve 't.me' ([Errno 11001] getaddrinfo failed)"))
HTTPSConnectionPool(host='t.me', port=443): Max retries exceeded with url: /amtmedyaduyuru/2?embed=1&mode=tme (Caused by NameResolutionError("<urllib3.connection.HTTPSConnection object at 0x000002633DFEA6D0>: Failed to resolve 't.me' ([Errno 11001] getaddrinfo failed)"))
HTTPSConnectionPool(host='t.me', port=443): Max retries exceeded with url: /amtmedyaduyuru/2?embed=1&mode=tme (Caused by NameResolutionError("<urllib3.connection.HTTPSConnection object at 0x0000026340F7ED90>: Failed to resolve 't.me' ([Errno 11001] getaddrinfo failed)"))
HTTPSConnectionPool(host='t.me', port=443): Max retries exceeded with url: /amtmedyaduyuru/2?embed=1&mode=tme (Caused by NameResolutionError("<urllib3.connection.HTTPSConnection object at 0x000002633FD4C050>: Failed to resolve 't.me' ([Errno 11001] getaddrinfo failed)"))
HTTPSConnectionPool(host='t.me', port=443): Max retries exceeded with url: /amtmedyaduyuru/2?embed=1&mode=tme (Caused by NameResolutionError("<urllib3.connection.HTTPSConnection object at 0x0000026340934B50>: Failed to resolve 't.me' ([Errno 11001] getaddrinfo failed)"))
HTTPSConnectionPool(host='t.me', port=443): Max retries exceeded with url: /amtmedyaduyuru/2?embed=1&mode=tme (Caused by NameResolutionError("<urllib3.connection.HTTPSConnection object at 0x0000026340F94E90>: Failed to resolve 't.me' ([Errno 11001] getaddrinfo failed)"))
HTTPSConnectionPool(host='t.me', port=443): Max retries exceeded with url: /amtmedyaduyuru/2?embed=1&mode=tme (Caused by NameResolutionError("<urllib3.connection.HTTPSConnection object at 0x0000026340F5C650>: Failed to resolve 't.me' ([Errno 11001] getaddrinfo failed)"))
HTTPSConnectionPool(host='t.me', port=443): Max retries exceeded with url: /amtmedyaduyuru/2?embed=1&mode=tme (Caused by NameResolutionError("<urllib3.connection.HTTPSConnection object at 0x00000263408D8350>: Failed to resolve 't.me' ([Errno 11001] getaddrinfo failed)"))
HTTPSConnectionPool(host='t.me', port=443): Max retries exceeded with url: /amtmedyaduyuru/2?embed=1&mode=tme (Caused by NameResolutionError("<urllib3.connection.HTTPSConnection object at 0x000002633C438090>: Failed to resolve 't.me' ([Errno 11001] getaddrinfo failed)"))
HTTPSConnectionPool(host='t.me', port=443): Max retries exceeded with url: /amtmedyaduyuru/2?embed=1&mode=tme (Caused by NameResolutionError("<urllib3.connection.HTTPSConnection object at 0x0000026340F7DE50>: Failed to resolve 't.me' ([Errno 11001] getaddrinfo failed)"))
HTTPSConnectionPool(host='t.me', port=443): Max retries exceeded with url: /amtmedyaduyuru/2?embed=1&mode=tme (Caused by NameResolutionError("<urllib3.connection.HTTPSConnection object at 0x0000026340F7E690>: Failed to resolve 't.me' ([Errno 11001] getaddrinfo failed)"))
HTTPSConnectionPool(host='t.me', port=443): Max retries exceeded with url: /amtmedyaduyuru/2?embed=1&mode=tme (Caused by NameResolutionError("<urllib3.connection.HTTPSConnection object at 0x0000026340407590>: Failed to resolve 't.me' ([Errno 11001] getaddrinfo failed)"))
HTTPSConnectionPool(host='t.me', port=443): Max retries exceeded with url: /amtmedyaduyuru/2?embed=1&mode=tme (Caused by NameResolutionError("<urllib3.connection.HTTPSConnection object at 0x0000026340F96910>: Failed to resolve 't.me' ([Errno 11001] getaddrinfo failed)"))
HTTPSConnectionPool(host='t.me', port=443): Max retries exceeded with url: /amtmedyaduyuru/2?embed=1&mode=tme (Caused by NameResolutionError("<urllib3.connection.HTTPSConnection object at 0x00000263406DE190>: Failed to resolve 't.me' ([Errno 11001] getaddrinfo failed)"))
HTTPSConnectionPool(host='t.me', port=443): Max retries exceeded with url: /amtmedyaduyuru/2?embed=1&mode=tme (Caused by NameResolutionError("<urllib3.connection.HTTPSConnection object at 0x0000026340B71950>: Failed to resolve 't.me' ([Errno 11001] getaddrinfo failed)"))
HTTPSConnectionPool(host='t.me', port=443): Max retries exceeded with url: /amtmedyaduyuru/2?embed=1&mode=tme (Caused by NameResolutionError("<urllib3.connection.HTTPSConnection object at 0x000002633FA03690>: Failed to resolve 't.me' ([Errno 11001] getaddrinfo failed)"))
HTTPSConnectionPool(host='t.me', port=443): Max retries exceeded with url: /amtmedyaduyuru/2?embed=1&mode=tme (Caused by NameResolutionError("<urllib3.connection.HTTPSConnection object at 0x0000026340F7E810>: Failed to resolve 't.me' ([Errno 11001] getaddrinfo failed)"))
HTTPSConnectionPool(host='t.me', port=443): Max retries exceeded with url: /amtmedyaduyuru/2?embed=1&mode=tme (Caused by NameResolutionError("<urllib3.connection.HTTPSConnection object at 0x0000026340F7DE50>: Failed to resolve 't.me' ([Errno 11001] getaddrinfo failed)"))
HTTPSConnectionPool(host='t.me', port=443): Max retries exceeded with url: /amtmedyaduyuru/2?embed=1&mode=tme (Caused by NameResolutionError("<urllib3.connection.HTTPSConnection object at 0x000002633C35E850>: Failed to resolve 't.me' ([Errno 11001] getaddrinfo failed)"))
HTTPSConnectionPool(host='t.me', port=443): Max retries exceeded with url: /amtmedyaduyuru/2?embed=1&mode=tme (Caused by NameResolutionError("<urllib3.connection.HTTPSConnection object at 0x000002633C308DD0>: Failed to resolve 't.me' ([Errno 11001] getaddrinfo failed)"))
HTTPSConnectionPool(host='t.me', port=443): Max retries exceeded with url: /amtmedyaduyuru/2?embed=1&mode=tme (Caused by NameResolutionError("<urllib3.connection.HTTPSConnection object at 0x0000026340B71950>: Failed to resolve 't.me' ([Errno 11001] getaddrinfo failed)"))
HTTPSConnectionPool(host='t.me', port=443): Max retries exceeded with url: /amtmedyaduyuru/2?embed=1&mode=tme (Caused by NameResolutionError("<urllib3.connection.HTTPSConnection object at 0x000002633FA60DD0>: Failed to resolve 't.me' ([Errno 11001] getaddrinfo failed)"))
HTTPSConnectionPool(host='t.me', port=443): Max retries exceeded with url: /amtmedyaduyuru/2?embed=1&mode=tme (Caused by NameResolutionError("<urllib3.connection.HTTPSConnection object at 0x0000026340F7EC10>: Failed to resolve 't.me' ([Errno 11001] getaddrinfo failed)"))
HTTPSConnectionPool(host='t.me', port=443): Max retries exceeded with url: /amtmedyaduyuru/2?embed=1&mode=tme (Caused by NameResolutionError("<urllib3.connection.HTTPSConnection object at 0x0000026340F7CF10>: Failed to resolve 't.me' ([Errno 11001] getaddrinfo failed)"))
HTTPSConnectionPool(host='t.me', port=443): Max retries exceeded with url: /amtmedyaduyuru/2?embed=1&mode=tme (Caused by NameResolutionError("<urllib3.connection.HTTPSConnection object at 0x00000263402B7250>: Failed to resolve 't.me' ([Errno 11001] getaddrinfo failed)"))
HTTPSConnectionPool(host='t.me', port=443): Max retries exceeded with url: /amtmedyaduyuru/2?embed=1&mode=tme (Caused by NameResolutionError("<urllib3.connection.HTTPSConnection object at 0x000002633C45E510>: Failed to resolve 't.me' ([Errno 11001] getaddrinfo failed)"))
HTTPSConnectionPool(host='t.me', port=443): Max retries exceeded with url: /amtmedyaduyuru/2?embed=1&mode=tme (Caused by NameResolutionError("<urllib3.connection.HTTPSConnection object at 0x0000026340BBF010>: Failed to resolve 't.me' ([Errno 11001] getaddrinfo failed)"))
HTTPSConnectionPool(host='t.me', port=443): Max retries exceeded with url: /amtmedyaduyuru/2?embed=1&mode=tme (Caused by NameResolutionError("<urllib3.connection.HTTPSConnection object at 0x0000026338CAB050>: Failed to resolve 't.me' ([Errno 11001] getaddrinfo failed)"))
HTTPSConnectionPool(host='t.me', port=443): Max retries exceeded with url: /amtmedyaduyuru/2?embed=1&mode=tme (Caused by NameResolutionError("<urllib3.connection.HTTPSConnection object at 0x000002633FAF40D0>: Failed to resolve 't.me' ([Errno 11001] getaddrinfo failed)"))
HTTPSConnectionPool(host='t.me', port=443): Max retries exceeded with url: /amtmedyaduyuru/2?embed=1&mode=tme (Caused by NameResolutionError("<urllib3.connection.HTTPSConnection object at 0x000002633BA67310>: Failed to resolve 't.me' ([Errno 11001] getaddrinfo failed)"))
HTTPSConnectionPool(host='t.me', port=443): Max retries exceeded with url: /amtmedyaduyuru/2?embed=1&mode=tme (Caused by NameResolutionError("<urllib3.connection.HTTPSConnection object at 0x0000026340405A50>: Failed to resolve 't.me' ([Errno 11001] getaddrinfo failed)"))
HTTPSConnectionPool(host='t.me', port=443): Max retries exceeded with url: /amtmedyaduyuru/2?embed=1&mode=tme (Caused by NameResolutionError("<urllib3.connection.HTTPSConnection object at 0x00000263403AE4D0>: Failed to resolve 't.me' ([Errno 11001] getaddrinfo failed)"))
HTTPSConnectionPool(host='t.me', port=443): Max retries exceeded with url: /amtmedyaduyuru/2?embed=1&mode=tme (Caused by NameResolutionError("<urllib3.connection.HTTPSConnection object at 0x0000026340F7E3D0>: Failed to resolve 't.me' ([Errno 11001] getaddrinfo failed)"))
HTTPSConnectionPool(host='t.me', port=443): Max retries exceeded with url: /amtmedyaduyuru/2?embed=1&mode=tme (Caused by NameResolutionError("<urllib3.connection.HTTPSConnection object at 0x0000026340F7F6D0>: Failed to resolve 't.me' ([Errno 11001] getaddrinfo failed)"))
HTTPSConnectionPool(host='t.me', port=443): Max retries exceeded with url: /amtmedyaduyuru/2?embed=1&mode=tme (Caused by NameResolutionError("<urllib3.connection.HTTPSConnection object at 0x00000263403AFCD0>: Failed to resolve 't.me' ([Errno 11001] getaddrinfo failed)"))
HTTPSConnectionPool(host='t.me', port=443): Max retries exceeded with url: /amtmedyaduyuru/2?embed=1&mode=tme (Caused by NameResolutionError("<urllib3.connection.HTTPSConnection object at 0x000002633FBBD990>: Failed to resolve 't.me' ([Errno 11001] getaddrinfo failed)"))
HTTPSConnectionPool(host='t.me', port=443): Max retries exceeded with url: /amtmedyaduyuru/2?embed=1&mode=tme (Caused by NameResolutionError("<urllib3.connection.HTTPSConnection object at 0x00000263409C3690>: Failed to resolve 't.me' ([Errno 11001] getaddrinfo failed)"))
HTTPSConnectionPool(host='t.me', port=443): Max retries exceeded with url: /amtmedyaduyuru/2?embed=1&mode=tme (Caused by NameResolutionError("<urllib3.connection.HTTPSConnection object at 0x0000026340F7E610>: Failed to resolve 't.me' ([Errno 11001] getaddrinfo failed)"))
HTTPSConnectionPool(host='t.me', port=443): Max retries exceeded with url: /amtmedyaduyuru/2?embed=1&mode=tme (Caused by NameResolutionError("<urllib3.connection.HTTPSConnection object at 0x0000026340913550>: Failed to resolve 't.me' ([Errno 11001] getaddrinfo failed)"))
HTTPSConnectionPool(host='t.me', port=443): Max retries exceeded with url: /amtmedyaduyuru/2?embed=1&mode=tme (Caused by NameResolutionError("<urllib3.connection.HTTPSConnection object at 0x000002633665EE50>: Failed to resolve 't.me' ([Errno 11001] getaddrinfo failed)"))
HTTPSConnectionPool(host='t.me', port=443): Max retries exceeded with url: /amtmedyaduyuru/2?embed=1&mode=tme (Caused by NameResolutionError("<urllib3.connection.HTTPSConnection object at 0x0000026340CF7490>: Failed to resolve 't.me' ([Errno 11001] getaddrinfo failed)"))
HTTPSConnectionPool(host='t.me', port=443): Max retries exceeded with url: /amtmedyaduyuru/2?embed=1&mode=tme (Caused by NameResolutionError("<urllib3.connection.HTTPSConnection object at 0x0000026340913790>: Failed to resolve 't.me' ([Errno 11001] getaddrinfo failed)"))
HTTPSConnectionPool(host='t.me', port=443): Max retries exceeded with url: /amtmedyaduyuru/2?embed=1&mode=tme (Caused by NameResolutionError("<urllib3.connection.HTTPSConnection object at 0x000002633FB0ACD0>: Failed to resolve 't.me' ([Errno 11001] getaddrinfo failed)"))
HTTPSConnectionPool(host='t.me', port=443): Max retries exceeded with url: /amtmedyaduyuru/2?embed=1&mode=tme (Caused by NameResolutionError("<urllib3.connection.HTTPSConnection object at 0x000002633FA00450>: Failed to resolve 't.me' ([Errno 11001] getaddrinfo failed)"))
HTTPSConnectionPool(host='t.me', port=443): Max retries exceeded with url: /amtmedyaduyuru/2?embed=1&mode=tme (Caused by NameResolutionError("<urllib3.connection.HTTPSConnection object at 0x000002633FF51710>: Failed to resolve 't.me' ([Errno 11001] getaddrinfo failed)"))
HTTPSConnectionPool(host='t.me', port=443): Max retries exceeded with url: /amtmedyaduyuru/2?embed=1&mode=tme (Caused by NameResolutionError("<urllib3.connection.HTTPSConnection object at 0x00000263403ADBD0>: Failed to resolve 't.me' ([Errno 11001] getaddrinfo failed)"))
HTTPSConnectionPool(host='t.me', port=443): Max retries exceeded with url: /amtmedyaduyuru/2?embed=1&mode=tme (Caused by NameResolutionError("<urllib3.connection.HTTPSConnection object at 0x000002633E030810>: Failed to resolve 't.me' ([Errno 11001] getaddrinfo failed)"))
HTTPSConnectionPool(host='t.me', port=443): Max retries exceeded with url: /amtmedyaduyuru/2?embed=1&mode=tme (Caused by NameResolutionError("<urllib3.connection.HTTPSConnection object at 0x000002633CF9C410>: Failed to resolve 't.me' ([Errno 11001] getaddrinfo failed)"))
HTTPSConnectionPool(host='t.me', port=443): Max retries exceeded with url: /amtmedyaduyuru/2?embed=1&mode=tme (Caused by NameResolutionError("<urllib3.connection.HTTPSConnection object at 0x00000263409B7410>: Failed to resolve 't.me' ([Errno 11001] getaddrinfo failed)"))
HTTPSConnectionPool(host='t.me', port=443): Max retries exceeded with url: /amtmedyaduyuru/2?embed=1&mode=tme (Caused by NameResolutionError("<urllib3.connection.HTTPSConnection object at 0x000002633E0B7ED0>: Failed to resolve 't.me' ([Errno 11001] getaddrinfo failed)"))
HTTPSConnectionPool(host='t.me', port=443): Max retries exceeded with url: /amtmedyaduyuru/2?embed=1&mode=tme (Caused by NameResolutionError("<urllib3.connection.HTTPSConnection object at 0x0000026340F7F350>: Failed to resolve 't.me' ([Errno 11001] getaddrinfo failed)"))
HTTPSConnectionPool(host='t.me', port=443): Max retries exceeded with url: /amtmedyaduyuru/2?embed=1&mode=tme (Caused by NameResolutionError("<urllib3.connection.HTTPSConnection object at 0x0000026340910D50>: Failed to resolve 't.me' ([Errno 11001] getaddrinfo failed)"))
HTTPSConnectionPool(host='t.me', port=443): Max retries exceeded with url: /amtmedyaduyuru/2?embed=1&mode=tme (Caused by NameResolutionError("<urllib3.connection.HTTPSConnection object at 0x00000263408DBCD0>: Failed to resolve 't.me' ([Errno 11001] getaddrinfo failed)"))
HTTPSConnectionPool(host='t.me', port=443): Max retries exceeded with url: /amtmedyaduyuru/2?embed=1&mode=tme (Caused by NameResolutionError("<urllib3.connection.HTTPSConnection object at 0x00000263365CBB50>: Failed to resolve 't.me' ([Errno 11001] getaddrinfo failed)"))
HTTPSConnectionPool(host='t.me', port=443): Max retries exceeded with url: /amtmedyaduyuru/2?embed=1&mode=tme (Caused by NameResolutionError("<urllib3.connection.HTTPSConnection object at 0x00000263405FE850>: Failed to resolve 't.me' ([Errno 11001] getaddrinfo failed)"))
HTTPSConnectionPool(host='t.me', port=443): Max retries exceeded with url: /amtmedyaduyuru/2?embed=1&mode=tme (Caused by NameResolutionError("<urllib3.connection.HTTPSConnection object at 0x000002633FAE2E10>: Failed to resolve 't.me' ([Errno 11001] getaddrinfo failed)"))
HTTPSConnectionPool(host='t.me', port=443): Max retries exceeded with url: /amtmedyaduyuru/2?embed=1&mode=tme (Caused by NameResolutionError("<urllib3.connection.HTTPSConnection object at 0x0000026340BC4150>: Failed to resolve 't.me' ([Errno 11001] getaddrinfo failed)"))
HTTPSConnectionPool(host='t.me', port=443): Max retries exceeded with url: /amtmedyaduyuru/2?embed=1&mode=tme (Caused by NameResolutionError("<urllib3.connection.HTTPSConnection object at 0x000002633FC32250>: Failed to resolve 't.me' ([Errno 11001] getaddrinfo failed)"))
HTTPSConnectionPool(host='t.me', port=443): Max retries exceeded with url: /amtmedyaduyuru/2?embed=1&mode=tme (Caused by NameResolutionError("<urllib3.connection.HTTPSConnection object at 0x0000026340F72B10>: Failed to resolve 't.me' ([Errno 11001] getaddrinfo failed)"))
HTTPSConnectionPool(host='t.me', port=443): Max retries exceeded with url: /amtmedyaduyuru/2?embed=1&mode=tme (Caused by NameResolutionError("<urllib3.connection.HTTPSConnection object at 0x0000026340F7D7D0>: Failed to resolve 't.me' ([Errno 11001] getaddrinfo failed)"))
HTTPSConnectionPool(host='t.me', port=443): Max retries exceeded with url: /amtmedyaduyuru/2?embed=1&mode=tme (Caused by NameResolutionError("<urllib3.connection.HTTPSConnection object at 0x00000263405FE850>: Failed to resolve 't.me' ([Errno 11001] getaddrinfo failed)"))
HTTPSConnectionPool(host='t.me', port=443): Max retries exceeded with url: /amtmedyaduyuru/2?embed=1&mode=tme (Caused by NameResolutionError("<urllib3.connection.HTTPSConnection object at 0x000002633657EF90>: Failed to resolve 't.me' ([Errno 11001] getaddrinfo failed)"))
HTTPSConnectionPool(host='t.me', port=443): Max retries exceeded with url: /amtmedyaduyuru/2?embed=1&mode=tme (Caused by NameResolutionError("<urllib3.connection.HTTPSConnection object at 0x0000026340405A50>: Failed to resolve 't.me' ([Errno 11001] getaddrinfo failed)"))
HTTPSConnectionPool(host='t.me', port=443): Max retries exceeded with url: /amtmedyaduyuru/2?embed=1&mode=tme (Caused by NameResolutionError("<urllib3.connection.HTTPSConnection object at 0x000002633A6F7F10>: Failed to resolve 't.me' ([Errno 11001] getaddrinfo failed)"))
HTTPSConnectionPool(host='t.me', port=443): Max retries exceeded with url: /amtmedyaduyuru/2?embed=1&mode=tme (Caused by NameResolutionError("<urllib3.connection.HTTPSConnection object at 0x0000026340E42690>: Failed to resolve 't.me' ([Errno 11001] getaddrinfo failed)"))
HTTPSConnectionPool(host='t.me', port=443): Max retries exceeded with url: /amtmedyaduyuru/2?embed=1&mode=tme (Caused by NameResolutionError("<urllib3.connection.HTTPSConnection object at 0x000002633668E350>: Failed to resolve 't.me' ([Errno 11001] getaddrinfo failed)"))
HTTPSConnectionPool(host='t.me', port=443): Max retries exceeded with url: /amtmedyaduyuru/2?embed=1&mode=tme (Caused by NameResolutionError("<urllib3.connection.HTTPSConnection object at 0x000002633BA6DD50>: Failed to resolve 't.me' ([Errno 11001] getaddrinfo failed)"))
HTTPSConnectionPool(host='t.me', port=443): Max retries exceeded with url: /amtmedyaduyuru/2?embed=1&mode=tme (Caused by NameResolutionError("<urllib3.connection.HTTPSConnection object at 0x000002634056D710>: Failed to resolve 't.me' ([Errno 11001] getaddrinfo failed)"))
HTTPSConnectionPool(host='t.me', port=443): Max retries exceeded with url: /amtmedyaduyuru/2?embed=1&mode=tme (Caused by NameResolutionError("<urllib3.connection.HTTPSConnection object at 0x00000263408DBE90>: Failed to resolve 't.me' ([Errno 11001] getaddrinfo failed)"))
HTTPSConnectionPool(host='t.me', port=443): Max retries exceeded with url: /amtmedyaduyuru/2?embed=1&mode=tme (Caused by NameResolutionError("<urllib3.connection.HTTPSConnection object at 0x000002633C4B3990>: Failed to resolve 't.me' ([Errno 11001] getaddrinfo failed)"))
HTTPSConnectionPool(host='t.me', port=443): Max retries exceeded with url: /amtmedyaduyuru/2?embed=1&mode=tme (Caused by NameResolutionError("<urllib3.connection.HTTPSConnection object at 0x00000263403B8310>: Failed to resolve 't.me' ([Errno 11001] getaddrinfo failed)"))
HTTPSConnectionPool(host='t.me', port=443): Max retries exceeded with url: /amtmedyaduyuru/2?embed=1&mode=tme (Caused by NameResolutionError("<urllib3.connection.HTTPSConnection object at 0x0000026340F7C690>: Failed to resolve 't.me' ([Errno 11001] getaddrinfo failed)"))
HTTPSConnectionPool(host='t.me', port=443): Max retries exceeded with url: /amtmedyaduyuru/2?embed=1&mode=tme (Caused by NameResolutionError("<urllib3.connection.HTTPSConnection object at 0x000002633FFD5750>: Failed to resolve 't.me' ([Errno 11001] getaddrinfo failed)"))
HTTPSConnectionPool(host='t.me', port=443): Max retries exceeded with url: /amtmedyaduyuru/2?embed=1&mode=tme (Caused by NameResolutionError("<urllib3.connection.HTTPSConnection object at 0x000002633FB47750>: Failed to resolve 't.me' ([Errno 11001] getaddrinfo failed)"))
HTTPSConnectionPool(host='t.me', port=443): Max retries exceeded with url: /amtmedyaduyuru/2?embed=1&mode=tme (Caused by NameResolutionError("<urllib3.connection.HTTPSConnection object at 0x000002633C585B90>: Failed to resolve 't.me' ([Errno 11001] getaddrinfo failed)"))
HTTPSConnectionPool(host='t.me', port=443): Max retries exceeded with url: /amtmedyaduyuru/2?embed=1&mode=tme (Caused by NameResolutionError("<urllib3.connection.HTTPSConnection object at 0x000002633C38A150>: Failed to resolve 't.me' ([Errno 11001] getaddrinfo failed)"))
HTTPSConnectionPool(host='t.me', port=443): Max retries exceeded with url: /amtmedyaduyuru/2?embed=1&mode=tme (Caused by NameResolutionError("<urllib3.connection.HTTPSConnection object at 0x000002633FF14BD0>: Failed to resolve 't.me' ([Errno 11001] getaddrinfo failed)"))
HTTPSConnectionPool(host='t.me', port=443): Max retries exceeded with url: /amtmedyaduyuru/2?embed=1&mode=tme (Caused by NameResolutionError("<urllib3.connection.HTTPSConnection object at 0x0000026340F95D50>: Failed to resolve 't.me' ([Errno 11001] getaddrinfo failed)"))
HTTPSConnectionPool(host='t.me', port=443): Max retries exceeded with url: /amtmedyaduyuru/2?embed=1&mode=tme (Caused by NameResolutionError("<urllib3.connection.HTTPSConnection object at 0x000002633FF53490>: Failed to resolve 't.me' ([Errno 11001] getaddrinfo failed)"))
HTTPSConnectionPool(host='t.me', port=443): Max retries exceeded with url: /amtmedyaduyuru/2?embed=1&mode=tme (Caused by NameResolutionError("<urllib3.connection.HTTPSConnection object at 0x000002633FF66B10>: Failed to resolve 't.me' ([Errno 11001] getaddrinfo failed)"))
HTTPSConnectionPool(host='t.me', port=443): Max retries exceeded with url: /amtmedyaduyuru/2?embed=1&mode=tme (Caused by NameResolutionError("<urllib3.connection.HTTPSConnection object at 0x000002633DFD3D90>: Failed to resolve 't.me' ([Errno 11001] getaddrinfo failed)"))
HTTPSConnectionPool(host='t.me', port=443): Max retries exceeded with url: /amtmedyaduyuru/2?embed=1&mode=tme (Caused by NameResolutionError("<urllib3.connection.HTTPSConnection object at 0x00000263408DBE90>: Failed to resolve 't.me' ([Errno 11001] getaddrinfo failed)"))
HTTPSConnectionPool(host='t.me', port=443): Max retries exceeded with url: /amtmedyaduyuru/2?embed=1&mode=tme (Caused by NameResolutionError("<urllib3.connection.HTTPSConnection object at 0x000002633DFFF990>: Failed to resolve 't.me' ([Errno 11001] getaddrinfo failed)"))
HTTPSConnectionPool(host='t.me', port=443): Max retries exceeded with url: /amtmedyaduyuru/2?embed=1&mode=tme (Caused by NameResolutionError("<urllib3.connection.HTTPSConnection object at 0x0000026340936D50>: Failed to resolve 't.me' ([Errno 11001] getaddrinfo failed)"))
HTTPSConnectionPool(host='t.me', port=443): Max retries exceeded with url: /amtmedyaduyuru/2?embed=1&mode=tme (Caused by NameResolutionError("<urllib3.connection.HTTPSConnection object at 0x000002633E1B21D0>: Failed to resolve 't.me' ([Errno 11001] getaddrinfo failed)"))
HTTPSConnectionPool(host='t.me', port=443): Max retries exceeded with url: /amtmedyaduyuru/2?embed=1&mode=tme (Caused by NameResolutionError("<urllib3.connection.HTTPSConnection object at 0x000002633F94EA10>: Failed to resolve 't.me' ([Errno 11001] getaddrinfo failed)"))
HTTPSConnectionPool(host='t.me', port=443): Max retries exceeded with url: /amtmedyaduyuru/2?embed=1&mode=tme (Caused by NameResolutionError("<urllib3.connection.HTTPSConnection object at 0x0000026340B9FB50>: Failed to resolve 't.me' ([Errno 11001] getaddrinfo failed)"))
HTTPSConnectionPool(host='t.me', port=443): Max retries exceeded with url: /amtmedyaduyuru/2?embed=1&mode=tme (Caused by NameResolutionError("<urllib3.connection.HTTPSConnection object at 0x000002633AE6FE10>: Failed to resolve 't.me' ([Errno 11001] getaddrinfo failed)"))
HTTPSConnectionPool(host='t.me', port=443): Max retries exceeded with url: /amtmedyaduyuru/2?embed=1&mode=tme (Caused by NameResolutionError("<urllib3.connection.HTTPSConnection object at 0x00000263408C0FD0>: Failed to resolve 't.me' ([Errno 11001] getaddrinfo failed)"))
HTTPSConnectionPool(host='t.me', port=443): Max retries exceeded with url: /amtmedyaduyuru/2?embed=1&mode=tme (Caused by NameResolutionError("<urllib3.connection.HTTPSConnection object at 0x000002633E1B2910>: Failed to resolve 't.me' ([Errno 11001] getaddrinfo failed)"))
HTTPSConnectionPool(host='t.me', port=443): Max retries exceeded with url: /amtmedyaduyuru/2?embed=1&mode=tme (Caused by NameResolutionError("<urllib3.connection.HTTPSConnection object at 0x0000026340BC4E50>: Failed to resolve 't.me' ([Errno 11001] getaddrinfo failed)"))
HTTPSConnectionPool(host='t.me', port=443): Max retries exceeded with url: /amtmedyaduyuru/2?embed=1&mode=tme (Caused by NameResolutionError("<urllib3.connection.HTTPSConnection object at 0x000002633FA03DD0>: Failed to resolve 't.me' ([Errno 11001] getaddrinfo failed)"))
HTTPSConnectionPool(host='t.me', port=443): Max retries exceeded with url: /amtmedyaduyuru/2?embed=1&mode=tme (Caused by NameResolutionError("<urllib3.connection.HTTPSConnection object at 0x00000263401A6F50>: Failed to resolve 't.me' ([Errno 11001] getaddrinfo failed)"))
HTTPSConnectionPool(host='t.me', port=443): Max retries exceeded with url: /amtmedyaduyuru/2?embed=1&mode=tme (Caused by NameResolutionError("<urllib3.connection.HTTPSConnection object at 0x000002633E0D3050>: Failed to resolve 't.me' ([Errno 11001] getaddrinfo failed)"))
HTTPSConnectionPool(host='t.me', port=443): Max retries exceeded with url: /amtmedyaduyuru/2?embed=1&mode=tme (Caused by NameResolutionError("<urllib3.connection.HTTPSConnection object at 0x000002634050D050>: Failed to resolve 't.me' ([Errno 11001] getaddrinfo failed)"))
HTTPSConnectionPool(host='t.me', port=443): Max retries exceeded with url: /amtmedyaduyuru/2?embed=1&mode=tme (Caused by NameResolutionError("<urllib3.connection.HTTPSConnection object at 0x00000263406772D0>: Failed to resolve 't.me' ([Errno 11001] getaddrinfo failed)"))
HTTPSConnectionPool(host='t.me', port=443): Max retries exceeded with url: /amtmedyaduyuru/2?embed=1&mode=tme (Caused by NameResolutionError("<urllib3.connection.HTTPSConnection object at 0x0000026340E41590>: Failed to resolve 't.me' ([Errno 11001] getaddrinfo failed)"))
HTTPSConnectionPool(host='t.me', port=443): Max retries exceeded with url: /amtmedyaduyuru/2?embed=1&mode=tme (Caused by NameResolutionError("<urllib3.connection.HTTPSConnection object at 0x0000026340934090>: Failed to resolve 't.me' ([Errno 11001] getaddrinfo failed)"))
HTTPSConnectionPool(host='t.me', port=443): Max retries exceeded with url: /amtmedyaduyuru/2?embed=1&mode=tme (Caused by NameResolutionError("<urllib3.connection.HTTPSConnection object at 0x0000026340D24410>: Failed to resolve 't.me' ([Errno 11001] getaddrinfo failed)"))
HTTPSConnectionPool(host='t.me', port=443): Max retries exceeded with url: /amtmedyaduyuru/2?embed=1&mode=tme (Caused by NameResolutionError("<urllib3.connection.HTTPSConnection object at 0x00000263406C6BD0>: Failed to resolve 't.me' ([Errno 11001] getaddrinfo failed)"))
HTTPSConnectionPool(host='t.me', port=443): Max retries exceeded with url: /amtmedyaduyuru/2?embed=1&mode=tme (Caused by NameResolutionError("<urllib3.connection.HTTPSConnection object at 0x000002633C737650>: Failed to resolve 't.me' ([Errno 11001] getaddrinfo failed)"))
HTTPSConnectionPool(host='t.me', port=443): Max retries exceeded with url: /amtmedyaduyuru/2?embed=1&mode=tme (Caused by NameResolutionError("<urllib3.connection.HTTPSConnection object at 0x0000026340508650>: Failed to resolve 't.me' ([Errno 11001] getaddrinfo failed)"))
HTTPSConnectionPool(host='t.me', port=443): Max retries exceeded with url: /amtmedyaduyuru/2?embed=1&mode=tme (Caused by NameResolutionError("<urllib3.connection.HTTPSConnection object at 0x0000026340BD8310>: Failed to resolve 't.me' ([Errno 11001] getaddrinfo failed)"))
HTTPSConnectionPool(host='t.me', port=443): Max retries exceeded with url: /amtmedyaduyuru/2?embed=1&mode=tme (Caused by NameResolutionError("<urllib3.connection.HTTPSConnection object at 0x000002633C270350>: Failed to resolve 't.me' ([Errno 11001] getaddrinfo failed)"))
HTTPSConnectionPool(host='t.me', port=443): Max retries exceeded with url: /amtmedyaduyuru/2?embed=1&mode=tme (Caused by NameResolutionError("<urllib3.connection.HTTPSConnection object at 0x000002633FDC2690>: Failed to resolve 't.me' ([Errno 11001] getaddrinfo failed)"))
HTTPSConnectionPool(host='t.me', port=443): Max retries exceeded with url: /amtmedyaduyuru/2?embed=1&mode=tme (Caused by NameResolutionError("<urllib3.connection.HTTPSConnection object at 0x0000026340F5CAD0>: Failed to resolve 't.me' ([Errno 11001] getaddrinfo failed)"))
HTTPSConnectionPool(host='t.me', port=443): Max retries exceeded with url: /amtmedyaduyuru/2?embed=1&mode=tme (Caused by NameResolutionError("<urllib3.connection.HTTPSConnection object at 0x000002633AE6FE10>: Failed to resolve 't.me' ([Errno 11001] getaddrinfo failed)"))
HTTPSConnectionPool(host='t.me', port=443): Max retries exceeded with url: /amtmedyaduyuru/2?embed=1&mode=tme (Caused by NameResolutionError("<urllib3.connection.HTTPSConnection object at 0x0000026340B9C110>: Failed to resolve 't.me' ([Errno 11001] getaddrinfo failed)"))
HTTPSConnectionPool(host='t.me', port=443): Max retries exceeded with url: /amtmedyaduyuru/2?embed=1&mode=tme (Caused by NameResolutionError("<urllib3.connection.HTTPSConnection object at 0x0000026340F5CA50>: Failed to resolve 't.me' ([Errno 11001] getaddrinfo failed)"))
HTTPSConnectionPool(host='t.me', port=443): Max retries exceeded with url: /amtmedyaduyuru/2?embed=1&mode=tme (Caused by NameResolutionError("<urllib3.connection.HTTPSConnection object at 0x0000026340703DD0>: Failed to resolve 't.me' ([Errno 11001] getaddrinfo failed)"))
HTTPSConnectionPool(host='t.me', port=443): Max retries exceeded with url: /amtmedyaduyuru/2?embed=1&mode=tme (Caused by NameResolutionError("<urllib3.connection.HTTPSConnection object at 0x000002633FB3A710>: Failed to resolve 't.me' ([Errno 11001] getaddrinfo failed)"))
HTTPSConnectionPool(host='t.me', port=443): Max retries exceeded with url: /amtmedyaduyuru/2?embed=1&mode=tme (Caused by NameResolutionError("<urllib3.connection.HTTPSConnection object at 0x0000026340910350>: Failed to resolve 't.me' ([Errno 11001] getaddrinfo failed)"))
HTTPSConnectionPool(host='t.me', port=443): Max retries exceeded with url: /amtmedyaduyuru/2?embed=1&mode=tme (Caused by NameResolutionError("<urllib3.connection.HTTPSConnection object at 0x0000026340B52C50>: Failed to resolve 't.me' ([Errno 11001] getaddrinfo failed)"))
HTTPSConnectionPool(host='t.me', port=443): Max retries exceeded with url: /amtmedyaduyuru/2?embed=1&mode=tme (Caused by NameResolutionError("<urllib3.connection.HTTPSConnection object at 0x000002633C4718D0>: Failed to resolve 't.me' ([Errno 11001] getaddrinfo failed)"))
HTTPSConnectionPool(host='t.me', port=443): Max retries exceeded with url: /amtmedyaduyuru/2?embed=1&mode=tme (Caused by NameResolutionError("<urllib3.connection.HTTPSConnection object at 0x000002633FC69150>: Failed to resolve 't.me' ([Errno 11001] getaddrinfo failed)"))
HTTPSConnectionPool(host='t.me', port=443): Max retries exceeded with url: /amtmedyaduyuru/2?embed=1&mode=tme (Caused by NameResolutionError("<urllib3.connection.HTTPSConnection object at 0x000002633FE042D0>: Failed to resolve 't.me' ([Errno 11001] getaddrinfo failed)"))
HTTPSConnectionPool(host='t.me', port=443): Max retries exceeded with url: /amtmedyaduyuru/2?embed=1&mode=tme (Caused by NameResolutionError("<urllib3.connection.HTTPSConnection object at 0x0000026340F7DA10>: Failed to resolve 't.me' ([Errno 11001] getaddrinfo failed)"))
HTTPSConnectionPool(host='t.me', port=443): Max retries exceeded with url: /amtmedyaduyuru/2?embed=1&mode=tme (Caused by NameResolutionError("<urllib3.connection.HTTPSConnection object at 0x0000026340F7D290>: Failed to resolve 't.me' ([Errno 11001] getaddrinfo failed)"))
HTTPSConnectionPool(host='t.me', port=443): Max retries exceeded with url: /amtmedyaduyuru/2?embed=1&mode=tme (Caused by NameResolutionError("<urllib3.connection.HTTPSConnection object at 0x0000026340499A50>: Failed to resolve 't.me' ([Errno 11001] getaddrinfo failed)"))
HTTPSConnectionPool(host='t.me', port=443): Max retries exceeded with url: /amtmedyaduyuru/2?embed=1&mode=tme (Caused by NameResolutionError("<urllib3.connection.HTTPSConnection object at 0x0000026340F7E6D0>: Failed to resolve 't.me' ([Errno 11001] getaddrinfo failed)"))
HTTPSConnectionPool(host='t.me', port=443): Max retries exceeded with url: /amtmedyaduyuru/2?embed=1&mode=tme (Caused by NameResolutionError("<urllib3.connection.HTTPSConnection object at 0x0000026340B22590>: Failed to resolve 't.me' ([Errno 11001] getaddrinfo failed)"))
HTTPSConnectionPool(host='t.me', port=443): Max retries exceeded with url: /amtmedyaduyuru/2?embed=1&mode=tme (Caused by NameResolutionError("<urllib3.connection.HTTPSConnection object at 0x00000263402CD310>: Failed to resolve 't.me' ([Errno 11001] getaddrinfo failed)"))
HTTPSConnectionPool(host='t.me', port=443): Max retries exceeded with url: /amtmedyaduyuru/2?embed=1&mode=tme (Caused by NameResolutionError("<urllib3.connection.HTTPSConnection object at 0x00000263403AFA90>: Failed to resolve 't.me' ([Errno 11001] getaddrinfo failed)"))
HTTPSConnectionPool(host='t.me', port=443): Max retries exceeded with url: /amtmedyaduyuru/2?embed=1&mode=tme (Caused by NameResolutionError("<urllib3.connection.HTTPSConnection object at 0x0000026340658790>: Failed to resolve 't.me' ([Errno 11001] getaddrinfo failed)"))
HTTPSConnectionPool(host='t.me', port=443): Max retries exceeded with url: /amtmedyaduyuru/2?embed=1&mode=tme (Caused by NameResolutionError("<urllib3.connection.HTTPSConnection object at 0x00000263339D7950>: Failed to resolve 't.me' ([Errno 11001] getaddrinfo failed)"))
HTTPSConnectionPool(host='t.me', port=443): Max retries exceeded with url: /amtmedyaduyuru/2?embed=1&mode=tme (Caused by NameResolutionError("<urllib3.connection.HTTPSConnection object at 0x000002634072D710>: Failed to resolve 't.me' ([Errno 11001] getaddrinfo failed)"))
HTTPSConnectionPool(host='t.me', port=443): Max retries exceeded with url: /amtmedyaduyuru/2?embed=1&mode=tme (Caused by NameResolutionError("<urllib3.connection.HTTPSConnection object at 0x0000026340E42110>: Failed to resolve 't.me' ([Errno 11001] getaddrinfo failed)"))
HTTPSConnectionPool(host='t.me', port=443): Max retries exceeded with url: /amtmedyaduyuru/2?embed=1&mode=tme (Caused by NameResolutionError("<urllib3.connection.HTTPSConnection object at 0x0000026340444290>: Failed to resolve 't.me' ([Errno 11001] getaddrinfo failed)"))
HTTPSConnectionPool(host='t.me', port=443): Max retries exceeded with url: /amtmedyaduyuru/2?embed=1&mode=tme (Caused by NameResolutionError("<urllib3.connection.HTTPSConnection object at 0x0000026340F7DC10>: Failed to resolve 't.me' ([Errno 11001] getaddrinfo failed)"))
HTTPSConnectionPool(host='t.me', port=443): Max retries exceeded with url: /amtmedyaduyuru/2?embed=1&mode=tme (Caused by NameResolutionError("<urllib3.connection.HTTPSConnection object at 0x00000263408DBC50>: Failed to resolve 't.me' ([Errno 11001] getaddrinfo failed)"))
HTTPSConnectionPool(host='t.me', port=443): Max retries exceeded with url: /amtmedyaduyuru/2?embed=1&mode=tme (Caused by NameResolutionError("<urllib3.connection.HTTPSConnection object at 0x00000263407A3490>: Failed to resolve 't.me' ([Errno 11001] getaddrinfo failed)"))
HTTPSConnectionPool(host='t.me', port=443): Max retries exceeded with url: /amtmedyaduyuru/2?embed=1&mode=tme (Caused by NameResolutionError("<urllib3.connection.HTTPSConnection object at 0x0000026340F7DE10>: Failed to resolve 't.me' ([Errno 11001] getaddrinfo failed)"))
HTTPSConnectionPool(host='t.me', port=443): Max retries exceeded with url: /amtmedyaduyuru/2?embed=1&mode=tme (Caused by NameResolutionError("<urllib3.connection.HTTPSConnection object at 0x0000026340666AD0>: Failed to resolve 't.me' ([Errno 11001] getaddrinfo failed)"))
HTTPSConnectionPool(host='t.me', port=443): Max retries exceeded with url: /amtmedyaduyuru/2?embed=1&mode=tme (Caused by NameResolutionError("<urllib3.connection.HTTPSConnection object at 0x0000026340E40750>: Failed to resolve 't.me' ([Errno 11001] getaddrinfo failed)"))
HTTPSConnectionPool(host='t.me', port=443): Max retries exceeded with url: /amtmedyaduyuru/2?embed=1&mode=tme (Caused by NameResolutionError("<urllib3.connection.HTTPSConnection object at 0x0000026340B176D0>: Failed to resolve 't.me' ([Errno 11001] getaddrinfo failed)"))
HTTPSConnectionPool(host='t.me', port=443): Max retries exceeded with url: /amtmedyaduyuru/2?embed=1&mode=tme (Caused by NameResolutionError("<urllib3.connection.HTTPSConnection object at 0x0000026340F94890>: Failed to resolve 't.me' ([Errno 11001] getaddrinfo failed)"))
HTTPSConnectionPool(host='t.me', port=443): Max retries exceeded with url: /amtmedyaduyuru/2?embed=1&mode=tme (Caused by NameResolutionError("<urllib3.connection.HTTPSConnection object at 0x00000263406BAA50>: Failed to resolve 't.me' ([Errno 11001] getaddrinfo failed)"))
HTTPSConnectionPool(host='t.me', port=443): Max retries exceeded with url: /amtmedyaduyuru/2?embed=1&mode=tme (Caused by NameResolutionError("<urllib3.connection.HTTPSConnection object at 0x00000263405098D0>: Failed to resolve 't.me' ([Errno 11001] getaddrinfo failed)"))
HTTPSConnectionPool(host='t.me', port=443): Max retries exceeded with url: /amtmedyaduyuru/2?embed=1&mode=tme (Caused by NameResolutionError("<urllib3.connection.HTTPSConnection object at 0x000002633E1CF090>: Failed to resolve 't.me' ([Errno 11001] getaddrinfo failed)"))
HTTPSConnectionPool(host='t.me', port=443): Max retries exceeded with url: /amtmedyaduyuru/2?embed=1&mode=tme (Caused by NameResolutionError("<urllib3.connection.HTTPSConnection object at 0x0000026340F7FA10>: Failed to resolve 't.me' ([Errno 11001] getaddrinfo failed)"))
HTTPSConnectionPool(host='t.me', port=443): Max retries exceeded with url: /amtmedyaduyuru/2?embed=1&mode=tme (Caused by NameResolutionError("<urllib3.connection.HTTPSConnection object at 0x0000026340F7CBD0>: Failed to resolve 't.me' ([Errno 11001] getaddrinfo failed)"))
HTTPSConnectionPool(host='t.me', port=443): Max retries exceeded with url: /amtmedyaduyuru/2?embed=1&mode=tme (Caused by NameResolutionError("<urllib3.connection.HTTPSConnection object at 0x0000026340F95C90>: Failed to resolve 't.me' ([Errno 11001] getaddrinfo failed)"))
HTTPSConnectionPool(host='t.me', port=443): Max retries exceeded with url: /amtmedyaduyuru/2?embed=1&mode=tme (Caused by NameResolutionError("<urllib3.connection.HTTPSConnection object at 0x0000026340FA0390>: Failed to resolve 't.me' ([Errno 11001] getaddrinfo failed)"))
HTTPSConnectionPool(host='t.me', port=443): Max retries exceeded with url: /amtmedyaduyuru/2?embed=1&mode=tme (Caused by NameResolutionError("<urllib3.connection.HTTPSConnection object at 0x000002633FC16290>: Failed to resolve 't.me' ([Errno 11001] getaddrinfo failed)"))
HTTPSConnectionPool(host='t.me', port=443): Max retries exceeded with url: /amtmedyaduyuru/2?embed=1&mode=tme (Caused by NameResolutionError("<urllib3.connection.HTTPSConnection object at 0x0000026340F7DC10>: Failed to resolve 't.me' ([Errno 11001] getaddrinfo failed)"))
HTTPSConnectionPool(host='t.me', port=443): Max retries exceeded with url: /amtmedyaduyuru/2?embed=1&mode=tme (Caused by NameResolutionError("<urllib3.connection.HTTPSConnection object at 0x0000026340F7CF10>: Failed to resolve 't.me' ([Errno 11001] getaddrinfo failed)"))
HTTPSConnectionPool(host='t.me', port=443): Max retries exceeded with url: /amtmedyaduyuru/2?embed=1&mode=tme (Caused by NameResolutionError("<urllib3.connection.HTTPSConnection object at 0x0000026340D24B10>: Failed to resolve 't.me' ([Errno 11001] getaddrinfo failed)"))
HTTPSConnectionPool(host='t.me', port=443): Max retries exceeded with url: /amtmedyaduyuru/2?embed=1&mode=tme (Caused by NameResolutionError("<urllib3.connection.HTTPSConnection object at 0x0000026340F94410>: Failed to resolve 't.me' ([Errno 11001] getaddrinfo failed)"))
HTTPSConnectionPool(host='t.me', port=443): Max retries exceeded with url: /amtmedyaduyuru/2?embed=1&mode=tme (Caused by NameResolutionError("<urllib3.connection.HTTPSConnection object at 0x0000026340F972D0>: Failed to resolve 't.me' ([Errno 11001] getaddrinfo failed)"))
HTTPSConnectionPool(host='t.me', port=443): Max retries exceeded with url: /amtmedyaduyuru/2?embed=1&mode=tme (Caused by NameResolutionError("<urllib3.connection.HTTPSConnection object at 0x0000026340CF7390>: Failed to resolve 't.me' ([Errno 11001] getaddrinfo failed)"))
HTTPSConnectionPool(host='t.me', port=443): Max retries exceeded with url: /amtmedyaduyuru/2?embed=1&mode=tme (Caused by NameResolutionError("<urllib3.connection.HTTPSConnection object at 0x0000026340F7F390>: Failed to resolve 't.me' ([Errno 11001] getaddrinfo failed)"))
HTTPSConnectionPool(host='t.me', port=443): Max retries exceeded with url: /amtmedyaduyuru/2?embed=1&mode=tme (Caused by NameResolutionError("<urllib3.connection.HTTPSConnection object at 0x0000026340F7E3D0>: Failed to resolve 't.me' ([Errno 11001] getaddrinfo failed)"))
HTTPSConnectionPool(host='t.me', port=443): Max retries exceeded with url: /amtmedyaduyuru/2?embed=1&mode=tme (Caused by NameResolutionError("<urllib3.connection.HTTPSConnection object at 0x0000026340F97D90>: Failed to resolve 't.me' ([Errno 11001] getaddrinfo failed)"))
HTTPSConnectionPool(host='t.me', port=443): Max retries exceeded with url: /amtmedyaduyuru/2?embed=1&mode=tme (Caused by NameResolutionError("<urllib3.connection.HTTPSConnection object at 0x0000026340E5C8D0>: Failed to resolve 't.me' ([Errno 11001] getaddrinfo failed)"))
HTTPSConnectionPool(host='t.me', port=443): Max retries exceeded with url: /amtmedyaduyuru/2?embed=1&mode=tme (Caused by NameResolutionError("<urllib3.connection.HTTPSConnection object at 0x0000026340F7F150>: Failed to resolve 't.me' ([Errno 11001] getaddrinfo failed)"))
HTTPSConnectionPool(host='t.me', port=443): Max retries exceeded with url: /amtmedyaduyuru/2?embed=1&mode=tme (Caused by NameResolutionError("<urllib3.connection.HTTPSConnection object at 0x0000026340B162D0>: Failed to resolve 't.me' ([Errno 11001] getaddrinfo failed)"))
HTTPSConnectionPool(host='t.me', port=443): Max retries exceeded with url: /amtmedyaduyuru/2?embed=1&mode=tme (Caused by NameResolutionError("<urllib3.connection.HTTPSConnection object at 0x0000026340712B10>: Failed to resolve 't.me' ([Errno 11001] getaddrinfo failed)"))
HTTPSConnectionPool(host='t.me', port=443): Max retries exceeded with url: /amtmedyaduyuru/2?embed=1&mode=tme (Caused by NameResolutionError("<urllib3.connection.HTTPSConnection object at 0x000002633B6C37D0>: Failed to resolve 't.me' ([Errno 11001] getaddrinfo failed)"))
HTTPSConnectionPool(host='t.me', port=443): Max retries exceeded with url: /amtmedyaduyuru/2?embed=1&mode=tme (Caused by NameResolutionError("<urllib3.connection.HTTPSConnection object at 0x0000026339340750>: Failed to resolve 't.me' ([Errno 11001] getaddrinfo failed)"))
HTTPSConnectionPool(host='t.me', port=443): Max retries exceeded with url: /amtmedyaduyuru/2?embed=1&mode=tme (Caused by NameResolutionError("<urllib3.connection.HTTPSConnection object at 0x00000263402CECD0>: Failed to resolve 't.me' ([Errno 11001] getaddrinfo failed)"))
HTTPSConnectionPool(host='t.me', port=443): Max retries exceeded with url: /amtmedyaduyuru/2?embed=1&mode=tme (Caused by NameResolutionError("<urllib3.connection.HTTPSConnection object at 0x00000263400876D0>: Failed to resolve 't.me' ([Errno 11001] getaddrinfo failed)"))
HTTPSConnectionPool(host='t.me', port=443): Max retries exceeded with url: /amtmedyaduyuru/2?embed=1&mode=tme (Caused by NameResolutionError("<urllib3.connection.HTTPSConnection object at 0x0000026340F97710>: Failed to resolve 't.me' ([Errno 11001] getaddrinfo failed)"))
HTTPSConnectionPool(host='t.me', port=443): Max retries exceeded with url: /amtmedyaduyuru/2?embed=1&mode=tme (Caused by NameResolutionError("<urllib3.connection.HTTPSConnection object at 0x0000026340F97450>: Failed to resolve 't.me' ([Errno 11001] getaddrinfo failed)"))
HTTPSConnectionPool(host='t.me', port=443): Max retries exceeded with url: /amtmedyaduyuru/2?embed=1&mode=tme (Caused by NameResolutionError("<urllib3.connection.HTTPSConnection object at 0x0000026340F7C050>: Failed to resolve 't.me' ([Errno 11001] getaddrinfo failed)"))
HTTPSConnectionPool(host='t.me', port=443): Max retries exceeded with url: /amtmedyaduyuru/2?embed=1&mode=tme (Caused by NameResolutionError("<urllib3.connection.HTTPSConnection object at 0x000002634008C990>: Failed to resolve 't.me' ([Errno 11001] getaddrinfo failed)"))
HTTPSConnectionPool(host='t.me', port=443): Max retries exceeded with url: /amtmedyaduyuru/2?embed=1&mode=tme (Caused by NameResolutionError("<urllib3.connection.HTTPSConnection object at 0x0000026333619E50>: Failed to resolve 't.me' ([Errno 11001] getaddrinfo failed)"))
HTTPSConnectionPool(host='t.me', port=443): Max retries exceeded with url: /amtmedyaduyuru/2?embed=1&mode=tme (Caused by NameResolutionError("<urllib3.connection.HTTPSConnection object at 0x0000026340F50C90>: Failed to resolve 't.me' ([Errno 11001] getaddrinfo failed)"))
HTTPSConnectionPool(host='t.me', port=443): Max retries exceeded with url: /amtmedyaduyuru/2?embed=1&mode=tme (Caused by NameResolutionError("<urllib3.connection.HTTPSConnection object at 0x00000263405E6890>: Failed to resolve 't.me' ([Errno 11001] getaddrinfo failed)"))
HTTPSConnectionPool(host='t.me', port=443): Max retries exceeded with url: /amtmedyaduyuru/2?embed=1&mode=tme (Caused by NameResolutionError("<urllib3.connection.HTTPSConnection object at 0x0000026340D244D0>: Failed to resolve 't.me' ([Errno 11001] getaddrinfo failed)"))
HTTPSConnectionPool(host='t.me', port=443): Max retries exceeded with url: /amtmedyaduyuru/2?embed=1&mode=tme (Caused by NameResolutionError("<urllib3.connection.HTTPSConnection object at 0x00000263409B6150>: Failed to resolve 't.me' ([Errno 11001] getaddrinfo failed)"))
HTTPSConnectionPool(host='t.me', port=443): Max retries exceeded with url: /amtmedyaduyuru/2?embed=1&mode=tme (Caused by NameResolutionError("<urllib3.connection.HTTPSConnection object at 0x00000263408DAB10>: Failed to resolve 't.me' ([Errno 11001] getaddrinfo failed)"))
HTTPSConnectionPool(host='t.me', port=443): Max retries exceeded with url: /amtmedyaduyuru/2?embed=1&mode=tme (Caused by NameResolutionError("<urllib3.connection.HTTPSConnection object at 0x0000026340EFAD10>: Failed to resolve 't.me' ([Errno 11001] getaddrinfo failed)"))
HTTPSConnectionPool(host='t.me', port=443): Max retries exceeded with url: /amtmedyaduyuru/2?embed=1&mode=tme (Caused by NameResolutionError("<urllib3.connection.HTTPSConnection object at 0x0000026340F7F3D0>: Failed to resolve 't.me' ([Errno 11001] getaddrinfo failed)"))
HTTPSConnectionPool(host='t.me', port=443): Max retries exceeded with url: /amtmedyaduyuru/2?embed=1&mode=tme (Caused by NameResolutionError("<urllib3.connection.HTTPSConnection object at 0x0000026340F94810>: Failed to resolve 't.me' ([Errno 11001] getaddrinfo failed)"))
HTTPSConnectionPool(host='t.me', port=443): Max retries exceeded with url: /amtmedyaduyuru/2?embed=1&mode=tme (Caused by NameResolutionError("<urllib3.connection.HTTPSConnection object at 0x0000026340FA1650>: Failed to resolve 't.me' ([Errno 11001] getaddrinfo failed)"))
HTTPSConnectionPool(host='t.me', port=443): Max retries exceeded with url: /amtmedyaduyuru/2?embed=1&mode=tme (Caused by NameResolutionError("<urllib3.connection.HTTPSConnection object at 0x0000026340F7C590>: Failed to resolve 't.me' ([Errno 11001] getaddrinfo failed)"))
HTTPSConnectionPool(host='t.me', port=443): Max retries exceeded with url: /amtmedyaduyuru/2?embed=1&mode=tme (Caused by NameResolutionError("<urllib3.connection.HTTPSConnection object at 0x00000263366CFC90>: Failed to resolve 't.me' ([Errno 11001] getaddrinfo failed)"))
HTTPSConnectionPool(host='t.me', port=443): Max retries exceeded with url: /amtmedyaduyuru/2?embed=1&mode=tme (Caused by NameResolutionError("<urllib3.connection.HTTPSConnection object at 0x0000026340129A50>: Failed to resolve 't.me' ([Errno 11001] getaddrinfo failed)"))
HTTPSConnectionPool(host='t.me', port=443): Max retries exceeded with url: /amtmedyaduyuru/2?embed=1&mode=tme (Caused by NameResolutionError("<urllib3.connection.HTTPSConnection object at 0x0000026340F97750>: Failed to resolve 't.me' ([Errno 11001] getaddrinfo failed)"))
HTTPSConnectionPool(host='t.me', port=443): Max retries exceeded with url: /amtmedyaduyuru/2?embed=1&mode=tme (Caused by NameResolutionError("<urllib3.connection.HTTPSConnection object at 0x0000026340911810>: Failed to resolve 't.me' ([Errno 11001] getaddrinfo failed)"))
HTTPSConnectionPool(host='t.me', port=443): Max retries exceeded with url: /amtmedyaduyuru/2?embed=1&mode=tme (Caused by NameResolutionError("<urllib3.connection.HTTPSConnection object at 0x0000026340FA0890>: Failed to resolve 't.me' ([Errno 11001] getaddrinfo failed)"))
HTTPSConnectionPool(host='t.me', port=443): Max retries exceeded with url: /amtmedyaduyuru/2?embed=1&mode=tme (Caused by NameResolutionError("<urllib3.connection.HTTPSConnection object at 0x0000026340E421D0>: Failed to resolve 't.me' ([Errno 11001] getaddrinfo failed)"))
HTTPSConnectionPool(host='t.me', port=443): Max retries exceeded with url: /amtmedyaduyuru/2?embed=1&mode=tme (Caused by NameResolutionError("<urllib3.connection.HTTPSConnection object at 0x000002633FDC2890>: Failed to resolve 't.me' ([Errno 11001] getaddrinfo failed)"))
HTTPSConnectionPool(host='t.me', port=443): Max retries exceeded with url: /amtmedyaduyuru/2?embed=1&mode=tme (Caused by NameResolutionError("<urllib3.connection.HTTPSConnection object at 0x0000026340BBE250>: Failed to resolve 't.me' ([Errno 11001] getaddrinfo failed)"))
HTTPSConnectionPool(host='t.me', port=443): Max retries exceeded with url: /amtmedyaduyuru/2?embed=1&mode=tme (Caused by NameResolutionError("<urllib3.connection.HTTPSConnection object at 0x00000263366CFC90>: Failed to resolve 't.me' ([Errno 11001] getaddrinfo failed)"))
HTTPSConnectionPool(host='t.me', port=443): Max retries exceeded with url: /amtmedyaduyuru/2?embed=1&mode=tme (Caused by NameResolutionError("<urllib3.connection.HTTPSConnection object at 0x0000026340F97890>: Failed to resolve 't.me' ([Errno 11001] getaddrinfo failed)"))
HTTPSConnectionPool(host='t.me', port=443): Max retries exceeded with url: /amtmedyaduyuru/2?embed=1&mode=tme (Caused by NameResolutionError("<urllib3.connection.HTTPSConnection object at 0x0000026340286A50>: Failed to resolve 't.me' ([Errno 11001] getaddrinfo failed)"))
HTTPSConnectionPool(host='t.me', port=443): Max retries exceeded with url: /amtmedyaduyuru/2?embed=1&mode=tme (Caused by NameResolutionError("<urllib3.connection.HTTPSConnection object at 0x0000026340404E90>: Failed to resolve 't.me' ([Errno 11001] getaddrinfo failed)"))
HTTPSConnectionPool(host='t.me', port=443): Max retries exceeded with url: /amtmedyaduyuru/2?embed=1&mode=tme (Caused by NameResolutionError("<urllib3.connection.HTTPSConnection object at 0x000002633C3F5650>: Failed to resolve 't.me' ([Errno 11001] getaddrinfo failed)"))
HTTPSConnectionPool(host='t.me', port=443): Max retries exceeded with url: /amtmedyaduyuru/2?embed=1&mode=tme (Caused by NameResolutionError("<urllib3.connection.HTTPSConnection object at 0x0000026340A069D0>: Failed to resolve 't.me' ([Errno 11001] getaddrinfo failed)"))
HTTPSConnectionPool(host='t.me', port=443): Max retries exceeded with url: /amtmedyaduyuru/2?embed=1&mode=tme (Caused by NameResolutionError("<urllib3.connection.HTTPSConnection object at 0x00000263407CAE50>: Failed to resolve 't.me' ([Errno 11001] getaddrinfo failed)"))
HTTPSConnectionPool(host='t.me', port=443): Max retries exceeded with url: /amtmedyaduyuru/2?embed=1&mode=tme (Caused by NameResolutionError("<urllib3.connection.HTTPSConnection object at 0x00000263407F1ED0>: Failed to resolve 't.me' ([Errno 11001] getaddrinfo failed)"))
HTTPSConnectionPool(host='t.me', port=443): Max retries exceeded with url: /amtmedyaduyuru/2?embed=1&mode=tme (Caused by NameResolutionError("<urllib3.connection.HTTPSConnection object at 0x00000263405E63D0>: Failed to resolve 't.me' ([Errno 11001] getaddrinfo failed)"))
HTTPSConnectionPool(host='t.me', port=443): Max retries exceeded with url: /amtmedyaduyuru/2?embed=1&mode=tme (Caused by NameResolutionError("<urllib3.connection.HTTPSConnection object at 0x00000263409C1D10>: Failed to resolve 't.me' ([Errno 11001] getaddrinfo failed)"))
HTTPSConnectionPool(host='t.me', port=443): Max retries exceeded with url: /amtmedyaduyuru/2?embed=1&mode=tme (Caused by NameResolutionError("<urllib3.connection.HTTPSConnection object at 0x0000026340C9CB10>: Failed to resolve 't.me' ([Errno 11001] getaddrinfo failed)"))
HTTPSConnectionPool(host='t.me', port=443): Max retries exceeded with url: /amtmedyaduyuru/2?embed=1&mode=tme (Caused by NameResolutionError("<urllib3.connection.HTTPSConnection object at 0x000002633E192B90>: Failed to resolve 't.me' ([Errno 11001] getaddrinfo failed)"))
HTTPSConnectionPool(host='t.me', port=443): Max retries exceeded with url: /amtmedyaduyuru/2?embed=1&mode=tme (Caused by NameResolutionError("<urllib3.connection.HTTPSConnection object at 0x00000263403AF590>: Failed to resolve 't.me' ([Errno 11001] getaddrinfo failed)"))
HTTPSConnectionPool(host='t.me', port=443): Max retries exceeded with url: /amtmedyaduyuru/2?embed=1&mode=tme (Caused by NameResolutionError("<urllib3.connection.HTTPSConnection object at 0x0000026340E223D0>: Failed to resolve 't.me' ([Errno 11001] getaddrinfo failed)"))
HTTPSConnectionPool(host='t.me', port=443): Max retries exceeded with url: /amtmedyaduyuru/2?embed=1&mode=tme (Caused by NameResolutionError("<urllib3.connection.HTTPSConnection object at 0x0000026340E5C8D0>: Failed to resolve 't.me' ([Errno 11001] getaddrinfo failed)"))
HTTPSConnectionPool(host='t.me', port=443): Max retries exceeded with url: /amtmedyaduyuru/2?embed=1&mode=tme (Caused by NameResolutionError("<urllib3.connection.HTTPSConnection object at 0x0000026340F50C90>: Failed to resolve 't.me' ([Errno 11001] getaddrinfo failed)"))
HTTPSConnectionPool(host='t.me', port=443): Max retries exceeded with url: /amtmedyaduyuru/2?embed=1&mode=tme (Caused by NameResolutionError("<urllib3.connection.HTTPSConnection object at 0x000002633FEE8090>: Failed to resolve 't.me' ([Errno 11001] getaddrinfo failed)"))
HTTPSConnectionPool(host='t.me', port=443): Max retries exceeded with url: /amtmedyaduyuru/2?embed=1&mode=tme (Caused by NameResolutionError("<urllib3.connection.HTTPSConnection object at 0x00000263408771D0>: Failed to resolve 't.me' ([Errno 11001] getaddrinfo failed)"))
HTTPSConnectionPool(host='t.me', port=443): Max retries exceeded with url: /amtmedyaduyuru/2?embed=1&mode=tme (Caused by NameResolutionError("<urllib3.connection.HTTPSConnection object at 0x0000026340E40B90>: Failed to resolve 't.me' ([Errno 11001] getaddrinfo failed)"))
HTTPSConnectionPool(host='t.me', port=443): Max retries exceeded with url: /amtmedyaduyuru/2?embed=1&mode=tme (Caused by NameResolutionError("<urllib3.connection.HTTPSConnection object at 0x00000263408FE210>: Failed to resolve 't.me' ([Errno 11001] getaddrinfo failed)"))
HTTPSConnectionPool(host='t.me', port=443): Max retries exceeded with url: /amtmedyaduyuru/2?embed=1&mode=tme (Caused by NameResolutionError("<urllib3.connection.HTTPSConnection object at 0x000002633B6C37D0>: Failed to resolve 't.me' ([Errno 11001] getaddrinfo failed)"))
HTTPSConnectionPool(host='t.me', port=443): Max retries exceeded with url: /amtmedyaduyuru/2?embed=1&mode=tme (Caused by NameResolutionError("<urllib3.connection.HTTPSConnection object at 0x0000026340F95310>: Failed to resolve 't.me' ([Errno 11001] getaddrinfo failed)"))
HTTPSConnectionPool(host='t.me', port=443): Max retries exceeded with url: /amtmedyaduyuru/2?embed=1&mode=tme (Caused by NameResolutionError("<urllib3.connection.HTTPSConnection object at 0x000002633DF9C390>: Failed to resolve 't.me' ([Errno 11001] getaddrinfo failed)"))
HTTPSConnectionPool(host='t.me', port=443): Max retries exceeded with url: /amtmedyaduyuru/2?embed=1&mode=tme (Caused by NameResolutionError("<urllib3.connection.HTTPSConnection object at 0x000002633AE58B90>: Failed to resolve 't.me' ([Errno 11001] getaddrinfo failed)"))
HTTPSConnectionPool(host='t.me', port=443): Max retries exceeded with url: /amtmedyaduyuru/2?embed=1&mode=tme (Caused by NameResolutionError("<urllib3.connection.HTTPSConnection object at 0x0000026340E42DD0>: Failed to resolve 't.me' ([Errno 11001] getaddrinfo failed)"))
HTTPSConnectionPool(host='t.me', port=443): Max retries exceeded with url: /amtmedyaduyuru/2?embed=1&mode=tme (Caused by NameResolutionError("<urllib3.connection.HTTPSConnection object at 0x000002633BAE1610>: Failed to resolve 't.me' ([Errno 11001] getaddrinfo failed)"))
HTTPSConnectionPool(host='t.me', port=443): Max retries exceeded with url: /amtmedyaduyuru/2?embed=1&mode=tme (Caused by NameResolutionError("<urllib3.connection.HTTPSConnection object at 0x000002633FEE8090>: Failed to resolve 't.me' ([Errno 11001] getaddrinfo failed)"))
HTTPSConnectionPool(host='t.me', port=443): Max retries exceeded with url: /amtmedyaduyuru/2?embed=1&mode=tme (Caused by NameResolutionError("<urllib3.connection.HTTPSConnection object at 0x000002633B6600D0>: Failed to resolve 't.me' ([Errno 11001] getaddrinfo failed)"))
HTTPSConnectionPool(host='t.me', port=443): Max retries exceeded with url: /amtmedyaduyuru/2?embed=1&mode=tme (Caused by NameResolutionError("<urllib3.connection.HTTPSConnection object at 0x000002634008C990>: Failed to resolve 't.me' ([Errno 11001] getaddrinfo failed)"))
HTTPSConnectionPool(host='t.me', port=443): Max retries exceeded with url: /amtmedyaduyuru/2?embed=1&mode=tme (Caused by NameResolutionError("<urllib3.connection.HTTPSConnection object at 0x0000026340CD6F50>: Failed to resolve 't.me' ([Errno 11001] getaddrinfo failed)"))
HTTPSConnectionPool(host='t.me', port=443): Max retries exceeded with url: /amtmedyaduyuru/2?embed=1&mode=tme (Caused by NameResolutionError("<urllib3.connection.HTTPSConnection object at 0x000002633B8B8710>: Failed to resolve 't.me' ([Errno 11001] getaddrinfo failed)"))
HTTPSConnectionPool(host='t.me', port=443): Max retries exceeded with url: /amtmedyaduyuru/2?embed=1&mode=tme (Caused by NameResolutionError("<urllib3.connection.HTTPSConnection object at 0x000002633DF9C390>: Failed to resolve 't.me' ([Errno 11001] getaddrinfo failed)"))
HTTPSConnectionPool(host='t.me', port=443): Max retries exceeded with url: /amtmedyaduyuru/2?embed=1&mode=tme (Caused by NameResolutionError("<urllib3.connection.HTTPSConnection object at 0x000002633E193390>: Failed to resolve 't.me' ([Errno 11001] getaddrinfo failed)"))
HTTPSConnectionPool(host='t.me', port=443): Max retries exceeded with url: /amtmedyaduyuru/2?embed=1&mode=tme (Caused by NameResolutionError("<urllib3.connection.HTTPSConnection object at 0x0000026340F5EC50>: Failed to resolve 't.me' ([Errno 11001] getaddrinfo failed)"))
HTTPSConnectionPool(host='t.me', port=443): Max retries exceeded with url: /amtmedyaduyuru/2?embed=1&mode=tme (Caused by NameResolutionError("<urllib3.connection.HTTPSConnection object at 0x000002633FFC53D0>: Failed to resolve 't.me' ([Errno 11001] getaddrinfo failed)"))
HTTPSConnectionPool(host='t.me', port=443): Max retries exceeded with url: /amtmedyaduyuru/2?embed=1&mode=tme (Caused by NameResolutionError("<urllib3.connection.HTTPSConnection object at 0x00000263339E5490>: Failed to resolve 't.me' ([Errno 11001] getaddrinfo failed)"))
HTTPSConnectionPool(host='t.me', port=443): Max retries exceeded with url: /amtmedyaduyuru/2?embed=1&mode=tme (Caused by NameResolutionError("<urllib3.connection.HTTPSConnection object at 0x0000026340F7FF10>: Failed to resolve 't.me' ([Errno 11001] getaddrinfo failed)"))
HTTPSConnectionPool(host='t.me', port=443): Max retries exceeded with url: /amtmedyaduyuru/2?embed=1&mode=tme (Caused by NameResolutionError("<urllib3.connection.HTTPSConnection object at 0x0000026340E415D0>: Failed to resolve 't.me' ([Errno 11001] getaddrinfo failed)"))
HTTPSConnectionPool(host='t.me', port=443): Max retries exceeded with url: /amtmedyaduyuru/2?embed=1&mode=tme (Caused by NameResolutionError("<urllib3.connection.HTTPSConnection object at 0x00000263406C9990>: Failed to resolve 't.me' ([Errno 11001] getaddrinfo failed)"))
HTTPSConnectionPool(host='t.me', port=443): Max retries exceeded with url: /amtmedyaduyuru/2?embed=1&mode=tme (Caused by NameResolutionError("<urllib3.connection.HTTPSConnection object at 0x0000026340381610>: Failed to resolve 't.me' ([Errno 11001] getaddrinfo failed)"))
HTTPSConnectionPool(host='t.me', port=443): Max retries exceeded with url: /amtmedyaduyuru/2?embed=1&mode=tme (Caused by NameResolutionError("<urllib3.connection.HTTPSConnection object at 0x0000026340B07010>: Failed to resolve 't.me' ([Errno 11001] getaddrinfo failed)"))
HTTPSConnectionPool(host='t.me', port=443): Max retries exceeded with url: /amtmedyaduyuru/2?embed=1&mode=tme (Caused by NameResolutionError("<urllib3.connection.HTTPSConnection object at 0x00000263405E4B10>: Failed to resolve 't.me' ([Errno 11001] getaddrinfo failed)"))
HTTPSConnectionPool(host='t.me', port=443): Max retries exceeded with url: /amtmedyaduyuru/2?embed=1&mode=tme (Caused by NameResolutionError("<urllib3.connection.HTTPSConnection object at 0x0000026340D27110>: Failed to resolve 't.me' ([Errno 11001] getaddrinfo failed)"))
HTTPSConnectionPool(host='t.me', port=443): Max retries exceeded with url: /amtmedyaduyuru/2?embed=1&mode=tme (Caused by NameResolutionError("<urllib3.connection.HTTPSConnection object at 0x000002633C4718D0>: Failed to resolve 't.me' ([Errno 11001] getaddrinfo failed)"))
HTTPSConnectionPool(host='t.me', port=443): Max retries exceeded with url: /amtmedyaduyuru/2?embed=1&mode=tme (Caused by NameResolutionError("<urllib3.connection.HTTPSConnection object at 0x000002633C488850>: Failed to resolve 't.me' ([Errno 11001] getaddrinfo failed)"))
HTTPSConnectionPool(host='t.me', port=443): Max retries exceeded with url: /amtmedyaduyuru/2?embed=1&mode=tme (Caused by NameResolutionError("<urllib3.connection.HTTPSConnection object at 0x00000263404195D0>: Failed to resolve 't.me' ([Errno 11001] getaddrinfo failed)"))
HTTPSConnectionPool(host='t.me', port=443): Max retries exceeded with url: /amtmedyaduyuru/2?embed=1&mode=tme (Caused by NameResolutionError("<urllib3.connection.HTTPSConnection object at 0x000002633FEED950>: Failed to resolve 't.me' ([Errno 11001] getaddrinfo failed)"))
HTTPSConnectionPool(host='t.me', port=443): Max retries exceeded with url: /amtmedyaduyuru/2?embed=1&mode=tme (Caused by NameResolutionError("<urllib3.connection.HTTPSConnection object at 0x000002633FFEF110>: Failed to resolve 't.me' ([Errno 11001] getaddrinfo failed)"))
HTTPSConnectionPool(host='t.me', port=443): Max retries exceeded with url: /amtmedyaduyuru/2?embed=1&mode=tme (Caused by NameResolutionError("<urllib3.connection.HTTPSConnection object at 0x0000026340E41990>: Failed to resolve 't.me' ([Errno 11001] getaddrinfo failed)"))
HTTPSConnectionPool(host='t.me', port=443): Max retries exceeded with url: /amtmedyaduyuru/2?embed=1&mode=tme (Caused by NameResolutionError("<urllib3.connection.HTTPSConnection object at 0x000002633E193390>: Failed to resolve 't.me' ([Errno 11001] getaddrinfo failed)"))
HTTPSConnectionPool(host='t.me', port=443): Max retries exceeded with url: /amtmedyaduyuru/2?embed=1&mode=tme (Caused by NameResolutionError("<urllib3.connection.HTTPSConnection object at 0x000002633FBFBBD0>: Failed to resolve 't.me' ([Errno 11001] getaddrinfo failed)"))
HTTPSConnectionPool(host='t.me', port=443): Max retries exceeded with url: /amtmedyaduyuru/2?embed=1&mode=tme (Caused by NameResolutionError("<urllib3.connection.HTTPSConnection object at 0x000002633CF82750>: Failed to resolve 't.me' ([Errno 11001] getaddrinfo failed)"))
HTTPSConnectionPool(host='t.me', port=443): Max retries exceeded with url: /amtmedyaduyuru/2?embed=1&mode=tme (Caused by NameResolutionError("<urllib3.connection.HTTPSConnection object at 0x0000026340E42E50>: Failed to resolve 't.me' ([Errno 11001] getaddrinfo failed)"))
HTTPSConnectionPool(host='t.me', port=443): Max retries exceeded with url: /amtmedyaduyuru/2?embed=1&mode=tme (Caused by NameResolutionError("<urllib3.connection.HTTPSConnection object at 0x0000026340BC4B50>: Failed to resolve 't.me' ([Errno 11001] getaddrinfo failed)"))
HTTPSConnectionPool(host='t.me', port=443): Max retries exceeded with url: /amtmedyaduyuru/2?embed=1&mode=tme (Caused by NameResolutionError("<urllib3.connection.HTTPSConnection object at 0x000002633FDFCDD0>: Failed to resolve 't.me' ([Errno 11001] getaddrinfo failed)"))
HTTPSConnectionPool(host='t.me', port=443): Max retries exceeded with url: /amtmedyaduyuru/2?embed=1&mode=tme (Caused by NameResolutionError("<urllib3.connection.HTTPSConnection object at 0x0000026340F7E9D0>: Failed to resolve 't.me' ([Errno 11001] getaddrinfo failed)"))
HTTPSConnectionPool(host='t.me', port=443): Max retries exceeded with url: /amtmedyaduyuru/2?embed=1&mode=tme (Caused by NameResolutionError("<urllib3.connection.HTTPSConnection object at 0x0000026340F7E9D0>: Failed to resolve 't.me' ([Errno 11001] getaddrinfo failed)"))
HTTPSConnectionPool(host='t.me', port=443): Max retries exceeded with url: /amtmedyaduyuru/2?embed=1&mode=tme (Caused by NameResolutionError("<urllib3.connection.HTTPSConnection object at 0x000002633FEE8090>: Failed to resolve 't.me' ([Errno 11001] getaddrinfo failed)"))
HTTPSConnectionPool(host='t.me', port=443): Max retries exceeded with url: /amtmedyaduyuru/2?embed=1&mode=tme (Caused by NameResolutionError("<urllib3.connection.HTTPSConnection object at 0x000002633FDC1490>: Failed to resolve 't.me' ([Errno 11001] getaddrinfo failed)"))
HTTPSConnectionPool(host='t.me', port=443): Max retries exceeded with url: /amtmedyaduyuru/2?embed=1&mode=tme (Caused by NameResolutionError("<urllib3.connection.HTTPSConnection object at 0x000002633FEB1B10>: Failed to resolve 't.me' ([Errno 11001] getaddrinfo failed)"))
HTTPSConnectionPool(host='t.me', port=443): Max retries exceeded with url: /amtmedyaduyuru/2?embed=1&mode=tme (Caused by NameResolutionError("<urllib3.connection.HTTPSConnection object at 0x000002633E192B90>: Failed to resolve 't.me' ([Errno 11001] getaddrinfo failed)"))
HTTPSConnectionPool(host='t.me', port=443): Max retries exceeded with url: /amtmedyaduyuru/2?embed=1&mode=tme (Caused by NameResolutionError("<urllib3.connection.HTTPSConnection object at 0x0000026340F94610>: Failed to resolve 't.me' ([Errno 11001] getaddrinfo failed)"))
HTTPSConnectionPool(host='t.me', port=443): Max retries exceeded with url: /amtmedyaduyuru/2?embed=1&mode=tme (Caused by NameResolutionError("<urllib3.connection.HTTPSConnection object at 0x000002633E0113D0>: Failed to resolve 't.me' ([Errno 11001] getaddrinfo failed)"))
HTTPSConnectionPool(host='t.me', port=443): Max retries exceeded with url: /amtmedyaduyuru/2?embed=1&mode=tme (Caused by NameResolutionError("<urllib3.connection.HTTPSConnection object at 0x0000026340E416D0>: Failed to resolve 't.me' ([Errno 11001] getaddrinfo failed)"))
HTTPSConnectionPool(host='t.me', port=443): Max retries exceeded with url: /amtmedyaduyuru/2?embed=1&mode=tme (Caused by NameResolutionError("<urllib3.connection.HTTPSConnection object at 0x000002634058E1D0>: Failed to resolve 't.me' ([Errno 11001] getaddrinfo failed)"))
HTTPSConnectionPool(host='t.me', port=443): Max retries exceeded with url: /amtmedyaduyuru/2?embed=1&mode=tme (Caused by NameResolutionError("<urllib3.connection.HTTPSConnection object at 0x0000026340E5C910>: Failed to resolve 't.me' ([Errno 11001] getaddrinfo failed)"))
HTTPSConnectionPool(host='t.me', port=443): Max retries exceeded with url: /amtmedyaduyuru/2?embed=1&mode=tme (Caused by NameResolutionError("<urllib3.connection.HTTPSConnection object at 0x0000026340F7F850>: Failed to resolve 't.me' ([Errno 11001] getaddrinfo failed)"))
HTTPSConnectionPool(host='t.me', port=443): Max retries exceeded with url: /amtmedyaduyuru/2?embed=1&mode=tme (Caused by NameResolutionError("<urllib3.connection.HTTPSConnection object at 0x0000026340FA1310>: Failed to resolve 't.me' ([Errno 11001] getaddrinfo failed)"))
HTTPSConnectionPool(host='t.me', port=443): Max retries exceeded with url: /amtmedyaduyuru/2?embed=1&mode=tme (Caused by NameResolutionError("<urllib3.connection.HTTPSConnection object at 0x0000026340F7EE50>: Failed to resolve 't.me' ([Errno 11001] getaddrinfo failed)"))
HTTPSConnectionPool(host='t.me', port=443): Max retries exceeded with url: /amtmedyaduyuru/2?embed=1&mode=tme (Caused by NameResolutionError("<urllib3.connection.HTTPSConnection object at 0x00000263408C6390>: Failed to resolve 't.me' ([Errno 11001] getaddrinfo failed)"))
HTTPSConnectionPool(host='t.me', port=443): Max retries exceeded with url: /amtmedyaduyuru/2?embed=1&mode=tme (Caused by NameResolutionError("<urllib3.connection.HTTPSConnection object at 0x000002633DFB7E90>: Failed to resolve 't.me' ([Errno 11001] getaddrinfo failed)"))
HTTPSConnectionPool(host='t.me', port=443): Max retries exceeded with url: /amtmedyaduyuru/2?embed=1&mode=tme (Caused by NameResolutionError("<urllib3.connection.HTTPSConnection object at 0x00000263341CA1D0>: Failed to resolve 't.me' ([Errno 11001] getaddrinfo failed)"))
HTTPSConnectionPool(host='t.me', port=443): Max retries exceeded with url: /amtmedyaduyuru/2?embed=1&mode=tme (Caused by NameResolutionError("<urllib3.connection.HTTPSConnection object at 0x0000026340E402D0>: Failed to resolve 't.me' ([Errno 11001] getaddrinfo failed)"))
HTTPSConnectionPool(host='t.me', port=443): Max retries exceeded with url: /amtmedyaduyuru/2?embed=1&mode=tme (Caused by NameResolutionError("<urllib3.connection.HTTPSConnection object at 0x000002633652FFD0>: Failed to resolve 't.me' ([Errno 11001] getaddrinfo failed)"))
HTTPSConnectionPool(host='t.me', port=443): Max retries exceeded with url: /amtmedyaduyuru/2?embed=1&mode=tme (Caused by NameResolutionError("<urllib3.connection.HTTPSConnection object at 0x000002633AE58B90>: Failed to resolve 't.me' ([Errno 11001] getaddrinfo failed)"))
HTTPSConnectionPool(host='t.me', port=443): Max retries exceeded with url: /amtmedyaduyuru/2?embed=1&mode=tme (Caused by NameResolutionError("<urllib3.connection.HTTPSConnection object at 0x00000263403CAD50>: Failed to resolve 't.me' ([Errno 11001] getaddrinfo failed)"))
HTTPSConnectionPool(host='t.me', port=443): Max retries exceeded with url: /amtmedyaduyuru/2?embed=1&mode=tme (Caused by NameResolutionError("<urllib3.connection.HTTPSConnection object at 0x000002633B6600D0>: Failed to resolve 't.me' ([Errno 11001] getaddrinfo failed)"))
HTTPSConnectionPool(host='t.me', port=443): Max retries exceeded with url: /amtmedyaduyuru/2?embed=1&mode=tme (Caused by NameResolutionError("<urllib3.connection.HTTPSConnection object at 0x00000263403AE1D0>: Failed to resolve 't.me' ([Errno 11001] getaddrinfo failed)"))
HTTPSConnectionPool(host='t.me', port=443): Max retries exceeded with url: /amtmedyaduyuru/2?embed=1&mode=tme (Caused by NameResolutionError("<urllib3.connection.HTTPSConnection object at 0x0000026340FA1290>: Failed to resolve 't.me' ([Errno 11001] getaddrinfo failed)"))
HTTPSConnectionPool(host='t.me', port=443): Max retries exceeded with url: /amtmedyaduyuru/2?embed=1&mode=tme (Caused by NameResolutionError("<urllib3.connection.HTTPSConnection object at 0x0000026340FA3310>: Failed to resolve 't.me' ([Errno 11001] getaddrinfo failed)"))
HTTPSConnectionPool(host='t.me', port=443): Max retries exceeded with url: /amtmedyaduyuru/2?embed=1&mode=tme (Caused by NameResolutionError("<urllib3.connection.HTTPSConnection object at 0x0000026340747210>: Failed to resolve 't.me' ([Errno 11001] getaddrinfo failed)"))
HTTPSConnectionPool(host='t.me', port=443): Max retries exceeded with url: /amtmedyaduyuru/2?embed=1&mode=tme (Caused by NameResolutionError("<urllib3.connection.HTTPSConnection object at 0x000002633C3874D0>: Failed to resolve 't.me' ([Errno 11001] getaddrinfo failed)"))
HTTPSConnectionPool(host='t.me', port=443): Max retries exceeded with url: /amtmedyaduyuru/2?embed=1&mode=tme (Caused by NameResolutionError("<urllib3.connection.HTTPSConnection object at 0x0000026340A7E550>: Failed to resolve 't.me' ([Errno 11001] getaddrinfo failed)"))
HTTPSConnectionPool(host='t.me', port=443): Max retries exceeded with url: /amtmedyaduyuru/2?embed=1&mode=tme (Caused by NameResolutionError("<urllib3.connection.HTTPSConnection object at 0x0000026340383090>: Failed to resolve 't.me' ([Errno 11001] getaddrinfo failed)"))
HTTPSConnectionPool(host='t.me', port=443): Max retries exceeded with url: /amtmedyaduyuru/2?embed=1&mode=tme (Caused by NameResolutionError("<urllib3.connection.HTTPSConnection object at 0x0000026340E42190>: Failed to resolve 't.me' ([Errno 11001] getaddrinfo failed)"))
HTTPSConnectionPool(host='t.me', port=443): Max retries exceeded with url: /amtmedyaduyuru/2?embed=1&mode=tme (Caused by NameResolutionError("<urllib3.connection.HTTPSConnection object at 0x0000026340FA08D0>: Failed to resolve 't.me' ([Errno 11001] getaddrinfo failed)"))
HTTPSConnectionPool(host='t.me', port=443): Max retries exceeded with url: /amtmedyaduyuru/2?embed=1&mode=tme (Caused by NameResolutionError("<urllib3.connection.HTTPSConnection object at 0x00000263403625D0>: Failed to resolve 't.me' ([Errno 11001] getaddrinfo failed)"))
HTTPSConnectionPool(host='t.me', port=443): Max retries exceeded with url: /amtmedyaduyuru/2?embed=1&mode=tme (Caused by NameResolutionError("<urllib3.connection.HTTPSConnection object at 0x0000026340BC5350>: Failed to resolve 't.me' ([Errno 11001] getaddrinfo failed)"))
HTTPSConnectionPool(host='t.me', port=443): Max retries exceeded with url: /amtmedyaduyuru/2?embed=1&mode=tme (Caused by NameResolutionError("<urllib3.connection.HTTPSConnection object at 0x0000026340F97B90>: Failed to resolve 't.me' ([Errno 11001] getaddrinfo failed)"))
HTTPSConnectionPool(host='t.me', port=443): Max retries exceeded with url: /amtmedyaduyuru/2?embed=1&mode=tme (Caused by NameResolutionError("<urllib3.connection.HTTPSConnection object at 0x00000263405E7F50>: Failed to resolve 't.me' ([Errno 11001] getaddrinfo failed)"))
HTTPSConnectionPool(host='t.me', port=443): Max retries exceeded with url: /amtmedyaduyuru/2?embed=1&mode=tme (Caused by NameResolutionError("<urllib3.connection.HTTPSConnection object at 0x000002633B6C7A50>: Failed to resolve 't.me' ([Errno 11001] getaddrinfo failed)"))
HTTPSConnectionPool(host='t.me', port=443): Max retries exceeded with url: /amtmedyaduyuru/2?embed=1&mode=tme (Caused by NameResolutionError("<urllib3.connection.HTTPSConnection object at 0x000002634003A290>: Failed to resolve 't.me' ([Errno 11001] getaddrinfo failed)"))
HTTPSConnectionPool(host='t.me', port=443): Max retries exceeded with url: /amtmedyaduyuru/2?embed=1&mode=tme (Caused by NameResolutionError("<urllib3.connection.HTTPSConnection object at 0x0000026340F7CD10>: Failed to resolve 't.me' ([Errno 11001] getaddrinfo failed)"))
HTTPSConnectionPool(host='t.me', port=443): Max retries exceeded with url: /amtmedyaduyuru/2?embed=1&mode=tme (Caused by NameResolutionError("<urllib3.connection.HTTPSConnection object at 0x0000026340636690>: Failed to resolve 't.me' ([Errno 11001] getaddrinfo failed)"))
HTTPSConnectionPool(host='t.me', port=443): Max retries exceeded with url: /amtmedyaduyuru/2?embed=1&mode=tme (Caused by NameResolutionError("<urllib3.connection.HTTPSConnection object at 0x000002633FC69150>: Failed to resolve 't.me' ([Errno 11001] getaddrinfo failed)"))
HTTPSConnectionPool(host='t.me', port=443): Max retries exceeded with url: /amtmedyaduyuru/2?embed=1&mode=tme (Caused by NameResolutionError("<urllib3.connection.HTTPSConnection object at 0x0000026340E40110>: Failed to resolve 't.me' ([Errno 11001] getaddrinfo failed)"))
HTTPSConnectionPool(host='t.me', port=443): Max retries exceeded with url: /amtmedyaduyuru/2?embed=1&mode=tme (Caused by NameResolutionError("<urllib3.connection.HTTPSConnection object at 0x00000263341CA1D0>: Failed to resolve 't.me' ([Errno 11001] getaddrinfo failed)"))
HTTPSConnectionPool(host='t.me', port=443): Max retries exceeded with url: /amtmedyaduyuru/2?embed=1&mode=tme (Caused by NameResolutionError("<urllib3.connection.HTTPSConnection object at 0x0000026340FA1C50>: Failed to resolve 't.me' ([Errno 11001] getaddrinfo failed)"))
HTTPSConnectionPool(host='t.me', port=443): Max retries exceeded with url: /amtmedyaduyuru/2?embed=1&mode=tme (Caused by NameResolutionError("<urllib3.connection.HTTPSConnection object at 0x0000026340FB1190>: Failed to resolve 't.me' ([Errno 11001] getaddrinfo failed)"))
HTTPSConnectionPool(host='t.me', port=443): Max retries exceeded with url: /amtmedyaduyuru/2?embed=1&mode=tme (Caused by NameResolutionError("<urllib3.connection.HTTPSConnection object at 0x000002633E020B10>: Failed to resolve 't.me' ([Errno 11001] getaddrinfo failed)"))
HTTPSConnectionPool(host='t.me', port=443): Max retries exceeded with url: /amtmedyaduyuru/2?embed=1&mode=tme (Caused by NameResolutionError("<urllib3.connection.HTTPSConnection object at 0x000002633F8677D0>: Failed to resolve 't.me' ([Errno 11001] getaddrinfo failed)"))
HTTPSConnectionPool(host='t.me', port=443): Max retries exceeded with url: /amtmedyaduyuru/2?embed=1&mode=tme (Caused by NameResolutionError("<urllib3.connection.HTTPSConnection object at 0x00000263405E74D0>: Failed to resolve 't.me' ([Errno 11001] getaddrinfo failed)"))
HTTPSConnectionPool(host='t.me', port=443): Max retries exceeded with url: /amtmedyaduyuru/2?embed=1&mode=tme (Caused by NameResolutionError("<urllib3.connection.HTTPSConnection object at 0x0000026340E41290>: Failed to resolve 't.me' ([Errno 11001] getaddrinfo failed)"))
HTTPSConnectionPool(host='t.me', port=443): Max retries exceeded with url: /amtmedyaduyuru/2?embed=1&mode=tme (Caused by NameResolutionError("<urllib3.connection.HTTPSConnection object at 0x000002633FF67350>: Failed to resolve 't.me' ([Errno 11001] getaddrinfo failed)"))
HTTPSConnectionPool(host='t.me', port=443): Max retries exceeded with url: /amtmedyaduyuru/2?embed=1&mode=tme (Caused by NameResolutionError("<urllib3.connection.HTTPSConnection object at 0x0000026340DB7690>: Failed to resolve 't.me' ([Errno 11001] getaddrinfo failed)"))
HTTPSConnectionPool(host='t.me', port=443): Max retries exceeded with url: /amtmedyaduyuru/2?embed=1&mode=tme (Caused by NameResolutionError("<urllib3.connection.HTTPSConnection object at 0x0000026340E40E10>: Failed to resolve 't.me' ([Errno 11001] getaddrinfo failed)"))
HTTPSConnectionPool(host='t.me', port=443): Max retries exceeded with url: /amtmedyaduyuru/2?embed=1&mode=tme (Caused by NameResolutionError("<urllib3.connection.HTTPSConnection object at 0x000002633FAF6A50>: Failed to resolve 't.me' ([Errno 11001] getaddrinfo failed)"))
HTTPSConnectionPool(host='t.me', port=443): Max retries exceeded with url: /amtmedyaduyuru/2?embed=1&mode=tme (Caused by NameResolutionError("<urllib3.connection.HTTPSConnection object at 0x000002633F864810>: Failed to resolve 't.me' ([Errno 11001] getaddrinfo failed)"))
HTTPSConnectionPool(host='t.me', port=443): Max retries exceeded with url: /amtmedyaduyuru/2?embed=1&mode=tme (Caused by NameResolutionError("<urllib3.connection.HTTPSConnection object at 0x000002633E20A350>: Failed to resolve 't.me' ([Errno 11001] getaddrinfo failed)"))
HTTPSConnectionPool(host='t.me', port=443): Max retries exceeded with url: /amtmedyaduyuru/2?embed=1&mode=tme (Caused by NameResolutionError("<urllib3.connection.HTTPSConnection object at 0x0000026340FA2F50>: Failed to resolve 't.me' ([Errno 11001] getaddrinfo failed)"))
HTTPSConnectionPool(host='t.me', port=443): Max retries exceeded with url: /amtmedyaduyuru/2?embed=1&mode=tme (Caused by NameResolutionError("<urllib3.connection.HTTPSConnection object at 0x000002633E030810>: Failed to resolve 't.me' ([Errno 11001] getaddrinfo failed)"))
HTTPSConnectionPool(host='t.me', port=443): Max retries exceeded with url: /amtmedyaduyuru/2?embed=1&mode=tme (Caused by NameResolutionError("<urllib3.connection.HTTPSConnection object at 0x000002634022D750>: Failed to resolve 't.me' ([Errno 11001] getaddrinfo failed)"))
HTTPSConnectionPool(host='t.me', port=443): Max retries exceeded with url: /amtmedyaduyuru/2?embed=1&mode=tme (Caused by NameResolutionError("<urllib3.connection.HTTPSConnection object at 0x000002633C3A62D0>: Failed to resolve 't.me' ([Errno 11001] getaddrinfo failed)"))
HTTPSConnectionPool(host='t.me', port=443): Max retries exceeded with url: /amtmedyaduyuru/2?embed=1&mode=tme (Caused by NameResolutionError("<urllib3.connection.HTTPSConnection object at 0x000002634015FFD0>: Failed to resolve 't.me' ([Errno 11001] getaddrinfo failed)"))
HTTPSConnectionPool(host='t.me', port=443): Max retries exceeded with url: /amtmedyaduyuru/2?embed=1&mode=tme (Caused by NameResolutionError("<urllib3.connection.HTTPSConnection object at 0x0000026340A4C810>: Failed to resolve 't.me' ([Errno 11001] getaddrinfo failed)"))
HTTPSConnectionPool(host='t.me', port=443): Max retries exceeded with url: /amtmedyaduyuru/2?embed=1&mode=tme (Caused by NameResolutionError("<urllib3.connection.HTTPSConnection object at 0x0000026340540250>: Failed to resolve 't.me' ([Errno 11001] getaddrinfo failed)"))
HTTPSConnectionPool(host='t.me', port=443): Max retries exceeded with url: /amtmedyaduyuru/2?embed=1&mode=tme (Caused by NameResolutionError("<urllib3.connection.HTTPSConnection object at 0x0000026340BC62D0>: Failed to resolve 't.me' ([Errno 11001] getaddrinfo failed)"))
HTTPSConnectionPool(host='t.me', port=443): Max retries exceeded with url: /amtmedyaduyuru/2?embed=1&mode=tme (Caused by NameResolutionError("<urllib3.connection.HTTPSConnection object at 0x000002633E132550>: Failed to resolve 't.me' ([Errno 11001] getaddrinfo failed)"))
HTTPSConnectionPool(host='t.me', port=443): Max retries exceeded with url: /amtmedyaduyuru/2?embed=1&mode=tme (Caused by NameResolutionError("<urllib3.connection.HTTPSConnection object at 0x000002633FDF6D10>: Failed to resolve 't.me' ([Errno 11001] getaddrinfo failed)"))
HTTPSConnectionPool(host='t.me', port=443): Max retries exceeded with url: /amtmedyaduyuru/2?embed=1&mode=tme (Caused by NameResolutionError("<urllib3.connection.HTTPSConnection object at 0x0000026340FA29D0>: Failed to resolve 't.me' ([Errno 11001] getaddrinfo failed)"))
HTTPSConnectionPool(host='t.me', port=443): Max retries exceeded with url: /amtmedyaduyuru/2?embed=1&mode=tme (Caused by NameResolutionError("<urllib3.connection.HTTPSConnection object at 0x0000026340F95FD0>: Failed to resolve 't.me' ([Errno 11001] getaddrinfo failed)"))
HTTPSConnectionPool(host='t.me', port=443): Max retries exceeded with url: /amtmedyaduyuru/2?embed=1&mode=tme (Caused by NameResolutionError("<urllib3.connection.HTTPSConnection object at 0x0000026340E5D050>: Failed to resolve 't.me' ([Errno 11001] getaddrinfo failed)"))
HTTPSConnectionPool(host='t.me', port=443): Max retries exceeded with url: /amtmedyaduyuru/2?embed=1&mode=tme (Caused by NameResolutionError("<urllib3.connection.HTTPSConnection object at 0x000002633DFF9550>: Failed to resolve 't.me' ([Errno 11001] getaddrinfo failed)"))
HTTPSConnectionPool(host='t.me', port=443): Max retries exceeded with url: /amtmedyaduyuru/2?embed=1&mode=tme (Caused by NameResolutionError("<urllib3.connection.HTTPSConnection object at 0x0000026340B07750>: Failed to resolve 't.me' ([Errno 11001] getaddrinfo failed)"))
HTTPSConnectionPool(host='t.me', port=443): Max retries exceeded with url: /amtmedyaduyuru/2?embed=1&mode=tme (Caused by NameResolutionError("<urllib3.connection.HTTPSConnection object at 0x0000026340FA3590>: Failed to resolve 't.me' ([Errno 11001] getaddrinfo failed)"))
HTTPSConnectionPool(host='t.me', port=443): Max retries exceeded with url: /amtmedyaduyuru/2?embed=1&mode=tme (Caused by NameResolutionError("<urllib3.connection.HTTPSConnection object at 0x00000263404D7CD0>: Failed to resolve 't.me' ([Errno 11001] getaddrinfo failed)"))
HTTPSConnectionPool(host='t.me', port=443): Max retries exceeded with url: /amtmedyaduyuru/2?embed=1&mode=tme (Caused by NameResolutionError("<urllib3.connection.HTTPSConnection object at 0x0000026340E42010>: Failed to resolve 't.me' ([Errno 11001] getaddrinfo failed)"))
HTTPSConnectionPool(host='t.me', port=443): Max retries exceeded with url: /amtmedyaduyuru/2?embed=1&mode=tme (Caused by NameResolutionError("<urllib3.connection.HTTPSConnection object at 0x000002633BA61690>: Failed to resolve 't.me' ([Errno 11001] getaddrinfo failed)"))
HTTPSConnectionPool(host='t.me', port=443): Max retries exceeded with url: /amtmedyaduyuru/2?embed=1&mode=tme (Caused by NameResolutionError("<urllib3.connection.HTTPSConnection object at 0x000002634058E6D0>: Failed to resolve 't.me' ([Errno 11001] getaddrinfo failed)"))
HTTPSConnectionPool(host='t.me', port=443): Max retries exceeded with url: /amtmedyaduyuru/2?embed=1&mode=tme (Caused by NameResolutionError("<urllib3.connection.HTTPSConnection object at 0x000002633E039950>: Failed to resolve 't.me' ([Errno 11001] getaddrinfo failed)"))
HTTPSConnectionPool(host='t.me', port=443): Max retries exceeded with url: /amtmedyaduyuru/2?embed=1&mode=tme (Caused by NameResolutionError("<urllib3.connection.HTTPSConnection object at 0x000002633C443050>: Failed to resolve 't.me' ([Errno 11001] getaddrinfo failed)"))
HTTPSConnectionPool(host='t.me', port=443): Max retries exceeded with url: /amtmedyaduyuru/2?embed=1&mode=tme (Caused by NameResolutionError("<urllib3.connection.HTTPSConnection object at 0x00000263406B8150>: Failed to resolve 't.me' ([Errno 11001] getaddrinfo failed)"))
HTTPSConnectionPool(host='t.me', port=443): Max retries exceeded with url: /amtmedyaduyuru/2?embed=1&mode=tme (Caused by NameResolutionError("<urllib3.connection.HTTPSConnection object at 0x00000263400BC310>: Failed to resolve 't.me' ([Errno 11001] getaddrinfo failed)"))
HTTPSConnectionPool(host='t.me', port=443): Max retries exceeded with url: /amtmedyaduyuru/2?embed=1&mode=tme (Caused by NameResolutionError("<urllib3.connection.HTTPSConnection object at 0x000002633FA4E210>: Failed to resolve 't.me' ([Errno 11001] getaddrinfo failed)"))
HTTPSConnectionPool(host='t.me', port=443): Max retries exceeded with url: /amtmedyaduyuru/2?embed=1&mode=tme (Caused by NameResolutionError("<urllib3.connection.HTTPSConnection object at 0x000002633C350D10>: Failed to resolve 't.me' ([Errno 11001] getaddrinfo failed)"))
HTTPSConnectionPool(host='t.me', port=443): Max retries exceeded with url: /amtmedyaduyuru/2?embed=1&mode=tme (Caused by NameResolutionError("<urllib3.connection.HTTPSConnection object at 0x0000026340E5C610>: Failed to resolve 't.me' ([Errno 11001] getaddrinfo failed)"))
HTTPSConnectionPool(host='t.me', port=443): Max retries exceeded with url: /amtmedyaduyuru/2?embed=1&mode=tme (Caused by NameResolutionError("<urllib3.connection.HTTPSConnection object at 0x0000026340F97A50>: Failed to resolve 't.me' ([Errno 11001] getaddrinfo failed)"))
HTTPSConnectionPool(host='t.me', port=443): Max retries exceeded with url: /amtmedyaduyuru/2?embed=1&mode=tme (Caused by NameResolutionError("<urllib3.connection.HTTPSConnection object at 0x00000263394E5210>: Failed to resolve 't.me' ([Errno 11001] getaddrinfo failed)"))
HTTPSConnectionPool(host='t.me', port=443): Max retries exceeded with url: /amtmedyaduyuru/2?embed=1&mode=tme (Caused by NameResolutionError("<urllib3.connection.HTTPSConnection object at 0x000002633E31F3D0>: Failed to resolve 't.me' ([Errno 11001] getaddrinfo failed)"))
HTTPSConnectionPool(host='t.me', port=443): Max retries exceeded with url: /amtmedyaduyuru/2?embed=1&mode=tme (Caused by NameResolutionError("<urllib3.connection.HTTPSConnection object at 0x000002633FA4E410>: Failed to resolve 't.me' ([Errno 11001] getaddrinfo failed)"))
HTTPSConnectionPool(host='t.me', port=443): Max retries exceeded with url: /amtmedyaduyuru/2?embed=1&mode=tme (Caused by NameResolutionError("<urllib3.connection.HTTPSConnection object at 0x0000026340675390>: Failed to resolve 't.me' ([Errno 11001] getaddrinfo failed)"))
HTTPSConnectionPool(host='t.me', port=443): Max retries exceeded with url: /amtmedyaduyuru/2?embed=1&mode=tme (Caused by NameResolutionError("<urllib3.connection.HTTPSConnection object at 0x000002633A9D5710>: Failed to resolve 't.me' ([Errno 11001] getaddrinfo failed)"))
HTTPSConnectionPool(host='t.me', port=443): Max retries exceeded with url: /amtmedyaduyuru/2?embed=1&mode=tme (Caused by NameResolutionError("<urllib3.connection.HTTPSConnection object at 0x0000026340538410>: Failed to resolve 't.me' ([Errno 11001] getaddrinfo failed)"))
HTTPSConnectionPool(host='t.me', port=443): Max retries exceeded with url: /amtmedyaduyuru/2?embed=1&mode=tme (Caused by NameResolutionError("<urllib3.connection.HTTPSConnection object at 0x000002633FC4D090>: Failed to resolve 't.me' ([Errno 11001] getaddrinfo failed)"))
HTTPSConnectionPool(host='t.me', port=443): Max retries exceeded with url: /amtmedyaduyuru/2?embed=1&mode=tme (Caused by NameResolutionError("<urllib3.connection.HTTPSConnection object at 0x000002633FFFBC90>: Failed to resolve 't.me' ([Errno 11001] getaddrinfo failed)"))
HTTPSConnectionPool(host='t.me', port=443): Max retries exceeded with url: /amtmedyaduyuru/2?embed=1&mode=tme (Caused by NameResolutionError("<urllib3.connection.HTTPSConnection object at 0x000002633FD4D750>: Failed to resolve 't.me' ([Errno 11001] getaddrinfo failed)"))
HTTPSConnectionPool(host='t.me', port=443): Max retries exceeded with url: /amtmedyaduyuru/2?embed=1&mode=tme (Caused by NameResolutionError("<urllib3.connection.HTTPSConnection object at 0x00000263407C8650>: Failed to resolve 't.me' ([Errno 11001] getaddrinfo failed)"))
HTTPSConnectionPool(host='t.me', port=443): Max retries exceeded with url: /amtmedyaduyuru/2?embed=1&mode=tme (Caused by NameResolutionError("<urllib3.connection.HTTPSConnection object at 0x00000263407F2390>: Failed to resolve 't.me' ([Errno 11001] getaddrinfo failed)"))
HTTPSConnectionPool(host='t.me', port=443): Max retries exceeded with url: /amtmedyaduyuru/2?embed=1&mode=tme (Caused by NameResolutionError("<urllib3.connection.HTTPSConnection object at 0x000002633B8C6F50>: Failed to resolve 't.me' ([Errno 11001] getaddrinfo failed)"))
HTTPSConnectionPool(host='t.me', port=443): Max retries exceeded with url: /amtmedyaduyuru/2?embed=1&mode=tme (Caused by NameResolutionError("<urllib3.connection.HTTPSConnection object at 0x000002633B9BADD0>: Failed to resolve 't.me' ([Errno 11001] getaddrinfo failed)"))
HTTPSConnectionPool(host='t.me', port=443): Max retries exceeded with url: /amtmedyaduyuru/2?embed=1&mode=tme (Caused by NameResolutionError("<urllib3.connection.HTTPSConnection object at 0x0000026338F3F090>: Failed to resolve 't.me' ([Errno 11001] getaddrinfo failed)"))
HTTPSConnectionPool(host='t.me', port=443): Max retries exceeded with url: /amtmedyaduyuru/2?embed=1&mode=tme (Caused by NameResolutionError("<urllib3.connection.HTTPSConnection object at 0x0000026340A4F650>: Failed to resolve 't.me' ([Errno 11001] getaddrinfo failed)"))
HTTPSConnectionPool(host='t.me', port=443): Max retries exceeded with url: /amtmedyaduyuru/2?embed=1&mode=tme (Caused by NameResolutionError("<urllib3.connection.HTTPSConnection object at 0x00000263364F5710>: Failed to resolve 't.me' ([Errno 11001] getaddrinfo failed)"))
HTTPSConnectionPool(host='t.me', port=443): Max retries exceeded with url: /amtmedyaduyuru/2?embed=1&mode=tme (Caused by NameResolutionError("<urllib3.connection.HTTPSConnection object at 0x0000026340FA0790>: Failed to resolve 't.me' ([Errno 11001] getaddrinfo failed)"))
HTTPSConnectionPool(host='t.me', port=443): Max retries exceeded with url: /amtmedyaduyuru/2?embed=1&mode=tme (Caused by NameResolutionError("<urllib3.connection.HTTPSConnection object at 0x0000026340E41E10>: Failed to resolve 't.me' ([Errno 11001] getaddrinfo failed)"))
HTTPSConnectionPool(host='t.me', port=443): Max retries exceeded with url: /amtmedyaduyuru/2?embed=1&mode=tme (Caused by NameResolutionError("<urllib3.connection.HTTPSConnection object at 0x000002633C660610>: Failed to resolve 't.me' ([Errno 11001] getaddrinfo failed)"))
HTTPSConnectionPool(host='t.me', port=443): Max retries exceeded with url: /amtmedyaduyuru/2?embed=1&mode=tme (Caused by NameResolutionError("<urllib3.connection.HTTPSConnection object at 0x0000026340BDA710>: Failed to resolve 't.me' ([Errno 11001] getaddrinfo failed)"))
HTTPSConnectionPool(host='t.me', port=443): Max retries exceeded with url: /amtmedyaduyuru/2?embed=1&mode=tme (Caused by NameResolutionError("<urllib3.connection.HTTPSConnection object at 0x000002633B812050>: Failed to resolve 't.me' ([Errno 11001] getaddrinfo failed)"))
HTTPSConnectionPool(host='t.me', port=443): Max retries exceeded with url: /amtmedyaduyuru/2?embed=1&mode=tme (Caused by NameResolutionError("<urllib3.connection.HTTPSConnection object at 0x0000026340FA1DD0>: Failed to resolve 't.me' ([Errno 11001] getaddrinfo failed)"))
HTTPSConnectionPool(host='t.me', port=443): Max retries exceeded with url: /amtmedyaduyuru/2?embed=1&mode=tme (Caused by NameResolutionError("<urllib3.connection.HTTPSConnection object at 0x0000026340637CD0>: Failed to resolve 't.me' ([Errno 11001] getaddrinfo failed)"))
HTTPSConnectionPool(host='t.me', port=443): Max retries exceeded with url: /amtmedyaduyuru/2?embed=1&mode=tme (Caused by NameResolutionError("<urllib3.connection.HTTPSConnection object at 0x000002633E1FED10>: Failed to resolve 't.me' ([Errno 11001] getaddrinfo failed)"))
HTTPSConnectionPool(host='t.me', port=443): Max retries exceeded with url: /amtmedyaduyuru/2?embed=1&mode=tme (Caused by NameResolutionError("<urllib3.connection.HTTPSConnection object at 0x000002633B8C6F50>: Failed to resolve 't.me' ([Errno 11001] getaddrinfo failed)"))
HTTPSConnectionPool(host='t.me', port=443): Max retries exceeded with url: /amtmedyaduyuru/2?embed=1&mode=tme (Caused by NameResolutionError("<urllib3.connection.HTTPSConnection object at 0x00000263408FE410>: Failed to resolve 't.me' ([Errno 11001] getaddrinfo failed)"))
HTTPSConnectionPool(host='t.me', port=443): Max retries exceeded with url: /amtmedyaduyuru/2?embed=1&mode=tme (Caused by NameResolutionError("<urllib3.connection.HTTPSConnection object at 0x00000263401B1550>: Failed to resolve 't.me' ([Errno 11001] getaddrinfo failed)"))
HTTPSConnectionPool(host='t.me', port=443): Max retries exceeded with url: /amtmedyaduyuru/2?embed=1&mode=tme (Caused by NameResolutionError("<urllib3.connection.HTTPSConnection object at 0x000002633A965B50>: Failed to resolve 't.me' ([Errno 11001] getaddrinfo failed)"))
HTTPSConnectionPool(host='t.me', port=443): Max retries exceeded with url: /amtmedyaduyuru/2?embed=1&mode=tme (Caused by NameResolutionError("<urllib3.connection.HTTPSConnection object at 0x000002633FD89890>: Failed to resolve 't.me' ([Errno 11001] getaddrinfo failed)"))
HTTPSConnectionPool(host='t.me', port=443): Max retries exceeded with url: /amtmedyaduyuru/2?embed=1&mode=tme (Caused by NameResolutionError("<urllib3.connection.HTTPSConnection object at 0x000002633C413C10>: Failed to resolve 't.me' ([Errno 11001] getaddrinfo failed)"))
HTTPSConnectionPool(host='t.me', port=443): Max retries exceeded with url: /amtmedyaduyuru/2?embed=1&mode=tme (Caused by NameResolutionError("<urllib3.connection.HTTPSConnection object at 0x00000263406BBF10>: Failed to resolve 't.me' ([Errno 11001] getaddrinfo failed)"))
HTTPSConnectionPool(host='t.me', port=443): Max retries exceeded with url: /amtmedyaduyuru/2?embed=1&mode=tme (Caused by NameResolutionError("<urllib3.connection.HTTPSConnection object at 0x0000026340E42A10>: Failed to resolve 't.me' ([Errno 11001] getaddrinfo failed)"))
HTTPSConnectionPool(host='t.me', port=443): Max retries exceeded with url: /amtmedyaduyuru/2?embed=1&mode=tme (Caused by NameResolutionError("<urllib3.connection.HTTPSConnection object at 0x000002633F909E50>: Failed to resolve 't.me' ([Errno 11001] getaddrinfo failed)"))
HTTPSConnectionPool(host='t.me', port=443): Max retries exceeded with url: /amtmedyaduyuru/2?embed=1&mode=tme (Caused by NameResolutionError("<urllib3.connection.HTTPSConnection object at 0x0000026340775490>: Failed to resolve 't.me' ([Errno 11001] getaddrinfo failed)"))
HTTPSConnectionPool(host='t.me', port=443): Max retries exceeded with url: /amtmedyaduyuru/2?embed=1&mode=tme (Caused by NameResolutionError("<urllib3.connection.HTTPSConnection object at 0x0000026340FA3590>: Failed to resolve 't.me' ([Errno 11001] getaddrinfo failed)"))
HTTPSConnectionPool(host='t.me', port=443): Max retries exceeded with url: /amtmedyaduyuru/2?embed=1&mode=tme (Caused by NameResolutionError("<urllib3.connection.HTTPSConnection object at 0x0000026340E70750>: Failed to resolve 't.me' ([Errno 11001] getaddrinfo failed)"))
HTTPSConnectionPool(host='t.me', port=443): Max retries exceeded with url: /amtmedyaduyuru/2?embed=1&mode=tme (Caused by NameResolutionError("<urllib3.connection.HTTPSConnection object at 0x000002633C2EBC10>: Failed to resolve 't.me' ([Errno 11001] getaddrinfo failed)"))
HTTPSConnectionPool(host='t.me', port=443): Max retries exceeded with url: /amtmedyaduyuru/2?embed=1&mode=tme (Caused by NameResolutionError("<urllib3.connection.HTTPSConnection object at 0x0000026340139A10>: Failed to resolve 't.me' ([Errno 11001] getaddrinfo failed)"))
HTTPSConnectionPool(host='t.me', port=443): Max retries exceeded with url: /amtmedyaduyuru/2?embed=1&mode=tme (Caused by NameResolutionError("<urllib3.connection.HTTPSConnection object at 0x000002633FDF7390>: Failed to resolve 't.me' ([Errno 11001] getaddrinfo failed)"))
HTTPSConnectionPool(host='t.me', port=443): Max retries exceeded with url: /amtmedyaduyuru/2?embed=1&mode=tme (Caused by NameResolutionError("<urllib3.connection.HTTPSConnection object at 0x00000263405384D0>: Failed to resolve 't.me' ([Errno 11001] getaddrinfo failed)"))
HTTPSConnectionPool(host='t.me', port=443): Max retries exceeded with url: /amtmedyaduyuru/2?embed=1&mode=tme (Caused by NameResolutionError("<urllib3.connection.HTTPSConnection object at 0x00000263401B1A90>: Failed to resolve 't.me' ([Errno 11001] getaddrinfo failed)"))
HTTPSConnectionPool(host='t.me', port=443): Max retries exceeded with url: /amtmedyaduyuru/2?embed=1&mode=tme (Caused by NameResolutionError("<urllib3.connection.HTTPSConnection object at 0x0000026340E5C310>: Failed to resolve 't.me' ([Errno 11001] getaddrinfo failed)"))
HTTPSConnectionPool(host='t.me', port=443): Max retries exceeded with url: /amtmedyaduyuru/2?embed=1&mode=tme (Caused by NameResolutionError("<urllib3.connection.HTTPSConnection object at 0x0000026340F71E10>: Failed to resolve 't.me' ([Errno 11001] getaddrinfo failed)"))
HTTPSConnectionPool(host='t.me', port=443): Max retries exceeded with url: /amtmedyaduyuru/2?embed=1&mode=tme (Caused by NameResolutionError("<urllib3.connection.HTTPSConnection object at 0x000002634039BC50>: Failed to resolve 't.me' ([Errno 11001] getaddrinfo failed)"))
HTTPSConnectionPool(host='t.me', port=443): Max retries exceeded with url: /amtmedyaduyuru/2?embed=1&mode=tme (Caused by NameResolutionError("<urllib3.connection.HTTPSConnection object at 0x00000263408C25D0>: Failed to resolve 't.me' ([Errno 11001] getaddrinfo failed)"))
HTTPSConnectionPool(host='t.me', port=443): Max retries exceeded with url: /amtmedyaduyuru/2?embed=1&mode=tme (Caused by NameResolutionError("<urllib3.connection.HTTPSConnection object at 0x0000026340A4DD10>: Failed to resolve 't.me' ([Errno 11001] getaddrinfo failed)"))
HTTPSConnectionPool(host='t.me', port=443): Max retries exceeded with url: /amtmedyaduyuru/2?embed=1&mode=tme (Caused by NameResolutionError("<urllib3.connection.HTTPSConnection object at 0x0000026340CCA150>: Failed to resolve 't.me' ([Errno 11001] getaddrinfo failed)"))
HTTPSConnectionPool(host='t.me', port=443): Max retries exceeded with url: /amtmedyaduyuru/2?embed=1&mode=tme (Caused by NameResolutionError("<urllib3.connection.HTTPSConnection object at 0x0000026340E5DFD0>: Failed to resolve 't.me' ([Errno 11001] getaddrinfo failed)"))
HTTPSConnectionPool(host='t.me', port=443): Max retries exceeded with url: /amtmedyaduyuru/2?embed=1&mode=tme (Caused by NameResolutionError("<urllib3.connection.HTTPSConnection object at 0x00000263406C80D0>: Failed to resolve 't.me' ([Errno 11001] getaddrinfo failed)"))
HTTPSConnectionPool(host='t.me', port=443): Max retries exceeded with url: /amtmedyaduyuru/2?embed=1&mode=tme (Caused by NameResolutionError("<urllib3.connection.HTTPSConnection object at 0x0000026340A4DD10>: Failed to resolve 't.me' ([Errno 11001] getaddrinfo failed)"))
HTTPSConnectionPool(host='t.me', port=443): Max retries exceeded with url: /amtmedyaduyuru/2?embed=1&mode=tme (Caused by NameResolutionError("<urllib3.connection.HTTPSConnection object at 0x0000026340FA3890>: Failed to resolve 't.me' ([Errno 11001] getaddrinfo failed)"))
HTTPSConnectionPool(host='t.me', port=443): Max retries exceeded with url: /amtmedyaduyuru/2?embed=1&mode=tme (Caused by NameResolutionError("<urllib3.connection.HTTPSConnection object at 0x0000026340E5FF90>: Failed to resolve 't.me' ([Errno 11001] getaddrinfo failed)"))
HTTPSConnectionPool(host='t.me', port=443): Max retries exceeded with url: /amtmedyaduyuru/2?embed=1&mode=tme (Caused by NameResolutionError("<urllib3.connection.HTTPSConnection object at 0x000002634011FA10>: Failed to resolve 't.me' ([Errno 11001] getaddrinfo failed)"))
HTTPSConnectionPool(host='t.me', port=443): Max retries exceeded with url: /amtmedyaduyuru/2?embed=1&mode=tme (Caused by NameResolutionError("<urllib3.connection.HTTPSConnection object at 0x000002634012A950>: Failed to resolve 't.me' ([Errno 11001] getaddrinfo failed)"))
HTTPSConnectionPool(host='t.me', port=443): Max retries exceeded with url: /amtmedyaduyuru/2?embed=1&mode=tme (Caused by NameResolutionError("<urllib3.connection.HTTPSConnection object at 0x000002633B77A210>: Failed to resolve 't.me' ([Errno 11001] getaddrinfo failed)"))
HTTPSConnectionPool(host='t.me', port=443): Max retries exceeded with url: /amtmedyaduyuru/2?embed=1&mode=tme (Caused by NameResolutionError("<urllib3.connection.HTTPSConnection object at 0x0000026340277B10>: Failed to resolve 't.me' ([Errno 11001] getaddrinfo failed)"))
HTTPSConnectionPool(host='t.me', port=443): Max retries exceeded with url: /amtmedyaduyuru/2?embed=1&mode=tme (Caused by NameResolutionError("<urllib3.connection.HTTPSConnection object at 0x0000026340E71210>: Failed to resolve 't.me' ([Errno 11001] getaddrinfo failed)"))
HTTPSConnectionPool(host='t.me', port=443): Max retries exceeded with url: /amtmedyaduyuru/2?embed=1&mode=tme (Caused by NameResolutionError("<urllib3.connection.HTTPSConnection object at 0x000002633FF03810>: Failed to resolve 't.me' ([Errno 11001] getaddrinfo failed)"))
HTTPSConnectionPool(host='t.me', port=443): Max retries exceeded with url: /amtmedyaduyuru/2?embed=1&mode=tme (Caused by NameResolutionError("<urllib3.connection.HTTPSConnection object at 0x0000026340FA0110>: Failed to resolve 't.me' ([Errno 11001] getaddrinfo failed)"))
HTTPSConnectionPool(host='t.me', port=443): Max retries exceeded with url: /amtmedyaduyuru/2?embed=1&mode=tme (Caused by NameResolutionError("<urllib3.connection.HTTPSConnection object at 0x00000263394E5210>: Failed to resolve 't.me' ([Errno 11001] getaddrinfo failed)"))
HTTPSConnectionPool(host='t.me', port=443): Max retries exceeded with url: /amtmedyaduyuru/2?embed=1&mode=tme (Caused by NameResolutionError("<urllib3.connection.HTTPSConnection object at 0x0000026340E5F9D0>: Failed to resolve 't.me' ([Errno 11001] getaddrinfo failed)"))
HTTPSConnectionPool(host='t.me', port=443): Max retries exceeded with url: /amtmedyaduyuru/2?embed=1&mode=tme (Caused by NameResolutionError("<urllib3.connection.HTTPSConnection object at 0x00000263406B99D0>: Failed to resolve 't.me' ([Errno 11001] getaddrinfo failed)"))
HTTPSConnectionPool(host='t.me', port=443): Max retries exceeded with url: /amtmedyaduyuru/2?embed=1&mode=tme (Caused by NameResolutionError("<urllib3.connection.HTTPSConnection object at 0x000002633FA3F2D0>: Failed to resolve 't.me' ([Errno 11001] getaddrinfo failed)"))
HTTPSConnectionPool(host='t.me', port=443): Max retries exceeded with url: /amtmedyaduyuru/2?embed=1&mode=tme (Caused by NameResolutionError("<urllib3.connection.HTTPSConnection object at 0x0000026340BBCB10>: Failed to resolve 't.me' ([Errno 11001] getaddrinfo failed)"))
HTTPSConnectionPool(host='t.me', port=443): Max retries exceeded with url: /amtmedyaduyuru/2?embed=1&mode=tme (Caused by NameResolutionError("<urllib3.connection.HTTPSConnection object at 0x00000263408C01D0>: Failed to resolve 't.me' ([Errno 11001] getaddrinfo failed)"))
HTTPSConnectionPool(host='t.me', port=443): Max retries exceeded with url: /amtmedyaduyuru/2?embed=1&mode=tme (Caused by NameResolutionError("<urllib3.connection.HTTPSConnection object at 0x000002633FA01310>: Failed to resolve 't.me' ([Errno 11001] getaddrinfo failed)"))
HTTPSConnectionPool(host='t.me', port=443): Max retries exceeded with url: /amtmedyaduyuru/2?embed=1&mode=tme (Caused by NameResolutionError("<urllib3.connection.HTTPSConnection object at 0x000002634018B950>: Failed to resolve 't.me' ([Errno 11001] getaddrinfo failed)"))
HTTPSConnectionPool(host='t.me', port=443): Max retries exceeded with url: /amtmedyaduyuru/2?embed=1&mode=tme (Caused by NameResolutionError("<urllib3.connection.HTTPSConnection object at 0x0000026340E5EE50>: Failed to resolve 't.me' ([Errno 11001] getaddrinfo failed)"))
HTTPSConnectionPool(host='t.me', port=443): Max retries exceeded with url: /amtmedyaduyuru/2?embed=1&mode=tme (Caused by NameResolutionError("<urllib3.connection.HTTPSConnection object at 0x0000026340FB0ED0>: Failed to resolve 't.me' ([Errno 11001] getaddrinfo failed)"))
HTTPSConnectionPool(host='t.me', port=443): Max retries exceeded with url: /amtmedyaduyuru/2?embed=1&mode=tme (Caused by NameResolutionError("<urllib3.connection.HTTPSConnection object at 0x0000026340FB26D0>: Failed to resolve 't.me' ([Errno 11001] getaddrinfo failed)"))
HTTPSConnectionPool(host='t.me', port=443): Max retries exceeded with url: /amtmedyaduyuru/2?embed=1&mode=tme (Caused by NameResolutionError("<urllib3.connection.HTTPSConnection object at 0x0000026340F7F0D0>: Failed to resolve 't.me' ([Errno 11001] getaddrinfo failed)"))
HTTPSConnectionPool(host='t.me', port=443): Max retries exceeded with url: /amtmedyaduyuru/2?embed=1&mode=tme (Caused by NameResolutionError("<urllib3.connection.HTTPSConnection object at 0x0000026340E5D750>: Failed to resolve 't.me' ([Errno 11001] getaddrinfo failed)"))
HTTPSConnectionPool(host='t.me', port=443): Max retries exceeded with url: /amtmedyaduyuru/2?embed=1&mode=tme (Caused by NameResolutionError("<urllib3.connection.HTTPSConnection object at 0x0000026340E43110>: Failed to resolve 't.me' ([Errno 11001] getaddrinfo failed)"))
HTTPSConnectionPool(host='t.me', port=443): Max retries exceeded with url: /amtmedyaduyuru/2?embed=1&mode=tme (Caused by NameResolutionError("<urllib3.connection.HTTPSConnection object at 0x0000026340085D10>: Failed to resolve 't.me' ([Errno 11001] getaddrinfo failed)"))
HTTPSConnectionPool(host='t.me', port=443): Max retries exceeded with url: /amtmedyaduyuru/2?embed=1&mode=tme (Caused by NameResolutionError("<urllib3.connection.HTTPSConnection object at 0x0000026340382B10>: Failed to resolve 't.me' ([Errno 11001] getaddrinfo failed)"))
HTTPSConnectionPool(host='t.me', port=443): Max retries exceeded with url: /amtmedyaduyuru/2?embed=1&mode=tme (Caused by NameResolutionError("<urllib3.connection.HTTPSConnection object at 0x0000026340FB17D0>: Failed to resolve 't.me' ([Errno 11001] getaddrinfo failed)"))
HTTPSConnectionPool(host='t.me', port=443): Max retries exceeded with url: /amtmedyaduyuru/2?embed=1&mode=tme (Caused by NameResolutionError("<urllib3.connection.HTTPSConnection object at 0x0000026340E710D0>: Failed to resolve 't.me' ([Errno 11001] getaddrinfo failed)"))
HTTPSConnectionPool(host='t.me', port=443): Max retries exceeded with url: /amtmedyaduyuru/2?embed=1&mode=tme (Caused by NameResolutionError("<urllib3.connection.HTTPSConnection object at 0x000002633FC68ED0>: Failed to resolve 't.me' ([Errno 11001] getaddrinfo failed)"))
HTTPSConnectionPool(host='t.me', port=443): Max retries exceeded with url: /amtmedyaduyuru/2?embed=1&mode=tme (Caused by NameResolutionError("<urllib3.connection.HTTPSConnection object at 0x0000026340CF75D0>: Failed to resolve 't.me' ([Errno 11001] getaddrinfo failed)"))
HTTPSConnectionPool(host='t.me', port=443): Max retries exceeded with url: /amtmedyaduyuru/2?embed=1&mode=tme (Caused by NameResolutionError("<urllib3.connection.HTTPSConnection object at 0x0000026340E5C810>: Failed to resolve 't.me' ([Errno 11001] getaddrinfo failed)"))
HTTPSConnectionPool(host='t.me', port=443): Max retries exceeded with url: /amtmedyaduyuru/2?embed=1&mode=tme (Caused by NameResolutionError("<urllib3.connection.HTTPSConnection object at 0x0000026340FB22D0>: Failed to resolve 't.me' ([Errno 11001] getaddrinfo failed)"))
HTTPSConnectionPool(host='t.me', port=443): Max retries exceeded with url: /amtmedyaduyuru/2?embed=1&mode=tme (Caused by NameResolutionError("<urllib3.connection.HTTPSConnection object at 0x0000026340FBC610>: Failed to resolve 't.me' ([Errno 11001] getaddrinfo failed)"))
HTTPSConnectionPool(host='t.me', port=443): Max retries exceeded with url: /amtmedyaduyuru/2?embed=1&mode=tme (Caused by NameResolutionError("<urllib3.connection.HTTPSConnection object at 0x0000026340CF74D0>: Failed to resolve 't.me' ([Errno 11001] getaddrinfo failed)"))
HTTPSConnectionPool(host='t.me', port=443): Max retries exceeded with url: /amtmedyaduyuru/2?embed=1&mode=tme (Caused by NameResolutionError("<urllib3.connection.HTTPSConnection object at 0x00000263408DBAD0>: Failed to resolve 't.me' ([Errno 11001] getaddrinfo failed)"))
HTTPSConnectionPool(host='t.me', port=443): Max retries exceeded with url: /amtmedyaduyuru/2?embed=1&mode=tme (Caused by NameResolutionError("<urllib3.connection.HTTPSConnection object at 0x0000026340E5C410>: Failed to resolve 't.me' ([Errno 11001] getaddrinfo failed)"))
HTTPSConnectionPool(host='t.me', port=443): Max retries exceeded with url: /amtmedyaduyuru/2?embed=1&mode=tme (Caused by NameResolutionError("<urllib3.connection.HTTPSConnection object at 0x0000026340FB3710>: Failed to resolve 't.me' ([Errno 11001] getaddrinfo failed)"))
HTTPSConnectionPool(host='t.me', port=443): Max retries exceeded with url: /amtmedyaduyuru/2?embed=1&mode=tme (Caused by NameResolutionError("<urllib3.connection.HTTPSConnection object at 0x0000026340FB3D50>: Failed to resolve 't.me' ([Errno 11001] getaddrinfo failed)"))
HTTPSConnectionPool(host='t.me', port=443): Max retries exceeded with url: /amtmedyaduyuru/2?embed=1&mode=tme (Caused by NameResolutionError("<urllib3.connection.HTTPSConnection object at 0x0000026340F26650>: Failed to resolve 't.me' ([Errno 11001] getaddrinfo failed)"))
HTTPSConnectionPool(host='t.me', port=443): Max retries exceeded with url: /amtmedyaduyuru/2?embed=1&mode=tme (Caused by NameResolutionError("<urllib3.connection.HTTPSConnection object at 0x000002634008FD90>: Failed to resolve 't.me' ([Errno 11001] getaddrinfo failed)"))
HTTPSConnectionPool(host='t.me', port=443): Max retries exceeded with url: /amtmedyaduyuru/2?embed=1&mode=tme (Caused by NameResolutionError("<urllib3.connection.HTTPSConnection object at 0x000002633FA3C710>: Failed to resolve 't.me' ([Errno 11001] getaddrinfo failed)"))
HTTPSConnectionPool(host='t.me', port=443): Max retries exceeded with url: /amtmedyaduyuru/2?embed=1&mode=tme (Caused by NameResolutionError("<urllib3.connection.HTTPSConnection object at 0x0000026340E5C190>: Failed to resolve 't.me' ([Errno 11001] getaddrinfo failed)"))
HTTPSConnectionPool(host='t.me', port=443): Max retries exceeded with url: /amtmedyaduyuru/2?embed=1&mode=tme (Caused by NameResolutionError("<urllib3.connection.HTTPSConnection object at 0x000002633F852C90>: Failed to resolve 't.me' ([Errno 11001] getaddrinfo failed)"))
HTTPSConnectionPool(host='t.me', port=443): Max retries exceeded with url: /amtmedyaduyuru/2?embed=1&mode=tme (Caused by NameResolutionError("<urllib3.connection.HTTPSConnection object at 0x0000026340FB1550>: Failed to resolve 't.me' ([Errno 11001] getaddrinfo failed)"))
HTTPSConnectionPool(host='t.me', port=443): Max retries exceeded with url: /amtmedyaduyuru/2?embed=1&mode=tme (Caused by NameResolutionError("<urllib3.connection.HTTPSConnection object at 0x0000026340CF6D90>: Failed to resolve 't.me' ([Errno 11001] getaddrinfo failed)"))
HTTPSConnectionPool(host='t.me', port=443): Max retries exceeded with url: /amtmedyaduyuru/2?embed=1&mode=tme (Caused by NameResolutionError("<urllib3.connection.HTTPSConnection object at 0x000002633B8859D0>: Failed to resolve 't.me' ([Errno 11001] getaddrinfo failed)"))
HTTPSConnectionPool(host='t.me', port=443): Max retries exceeded with url: /amtmedyaduyuru/2?embed=1&mode=tme (Caused by NameResolutionError("<urllib3.connection.HTTPSConnection object at 0x00000263409B6B10>: Failed to resolve 't.me' ([Errno 11001] getaddrinfo failed)"))
HTTPSConnectionPool(host='t.me', port=443): Max retries exceeded with url: /amtmedyaduyuru/2?embed=1&mode=tme (Caused by NameResolutionError("<urllib3.connection.HTTPSConnection object at 0x0000026340FB3D10>: Failed to resolve 't.me' ([Errno 11001] getaddrinfo failed)"))
HTTPSConnectionPool(host='t.me', port=443): Max retries exceeded with url: /amtmedyaduyuru/2?embed=1&mode=tme (Caused by NameResolutionError("<urllib3.connection.HTTPSConnection object at 0x000002634018B950>: Failed to resolve 't.me' ([Errno 11001] getaddrinfo failed)"))
HTTPSConnectionPool(host='t.me', port=443): Max retries exceeded with url: /amtmedyaduyuru/2?embed=1&mode=tme (Caused by NameResolutionError("<urllib3.connection.HTTPSConnection object at 0x000002633F9DB0D0>: Failed to resolve 't.me' ([Errno 11001] getaddrinfo failed)"))
HTTPSConnectionPool(host='t.me', port=443): Max retries exceeded with url: /amtmedyaduyuru/2?embed=1&mode=tme (Caused by NameResolutionError("<urllib3.connection.HTTPSConnection object at 0x000002633FAF46D0>: Failed to resolve 't.me' ([Errno 11001] getaddrinfo failed)"))
HTTPSConnectionPool(host='t.me', port=443): Max retries exceeded with url: /amtmedyaduyuru/2?embed=1&mode=tme (Caused by NameResolutionError("<urllib3.connection.HTTPSConnection object at 0x00000263401B11D0>: Failed to resolve 't.me' ([Errno 11001] getaddrinfo failed)"))
HTTPSConnectionPool(host='t.me', port=443): Max retries exceeded with url: /amtmedyaduyuru/2?embed=1&mode=tme (Caused by NameResolutionError("<urllib3.connection.HTTPSConnection object at 0x000002634008FD90>: Failed to resolve 't.me' ([Errno 11001] getaddrinfo failed)"))
HTTPSConnectionPool(host='t.me', port=443): Max retries exceeded with url: /amtmedyaduyuru/2?embed=1&mode=tme (Caused by NameResolutionError("<urllib3.connection.HTTPSConnection object at 0x00000263406CA410>: Failed to resolve 't.me' ([Errno 11001] getaddrinfo failed)"))
HTTPSConnectionPool(host='t.me', port=443): Max retries exceeded with url: /amtmedyaduyuru/2?embed=1&mode=tme (Caused by NameResolutionError("<urllib3.connection.HTTPSConnection object at 0x0000026340FB3290>: Failed to resolve 't.me' ([Errno 11001] getaddrinfo failed)"))
HTTPSConnectionPool(host='t.me', port=443): Max retries exceeded with url: /amtmedyaduyuru/2?embed=1&mode=tme (Caused by NameResolutionError("<urllib3.connection.HTTPSConnection object at 0x0000026340FB24D0>: Failed to resolve 't.me' ([Errno 11001] getaddrinfo failed)"))
HTTPSConnectionPool(host='t.me', port=443): Max retries exceeded with url: /amtmedyaduyuru/2?embed=1&mode=tme (Caused by NameResolutionError("<urllib3.connection.HTTPSConnection object at 0x000002633FEAFBD0>: Failed to resolve 't.me' ([Errno 11001] getaddrinfo failed)"))
HTTPSConnectionPool(host='t.me', port=443): Max retries exceeded with url: /amtmedyaduyuru/2?embed=1&mode=tme (Caused by NameResolutionError("<urllib3.connection.HTTPSConnection object at 0x0000026340B162D0>: Failed to resolve 't.me' ([Errno 11001] getaddrinfo failed)"))
HTTPSConnectionPool(host='t.me', port=443): Max retries exceeded with url: /amtmedyaduyuru/2?embed=1&mode=tme (Caused by NameResolutionError("<urllib3.connection.HTTPSConnection object at 0x0000026340C9FC90>: Failed to resolve 't.me' ([Errno 11001] getaddrinfo failed)"))
HTTPSConnectionPool(host='t.me', port=443): Max retries exceeded with url: /amtmedyaduyuru/2?embed=1&mode=tme (Caused by NameResolutionError("<urllib3.connection.HTTPSConnection object at 0x000002633FBFBE10>: Failed to resolve 't.me' ([Errno 11001] getaddrinfo failed)"))
HTTPSConnectionPool(host='t.me', port=443): Max retries exceeded with url: /amtmedyaduyuru/2?embed=1&mode=tme (Caused by NameResolutionError("<urllib3.connection.HTTPSConnection object at 0x000002633C32C650>: Failed to resolve 't.me' ([Errno 11001] getaddrinfo failed)"))
HTTPSConnectionPool(host='t.me', port=443): Max retries exceeded with url: /amtmedyaduyuru/2?embed=1&mode=tme (Caused by NameResolutionError("<urllib3.connection.HTTPSConnection object at 0x0000026340FB0390>: Failed to resolve 't.me' ([Errno 11001] getaddrinfo failed)"))
HTTPSConnectionPool(host='t.me', port=443): Max retries exceeded with url: /amtmedyaduyuru/2?embed=1&mode=tme (Caused by NameResolutionError("<urllib3.connection.HTTPSConnection object at 0x0000026340BE9850>: Failed to resolve 't.me' ([Errno 11001] getaddrinfo failed)"))
HTTPSConnectionPool(host='t.me', port=443): Max retries exceeded with url: /amtmedyaduyuru/2?embed=1&mode=tme (Caused by NameResolutionError("<urllib3.connection.HTTPSConnection object at 0x0000026340E5FD10>: Failed to resolve 't.me' ([Errno 11001] getaddrinfo failed)"))
HTTPSConnectionPool(host='t.me', port=443): Max retries exceeded with url: /amtmedyaduyuru/2?embed=1&mode=tme (Caused by NameResolutionError("<urllib3.connection.HTTPSConnection object at 0x000002633FD12B10>: Failed to resolve 't.me' ([Errno 11001] getaddrinfo failed)"))
HTTPSConnectionPool(host='t.me', port=443): Max retries exceeded with url: /amtmedyaduyuru/2?embed=1&mode=tme (Caused by NameResolutionError("<urllib3.connection.HTTPSConnection object at 0x000002634022C1D0>: Failed to resolve 't.me' ([Errno 11001] getaddrinfo failed)"))
HTTPSConnectionPool(host='t.me', port=443): Max retries exceeded with url: /amtmedyaduyuru/2?embed=1&mode=tme (Caused by NameResolutionError("<urllib3.connection.HTTPSConnection object at 0x000002634003A290>: Failed to resolve 't.me' ([Errno 11001] getaddrinfo failed)"))
HTTPSConnectionPool(host='t.me', port=443): Max retries exceeded with url: /amtmedyaduyuru/2?embed=1&mode=tme (Caused by NameResolutionError("<urllib3.connection.HTTPSConnection object at 0x0000026340FB0F10>: Failed to resolve 't.me' ([Errno 11001] getaddrinfo failed)"))
HTTPSConnectionPool(host='t.me', port=443): Max retries exceeded with url: /amtmedyaduyuru/2?embed=1&mode=tme (Caused by NameResolutionError("<urllib3.connection.HTTPSConnection object at 0x0000026340FB2910>: Failed to resolve 't.me' ([Errno 11001] getaddrinfo failed)"))
HTTPSConnectionPool(host='t.me', port=443): Max retries exceeded with url: /amtmedyaduyuru/2?embed=1&mode=tme (Caused by NameResolutionError("<urllib3.connection.HTTPSConnection object at 0x0000026340E5F7D0>: Failed to resolve 't.me' ([Errno 11001] getaddrinfo failed)"))
HTTPSConnectionPool(host='t.me', port=443): Max retries exceeded with url: /amtmedyaduyuru/2?embed=1&mode=tme (Caused by NameResolutionError("<urllib3.connection.HTTPSConnection object at 0x00000263372D3F50>: Failed to resolve 't.me' ([Errno 11001] getaddrinfo failed)"))
HTTPSConnectionPool(host='t.me', port=443): Max retries exceeded with url: /amtmedyaduyuru/2?embed=1&mode=tme (Caused by NameResolutionError("<urllib3.connection.HTTPSConnection object at 0x0000026340869E10>: Failed to resolve 't.me' ([Errno 11001] getaddrinfo failed)"))
HTTPSConnectionPool(host='t.me', port=443): Max retries exceeded with url: /amtmedyaduyuru/2?embed=1&mode=tme (Caused by NameResolutionError("<urllib3.connection.HTTPSConnection object at 0x000002634025DF10>: Failed to resolve 't.me' ([Errno 11001] getaddrinfo failed)"))
HTTPSConnectionPool(host='t.me', port=443): Max retries exceeded with url: /amtmedyaduyuru/2?embed=1&mode=tme (Caused by NameResolutionError("<urllib3.connection.HTTPSConnection object at 0x00000263401D24D0>: Failed to resolve 't.me' ([Errno 11001] getaddrinfo failed)"))
HTTPSConnectionPool(host='t.me', port=443): Max retries exceeded with url: /amtmedyaduyuru/2?embed=1&mode=tme (Caused by NameResolutionError("<urllib3.connection.HTTPSConnection object at 0x0000026340FB0350>: Failed to resolve 't.me' ([Errno 11001] getaddrinfo failed)"))
HTTPSConnectionPool(host='t.me', port=443): Max retries exceeded with url: /amtmedyaduyuru/2?embed=1&mode=tme (Caused by NameResolutionError("<urllib3.connection.HTTPSConnection object at 0x0000026340F7D050>: Failed to resolve 't.me' ([Errno 11001] getaddrinfo failed)"))
HTTPSConnectionPool(host='t.me', port=443): Max retries exceeded with url: /amtmedyaduyuru/2?embed=1&mode=tme (Caused by NameResolutionError("<urllib3.connection.HTTPSConnection object at 0x000002633C2B0290>: Failed to resolve 't.me' ([Errno 11001] getaddrinfo failed)"))
HTTPSConnectionPool(host='t.me', port=443): Max retries exceeded with url: /amtmedyaduyuru/2?embed=1&mode=tme (Caused by NameResolutionError("<urllib3.connection.HTTPSConnection object at 0x0000026340139A10>: Failed to resolve 't.me' ([Errno 11001] getaddrinfo failed)"))
HTTPSConnectionPool(host='t.me', port=443): Max retries exceeded with url: /amtmedyaduyuru/2?embed=1&mode=tme (Caused by NameResolutionError("<urllib3.connection.HTTPSConnection object at 0x0000026340815610>: Failed to resolve 't.me' ([Errno 11001] getaddrinfo failed)"))
HTTPSConnectionPool(host='t.me', port=443): Max retries exceeded with url: /amtmedyaduyuru/2?embed=1&mode=tme (Caused by NameResolutionError("<urllib3.connection.HTTPSConnection object at 0x0000026340FB1610>: Failed to resolve 't.me' ([Errno 11001] getaddrinfo failed)"))
HTTPSConnectionPool(host='t.me', port=443): Max retries exceeded with url: /amtmedyaduyuru/2?embed=1&mode=tme (Caused by NameResolutionError("<urllib3.connection.HTTPSConnection object at 0x0000026340E5D050>: Failed to resolve 't.me' ([Errno 11001] getaddrinfo failed)"))
HTTPSConnectionPool(host='t.me', port=443): Max retries exceeded with url: /amtmedyaduyuru/2?embed=1&mode=tme (Caused by NameResolutionError("<urllib3.connection.HTTPSConnection object at 0x00000263407E3510>: Failed to resolve 't.me' ([Errno 11001] getaddrinfo failed)"))
HTTPSConnectionPool(host='t.me', port=443): Max retries exceeded with url: /amtmedyaduyuru/2?embed=1&mode=tme (Caused by NameResolutionError("<urllib3.connection.HTTPSConnection object at 0x00000263400C7850>: Failed to resolve 't.me' ([Errno 11001] getaddrinfo failed)"))
HTTPSConnectionPool(host='t.me', port=443): Max retries exceeded with url: /amtmedyaduyuru/2?embed=1&mode=tme (Caused by NameResolutionError("<urllib3.connection.HTTPSConnection object at 0x0000026340B70390>: Failed to resolve 't.me' ([Errno 11001] getaddrinfo failed)"))
HTTPSConnectionPool(host='t.me', port=443): Max retries exceeded with url: /amtmedyaduyuru/2?embed=1&mode=tme (Caused by NameResolutionError("<urllib3.connection.HTTPSConnection object at 0x000002633C3A0450>: Failed to resolve 't.me' ([Errno 11001] getaddrinfo failed)"))
HTTPSConnectionPool(host='t.me', port=443): Max retries exceeded with url: /amtmedyaduyuru/2?embed=1&mode=tme (Caused by NameResolutionError("<urllib3.connection.HTTPSConnection object at 0x000002633C513110>: Failed to resolve 't.me' ([Errno 11001] getaddrinfo failed)"))
HTTPSConnectionPool(host='t.me', port=443): Max retries exceeded with url: /amtmedyaduyuru/2?embed=1&mode=tme (Caused by NameResolutionError("<urllib3.connection.HTTPSConnection object at 0x0000026340FB3D90>: Failed to resolve 't.me' ([Errno 11001] getaddrinfo failed)"))
HTTPSConnectionPool(host='t.me', port=443): Max retries exceeded with url: /amtmedyaduyuru/2?embed=1&mode=tme (Caused by NameResolutionError("<urllib3.connection.HTTPSConnection object at 0x0000026340E41610>: Failed to resolve 't.me' ([Errno 11001] getaddrinfo failed)"))
HTTPSConnectionPool(host='t.me', port=443): Max retries exceeded with url: /amtmedyaduyuru/2?embed=1&mode=tme (Caused by NameResolutionError("<urllib3.connection.HTTPSConnection object at 0x000002633FB59C90>: Failed to resolve 't.me' ([Errno 11001] getaddrinfo failed)"))
HTTPSConnectionPool(host='t.me', port=443): Max retries exceeded with url: /amtmedyaduyuru/2?embed=1&mode=tme (Caused by NameResolutionError("<urllib3.connection.HTTPSConnection object at 0x00000263406BA9D0>: Failed to resolve 't.me' ([Errno 11001] getaddrinfo failed)"))
HTTPSConnectionPool(host='t.me', port=443): Max retries exceeded with url: /amtmedyaduyuru/2?embed=1&mode=tme (Caused by NameResolutionError("<urllib3.connection.HTTPSConnection object at 0x0000026340FB0C90>: Failed to resolve 't.me' ([Errno 11001] getaddrinfo failed)"))
HTTPSConnectionPool(host='t.me', port=443): Max retries exceeded with url: /amtmedyaduyuru/2?embed=1&mode=tme (Caused by NameResolutionError("<urllib3.connection.HTTPSConnection object at 0x0000026340CCA150>: Failed to resolve 't.me' ([Errno 11001] getaddrinfo failed)"))
HTTPSConnectionPool(host='t.me', port=443): Max retries exceeded with url: /amtmedyaduyuru/2?embed=1&mode=tme (Caused by NameResolutionError("<urllib3.connection.HTTPSConnection object at 0x0000026340E5F750>: Failed to resolve 't.me' ([Errno 11001] getaddrinfo failed)"))
HTTPSConnectionPool(host='t.me', port=443): Max retries exceeded with url: /amtmedyaduyuru/2?embed=1&mode=tme (Caused by NameResolutionError("<urllib3.connection.HTTPSConnection object at 0x00000263365BCCD0>: Failed to resolve 't.me' ([Errno 11001] getaddrinfo failed)"))
HTTPSConnectionPool(host='t.me', port=443): Max retries exceeded with url: /amtmedyaduyuru/2?embed=1&mode=tme (Caused by NameResolutionError("<urllib3.connection.HTTPSConnection object at 0x0000026340E5E090>: Failed to resolve 't.me' ([Errno 11001] getaddrinfo failed)"))
HTTPSConnectionPool(host='t.me', port=443): Max retries exceeded with url: /amtmedyaduyuru/2?embed=1&mode=tme (Caused by NameResolutionError("<urllib3.connection.HTTPSConnection object at 0x0000026340FB3610>: Failed to resolve 't.me' ([Errno 11001] getaddrinfo failed)"))
HTTPSConnectionPool(host='t.me', port=443): Max retries exceeded with url: /amtmedyaduyuru/2?embed=1&mode=tme (Caused by NameResolutionError("<urllib3.connection.HTTPSConnection object at 0x000002633C4DBD50>: Failed to resolve 't.me' ([Errno 11001] getaddrinfo failed)"))
HTTPSConnectionPool(host='t.me', port=443): Max retries exceeded with url: /amtmedyaduyuru/2?embed=1&mode=tme (Caused by NameResolutionError("<urllib3.connection.HTTPSConnection object at 0x000002633FF65D10>: Failed to resolve 't.me' ([Errno 11001] getaddrinfo failed)"))
HTTPSConnectionPool(host='t.me', port=443): Max retries exceeded with url: /amtmedyaduyuru/2?embed=1&mode=tme (Caused by NameResolutionError("<urllib3.connection.HTTPSConnection object at 0x000002633FEECF10>: Failed to resolve 't.me' ([Errno 11001] getaddrinfo failed)"))
HTTPSConnectionPool(host='t.me', port=443): Max retries exceeded with url: /amtmedyaduyuru/2?embed=1&mode=tme (Caused by NameResolutionError("<urllib3.connection.HTTPSConnection object at 0x000002633FEEF550>: Failed to resolve 't.me' ([Errno 11001] getaddrinfo failed)"))
HTTPSConnectionPool(host='t.me', port=443): Max retries exceeded with url: /amtmedyaduyuru/2?embed=1&mode=tme (Caused by NameResolutionError("<urllib3.connection.HTTPSConnection object at 0x000002633FF655D0>: Failed to resolve 't.me' ([Errno 11001] getaddrinfo failed)"))
HTTPSConnectionPool(host='t.me', port=443): Max retries exceeded with url: /amtmedyaduyuru/2?embed=1&mode=tme (Caused by NameResolutionError("<urllib3.connection.HTTPSConnection object at 0x0000026340362B50>: Failed to resolve 't.me' ([Errno 11001] getaddrinfo failed)"))
HTTPSConnectionPool(host='t.me', port=443): Max retries exceeded with url: /amtmedyaduyuru/2?embed=1&mode=tme (Caused by NameResolutionError("<urllib3.connection.HTTPSConnection object at 0x0000026340FB39D0>: Failed to resolve 't.me' ([Errno 11001] getaddrinfo failed)"))
HTTPSConnectionPool(host='t.me', port=443): Max retries exceeded with url: /amtmedyaduyuru/2?embed=1&mode=tme (Caused by NameResolutionError("<urllib3.connection.HTTPSConnection object at 0x000002633B64FD50>: Failed to resolve 't.me' ([Errno 11001] getaddrinfo failed)"))
HTTPSConnectionPool(host='t.me', port=443): Max retries exceeded with url: /amtmedyaduyuru/2?embed=1&mode=tme (Caused by NameResolutionError("<urllib3.connection.HTTPSConnection object at 0x0000026340E5DD10>: Failed to resolve 't.me' ([Errno 11001] getaddrinfo failed)"))
HTTPSConnectionPool(host='t.me', port=443): Max retries exceeded with url: /amtmedyaduyuru/2?embed=1&mode=tme (Caused by NameResolutionError("<urllib3.connection.HTTPSConnection object at 0x0000026340FB3A10>: Failed to resolve 't.me' ([Errno 11001] getaddrinfo failed)"))
HTTPSConnectionPool(host='t.me', port=443): Max retries exceeded with url: /amtmedyaduyuru/2?embed=1&mode=tme (Caused by NameResolutionError("<urllib3.connection.HTTPSConnection object at 0x000002633E06CE90>: Failed to resolve 't.me' ([Errno 11001] getaddrinfo failed)"))
HTTPSConnectionPool(host='t.me', port=443): Max retries exceeded with url: /amtmedyaduyuru/2?embed=1&mode=tme (Caused by NameResolutionError("<urllib3.connection.HTTPSConnection object at 0x000002633C737350>: Failed to resolve 't.me' ([Errno 11001] getaddrinfo failed)"))
HTTPSConnectionPool(host='t.me', port=443): Max retries exceeded with url: /amtmedyaduyuru/2?embed=1&mode=tme (Caused by NameResolutionError("<urllib3.connection.HTTPSConnection object at 0x0000026340E42990>: Failed to resolve 't.me' ([Errno 11001] getaddrinfo failed)"))
HTTPSConnectionPool(host='t.me', port=443): Max retries exceeded with url: /amtmedyaduyuru/2?embed=1&mode=tme (Caused by NameResolutionError("<urllib3.connection.HTTPSConnection object at 0x0000026340E5DD90>: Failed to resolve 't.me' ([Errno 11001] getaddrinfo failed)"))
HTTPSConnectionPool(host='t.me', port=443): Max retries exceeded with url: /amtmedyaduyuru/2?embed=1&mode=tme (Caused by NameResolutionError("<urllib3.connection.HTTPSConnection object at 0x0000026340FBD390>: Failed to resolve 't.me' ([Errno 11001] getaddrinfo failed)"))
HTTPSConnectionPool(host='t.me', port=443): Max retries exceeded with url: /amtmedyaduyuru/2?embed=1&mode=tme (Caused by NameResolutionError("<urllib3.connection.HTTPSConnection object at 0x00000263408FE110>: Failed to resolve 't.me' ([Errno 11001] getaddrinfo failed)"))
HTTPSConnectionPool(host='t.me', port=443): Max retries exceeded with url: /amtmedyaduyuru/2?embed=1&mode=tme (Caused by NameResolutionError("<urllib3.connection.HTTPSConnection object at 0x000002633FACA790>: Failed to resolve 't.me' ([Errno 11001] getaddrinfo failed)"))
HTTPSConnectionPool(host='t.me', port=443): Max retries exceeded with url: /amtmedyaduyuru/2?embed=1&mode=tme (Caused by NameResolutionError("<urllib3.connection.HTTPSConnection object at 0x00000263402866D0>: Failed to resolve 't.me' ([Errno 11001] getaddrinfo failed)"))
HTTPSConnectionPool(host='t.me', port=443): Max retries exceeded with url: /amtmedyaduyuru/2?embed=1&mode=tme (Caused by NameResolutionError("<urllib3.connection.HTTPSConnection object at 0x000002633E033D50>: Failed to resolve 't.me' ([Errno 11001] getaddrinfo failed)"))
HTTPSConnectionPool(host='t.me', port=443): Max retries exceeded with url: /amtmedyaduyuru/2?embed=1&mode=tme (Caused by NameResolutionError("<urllib3.connection.HTTPSConnection object at 0x000002633FB45FD0>: Failed to resolve 't.me' ([Errno 11001] getaddrinfo failed)"))
HTTPSConnectionPool(host='t.me', port=443): Max retries exceeded with url: /amtmedyaduyuru/2?embed=1&mode=tme (Caused by NameResolutionError("<urllib3.connection.HTTPSConnection object at 0x0000026340BC5F50>: Failed to resolve 't.me' ([Errno 11001] getaddrinfo failed)"))
HTTPSConnectionPool(host='t.me', port=443): Max retries exceeded with url: /amtmedyaduyuru/2?embed=1&mode=tme (Caused by NameResolutionError("<urllib3.connection.HTTPSConnection object at 0x000002633B8859D0>: Failed to resolve 't.me' ([Errno 11001] getaddrinfo failed)"))
HTTPSConnectionPool(host='t.me', port=443): Max retries exceeded with url: /amtmedyaduyuru/2?embed=1&mode=tme (Caused by NameResolutionError("<urllib3.connection.HTTPSConnection object at 0x000002634096B990>: Failed to resolve 't.me' ([Errno 11001] getaddrinfo failed)"))
HTTPSConnectionPool(host='t.me', port=443): Max retries exceeded with url: /amtmedyaduyuru/2?embed=1&mode=tme (Caused by NameResolutionError("<urllib3.connection.HTTPSConnection object at 0x000002633FAC9010>: Failed to resolve 't.me' ([Errno 11001] getaddrinfo failed)"))
HTTPSConnectionPool(host='t.me', port=443): Max retries exceeded with url: /amtmedyaduyuru/2?embed=1&mode=tme (Caused by NameResolutionError("<urllib3.connection.HTTPSConnection object at 0x000002633FEEC790>: Failed to resolve 't.me' ([Errno 11001] getaddrinfo failed)"))
HTTPSConnectionPool(host='t.me', port=443): Max retries exceeded with url: /amtmedyaduyuru/2?embed=1&mode=tme (Caused by NameResolutionError("<urllib3.connection.HTTPSConnection object at 0x000002633FC14B50>: Failed to resolve 't.me' ([Errno 11001] getaddrinfo failed)"))
HTTPSConnectionPool(host='t.me', port=443): Max retries exceeded with url: /amtmedyaduyuru/2?embed=1&mode=tme (Caused by NameResolutionError("<urllib3.connection.HTTPSConnection object at 0x0000026340E5F4D0>: Failed to resolve 't.me' ([Errno 11001] getaddrinfo failed)"))
HTTPSConnectionPool(host='t.me', port=443): Max retries exceeded with url: /amtmedyaduyuru/2?embed=1&mode=tme (Caused by NameResolutionError("<urllib3.connection.HTTPSConnection object at 0x000002633FDCFD90>: Failed to resolve 't.me' ([Errno 11001] getaddrinfo failed)"))
HTTPSConnectionPool(host='t.me', port=443): Max retries exceeded with url: /amtmedyaduyuru/2?embed=1&mode=tme (Caused by NameResolutionError("<urllib3.connection.HTTPSConnection object at 0x00000263408FD5D0>: Failed to resolve 't.me' ([Errno 11001] getaddrinfo failed)"))
HTTPSConnectionPool(host='t.me', port=443): Max retries exceeded with url: /amtmedyaduyuru/2?embed=1&mode=tme (Caused by NameResolutionError("<urllib3.connection.HTTPSConnection object at 0x000002633FAC8E10>: Failed to resolve 't.me' ([Errno 11001] getaddrinfo failed)"))
HTTPSConnectionPool(host='t.me', port=443): Max retries exceeded with url: /amtmedyaduyuru/2?embed=1&mode=tme (Caused by NameResolutionError("<urllib3.connection.HTTPSConnection object at 0x000002633C398410>: Failed to resolve 't.me' ([Errno 11001] getaddrinfo failed)"))
HTTPSConnectionPool(host='t.me', port=443): Max retries exceeded with url: /amtmedyaduyuru/2?embed=1&mode=tme (Caused by NameResolutionError("<urllib3.connection.HTTPSConnection object at 0x0000026340E5F910>: Failed to resolve 't.me' ([Errno 11001] getaddrinfo failed)"))
HTTPSConnectionPool(host='t.me', port=443): Max retries exceeded with url: /amtmedyaduyuru/2?embed=1&mode=tme (Caused by NameResolutionError("<urllib3.connection.HTTPSConnection object at 0x000002633FF03CD0>: Failed to resolve 't.me' ([Errno 11001] getaddrinfo failed)"))
HTTPSConnectionPool(host='t.me', port=443): Max retries exceeded with url: /amtmedyaduyuru/2?embed=1&mode=tme (Caused by NameResolutionError("<urllib3.connection.HTTPSConnection object at 0x000002633C2EBE90>: Failed to resolve 't.me' ([Errno 11001] getaddrinfo failed)"))
HTTPSConnectionPool(host='t.me', port=443): Max retries exceeded with url: /amtmedyaduyuru/2?embed=1&mode=tme (Caused by NameResolutionError("<urllib3.connection.HTTPSConnection object at 0x0000026340968A90>: Failed to resolve 't.me' ([Errno 11001] getaddrinfo failed)"))
HTTPSConnectionPool(host='t.me', port=443): Max retries exceeded with url: /amtmedyaduyuru/2?embed=1&mode=tme (Caused by NameResolutionError("<urllib3.connection.HTTPSConnection object at 0x0000026340BC6350>: Failed to resolve 't.me' ([Errno 11001] getaddrinfo failed)"))
HTTPSConnectionPool(host='t.me', port=443): Max retries exceeded with url: /amtmedyaduyuru/2?embed=1&mode=tme (Caused by NameResolutionError("<urllib3.connection.HTTPSConnection object at 0x0000026340E5DA50>: Failed to resolve 't.me' ([Errno 11001] getaddrinfo failed)"))
HTTPSConnectionPool(host='t.me', port=443): Max retries exceeded with url: /amtmedyaduyuru/2?embed=1&mode=tme (Caused by NameResolutionError("<urllib3.connection.HTTPSConnection object at 0x00000263408FFB90>: Failed to resolve 't.me' ([Errno 11001] getaddrinfo failed)"))
HTTPSConnectionPool(host='t.me', port=443): Max retries exceeded with url: /amtmedyaduyuru/2?embed=1&mode=tme (Caused by NameResolutionError("<urllib3.connection.HTTPSConnection object at 0x000002634058F550>: Failed to resolve 't.me' ([Errno 11001] getaddrinfo failed)"))
HTTPSConnectionPool(host='t.me', port=443): Max retries exceeded with url: /amtmedyaduyuru/2?embed=1&mode=tme (Caused by NameResolutionError("<urllib3.connection.HTTPSConnection object at 0x0000026340FB0A10>: Failed to resolve 't.me' ([Errno 11001] getaddrinfo failed)"))
HTTPSConnectionPool(host='t.me', port=443): Max retries exceeded with url: /amtmedyaduyuru/2?embed=1&mode=tme (Caused by NameResolutionError("<urllib3.connection.HTTPSConnection object at 0x00000263408FDD10>: Failed to resolve 't.me' ([Errno 11001] getaddrinfo failed)"))
HTTPSConnectionPool(host='t.me', port=443): Max retries exceeded with url: /amtmedyaduyuru/2?embed=1&mode=tme (Caused by NameResolutionError("<urllib3.connection.HTTPSConnection object at 0x000002633C479C10>: Failed to resolve 't.me' ([Errno 11001] getaddrinfo failed)"))
HTTPSConnectionPool(host='t.me', port=443): Max retries exceeded with url: /amtmedyaduyuru/2?embed=1&mode=tme (Caused by NameResolutionError("<urllib3.connection.HTTPSConnection object at 0x000002633657FA90>: Failed to resolve 't.me' ([Errno 11001] getaddrinfo failed)"))
HTTPSConnectionPool(host='t.me', port=443): Max retries exceeded with url: /amtmedyaduyuru/2?embed=1&mode=tme (Caused by NameResolutionError("<urllib3.connection.HTTPSConnection object at 0x000002633FA00F90>: Failed to resolve 't.me' ([Errno 11001] getaddrinfo failed)"))
HTTPSConnectionPool(host='t.me', port=443): Max retries exceeded with url: /amtmedyaduyuru/2?embed=1&mode=tme (Caused by NameResolutionError("<urllib3.connection.HTTPSConnection object at 0x0000026340E5FE50>: Failed to resolve 't.me' ([Errno 11001] getaddrinfo failed)"))
HTTPSConnectionPool(host='t.me', port=443): Max retries exceeded with url: /amtmedyaduyuru/2?embed=1&mode=tme (Caused by NameResolutionError("<urllib3.connection.HTTPSConnection object at 0x0000026340FB36D0>: Failed to resolve 't.me' ([Errno 11001] getaddrinfo failed)"))
HTTPSConnectionPool(host='t.me', port=443): Max retries exceeded with url: /amtmedyaduyuru/2?embed=1&mode=tme (Caused by NameResolutionError("<urllib3.connection.HTTPSConnection object at 0x00000263406BA210>: Failed to resolve 't.me' ([Errno 11001] getaddrinfo failed)"))
HTTPSConnectionPool(host='t.me', port=443): Max retries exceeded with url: /amtmedyaduyuru/2?embed=1&mode=tme (Caused by NameResolutionError("<urllib3.connection.HTTPSConnection object at 0x0000026340E5D490>: Failed to resolve 't.me' ([Errno 11001] getaddrinfo failed)"))
HTTPSConnectionPool(host='t.me', port=443): Max retries exceeded with url: /amtmedyaduyuru/2?embed=1&mode=tme (Caused by NameResolutionError("<urllib3.connection.HTTPSConnection object at 0x000002633E09C510>: Failed to resolve 't.me' ([Errno 11001] getaddrinfo failed)"))
HTTPSConnectionPool(host='t.me', port=443): Max retries exceeded with url: /amtmedyaduyuru/2?embed=1&mode=tme (Caused by NameResolutionError("<urllib3.connection.HTTPSConnection object at 0x000002633E0219D0>: Failed to resolve 't.me' ([Errno 11001] getaddrinfo failed)"))
HTTPSConnectionPool(host='t.me', port=443): Max retries exceeded with url: /amtmedyaduyuru/2?embed=1&mode=tme (Caused by NameResolutionError("<urllib3.connection.HTTPSConnection object at 0x000002633FEECFD0>: Failed to resolve 't.me' ([Errno 11001] getaddrinfo failed)"))
HTTPSConnectionPool(host='t.me', port=443): Max retries exceeded with url: /amtmedyaduyuru/2?embed=1&mode=tme (Caused by NameResolutionError("<urllib3.connection.HTTPSConnection object at 0x00000263408FC850>: Failed to resolve 't.me' ([Errno 11001] getaddrinfo failed)"))
HTTPSConnectionPool(host='t.me', port=443): Max retries exceeded with url: /amtmedyaduyuru/2?embed=1&mode=tme (Caused by NameResolutionError("<urllib3.connection.HTTPSConnection object at 0x00000263406C80D0>: Failed to resolve 't.me' ([Errno 11001] getaddrinfo failed)"))
HTTPSConnectionPool(host='t.me', port=443): Max retries exceeded with url: /amtmedyaduyuru/2?embed=1&mode=tme (Caused by NameResolutionError("<urllib3.connection.HTTPSConnection object at 0x0000026340D4C050>: Failed to resolve 't.me' ([Errno 11001] getaddrinfo failed)"))
HTTPSConnectionPool(host='t.me', port=443): Max retries exceeded with url: /amtmedyaduyuru/2?embed=1&mode=tme (Caused by NameResolutionError("<urllib3.connection.HTTPSConnection object at 0x0000026340D05350>: Failed to resolve 't.me' ([Errno 11001] getaddrinfo failed)"))
HTTPSConnectionPool(host='t.me', port=443): Max retries exceeded with url: /amtmedyaduyuru/2?embed=1&mode=tme (Caused by NameResolutionError("<urllib3.connection.HTTPSConnection object at 0x0000026340E5F050>: Failed to resolve 't.me' ([Errno 11001] getaddrinfo failed)"))
HTTPSConnectionPool(host='t.me', port=443): Max retries exceeded with url: /amtmedyaduyuru/2?embed=1&mode=tme (Caused by NameResolutionError("<urllib3.connection.HTTPSConnection object at 0x000002633FF03810>: Failed to resolve 't.me' ([Errno 11001] getaddrinfo failed)"))
HTTPSConnectionPool(host='t.me', port=443): Max retries exceeded with url: /amtmedyaduyuru/2?embed=1&mode=tme (Caused by NameResolutionError("<urllib3.connection.HTTPSConnection object at 0x0000026340D27450>: Failed to resolve 't.me' ([Errno 11001] getaddrinfo failed)"))
HTTPSConnectionPool(host='t.me', port=443): Max retries exceeded with url: /amtmedyaduyuru/2?embed=1&mode=tme (Caused by NameResolutionError("<urllib3.connection.HTTPSConnection object at 0x000002634090A690>: Failed to resolve 't.me' ([Errno 11001] getaddrinfo failed)"))
HTTPSConnectionPool(host='t.me', port=443): Max retries exceeded with url: /amtmedyaduyuru/2?embed=1&mode=tme (Caused by NameResolutionError("<urllib3.connection.HTTPSConnection object at 0x00000263408A2110>: Failed to resolve 't.me' ([Errno 11001] getaddrinfo failed)"))
HTTPSConnectionPool(host='t.me', port=443): Max retries exceeded with url: /amtmedyaduyuru/2?embed=1&mode=tme (Caused by NameResolutionError("<urllib3.connection.HTTPSConnection object at 0x0000026340E5C590>: Failed to resolve 't.me' ([Errno 11001] getaddrinfo failed)"))
HTTPSConnectionPool(host='t.me', port=443): Max retries exceeded with url: /amtmedyaduyuru/2?embed=1&mode=tme (Caused by NameResolutionError("<urllib3.connection.HTTPSConnection object at 0x000002633E09DA90>: Failed to resolve 't.me' ([Errno 11001] getaddrinfo failed)"))
HTTPSConnectionPool(host='t.me', port=443): Max retries exceeded with url: /amtmedyaduyuru/2?embed=1&mode=tme (Caused by NameResolutionError("<urllib3.connection.HTTPSConnection object at 0x0000026340543090>: Failed to resolve 't.me' ([Errno 11001] getaddrinfo failed)"))
HTTPSConnectionPool(host='t.me', port=443): Max retries exceeded with url: /amtmedyaduyuru/2?embed=1&mode=tme (Caused by NameResolutionError("<urllib3.connection.HTTPSConnection object at 0x00000263408FE950>: Failed to resolve 't.me' ([Errno 11001] getaddrinfo failed)"))
HTTPSConnectionPool(host='t.me', port=443): Max retries exceeded with url: /amtmedyaduyuru/2?embed=1&mode=tme (Caused by NameResolutionError("<urllib3.connection.HTTPSConnection object at 0x00000263401C6ED0>: Failed to resolve 't.me' ([Errno 11001] getaddrinfo failed)"))
HTTPSConnectionPool(host='t.me', port=443): Max retries exceeded with url: /amtmedyaduyuru/2?embed=1&mode=tme (Caused by NameResolutionError("<urllib3.connection.HTTPSConnection object at 0x0000026340E5F990>: Failed to resolve 't.me' ([Errno 11001] getaddrinfo failed)"))
HTTPSConnectionPool(host='t.me', port=443): Max retries exceeded with url: /amtmedyaduyuru/2?embed=1&mode=tme (Caused by NameResolutionError("<urllib3.connection.HTTPSConnection object at 0x000002634023F910>: Failed to resolve 't.me' ([Errno 11001] getaddrinfo failed)"))
HTTPSConnectionPool(host='t.me', port=443): Max retries exceeded with url: /amtmedyaduyuru/2?embed=1&mode=tme (Caused by NameResolutionError("<urllib3.connection.HTTPSConnection object at 0x000002633E022BD0>: Failed to resolve 't.me' ([Errno 11001] getaddrinfo failed)"))
HTTPSConnectionPool(host='t.me', port=443): Max retries exceeded with url: /amtmedyaduyuru/2?embed=1&mode=tme (Caused by NameResolutionError("<urllib3.connection.HTTPSConnection object at 0x0000026340D4C410>: Failed to resolve 't.me' ([Errno 11001] getaddrinfo failed)"))
HTTPSConnectionPool(host='t.me', port=443): Max retries exceeded with url: /amtmedyaduyuru/2?embed=1&mode=tme (Caused by NameResolutionError("<urllib3.connection.HTTPSConnection object at 0x000002633F935050>: Failed to resolve 't.me' ([Errno 11001] getaddrinfo failed)"))
HTTPSConnectionPool(host='t.me', port=443): Max retries exceeded with url: /amtmedyaduyuru/2?embed=1&mode=tme (Caused by NameResolutionError("<urllib3.connection.HTTPSConnection object at 0x0000026340E5FB10>: Failed to resolve 't.me' ([Errno 11001] getaddrinfo failed)"))
HTTPSConnectionPool(host='t.me', port=443): Max retries exceeded with url: /amtmedyaduyuru/2?embed=1&mode=tme (Caused by NameResolutionError("<urllib3.connection.HTTPSConnection object at 0x000002633F86E410>: Failed to resolve 't.me' ([Errno 11001] getaddrinfo failed)"))
HTTPSConnectionPool(host='t.me', port=443): Max retries exceeded with url: /amtmedyaduyuru/2?embed=1&mode=tme (Caused by NameResolutionError("<urllib3.connection.HTTPSConnection object at 0x0000026340775610>: Failed to resolve 't.me' ([Errno 11001] getaddrinfo failed)"))
HTTPSConnectionPool(host='t.me', port=443): Max retries exceeded with url: /amtmedyaduyuru/2?embed=1&mode=tme (Caused by NameResolutionError("<urllib3.connection.HTTPSConnection object at 0x0000026340C9FC90>: Failed to resolve 't.me' ([Errno 11001] getaddrinfo failed)"))
HTTPSConnectionPool(host='t.me', port=443): Max retries exceeded with url: /amtmedyaduyuru/2?embed=1&mode=tme (Caused by NameResolutionError("<urllib3.connection.HTTPSConnection object at 0x0000026340FBE3D0>: Failed to resolve 't.me' ([Errno 11001] getaddrinfo failed)"))
HTTPSConnectionPool(host='t.me', port=443): Max retries exceeded with url: /amtmedyaduyuru/2?embed=1&mode=tme (Caused by NameResolutionError("<urllib3.connection.HTTPSConnection object at 0x000002633FA01310>: Failed to resolve 't.me' ([Errno 11001] getaddrinfo failed)"))
HTTPSConnectionPool(host='t.me', port=443): Max retries exceeded with url: /amtmedyaduyuru/2?embed=1&mode=tme (Caused by NameResolutionError("<urllib3.connection.HTTPSConnection object at 0x0000026333680850>: Failed to resolve 't.me' ([Errno 11001] getaddrinfo failed)"))
HTTPSConnectionPool(host='t.me', port=443): Max retries exceeded with url: /amtmedyaduyuru/2?embed=1&mode=tme (Caused by NameResolutionError("<urllib3.connection.HTTPSConnection object at 0x0000026340E5D3D0>: Failed to resolve 't.me' ([Errno 11001] getaddrinfo failed)"))
HTTPSConnectionPool(host='t.me', port=443): Max retries exceeded with url: /amtmedyaduyuru/2?embed=1&mode=tme (Caused by NameResolutionError("<urllib3.connection.HTTPSConnection object at 0x0000026340E5FE50>: Failed to resolve 't.me' ([Errno 11001] getaddrinfo failed)"))
HTTPSConnectionPool(host='t.me', port=443): Max retries exceeded with url: /amtmedyaduyuru/2?embed=1&mode=tme (Caused by NameResolutionError("<urllib3.connection.HTTPSConnection object at 0x0000026340D270D0>: Failed to resolve 't.me' ([Errno 11001] getaddrinfo failed)"))
HTTPSConnectionPool(host='t.me', port=443): Max retries exceeded with url: /amtmedyaduyuru/2?embed=1&mode=tme (Caused by NameResolutionError("<urllib3.connection.HTTPSConnection object at 0x000002633C723610>: Failed to resolve 't.me' ([Errno 11001] getaddrinfo failed)"))
HTTPSConnectionPool(host='t.me', port=443): Max retries exceeded with url: /amtmedyaduyuru/2?embed=1&mode=tme (Caused by NameResolutionError("<urllib3.connection.HTTPSConnection object at 0x000002633E359090>: Failed to resolve 't.me' ([Errno 11001] getaddrinfo failed)"))
HTTPSConnectionPool(host='t.me', port=443): Max retries exceeded with url: /amtmedyaduyuru/2?embed=1&mode=tme (Caused by NameResolutionError("<urllib3.connection.HTTPSConnection object at 0x0000026340D04D90>: Failed to resolve 't.me' ([Errno 11001] getaddrinfo failed)"))
HTTPSConnectionPool(host='t.me', port=443): Max retries exceeded with url: /amtmedyaduyuru/2?embed=1&mode=tme (Caused by NameResolutionError("<urllib3.connection.HTTPSConnection object at 0x0000026340E5DC90>: Failed to resolve 't.me' ([Errno 11001] getaddrinfo failed)"))
HTTPSConnectionPool(host='t.me', port=443): Max retries exceeded with url: /amtmedyaduyuru/2?embed=1&mode=tme (Caused by NameResolutionError("<urllib3.connection.HTTPSConnection object at 0x000002633E0F6010>: Failed to resolve 't.me' ([Errno 11001] getaddrinfo failed)"))
HTTPSConnectionPool(host='t.me', port=443): Max retries exceeded with url: /amtmedyaduyuru/2?embed=1&mode=tme (Caused by NameResolutionError("<urllib3.connection.HTTPSConnection object at 0x0000026340FBE290>: Failed to resolve 't.me' ([Errno 11001] getaddrinfo failed)"))
HTTPSConnectionPool(host='t.me', port=443): Max retries exceeded with url: /amtmedyaduyuru/2?embed=1&mode=tme (Caused by NameResolutionError("<urllib3.connection.HTTPSConnection object at 0x0000026340634150>: Failed to resolve 't.me' ([Errno 11001] getaddrinfo failed)"))
HTTPSConnectionPool(host='t.me', port=443): Max retries exceeded with url: /amtmedyaduyuru/2?embed=1&mode=tme (Caused by NameResolutionError("<urllib3.connection.HTTPSConnection object at 0x0000026340E43C50>: Failed to resolve 't.me' ([Errno 11001] getaddrinfo failed)"))
HTTPSConnectionPool(host='t.me', port=443): Max retries exceeded with url: /amtmedyaduyuru/2?embed=1&mode=tme (Caused by NameResolutionError("<urllib3.connection.HTTPSConnection object at 0x0000026340E5C5D0>: Failed to resolve 't.me' ([Errno 11001] getaddrinfo failed)"))
HTTPSConnectionPool(host='t.me', port=443): Max retries exceeded with url: /amtmedyaduyuru/2?embed=1&mode=tme (Caused by NameResolutionError("<urllib3.connection.HTTPSConnection object at 0x0000026340868550>: Failed to resolve 't.me' ([Errno 11001] getaddrinfo failed)"))
HTTPSConnectionPool(host='t.me', port=443): Max retries exceeded with url: /amtmedyaduyuru/2?embed=1&mode=tme (Caused by NameResolutionError("<urllib3.connection.HTTPSConnection object at 0x000002633FAC8E10>: Failed to resolve 't.me' ([Errno 11001] getaddrinfo failed)"))
HTTPSConnectionPool(host='t.me', port=443): Max retries exceeded with url: /amtmedyaduyuru/2?embed=1&mode=tme (Caused by NameResolutionError("<urllib3.connection.HTTPSConnection object at 0x000002633F93CC10>: Failed to resolve 't.me' ([Errno 11001] getaddrinfo failed)"))
HTTPSConnectionPool(host='t.me', port=443): Max retries exceeded with url: /amtmedyaduyuru/2?embed=1&mode=tme (Caused by NameResolutionError("<urllib3.connection.HTTPSConnection object at 0x0000026340276150>: Failed to resolve 't.me' ([Errno 11001] getaddrinfo failed)"))
HTTPSConnectionPool(host='t.me', port=443): Max retries exceeded with url: /amtmedyaduyuru/2?embed=1&mode=tme (Caused by NameResolutionError("<urllib3.connection.HTTPSConnection object at 0x0000026339340750>: Failed to resolve 't.me' ([Errno 11001] getaddrinfo failed)"))
HTTPSConnectionPool(host='t.me', port=443): Max retries exceeded with url: /amtmedyaduyuru/2?embed=1&mode=tme (Caused by NameResolutionError("<urllib3.connection.HTTPSConnection object at 0x000002633DFF8450>: Failed to resolve 't.me' ([Errno 11001] getaddrinfo failed)"))
HTTPSConnectionPool(host='t.me', port=443): Max retries exceeded with url: /amtmedyaduyuru/2?embed=1&mode=tme (Caused by NameResolutionError("<urllib3.connection.HTTPSConnection object at 0x0000026340F97810>: Failed to resolve 't.me' ([Errno 11001] getaddrinfo failed)"))
HTTPSConnectionPool(host='t.me', port=443): Max retries exceeded with url: /amtmedyaduyuru/2?embed=1&mode=tme (Caused by NameResolutionError("<urllib3.connection.HTTPSConnection object at 0x000002634025C250>: Failed to resolve 't.me' ([Errno 11001] getaddrinfo failed)"))
HTTPSConnectionPool(host='t.me', port=443): Max retries exceeded with url: /amtmedyaduyuru/2?embed=1&mode=tme (Caused by NameResolutionError("<urllib3.connection.HTTPSConnection object at 0x0000026340D25690>: Failed to resolve 't.me' ([Errno 11001] getaddrinfo failed)"))
HTTPSConnectionPool(host='t.me', port=443): Max retries exceeded with url: /amtmedyaduyuru/2?embed=1&mode=tme (Caused by NameResolutionError("<urllib3.connection.HTTPSConnection object at 0x00000263407E3890>: Failed to resolve 't.me' ([Errno 11001] getaddrinfo failed)"))
HTTPSConnectionPool(host='t.me', port=443): Max retries exceeded with url: /amtmedyaduyuru/2?embed=1&mode=tme (Caused by NameResolutionError("<urllib3.connection.HTTPSConnection object at 0x0000026340BC4390>: Failed to resolve 't.me' ([Errno 11001] getaddrinfo failed)"))
HTTPSConnectionPool(host='t.me', port=443): Max retries exceeded with url: /amtmedyaduyuru/2?embed=1&mode=tme (Caused by NameResolutionError("<urllib3.connection.HTTPSConnection object at 0x0000026340659C90>: Failed to resolve 't.me' ([Errno 11001] getaddrinfo failed)"))
HTTPSConnectionPool(host='t.me', port=443): Max retries exceeded with url: /amtmedyaduyuru/2?embed=1&mode=tme (Caused by NameResolutionError("<urllib3.connection.HTTPSConnection object at 0x00000263402AF790>: Failed to resolve 't.me' ([Errno 11001] getaddrinfo failed)"))
HTTPSConnectionPool(host='t.me', port=443): Max retries exceeded with url: /amtmedyaduyuru/2?embed=1&mode=tme (Caused by NameResolutionError("<urllib3.connection.HTTPSConnection object at 0x0000026340FB2910>: Failed to resolve 't.me' ([Errno 11001] getaddrinfo failed)"))
HTTPSConnectionPool(host='t.me', port=443): Max retries exceeded with url: /amtmedyaduyuru/2?embed=1&mode=tme (Caused by NameResolutionError("<urllib3.connection.HTTPSConnection object at 0x00000263403CA550>: Failed to resolve 't.me' ([Errno 11001] getaddrinfo failed)"))
HTTPSConnectionPool(host='t.me', port=443): Max retries exceeded with url: /amtmedyaduyuru/2?embed=1&mode=tme (Caused by NameResolutionError("<urllib3.connection.HTTPSConnection object at 0x00000263400876D0>: Failed to resolve 't.me' ([Errno 11001] getaddrinfo failed)"))
HTTPSConnectionPool(host='t.me', port=443): Max retries exceeded with url: /amtmedyaduyuru/2?embed=1&mode=tme (Caused by NameResolutionError("<urllib3.connection.HTTPSConnection object at 0x000002633FC6B990>: Failed to resolve 't.me' ([Errno 11001] getaddrinfo failed)"))
HTTPSConnectionPool(host='t.me', port=443): Max retries exceeded with url: /amtmedyaduyuru/2?embed=1&mode=tme (Caused by NameResolutionError("<urllib3.connection.HTTPSConnection object at 0x0000026340D2D950>: Failed to resolve 't.me' ([Errno 11001] getaddrinfo failed)"))
HTTPSConnectionPool(host='t.me', port=443): Max retries exceeded with url: /amtmedyaduyuru/2?embed=1&mode=tme (Caused by NameResolutionError("<urllib3.connection.HTTPSConnection object at 0x0000026340E70290>: Failed to resolve 't.me' ([Errno 11001] getaddrinfo failed)"))
HTTPSConnectionPool(host='t.me', port=443): Max retries exceeded with url: /amtmedyaduyuru/2?embed=1&mode=tme (Caused by NameResolutionError("<urllib3.connection.HTTPSConnection object at 0x000002633E0F6010>: Failed to resolve 't.me' ([Errno 11001] getaddrinfo failed)"))
HTTPSConnectionPool(host='t.me', port=443): Max retries exceeded with url: /amtmedyaduyuru/2?embed=1&mode=tme (Caused by NameResolutionError("<urllib3.connection.HTTPSConnection object at 0x00000263407E2D90>: Failed to resolve 't.me' ([Errno 11001] getaddrinfo failed)"))
HTTPSConnectionPool(host='t.me', port=443): Max retries exceeded with url: /amtmedyaduyuru/2?embed=1&mode=tme (Caused by NameResolutionError("<urllib3.connection.HTTPSConnection object at 0x0000026340E5C810>: Failed to resolve 't.me' ([Errno 11001] getaddrinfo failed)"))
HTTPSConnectionPool(host='t.me', port=443): Max retries exceeded with url: /amtmedyaduyuru/2?embed=1&mode=tme (Caused by NameResolutionError("<urllib3.connection.HTTPSConnection object at 0x000002633E09DA90>: Failed to resolve 't.me' ([Errno 11001] getaddrinfo failed)"))
HTTPSConnectionPool(host='t.me', port=443): Max retries exceeded with url: /amtmedyaduyuru/2?embed=1&mode=tme (Caused by NameResolutionError("<urllib3.connection.HTTPSConnection object at 0x0000026340E70E10>: Failed to resolve 't.me' ([Errno 11001] getaddrinfo failed)"))
HTTPSConnectionPool(host='t.me', port=443): Max retries exceeded with url: /amtmedyaduyuru/2?embed=1&mode=tme (Caused by NameResolutionError("<urllib3.connection.HTTPSConnection object at 0x0000026340D2D810>: Failed to resolve 't.me' ([Errno 11001] getaddrinfo failed)"))
HTTPSConnectionPool(host='t.me', port=443): Max retries exceeded with url: /amtmedyaduyuru/2?embed=1&mode=tme (Caused by NameResolutionError("<urllib3.connection.HTTPSConnection object at 0x0000026340D4DBD0>: Failed to resolve 't.me' ([Errno 11001] getaddrinfo failed)"))
HTTPSConnectionPool(host='t.me', port=443): Max retries exceeded with url: /amtmedyaduyuru/2?embed=1&mode=tme (Caused by NameResolutionError("<urllib3.connection.HTTPSConnection object at 0x0000026340FB24D0>: Failed to resolve 't.me' ([Errno 11001] getaddrinfo failed)"))
HTTPSConnectionPool(host='t.me', port=443): Max retries exceeded with url: /amtmedyaduyuru/2?embed=1&mode=tme (Caused by NameResolutionError("<urllib3.connection.HTTPSConnection object at 0x0000026340E5FD50>: Failed to resolve 't.me' ([Errno 11001] getaddrinfo failed)"))
HTTPSConnectionPool(host='t.me', port=443): Max retries exceeded with url: /amtmedyaduyuru/2?embed=1&mode=tme (Caused by NameResolutionError("<urllib3.connection.HTTPSConnection object at 0x000002633FFA2010>: Failed to resolve 't.me' ([Errno 11001] getaddrinfo failed)"))
HTTPSConnectionPool(host='t.me', port=443): Max retries exceeded with url: /amtmedyaduyuru/2?embed=1&mode=tme (Caused by NameResolutionError("<urllib3.connection.HTTPSConnection object at 0x0000026340C735D0>: Failed to resolve 't.me' ([Errno 11001] getaddrinfo failed)"))
HTTPSConnectionPool(host='t.me', port=443): Max retries exceeded with url: /amtmedyaduyuru/2?embed=1&mode=tme (Caused by NameResolutionError("<urllib3.connection.HTTPSConnection object at 0x0000026340FB3CD0>: Failed to resolve 't.me' ([Errno 11001] getaddrinfo failed)"))
HTTPSConnectionPool(host='t.me', port=443): Max retries exceeded with url: /amtmedyaduyuru/2?embed=1&mode=tme (Caused by NameResolutionError("<urllib3.connection.HTTPSConnection object at 0x0000026340E346D0>: Failed to resolve 't.me' ([Errno 11001] getaddrinfo failed)"))
HTTPSConnectionPool(host='t.me', port=443): Max retries exceeded with url: /amtmedyaduyuru/2?embed=1&mode=tme (Caused by NameResolutionError("<urllib3.connection.HTTPSConnection object at 0x000002634065AED0>: Failed to resolve 't.me' ([Errno 11001] getaddrinfo failed)"))
HTTPSConnectionPool(host='t.me', port=443): Max retries exceeded with url: /amtmedyaduyuru/2?embed=1&mode=tme (Caused by NameResolutionError("<urllib3.connection.HTTPSConnection object at 0x00000263402A4590>: Failed to resolve 't.me' ([Errno 11001] getaddrinfo failed)"))
HTTPSConnectionPool(host='t.me', port=443): Max retries exceeded with url: /amtmedyaduyuru/2?embed=1&mode=tme (Caused by NameResolutionError("<urllib3.connection.HTTPSConnection object at 0x0000026340BEA3D0>: Failed to resolve 't.me' ([Errno 11001] getaddrinfo failed)"))
HTTPSConnectionPool(host='t.me', port=443): Max retries exceeded with url: /amtmedyaduyuru/2?embed=1&mode=tme (Caused by NameResolutionError("<urllib3.connection.HTTPSConnection object at 0x000002633B7A3D90>: Failed to resolve 't.me' ([Errno 11001] getaddrinfo failed)"))
HTTPSConnectionPool(host='t.me', port=443): Max retries exceeded with url: /amtmedyaduyuru/2?embed=1&mode=tme (Caused by NameResolutionError("<urllib3.connection.HTTPSConnection object at 0x000002634039BAD0>: Failed to resolve 't.me' ([Errno 11001] getaddrinfo failed)"))
HTTPSConnectionPool(host='t.me', port=443): Max retries exceeded with url: /amtmedyaduyuru/2?embed=1&mode=tme (Caused by NameResolutionError("<urllib3.connection.HTTPSConnection object at 0x000002633E3716D0>: Failed to resolve 't.me' ([Errno 11001] getaddrinfo failed)"))
HTTPSConnectionPool(host='t.me', port=443): Max retries exceeded with url: /amtmedyaduyuru/2?embed=1&mode=tme (Caused by NameResolutionError("<urllib3.connection.HTTPSConnection object at 0x000002633AEF05D0>: Failed to resolve 't.me' ([Errno 11001] getaddrinfo failed)"))
HTTPSConnectionPool(host='t.me', port=443): Max retries exceeded with url: /amtmedyaduyuru/2?embed=1&mode=tme (Caused by NameResolutionError("<urllib3.connection.HTTPSConnection object at 0x000002633E031190>: Failed to resolve 't.me' ([Errno 11001] getaddrinfo failed)"))
HTTPSConnectionPool(host='t.me', port=443): Max retries exceeded with url: /amtmedyaduyuru/2?embed=1&mode=tme (Caused by NameResolutionError("<urllib3.connection.HTTPSConnection object at 0x000002633FC15290>: Failed to resolve 't.me' ([Errno 11001] getaddrinfo failed)"))
HTTPSConnectionPool(host='t.me', port=443): Max retries exceeded with url: /amtmedyaduyuru/2?embed=1&mode=tme (Caused by NameResolutionError("<urllib3.connection.HTTPSConnection object at 0x0000026340E5D790>: Failed to resolve 't.me' ([Errno 11001] getaddrinfo failed)"))
HTTPSConnectionPool(host='t.me', port=443): Max retries exceeded with url: /amtmedyaduyuru/2?embed=1&mode=tme (Caused by NameResolutionError("<urllib3.connection.HTTPSConnection object at 0x0000026340E41210>: Failed to resolve 't.me' ([Errno 11001] getaddrinfo failed)"))
HTTPSConnectionPool(host='t.me', port=443): Max retries exceeded with url: /amtmedyaduyuru/2?embed=1&mode=tme (Caused by NameResolutionError("<urllib3.connection.HTTPSConnection object at 0x0000026340FBDF10>: Failed to resolve 't.me' ([Errno 11001] getaddrinfo failed)"))
HTTPSConnectionPool(host='t.me', port=443): Max retries exceeded with url: /amtmedyaduyuru/2?embed=1&mode=tme (Caused by NameResolutionError("<urllib3.connection.HTTPSConnection object at 0x0000026340A07D90>: Failed to resolve 't.me' ([Errno 11001] getaddrinfo failed)"))
HTTPSConnectionPool(host='t.me', port=443): Max retries exceeded with url: /amtmedyaduyuru/2?embed=1&mode=tme (Caused by NameResolutionError("<urllib3.connection.HTTPSConnection object at 0x0000026340E5C7D0>: Failed to resolve 't.me' ([Errno 11001] getaddrinfo failed)"))
HTTPSConnectionPool(host='t.me', port=443): Max retries exceeded with url: /amtmedyaduyuru/2?embed=1&mode=tme (Caused by NameResolutionError("<urllib3.connection.HTTPSConnection object at 0x000002633E1B0BD0>: Failed to resolve 't.me' ([Errno 11001] getaddrinfo failed)"))
HTTPSConnectionPool(host='t.me', port=443): Max retries exceeded with url: /amtmedyaduyuru/2?embed=1&mode=tme (Caused by NameResolutionError("<urllib3.connection.HTTPSConnection object at 0x0000026340E70D50>: Failed to resolve 't.me' ([Errno 11001] getaddrinfo failed)"))
HTTPSConnectionPool(host='t.me', port=443): Max retries exceeded with url: /amtmedyaduyuru/2?embed=1&mode=tme (Caused by NameResolutionError("<urllib3.connection.HTTPSConnection object at 0x000002633DFFA750>: Failed to resolve 't.me' ([Errno 11001] getaddrinfo failed)"))
HTTPSConnectionPool(host='t.me', port=443): Max retries exceeded with url: /amtmedyaduyuru/2?embed=1&mode=tme (Caused by NameResolutionError("<urllib3.connection.HTTPSConnection object at 0x0000026340BEAE50>: Failed to resolve 't.me' ([Errno 11001] getaddrinfo failed)"))
HTTPSConnectionPool(host='t.me', port=443): Max retries exceeded with url: /amtmedyaduyuru/2?embed=1&mode=tme (Caused by NameResolutionError("<urllib3.connection.HTTPSConnection object at 0x0000026340FB0390>: Failed to resolve 't.me' ([Errno 11001] getaddrinfo failed)"))
HTTPSConnectionPool(host='t.me', port=443): Max retries exceeded with url: /amtmedyaduyuru/2?embed=1&mode=tme (Caused by NameResolutionError("<urllib3.connection.HTTPSConnection object at 0x000002633BA63F50>: Failed to resolve 't.me' ([Errno 11001] getaddrinfo failed)"))
HTTPSConnectionPool(host='t.me', port=443): Max retries exceeded with url: /amtmedyaduyuru/2?embed=1&mode=tme (Caused by NameResolutionError("<urllib3.connection.HTTPSConnection object at 0x0000026340E5CF90>: Failed to resolve 't.me' ([Errno 11001] getaddrinfo failed)"))
HTTPSConnectionPool(host='t.me', port=443): Max retries exceeded with url: /amtmedyaduyuru/2?embed=1&mode=tme (Caused by NameResolutionError("<urllib3.connection.HTTPSConnection object at 0x0000026340FBE1D0>: Failed to resolve 't.me' ([Errno 11001] getaddrinfo failed)"))
HTTPSConnectionPool(host='t.me', port=443): Max retries exceeded with url: /amtmedyaduyuru/2?embed=1&mode=tme (Caused by NameResolutionError("<urllib3.connection.HTTPSConnection object at 0x0000026340E5D450>: Failed to resolve 't.me' ([Errno 11001] getaddrinfo failed)"))
HTTPSConnectionPool(host='t.me', port=443): Max retries exceeded with url: /amtmedyaduyuru/2?embed=1&mode=tme (Caused by NameResolutionError("<urllib3.connection.HTTPSConnection object at 0x000002633E2902D0>: Failed to resolve 't.me' ([Errno 11001] getaddrinfo failed)"))
HTTPSConnectionPool(host='t.me', port=443): Max retries exceeded with url: /amtmedyaduyuru/2?embed=1&mode=tme (Caused by NameResolutionError("<urllib3.connection.HTTPSConnection object at 0x0000026340968390>: Failed to resolve 't.me' ([Errno 11001] getaddrinfo failed)"))
HTTPSConnectionPool(host='t.me', port=443): Max retries exceeded with url: /amtmedyaduyuru/2?embed=1&mode=tme (Caused by NameResolutionError("<urllib3.connection.HTTPSConnection object at 0x0000026340FB3890>: Failed to resolve 't.me' ([Errno 11001] getaddrinfo failed)"))
HTTPSConnectionPool(host='t.me', port=443): Max retries exceeded with url: /amtmedyaduyuru/2?embed=1&mode=tme (Caused by NameResolutionError("<urllib3.connection.HTTPSConnection object at 0x00000263402CF110>: Failed to resolve 't.me' ([Errno 11001] getaddrinfo failed)"))
HTTPSConnectionPool(host='t.me', port=443): Max retries exceeded with url: /amtmedyaduyuru/2?embed=1&mode=tme (Caused by NameResolutionError("<urllib3.connection.HTTPSConnection object at 0x0000026340B22950>: Failed to resolve 't.me' ([Errno 11001] getaddrinfo failed)"))
HTTPSConnectionPool(host='t.me', port=443): Max retries exceeded with url: /amtmedyaduyuru/2?embed=1&mode=tme (Caused by NameResolutionError("<urllib3.connection.HTTPSConnection object at 0x0000026338B40650>: Failed to resolve 't.me' ([Errno 11001] getaddrinfo failed)"))
HTTPSConnectionPool(host='t.me', port=443): Max retries exceeded with url: /amtmedyaduyuru/2?embed=1&mode=tme (Caused by NameResolutionError("<urllib3.connection.HTTPSConnection object at 0x0000026336510ED0>: Failed to resolve 't.me' ([Errno 11001] getaddrinfo failed)"))
HTTPSConnectionPool(host='t.me', port=443): Max retries exceeded with url: /amtmedyaduyuru/2?embed=1&mode=tme (Caused by NameResolutionError("<urllib3.connection.HTTPSConnection object at 0x000002634048AE50>: Failed to resolve 't.me' ([Errno 11001] getaddrinfo failed)"))
HTTPSConnectionPool(host='t.me', port=443): Max retries exceeded with url: /amtmedyaduyuru/2?embed=1&mode=tme (Caused by NameResolutionError("<urllib3.connection.HTTPSConnection object at 0x000002633FAEF950>: Failed to resolve 't.me' ([Errno 11001] getaddrinfo failed)"))
HTTPSConnectionPool(host='t.me', port=443): Max retries exceeded with url: /amtmedyaduyuru/2?embed=1&mode=tme (Caused by NameResolutionError("<urllib3.connection.HTTPSConnection object at 0x000002634019DF10>: Failed to resolve 't.me' ([Errno 11001] getaddrinfo failed)"))
HTTPSConnectionPool(host='t.me', port=443): Max retries exceeded with url: /amtmedyaduyuru/2?embed=1&mode=tme (Caused by NameResolutionError("<urllib3.connection.HTTPSConnection object at 0x000002634025EE90>: Failed to resolve 't.me' ([Errno 11001] getaddrinfo failed)"))
HTTPSConnectionPool(host='t.me', port=443): Max retries exceeded with url: /amtmedyaduyuru/2?embed=1&mode=tme (Caused by NameResolutionError("<urllib3.connection.HTTPSConnection object at 0x0000026340E70910>: Failed to resolve 't.me' ([Errno 11001] getaddrinfo failed)"))
HTTPSConnectionPool(host='t.me', port=443): Max retries exceeded with url: /amtmedyaduyuru/2?embed=1&mode=tme (Caused by NameResolutionError("<urllib3.connection.HTTPSConnection object at 0x0000026340FBCD90>: Failed to resolve 't.me' ([Errno 11001] getaddrinfo failed)"))
HTTPSConnectionPool(host='t.me', port=443): Max retries exceeded with url: /amtmedyaduyuru/2?embed=1&mode=tme (Caused by NameResolutionError("<urllib3.connection.HTTPSConnection object at 0x0000026340FBF790>: Failed to resolve 't.me' ([Errno 11001] getaddrinfo failed)"))
HTTPSConnectionPool(host='t.me', port=443): Max retries exceeded with url: /amtmedyaduyuru/2?embed=1&mode=tme (Caused by NameResolutionError("<urllib3.connection.HTTPSConnection object at 0x00000263405B0690>: Failed to resolve 't.me' ([Errno 11001] getaddrinfo failed)"))
HTTPSConnectionPool(host='t.me', port=443): Max retries exceeded with url: /amtmedyaduyuru/2?embed=1&mode=tme (Caused by NameResolutionError("<urllib3.connection.HTTPSConnection object at 0x00000263403D7AD0>: Failed to resolve 't.me' ([Errno 11001] getaddrinfo failed)"))
HTTPSConnectionPool(host='t.me', port=443): Max retries exceeded with url: /amtmedyaduyuru/2?embed=1&mode=tme (Caused by NameResolutionError("<urllib3.connection.HTTPSConnection object at 0x0000026340B2F510>: Failed to resolve 't.me' ([Errno 11001] getaddrinfo failed)"))
HTTPSConnectionPool(host='t.me', port=443): Max retries exceeded with url: /amtmedyaduyuru/2?embed=1&mode=tme (Caused by NameResolutionError("<urllib3.connection.HTTPSConnection object at 0x00000263345BE890>: Failed to resolve 't.me' ([Errno 11001] getaddrinfo failed)"))
HTTPSConnectionPool(host='t.me', port=443): Max retries exceeded with url: /amtmedyaduyuru/2?embed=1&mode=tme (Caused by NameResolutionError("<urllib3.connection.HTTPSConnection object at 0x000002633DFC1A90>: Failed to resolve 't.me' ([Errno 11001] getaddrinfo failed)"))
HTTPSConnectionPool(host='t.me', port=443): Max retries exceeded with url: /amtmedyaduyuru/2?embed=1&mode=tme (Caused by NameResolutionError("<urllib3.connection.HTTPSConnection object at 0x00000263403EA690>: Failed to resolve 't.me' ([Errno 11001] getaddrinfo failed)"))
HTTPSConnectionPool(host='t.me', port=443): Max retries exceeded with url: /amtmedyaduyuru/2?embed=1&mode=tme (Caused by NameResolutionError("<urllib3.connection.HTTPSConnection object at 0x000002633FCABF10>: Failed to resolve 't.me' ([Errno 11001] getaddrinfo failed)"))
HTTPSConnectionPool(host='t.me', port=443): Max retries exceeded with url: /amtmedyaduyuru/2?embed=1&mode=tme (Caused by NameResolutionError("<urllib3.connection.HTTPSConnection object at 0x000002633A92FF10>: Failed to resolve 't.me' ([Errno 11001] getaddrinfo failed)"))
HTTPSConnectionPool(host='t.me', port=443): Max retries exceeded with url: /amtmedyaduyuru/2?embed=1&mode=tme (Caused by NameResolutionError("<urllib3.connection.HTTPSConnection object at 0x0000026340B23C90>: Failed to resolve 't.me' ([Errno 11001] getaddrinfo failed)"))
HTTPSConnectionPool(host='t.me', port=443): Max retries exceeded with url: /amtmedyaduyuru/2?embed=1&mode=tme (Caused by NameResolutionError("<urllib3.connection.HTTPSConnection object at 0x000002633FACB850>: Failed to resolve 't.me' ([Errno 11001] getaddrinfo failed)"))
HTTPSConnectionPool(host='t.me', port=443): Max retries exceeded with url: /amtmedyaduyuru/2?embed=1&mode=tme (Caused by NameResolutionError("<urllib3.connection.HTTPSConnection object at 0x0000026340F7FD50>: Failed to resolve 't.me' ([Errno 11001] getaddrinfo failed)"))
HTTPSConnectionPool(host='t.me', port=443): Max retries exceeded with url: /amtmedyaduyuru/2?embed=1&mode=tme (Caused by NameResolutionError("<urllib3.connection.HTTPSConnection object at 0x0000026340FBC4D0>: Failed to resolve 't.me' ([Errno 11001] getaddrinfo failed)"))
HTTPSConnectionPool(host='t.me', port=443): Max retries exceeded with url: /amtmedyaduyuru/2?embed=1&mode=tme (Caused by NameResolutionError("<urllib3.connection.HTTPSConnection object at 0x000002633C3A4650>: Failed to resolve 't.me' ([Errno 11001] getaddrinfo failed)"))
HTTPSConnectionPool(host='t.me', port=443): Max retries exceeded with url: /amtmedyaduyuru/2?embed=1&mode=tme (Caused by NameResolutionError("<urllib3.connection.HTTPSConnection object at 0x0000026340139D10>: Failed to resolve 't.me' ([Errno 11001] getaddrinfo failed)"))
HTTPSConnectionPool(host='t.me', port=443): Max retries exceeded with url: /amtmedyaduyuru/2?embed=1&mode=tme (Caused by NameResolutionError("<urllib3.connection.HTTPSConnection object at 0x000002633FEACE10>: Failed to resolve 't.me' ([Errno 11001] getaddrinfo failed)"))
HTTPSConnectionPool(host='t.me', port=443): Max retries exceeded with url: /amtmedyaduyuru/2?embed=1&mode=tme (Caused by NameResolutionError("<urllib3.connection.HTTPSConnection object at 0x00000263403CA010>: Failed to resolve 't.me' ([Errno 11001] getaddrinfo failed)"))
HTTPSConnectionPool(host='t.me', port=443): Max retries exceeded with url: /amtmedyaduyuru/2?embed=1&mode=tme (Caused by NameResolutionError("<urllib3.connection.HTTPSConnection object at 0x0000026340BE9B90>: Failed to resolve 't.me' ([Errno 11001] getaddrinfo failed)"))
HTTPSConnectionPool(host='t.me', port=443): Max retries exceeded with url: /amtmedyaduyuru/2?embed=1&mode=tme (Caused by NameResolutionError("<urllib3.connection.HTTPSConnection object at 0x0000026340FBD9D0>: Failed to resolve 't.me' ([Errno 11001] getaddrinfo failed)"))
HTTPSConnectionPool(host='t.me', port=443): Max retries exceeded with url: /amtmedyaduyuru/2?embed=1&mode=tme (Caused by NameResolutionError("<urllib3.connection.HTTPSConnection object at 0x000002634071EC50>: Failed to resolve 't.me' ([Errno 11001] getaddrinfo failed)"))
HTTPSConnectionPool(host='t.me', port=443): Max retries exceeded with url: /amtmedyaduyuru/2?embed=1&mode=tme (Caused by NameResolutionError("<urllib3.connection.HTTPSConnection object at 0x000002633FC433D0>: Failed to resolve 't.me' ([Errno 11001] getaddrinfo failed)"))
HTTPSConnectionPool(host='t.me', port=443): Max retries exceeded with url: /amtmedyaduyuru/2?embed=1&mode=tme (Caused by NameResolutionError("<urllib3.connection.HTTPSConnection object at 0x0000026340D26750>: Failed to resolve 't.me' ([Errno 11001] getaddrinfo failed)"))
HTTPSConnectionPool(host='t.me', port=443): Max retries exceeded with url: /amtmedyaduyuru/2?embed=1&mode=tme (Caused by NameResolutionError("<urllib3.connection.HTTPSConnection object at 0x00000263403B8050>: Failed to resolve 't.me' ([Errno 11001] getaddrinfo failed)"))
HTTPSConnectionPool(host='t.me', port=443): Max retries exceeded with url: /amtmedyaduyuru/2?embed=1&mode=tme (Caused by NameResolutionError("<urllib3.connection.HTTPSConnection object at 0x0000026340F7E050>: Failed to resolve 't.me' ([Errno 11001] getaddrinfo failed)"))
HTTPSConnectionPool(host='t.me', port=443): Max retries exceeded with url: /amtmedyaduyuru/2?embed=1&mode=tme (Caused by NameResolutionError("<urllib3.connection.HTTPSConnection object at 0x00000263402F1A90>: Failed to resolve 't.me' ([Errno 11001] getaddrinfo failed)"))
HTTPSConnectionPool(host='t.me', port=443): Max retries exceeded with url: /amtmedyaduyuru/2?embed=1&mode=tme (Caused by NameResolutionError("<urllib3.connection.HTTPSConnection object at 0x00000263403EAB10>: Failed to resolve 't.me' ([Errno 11001] getaddrinfo failed)"))
HTTPSConnectionPool(host='t.me', port=443): Max retries exceeded with url: /amtmedyaduyuru/2?embed=1&mode=tme (Caused by NameResolutionError("<urllib3.connection.HTTPSConnection object at 0x0000026340880710>: Failed to resolve 't.me' ([Errno 11001] getaddrinfo failed)"))
HTTPSConnectionPool(host='t.me', port=443): Max retries exceeded with url: /amtmedyaduyuru/2?embed=1&mode=tme (Caused by NameResolutionError("<urllib3.connection.HTTPSConnection object at 0x000002633FA01310>: Failed to resolve 't.me' ([Errno 11001] getaddrinfo failed)"))
HTTPSConnectionPool(host='t.me', port=443): Max retries exceeded with url: /amtmedyaduyuru/2?embed=1&mode=tme (Caused by NameResolutionError("<urllib3.connection.HTTPSConnection object at 0x000002633FDF6E50>: Failed to resolve 't.me' ([Errno 11001] getaddrinfo failed)"))
HTTPSConnectionPool(host='t.me', port=443): Max retries exceeded with url: /amtmedyaduyuru/2?embed=1&mode=tme (Caused by NameResolutionError("<urllib3.connection.HTTPSConnection object at 0x000002633E010CD0>: Failed to resolve 't.me' ([Errno 11001] getaddrinfo failed)"))
HTTPSConnectionPool(host='t.me', port=443): Max retries exceeded with url: /amtmedyaduyuru/2?embed=1&mode=tme (Caused by NameResolutionError("<urllib3.connection.HTTPSConnection object at 0x0000026340FB2990>: Failed to resolve 't.me' ([Errno 11001] getaddrinfo failed)"))
HTTPSConnectionPool(host='t.me', port=443): Max retries exceeded with url: /amtmedyaduyuru/2?embed=1&mode=tme (Caused by NameResolutionError("<urllib3.connection.HTTPSConnection object at 0x00000263406C8E90>: Failed to resolve 't.me' ([Errno 11001] getaddrinfo failed)"))
HTTPSConnectionPool(host='t.me', port=443): Max retries exceeded with url: /amtmedyaduyuru/2?embed=1&mode=tme (Caused by NameResolutionError("<urllib3.connection.HTTPSConnection object at 0x000002633E0553D0>: Failed to resolve 't.me' ([Errno 11001] getaddrinfo failed)"))
HTTPSConnectionPool(host='t.me', port=443): Max retries exceeded with url: /amtmedyaduyuru/2?embed=1&mode=tme (Caused by NameResolutionError("<urllib3.connection.HTTPSConnection object at 0x00000263400876D0>: Failed to resolve 't.me' ([Errno 11001] getaddrinfo failed)"))
HTTPSConnectionPool(host='t.me', port=443): Max retries exceeded with url: /amtmedyaduyuru/2?embed=1&mode=tme (Caused by NameResolutionError("<urllib3.connection.HTTPSConnection object at 0x000002633FAEF710>: Failed to resolve 't.me' ([Errno 11001] getaddrinfo failed)"))
HTTPSConnectionPool(host='t.me', port=443): Max retries exceeded with url: /amtmedyaduyuru/2?embed=1&mode=tme (Caused by NameResolutionError("<urllib3.connection.HTTPSConnection object at 0x000002633F86E510>: Failed to resolve 't.me' ([Errno 11001] getaddrinfo failed)"))
HTTPSConnectionPool(host='t.me', port=443): Max retries exceeded with url: /amtmedyaduyuru/2?embed=1&mode=tme (Caused by NameResolutionError("<urllib3.connection.HTTPSConnection object at 0x000002633E06D590>: Failed to resolve 't.me' ([Errno 11001] getaddrinfo failed)"))
HTTPSConnectionPool(host='t.me', port=443): Max retries exceeded with url: /amtmedyaduyuru/2?embed=1&mode=tme (Caused by NameResolutionError("<urllib3.connection.HTTPSConnection object at 0x0000026340D27210>: Failed to resolve 't.me' ([Errno 11001] getaddrinfo failed)"))
HTTPSConnectionPool(host='t.me', port=443): Max retries exceeded with url: /amtmedyaduyuru/2?embed=1&mode=tme (Caused by NameResolutionError("<urllib3.connection.HTTPSConnection object at 0x0000026340E72610>: Failed to resolve 't.me' ([Errno 11001] getaddrinfo failed)"))
HTTPSConnectionPool(host='t.me', port=443): Max retries exceeded with url: /amtmedyaduyuru/2?embed=1&mode=tme (Caused by NameResolutionError("<urllib3.connection.HTTPSConnection object at 0x00000263403CB110>: Failed to resolve 't.me' ([Errno 11001] getaddrinfo failed)"))
HTTPSConnectionPool(host='t.me', port=443): Max retries exceeded with url: /amtmedyaduyuru/2?embed=1&mode=tme (Caused by NameResolutionError("<urllib3.connection.HTTPSConnection object at 0x000002633E1A3F10>: Failed to resolve 't.me' ([Errno 11001] getaddrinfo failed)"))
HTTPSConnectionPool(host='t.me', port=443): Max retries exceeded with url: /amtmedyaduyuru/2?embed=1&mode=tme (Caused by NameResolutionError("<urllib3.connection.HTTPSConnection object at 0x0000026340798450>: Failed to resolve 't.me' ([Errno 11001] getaddrinfo failed)"))
HTTPSConnectionPool(host='t.me', port=443): Max retries exceeded with url: /amtmedyaduyuru/2?embed=1&mode=tme (Caused by NameResolutionError("<urllib3.connection.HTTPSConnection object at 0x000002633F7E01D0>: Failed to resolve 't.me' ([Errno 11001] getaddrinfo failed)"))
HTTPSConnectionPool(host='t.me', port=443): Max retries exceeded with url: /amtmedyaduyuru/2?embed=1&mode=tme (Caused by NameResolutionError("<urllib3.connection.HTTPSConnection object at 0x000002633FFB7810>: Failed to resolve 't.me' ([Errno 11001] getaddrinfo failed)"))
HTTPSConnectionPool(host='t.me', port=443): Max retries exceeded with url: /amtmedyaduyuru/2?embed=1&mode=tme (Caused by NameResolutionError("<urllib3.connection.HTTPSConnection object at 0x000002633FC15490>: Failed to resolve 't.me' ([Errno 11001] getaddrinfo failed)"))
HTTPSConnectionPool(host='t.me', port=443): Max retries exceeded with url: /amtmedyaduyuru/2?embed=1&mode=tme (Caused by NameResolutionError("<urllib3.connection.HTTPSConnection object at 0x000002634064F6D0>: Failed to resolve 't.me' ([Errno 11001] getaddrinfo failed)"))
HTTPSConnectionPool(host='t.me', port=443): Max retries exceeded with url: /amtmedyaduyuru/2?embed=1&mode=tme (Caused by NameResolutionError("<urllib3.connection.HTTPSConnection object at 0x00000263408A16D0>: Failed to resolve 't.me' ([Errno 11001] getaddrinfo failed)"))
HTTPSConnectionPool(host='t.me', port=443): Max retries exceeded with url: /amtmedyaduyuru/2?embed=1&mode=tme (Caused by NameResolutionError("<urllib3.connection.HTTPSConnection object at 0x000002633FB8A110>: Failed to resolve 't.me' ([Errno 11001] getaddrinfo failed)"))
HTTPSConnectionPool(host='t.me', port=443): Max retries exceeded with url: /amtmedyaduyuru/2?embed=1&mode=tme (Caused by NameResolutionError("<urllib3.connection.HTTPSConnection object at 0x000002633C677850>: Failed to resolve 't.me' ([Errno 11001] getaddrinfo failed)"))
HTTPSConnectionPool(host='t.me', port=443): Max retries exceeded with url: /amtmedyaduyuru/2?embed=1&mode=tme (Caused by NameResolutionError("<urllib3.connection.HTTPSConnection object at 0x000002634058DDD0>: Failed to resolve 't.me' ([Errno 11001] getaddrinfo failed)"))
HTTPSConnectionPool(host='t.me', port=443): Max retries exceeded with url: /amtmedyaduyuru/2?embed=1&mode=tme (Caused by NameResolutionError("<urllib3.connection.HTTPSConnection object at 0x000002633FB6C150>: Failed to resolve 't.me' ([Errno 11001] getaddrinfo failed)"))
HTTPSConnectionPool(host='t.me', port=443): Max retries exceeded with url: /amtmedyaduyuru/2?embed=1&mode=tme (Caused by NameResolutionError("<urllib3.connection.HTTPSConnection object at 0x0000026340880D90>: Failed to resolve 't.me' ([Errno 11001] getaddrinfo failed)"))
HTTPSConnectionPool(host='t.me', port=443): Max retries exceeded with url: /amtmedyaduyuru/2?embed=1&mode=tme (Caused by NameResolutionError("<urllib3.connection.HTTPSConnection object at 0x00000263409EA610>: Failed to resolve 't.me' ([Errno 11001] getaddrinfo failed)"))
HTTPSConnectionPool(host='t.me', port=443): Max retries exceeded with url: /amtmedyaduyuru/2?embed=1&mode=tme (Caused by NameResolutionError("<urllib3.connection.HTTPSConnection object at 0x0000026340E5F050>: Failed to resolve 't.me' ([Errno 11001] getaddrinfo failed)"))
HTTPSConnectionPool(host='t.me', port=443): Max retries exceeded with url: /amtmedyaduyuru/2?embed=1&mode=tme (Caused by NameResolutionError("<urllib3.connection.HTTPSConnection object at 0x0000026340E5D7D0>: Failed to resolve 't.me' ([Errno 11001] getaddrinfo failed)"))
HTTPSConnectionPool(host='t.me', port=443): Max retries exceeded with url: /amtmedyaduyuru/2?embed=1&mode=tme (Caused by NameResolutionError("<urllib3.connection.HTTPSConnection object at 0x00000263402F1510>: Failed to resolve 't.me' ([Errno 11001] getaddrinfo failed)"))
HTTPSConnectionPool(host='t.me', port=443): Max retries exceeded with url: /amtmedyaduyuru/2?embed=1&mode=tme (Caused by NameResolutionError("<urllib3.connection.HTTPSConnection object at 0x000002633FA0D850>: Failed to resolve 't.me' ([Errno 11001] getaddrinfo failed)"))
HTTPSConnectionPool(host='t.me', port=443): Max retries exceeded with url: /amtmedyaduyuru/2?embed=1&mode=tme (Caused by NameResolutionError("<urllib3.connection.HTTPSConnection object at 0x000002633662BDD0>: Failed to resolve 't.me' ([Errno 11001] getaddrinfo failed)"))
HTTPSConnectionPool(host='t.me', port=443): Max retries exceeded with url: /amtmedyaduyuru/2?embed=1&mode=tme (Caused by NameResolutionError("<urllib3.connection.HTTPSConnection object at 0x00000263408A0350>: Failed to resolve 't.me' ([Errno 11001] getaddrinfo failed)"))
HTTPSConnectionPool(host='t.me', port=443): Max retries exceeded with url: /amtmedyaduyuru/2?embed=1&mode=tme (Caused by NameResolutionError("<urllib3.connection.HTTPSConnection object at 0x000002633AE5BC10>: Failed to resolve 't.me' ([Errno 11001] getaddrinfo failed)"))
HTTPSConnectionPool(host='t.me', port=443): Max retries exceeded with url: /amtmedyaduyuru/2?embed=1&mode=tme (Caused by NameResolutionError("<urllib3.connection.HTTPSConnection object at 0x0000026340E5C210>: Failed to resolve 't.me' ([Errno 11001] getaddrinfo failed)"))
HTTPSConnectionPool(host='t.me', port=443): Max retries exceeded with url: /amtmedyaduyuru/2?embed=1&mode=tme (Caused by NameResolutionError("<urllib3.connection.HTTPSConnection object at 0x00000263405B0E50>: Failed to resolve 't.me' ([Errno 11001] getaddrinfo failed)"))
HTTPSConnectionPool(host='t.me', port=443): Max retries exceeded with url: /amtmedyaduyuru/2?embed=1&mode=tme (Caused by NameResolutionError("<urllib3.connection.HTTPSConnection object at 0x000002633F79F610>: Failed to resolve 't.me' ([Errno 11001] getaddrinfo failed)"))
HTTPSConnectionPool(host='t.me', port=443): Max retries exceeded with url: /amtmedyaduyuru/2?embed=1&mode=tme (Caused by NameResolutionError("<urllib3.connection.HTTPSConnection object at 0x000002633FB5ADD0>: Failed to resolve 't.me' ([Errno 11001] getaddrinfo failed)"))
HTTPSConnectionPool(host='t.me', port=443): Max retries exceeded with url: /amtmedyaduyuru/2?embed=1&mode=tme (Caused by NameResolutionError("<urllib3.connection.HTTPSConnection object at 0x000002633F851710>: Failed to resolve 't.me' ([Errno 11001] getaddrinfo failed)"))
HTTPSConnectionPool(host='t.me', port=443): Max retries exceeded with url: /amtmedyaduyuru/2?embed=1&mode=tme (Caused by NameResolutionError("<urllib3.connection.HTTPSConnection object at 0x0000026340E40110>: Failed to resolve 't.me' ([Errno 11001] getaddrinfo failed)"))
HTTPSConnectionPool(host='t.me', port=443): Max retries exceeded with url: /amtmedyaduyuru/2?embed=1&mode=tme (Caused by NameResolutionError("<urllib3.connection.HTTPSConnection object at 0x000002633F789250>: Failed to resolve 't.me' ([Errno 11001] getaddrinfo failed)"))
HTTPSConnectionPool(host='t.me', port=443): Max retries exceeded with url: /amtmedyaduyuru/2?embed=1&mode=tme (Caused by NameResolutionError("<urllib3.connection.HTTPSConnection object at 0x000002634058FD50>: Failed to resolve 't.me' ([Errno 11001] getaddrinfo failed)"))
HTTPSConnectionPool(host='t.me', port=443): Max retries exceeded with url: /amtmedyaduyuru/2?embed=1&mode=tme (Caused by NameResolutionError("<urllib3.connection.HTTPSConnection object at 0x0000026340D2D8D0>: Failed to resolve 't.me' ([Errno 11001] getaddrinfo failed)"))
HTTPSConnectionPool(host='t.me', port=443): Max retries exceeded with url: /amtmedyaduyuru/2?embed=1&mode=tme (Caused by NameResolutionError("<urllib3.connection.HTTPSConnection object at 0x000002633C398410>: Failed to resolve 't.me' ([Errno 11001] getaddrinfo failed)"))
HTTPSConnectionPool(host='t.me', port=443): Max retries exceeded with url: /amtmedyaduyuru/2?embed=1&mode=tme (Caused by NameResolutionError("<urllib3.connection.HTTPSConnection object at 0x0000026340276850>: Failed to resolve 't.me' ([Errno 11001] getaddrinfo failed)"))
HTTPSConnectionPool(host='t.me', port=443): Max retries exceeded with url: /amtmedyaduyuru/2?embed=1&mode=tme (Caused by NameResolutionError("<urllib3.connection.HTTPSConnection object at 0x000002633C2E8410>: Failed to resolve 't.me' ([Errno 11001] getaddrinfo failed)"))
HTTPSConnectionPool(host='t.me', port=443): Max retries exceeded with url: /amtmedyaduyuru/2?embed=1&mode=tme (Caused by NameResolutionError("<urllib3.connection.HTTPSConnection object at 0x000002633FB3A7D0>: Failed to resolve 't.me' ([Errno 11001] getaddrinfo failed)"))
HTTPSConnectionPool(host='t.me', port=443): Max retries exceeded with url: /amtmedyaduyuru/2?embed=1&mode=tme (Caused by NameResolutionError("<urllib3.connection.HTTPSConnection object at 0x0000026340451490>: Failed to resolve 't.me' ([Errno 11001] getaddrinfo failed)"))
HTTPSConnectionPool(host='t.me', port=443): Max retries exceeded with url: /amtmedyaduyuru/2?embed=1&mode=tme (Caused by NameResolutionError("<urllib3.connection.HTTPSConnection object at 0x000002633E2AA7D0>: Failed to resolve 't.me' ([Errno 11001] getaddrinfo failed)"))
HTTPSConnectionPool(host='t.me', port=443): Max retries exceeded with url: /amtmedyaduyuru/2?embed=1&mode=tme (Caused by NameResolutionError("<urllib3.connection.HTTPSConnection object at 0x000002633C737350>: Failed to resolve 't.me' ([Errno 11001] getaddrinfo failed)"))
HTTPSConnectionPool(host='t.me', port=443): Max retries exceeded with url: /amtmedyaduyuru/2?embed=1&mode=tme (Caused by NameResolutionError("<urllib3.connection.HTTPSConnection object at 0x00000263403CB9D0>: Failed to resolve 't.me' ([Errno 11001] getaddrinfo failed)"))
HTTPSConnectionPool(host='t.me', port=443): Max retries exceeded with url: /amtmedyaduyuru/2?embed=1&mode=tme (Caused by NameResolutionError("<urllib3.connection.HTTPSConnection object at 0x0000026340BC49D0>: Failed to resolve 't.me' ([Errno 11001] getaddrinfo failed)"))
HTTPSConnectionPool(host='t.me', port=443): Max retries exceeded with url: /amtmedyaduyuru/2?embed=1&mode=tme (Caused by NameResolutionError("<urllib3.connection.HTTPSConnection object at 0x000002633FEB14D0>: Failed to resolve 't.me' ([Errno 11001] getaddrinfo failed)"))
HTTPSConnectionPool(host='t.me', port=443): Max retries exceeded with url: /amtmedyaduyuru/2?embed=1&mode=tme (Caused by NameResolutionError("<urllib3.connection.HTTPSConnection object at 0x000002633FB5ADD0>: Failed to resolve 't.me' ([Errno 11001] getaddrinfo failed)"))
HTTPSConnectionPool(host='t.me', port=443): Max retries exceeded with url: /amtmedyaduyuru/2?embed=1&mode=tme (Caused by NameResolutionError("<urllib3.connection.HTTPSConnection object at 0x0000026340B2FD10>: Failed to resolve 't.me' ([Errno 11001] getaddrinfo failed)"))
HTTPSConnectionPool(host='t.me', port=443): Max retries exceeded with url: /amtmedyaduyuru/2?embed=1&mode=tme (Caused by NameResolutionError("<urllib3.connection.HTTPSConnection object at 0x000002634082C8D0>: Failed to resolve 't.me' ([Errno 11001] getaddrinfo failed)"))
HTTPSConnectionPool(host='t.me', port=443): Max retries exceeded with url: /amtmedyaduyuru/2?embed=1&mode=tme (Caused by NameResolutionError("<urllib3.connection.HTTPSConnection object at 0x0000026340703FD0>: Failed to resolve 't.me' ([Errno 11001] getaddrinfo failed)"))
HTTPSConnectionPool(host='t.me', port=443): Max retries exceeded with url: /amtmedyaduyuru/2?embed=1&mode=tme (Caused by NameResolutionError("<urllib3.connection.HTTPSConnection object at 0x000002633B73B650>: Failed to resolve 't.me' ([Errno 11001] getaddrinfo failed)"))
HTTPSConnectionPool(host='t.me', port=443): Max retries exceeded with url: /amtmedyaduyuru/2?embed=1&mode=tme (Caused by NameResolutionError("<urllib3.connection.HTTPSConnection object at 0x0000026340703FD0>: Failed to resolve 't.me' ([Errno 11001] getaddrinfo failed)"))
HTTPSConnectionPool(host='t.me', port=443): Max retries exceeded with url: /amtmedyaduyuru/2?embed=1&mode=tme (Caused by NameResolutionError("<urllib3.connection.HTTPSConnection object at 0x000002634082EF50>: Failed to resolve 't.me' ([Errno 11001] getaddrinfo failed)"))
HTTPSConnectionPool(host='t.me', port=443): Max retries exceeded with url: /amtmedyaduyuru/2?embed=1&mode=tme (Caused by NameResolutionError("<urllib3.connection.HTTPSConnection object at 0x00000263400FF4D0>: Failed to resolve 't.me' ([Errno 11001] getaddrinfo failed)"))
HTTPSConnectionPool(host='t.me', port=443): Max retries exceeded with url: /amtmedyaduyuru/2?embed=1&mode=tme (Caused by NameResolutionError("<urllib3.connection.HTTPSConnection object at 0x0000026340FB2790>: Failed to resolve 't.me' ([Errno 11001] getaddrinfo failed)"))
HTTPSConnectionPool(host='t.me', port=443): Max retries exceeded with url: /amtmedyaduyuru/2?embed=1&mode=tme (Caused by NameResolutionError("<urllib3.connection.HTTPSConnection object at 0x000002633E352850>: Failed to resolve 't.me' ([Errno 11001] getaddrinfo failed)"))
HTTPSConnectionPool(host='t.me', port=443): Max retries exceeded with url: /amtmedyaduyuru/2?embed=1&mode=tme (Caused by NameResolutionError("<urllib3.connection.HTTPSConnection object at 0x000002633E352850>: Failed to resolve 't.me' ([Errno 11001] getaddrinfo failed)"))
HTTPSConnectionPool(host='t.me', port=443): Max retries exceeded with url: /amtmedyaduyuru/2?embed=1&mode=tme (Caused by NameResolutionError("<urllib3.connection.HTTPSConnection object at 0x000002633AEE16D0>: Failed to resolve 't.me' ([Errno 11001] getaddrinfo failed)"))
HTTPSConnectionPool(host='t.me', port=443): Max retries exceeded with url: /amtmedyaduyuru/2?embed=1&mode=tme (Caused by NameResolutionError("<urllib3.connection.HTTPSConnection object at 0x00000263408C6210>: Failed to resolve 't.me' ([Errno 11001] getaddrinfo failed)"))
HTTPSConnectionPool(host='t.me', port=443): Max retries exceeded with url: /amtmedyaduyuru/2?embed=1&mode=tme (Caused by NameResolutionError("<urllib3.connection.HTTPSConnection object at 0x0000026340D24A90>: Failed to resolve 't.me' ([Errno 11001] getaddrinfo failed)"))
HTTPSConnectionPool(host='t.me', port=443): Max retries exceeded with url: /amtmedyaduyuru/2?embed=1&mode=tme (Caused by NameResolutionError("<urllib3.connection.HTTPSConnection object at 0x000002633B8BA050>: Failed to resolve 't.me' ([Errno 11001] getaddrinfo failed)"))
HTTPSConnectionPool(host='t.me', port=443): Max retries exceeded with url: /amtmedyaduyuru/2?embed=1&mode=tme (Caused by NameResolutionError("<urllib3.connection.HTTPSConnection object at 0x0000026340287810>: Failed to resolve 't.me' ([Errno 11001] getaddrinfo failed)"))
HTTPSConnectionPool(host='t.me', port=443): Max retries exceeded with url: /amtmedyaduyuru/2?embed=1&mode=tme (Caused by NameResolutionError("<urllib3.connection.HTTPSConnection object at 0x00000263400C6CD0>: Failed to resolve 't.me' ([Errno 11001] getaddrinfo failed)"))
HTTPSConnectionPool(host='t.me', port=443): Max retries exceeded with url: /amtmedyaduyuru/2?embed=1&mode=tme (Caused by NameResolutionError("<urllib3.connection.HTTPSConnection object at 0x00000263408FC6D0>: Failed to resolve 't.me' ([Errno 11001] getaddrinfo failed)"))
HTTPSConnectionPool(host='t.me', port=443): Max retries exceeded with url: /amtmedyaduyuru/2?embed=1&mode=tme (Caused by NameResolutionError("<urllib3.connection.HTTPSConnection object at 0x0000026336506550>: Failed to resolve 't.me' ([Errno 11001] getaddrinfo failed)"))
HTTPSConnectionPool(host='t.me', port=443): Max retries exceeded with url: /amtmedyaduyuru/2?embed=1&mode=tme (Caused by NameResolutionError("<urllib3.connection.HTTPSConnection object at 0x0000026340B88D10>: Failed to resolve 't.me' ([Errno 11001] getaddrinfo failed)"))
HTTPSConnectionPool(host='t.me', port=443): Max retries exceeded with url: /amtmedyaduyuru/2?embed=1&mode=tme (Caused by NameResolutionError("<urllib3.connection.HTTPSConnection object at 0x00000263408C3850>: Failed to resolve 't.me' ([Errno 11001] getaddrinfo failed)"))
HTTPSConnectionPool(host='t.me', port=443): Max retries exceeded with url: /amtmedyaduyuru/2?embed=1&mode=tme (Caused by NameResolutionError("<urllib3.connection.HTTPSConnection object at 0x000002633B77DF50>: Failed to resolve 't.me' ([Errno 11001] getaddrinfo failed)"))
HTTPSConnectionPool(host='t.me', port=443): Max retries exceeded with url: /amtmedyaduyuru/2?embed=1&mode=tme (Caused by NameResolutionError("<urllib3.connection.HTTPSConnection object at 0x000002633FB8A110>: Failed to resolve 't.me' ([Errno 11001] getaddrinfo failed)"))
HTTPSConnectionPool(host='t.me', port=443): Max retries exceeded with url: /amtmedyaduyuru/2?embed=1&mode=tme (Caused by NameResolutionError("<urllib3.connection.HTTPSConnection object at 0x0000026340F7F390>: Failed to resolve 't.me' ([Errno 11001] getaddrinfo failed)"))
HTTPSConnectionPool(host='t.me', port=443): Max retries exceeded with url: /amtmedyaduyuru/2?embed=1&mode=tme (Caused by NameResolutionError("<urllib3.connection.HTTPSConnection object at 0x0000026340FB2510>: Failed to resolve 't.me' ([Errno 11001] getaddrinfo failed)"))
HTTPSConnectionPool(host='t.me', port=443): Max retries exceeded with url: /amtmedyaduyuru/2?embed=1&mode=tme (Caused by NameResolutionError("<urllib3.connection.HTTPSConnection object at 0x00000263408C2190>: Failed to resolve 't.me' ([Errno 11001] getaddrinfo failed)"))
HTTPSConnectionPool(host='t.me', port=443): Max retries exceeded with url: /amtmedyaduyuru/2?embed=1&mode=tme (Caused by NameResolutionError("<urllib3.connection.HTTPSConnection object at 0x00000263409EEB10>: Failed to resolve 't.me' ([Errno 11001] getaddrinfo failed)"))
HTTPSConnectionPool(host='t.me', port=443): Max retries exceeded with url: /amtmedyaduyuru/2?embed=1&mode=tme (Caused by NameResolutionError("<urllib3.connection.HTTPSConnection object at 0x000002634019D7D0>: Failed to resolve 't.me' ([Errno 11001] getaddrinfo failed)"))
HTTPSConnectionPool(host='t.me', port=443): Max retries exceeded with url: /amtmedyaduyuru/2?embed=1&mode=tme (Caused by NameResolutionError("<urllib3.connection.HTTPSConnection object at 0x00000263408C0150>: Failed to resolve 't.me' ([Errno 11001] getaddrinfo failed)"))
HTTPSConnectionPool(host='t.me', port=443): Max retries exceeded with url: /amtmedyaduyuru/2?embed=1&mode=tme (Caused by NameResolutionError("<urllib3.connection.HTTPSConnection object at 0x000002633C371B50>: Failed to resolve 't.me' ([Errno 11001] getaddrinfo failed)"))
HTTPSConnectionPool(host='t.me', port=443): Max retries exceeded with url: /amtmedyaduyuru/2?embed=1&mode=tme (Caused by NameResolutionError("<urllib3.connection.HTTPSConnection object at 0x000002634053B8D0>: Failed to resolve 't.me' ([Errno 11001] getaddrinfo failed)"))
HTTPSConnectionPool(host='t.me', port=443): Max retries exceeded with url: /amtmedyaduyuru/2?embed=1&mode=tme (Caused by NameResolutionError("<urllib3.connection.HTTPSConnection object at 0x0000026340A04450>: Failed to resolve 't.me' ([Errno 11001] getaddrinfo failed)"))
HTTPSConnectionPool(host='t.me', port=443): Max retries exceeded with url: /amtmedyaduyuru/2?embed=1&mode=tme (Caused by NameResolutionError("<urllib3.connection.HTTPSConnection object at 0x000002633C30F390>: Failed to resolve 't.me' ([Errno 11001] getaddrinfo failed)"))
HTTPSConnectionPool(host='t.me', port=443): Max retries exceeded with url: /amtmedyaduyuru/2?embed=1&mode=tme (Caused by NameResolutionError("<urllib3.connection.HTTPSConnection object at 0x0000026340675590>: Failed to resolve 't.me' ([Errno 11001] getaddrinfo failed)"))
HTTPSConnectionPool(host='t.me', port=443): Max retries exceeded with url: /amtmedyaduyuru/2?embed=1&mode=tme (Caused by NameResolutionError("<urllib3.connection.HTTPSConnection object at 0x0000026340DB7D10>: Failed to resolve 't.me' ([Errno 11001] getaddrinfo failed)"))
HTTPSConnectionPool(host='t.me', port=443): Max retries exceeded with url: /amtmedyaduyuru/2?embed=1&mode=tme (Caused by NameResolutionError("<urllib3.connection.HTTPSConnection object at 0x0000026340D4E750>: Failed to resolve 't.me' ([Errno 11001] getaddrinfo failed)"))
HTTPSConnectionPool(host='t.me', port=443): Max retries exceeded with url: /amtmedyaduyuru/2?embed=1&mode=tme (Caused by NameResolutionError("<urllib3.connection.HTTPSConnection object at 0x0000026340C00390>: Failed to resolve 't.me' ([Errno 11001] getaddrinfo failed)"))
HTTPSConnectionPool(host='t.me', port=443): Max retries exceeded with url: /amtmedyaduyuru/2?embed=1&mode=tme (Caused by NameResolutionError("<urllib3.connection.HTTPSConnection object at 0x0000026340E5FD50>: Failed to resolve 't.me' ([Errno 11001] getaddrinfo failed)"))
HTTPSConnectionPool(host='t.me', port=443): Max retries exceeded with url: /amtmedyaduyuru/2?embed=1&mode=tme (Caused by NameResolutionError("<urllib3.connection.HTTPSConnection object at 0x0000026340882990>: Failed to resolve 't.me' ([Errno 11001] getaddrinfo failed)"))
HTTPSConnectionPool(host='t.me', port=443): Max retries exceeded with url: /amtmedyaduyuru/2?embed=1&mode=tme (Caused by NameResolutionError("<urllib3.connection.HTTPSConnection object at 0x0000026340C03210>: Failed to resolve 't.me' ([Errno 11001] getaddrinfo failed)"))
HTTPSConnectionPool(host='t.me', port=443): Max retries exceeded with url: /amtmedyaduyuru/2?embed=1&mode=tme (Caused by NameResolutionError("<urllib3.connection.HTTPSConnection object at 0x000002633F781DD0>: Failed to resolve 't.me' ([Errno 11001] getaddrinfo failed)"))
HTTPSConnectionPool(host='t.me', port=443): Max retries exceeded with url: /amtmedyaduyuru/2?embed=1&mode=tme (Caused by NameResolutionError("<urllib3.connection.HTTPSConnection object at 0x000002633FFEE050>: Failed to resolve 't.me' ([Errno 11001] getaddrinfo failed)"))
HTTPSConnectionPool(host='t.me', port=443): Max retries exceeded with url: /amtmedyaduyuru/2?embed=1&mode=tme (Caused by NameResolutionError("<urllib3.connection.HTTPSConnection object at 0x000002633C3DEC90>: Failed to resolve 't.me' ([Errno 11001] getaddrinfo failed)"))
HTTPSConnectionPool(host='t.me', port=443): Max retries exceeded with url: /amtmedyaduyuru/2?embed=1&mode=tme (Caused by NameResolutionError("<urllib3.connection.HTTPSConnection object at 0x000002634018B810>: Failed to resolve 't.me' ([Errno 11001] getaddrinfo failed)"))
HTTPSConnectionPool(host='t.me', port=443): Max retries exceeded with url: /amtmedyaduyuru/2?embed=1&mode=tme (Caused by NameResolutionError("<urllib3.connection.HTTPSConnection object at 0x0000026340C035D0>: Failed to resolve 't.me' ([Errno 11001] getaddrinfo failed)"))
HTTPSConnectionPool(host='t.me', port=443): Max retries exceeded with url: /amtmedyaduyuru/2?embed=1&mode=tme (Caused by NameResolutionError("<urllib3.connection.HTTPSConnection object at 0x00000263390E2F90>: Failed to resolve 't.me' ([Errno 11001] getaddrinfo failed)"))
HTTPSConnectionPool(host='t.me', port=443): Max retries exceeded with url: /amtmedyaduyuru/2?embed=1&mode=tme (Caused by NameResolutionError("<urllib3.connection.HTTPSConnection object at 0x0000026340D4CA50>: Failed to resolve 't.me' ([Errno 11001] getaddrinfo failed)"))
HTTPSConnectionPool(host='t.me', port=443): Max retries exceeded with url: /amtmedyaduyuru/2?embed=1&mode=tme (Caused by NameResolutionError("<urllib3.connection.HTTPSConnection object at 0x000002633FD4D550>: Failed to resolve 't.me' ([Errno 11001] getaddrinfo failed)"))
HTTPSConnectionPool(host='t.me', port=443): Max retries exceeded with url: /amtmedyaduyuru/2?embed=1&mode=tme (Caused by NameResolutionError("<urllib3.connection.HTTPSConnection object at 0x000002633DFFCE10>: Failed to resolve 't.me' ([Errno 11001] getaddrinfo failed)"))
HTTPSConnectionPool(host='t.me', port=443): Max retries exceeded with url: /amtmedyaduyuru/2?embed=1&mode=tme (Caused by NameResolutionError("<urllib3.connection.HTTPSConnection object at 0x0000026340D4EE10>: Failed to resolve 't.me' ([Errno 11001] getaddrinfo failed)"))
HTTPSConnectionPool(host='t.me', port=443): Max retries exceeded with url: /amtmedyaduyuru/2?embed=1&mode=tme (Caused by NameResolutionError("<urllib3.connection.HTTPSConnection object at 0x0000026340C5E9D0>: Failed to resolve 't.me' ([Errno 11001] getaddrinfo failed)"))
HTTPSConnectionPool(host='t.me', port=443): Max retries exceeded with url: /amtmedyaduyuru/2?embed=1&mode=tme (Caused by NameResolutionError("<urllib3.connection.HTTPSConnection object at 0x0000026340A59390>: Failed to resolve 't.me' ([Errno 11001] getaddrinfo failed)"))
HTTPSConnectionPool(host='t.me', port=443): Max retries exceeded with url: /amtmedyaduyuru/2?embed=1&mode=tme (Caused by NameResolutionError("<urllib3.connection.HTTPSConnection object at 0x0000026340488D10>: Failed to resolve 't.me' ([Errno 11001] getaddrinfo failed)"))
HTTPSConnectionPool(host='t.me', port=443): Max retries exceeded with url: /amtmedyaduyuru/2?embed=1&mode=tme (Caused by NameResolutionError("<urllib3.connection.HTTPSConnection object at 0x000002633F821050>: Failed to resolve 't.me' ([Errno 11001] getaddrinfo failed)"))
HTTPSConnectionPool(host='t.me', port=443): Max retries exceeded with url: /amtmedyaduyuru/2?embed=1&mode=tme (Caused by NameResolutionError("<urllib3.connection.HTTPSConnection object at 0x000002634019F050>: Failed to resolve 't.me' ([Errno 11001] getaddrinfo failed)"))
HTTPSConnectionPool(host='t.me', port=443): Max retries exceeded with url: /amtmedyaduyuru/2?embed=1&mode=tme (Caused by NameResolutionError("<urllib3.connection.HTTPSConnection object at 0x0000026340453E50>: Failed to resolve 't.me' ([Errno 11001] getaddrinfo failed)"))
HTTPSConnectionPool(host='t.me', port=443): Max retries exceeded with url: /amtmedyaduyuru/2?embed=1&mode=tme (Caused by NameResolutionError("<urllib3.connection.HTTPSConnection object at 0x0000026340756B10>: Failed to resolve 't.me' ([Errno 11001] getaddrinfo failed)"))
HTTPSConnectionPool(host='t.me', port=443): Max retries exceeded with url: /amtmedyaduyuru/2?embed=1&mode=tme (Caused by NameResolutionError("<urllib3.connection.HTTPSConnection object at 0x00000263405090D0>: Failed to resolve 't.me' ([Errno 11001] getaddrinfo failed)"))
HTTPSConnectionPool(host='t.me', port=443): Max retries exceeded with url: /amtmedyaduyuru/2?embed=1&mode=tme (Caused by NameResolutionError("<urllib3.connection.HTTPSConnection object at 0x00000263404C84D0>: Failed to resolve 't.me' ([Errno 11001] getaddrinfo failed)"))
HTTPSConnectionPool(host='t.me', port=443): Max retries exceeded with url: /amtmedyaduyuru/2?embed=1&mode=tme (Caused by NameResolutionError("<urllib3.connection.HTTPSConnection object at 0x00000263408DBAD0>: Failed to resolve 't.me' ([Errno 11001] getaddrinfo failed)"))
HTTPSConnectionPool(host='t.me', port=443): Max retries exceeded with url: /amtmedyaduyuru/2?embed=1&mode=tme (Caused by NameResolutionError("<urllib3.connection.HTTPSConnection object at 0x000002633AE6F690>: Failed to resolve 't.me' ([Errno 11001] getaddrinfo failed)"))
HTTPSConnectionPool(host='t.me', port=443): Max retries exceeded with url: /amtmedyaduyuru/2?embed=1&mode=tme (Caused by NameResolutionError("<urllib3.connection.HTTPSConnection object at 0x0000026340FB3250>: Failed to resolve 't.me' ([Errno 11001] getaddrinfo failed)"))
HTTPSConnectionPool(host='t.me', port=443): Max retries exceeded with url: /amtmedyaduyuru/2?embed=1&mode=tme (Caused by NameResolutionError("<urllib3.connection.HTTPSConnection object at 0x00000263403AE090>: Failed to resolve 't.me' ([Errno 11001] getaddrinfo failed)"))
HTTPSConnectionPool(host='t.me', port=443): Max retries exceeded with url: /amtmedyaduyuru/2?embed=1&mode=tme (Caused by NameResolutionError("<urllib3.connection.HTTPSConnection object at 0x000002633FE9A150>: Failed to resolve 't.me' ([Errno 11001] getaddrinfo failed)"))
HTTPSConnectionPool(host='t.me', port=443): Max retries exceeded with url: /amtmedyaduyuru/2?embed=1&mode=tme (Caused by NameResolutionError("<urllib3.connection.HTTPSConnection object at 0x0000026340882790>: Failed to resolve 't.me' ([Errno 11001] getaddrinfo failed)"))
HTTPSConnectionPool(host='t.me', port=443): Max retries exceeded with url: /amtmedyaduyuru/2?embed=1&mode=tme (Caused by NameResolutionError("<urllib3.connection.HTTPSConnection object at 0x0000026340689210>: Failed to resolve 't.me' ([Errno 11001] getaddrinfo failed)"))
HTTPSConnectionPool(host='t.me', port=443): Max retries exceeded with url: /amtmedyaduyuru/2?embed=1&mode=tme (Caused by NameResolutionError("<urllib3.connection.HTTPSConnection object at 0x0000026340D24A90>: Failed to resolve 't.me' ([Errno 11001] getaddrinfo failed)"))
HTTPSConnectionPool(host='t.me', port=443): Max retries exceeded with url: /amtmedyaduyuru/2?embed=1&mode=tme (Caused by NameResolutionError("<urllib3.connection.HTTPSConnection object at 0x000002633FDC2150>: Failed to resolve 't.me' ([Errno 11001] getaddrinfo failed)"))
HTTPSConnectionPool(host='t.me', port=443): Max retries exceeded with url: /amtmedyaduyuru/2?embed=1&mode=tme (Caused by NameResolutionError("<urllib3.connection.HTTPSConnection object at 0x000002633E1B0BD0>: Failed to resolve 't.me' ([Errno 11001] getaddrinfo failed)"))
HTTPSConnectionPool(host='t.me', port=443): Max retries exceeded with url: /amtmedyaduyuru/2?embed=1&mode=tme (Caused by NameResolutionError("<urllib3.connection.HTTPSConnection object at 0x0000026340A4DD10>: Failed to resolve 't.me' ([Errno 11001] getaddrinfo failed)"))
HTTPSConnectionPool(host='t.me', port=443): Max retries exceeded with url: /amtmedyaduyuru/2?embed=1&mode=tme (Caused by NameResolutionError("<urllib3.connection.HTTPSConnection object at 0x0000026340041850>: Failed to resolve 't.me' ([Errno 11001] getaddrinfo failed)"))
HTTPSConnectionPool(host='t.me', port=443): Max retries exceeded with url: /amtmedyaduyuru/2?embed=1&mode=tme (Caused by NameResolutionError("<urllib3.connection.HTTPSConnection object at 0x000002633FB5A910>: Failed to resolve 't.me' ([Errno 11001] getaddrinfo failed)"))
HTTPSConnectionPool(host='t.me', port=443): Max retries exceeded with url: /amtmedyaduyuru/2?embed=1&mode=tme (Caused by NameResolutionError("<urllib3.connection.HTTPSConnection object at 0x000002633FDD7350>: Failed to resolve 't.me' ([Errno 11001] getaddrinfo failed)"))
HTTPSConnectionPool(host='t.me', port=443): Max retries exceeded with url: /amtmedyaduyuru/2?embed=1&mode=tme (Caused by NameResolutionError("<urllib3.connection.HTTPSConnection object at 0x000002633DFEA110>: Failed to resolve 't.me' ([Errno 11001] getaddrinfo failed)"))
HTTPSConnectionPool(host='t.me', port=443): Max retries exceeded with url: /amtmedyaduyuru/2?embed=1&mode=tme (Caused by NameResolutionError("<urllib3.connection.HTTPSConnection object at 0x000002634010F1D0>: Failed to resolve 't.me' ([Errno 11001] getaddrinfo failed)"))
HTTPSConnectionPool(host='t.me', port=443): Max retries exceeded with url: /amtmedyaduyuru/2?embed=1&mode=tme (Caused by NameResolutionError("<urllib3.connection.HTTPSConnection object at 0x000002634062B850>: Failed to resolve 't.me' ([Errno 11001] getaddrinfo failed)"))
HTTPSConnectionPool(host='t.me', port=443): Max retries exceeded with url: /amtmedyaduyuru/2?embed=1&mode=tme (Caused by NameResolutionError("<urllib3.connection.HTTPSConnection object at 0x0000026340E88150>: Failed to resolve 't.me' ([Errno 11001] getaddrinfo failed)"))
HTTPSConnectionPool(host='t.me', port=443): Max retries exceeded with url: /amtmedyaduyuru/2?embed=1&mode=tme (Caused by NameResolutionError("<urllib3.connection.HTTPSConnection object at 0x000002633C39B250>: Failed to resolve 't.me' ([Errno 11001] getaddrinfo failed)"))
HTTPSConnectionPool(host='t.me', port=443): Max retries exceeded with url: /amtmedyaduyuru/2?embed=1&mode=tme (Caused by NameResolutionError("<urllib3.connection.HTTPSConnection object at 0x000002633FFA3C50>: Failed to resolve 't.me' ([Errno 11001] getaddrinfo failed)"))
HTTPSConnectionPool(host='t.me', port=443): Max retries exceeded with url: /amtmedyaduyuru/2?embed=1&mode=tme (Caused by NameResolutionError("<urllib3.connection.HTTPSConnection object at 0x0000026340543450>: Failed to resolve 't.me' ([Errno 11001] getaddrinfo failed)"))
HTTPSConnectionPool(host='t.me', port=443): Max retries exceeded with url: /amtmedyaduyuru/2?embed=1&mode=tme (Caused by NameResolutionError("<urllib3.connection.HTTPSConnection object at 0x000002633FEFBE90>: Failed to resolve 't.me' ([Errno 11001] getaddrinfo failed)"))
HTTPSConnectionPool(host='t.me', port=443): Max retries exceeded with url: /amtmedyaduyuru/2?embed=1&mode=tme (Caused by NameResolutionError("<urllib3.connection.HTTPSConnection object at 0x0000026340E72E90>: Failed to resolve 't.me' ([Errno 11001] getaddrinfo failed)"))
HTTPSConnectionPool(host='t.me', port=443): Max retries exceeded with url: /amtmedyaduyuru/2?embed=1&mode=tme (Caused by NameResolutionError("<urllib3.connection.HTTPSConnection object at 0x000002633FC33850>: Failed to resolve 't.me' ([Errno 11001] getaddrinfo failed)"))
HTTPSConnectionPool(host='t.me', port=443): Max retries exceeded with url: /amtmedyaduyuru/2?embed=1&mode=tme (Caused by NameResolutionError("<urllib3.connection.HTTPSConnection object at 0x00000263405090D0>: Failed to resolve 't.me' ([Errno 11001] getaddrinfo failed)"))
HTTPSConnectionPool(host='t.me', port=443): Max retries exceeded with url: /amtmedyaduyuru/2?embed=1&mode=tme (Caused by NameResolutionError("<urllib3.connection.HTTPSConnection object at 0x0000026340D26410>: Failed to resolve 't.me' ([Errno 11001] getaddrinfo failed)"))
HTTPSConnectionPool(host='t.me', port=443): Max retries exceeded with url: /amtmedyaduyuru/2?embed=1&mode=tme (Caused by NameResolutionError("<urllib3.connection.HTTPSConnection object at 0x0000026340634150>: Failed to resolve 't.me' ([Errno 11001] getaddrinfo failed)"))
HTTPSConnectionPool(host='t.me', port=443): Max retries exceeded with url: /amtmedyaduyuru/2?embed=1&mode=tme (Caused by NameResolutionError("<urllib3.connection.HTTPSConnection object at 0x000002633C2D4D10>: Failed to resolve 't.me' ([Errno 11001] getaddrinfo failed)"))
HTTPSConnectionPool(host='t.me', port=443): Max retries exceeded with url: /amtmedyaduyuru/2?embed=1&mode=tme (Caused by NameResolutionError("<urllib3.connection.HTTPSConnection object at 0x00000263401B1950>: Failed to resolve 't.me' ([Errno 11001] getaddrinfo failed)"))
HTTPSConnectionPool(host='t.me', port=443): Max retries exceeded with url: /amtmedyaduyuru/2?embed=1&mode=tme (Caused by NameResolutionError("<urllib3.connection.HTTPSConnection object at 0x000002633B622150>: Failed to resolve 't.me' ([Errno 11001] getaddrinfo failed)"))
HTTPSConnectionPool(host='t.me', port=443): Max retries exceeded with url: /amtmedyaduyuru/2?embed=1&mode=tme (Caused by NameResolutionError("<urllib3.connection.HTTPSConnection object at 0x000002633E2AD190>: Failed to resolve 't.me' ([Errno 11001] getaddrinfo failed)"))
HTTPSConnectionPool(host='t.me', port=443): Max retries exceeded with url: /amtmedyaduyuru/2?embed=1&mode=tme (Caused by NameResolutionError("<urllib3.connection.HTTPSConnection object at 0x000002633FBD7010>: Failed to resolve 't.me' ([Errno 11001] getaddrinfo failed)"))
HTTPSConnectionPool(host='t.me', port=443): Max retries exceeded with url: /amtmedyaduyuru/2?embed=1&mode=tme (Caused by NameResolutionError("<urllib3.connection.HTTPSConnection object at 0x0000026340D2E310>: Failed to resolve 't.me' ([Errno 11001] getaddrinfo failed)"))
HTTPSConnectionPool(host='t.me', port=443): Max retries exceeded with url: /amtmedyaduyuru/2?embed=1&mode=tme (Caused by NameResolutionError("<urllib3.connection.HTTPSConnection object at 0x000002633E007D10>: Failed to resolve 't.me' ([Errno 11001] getaddrinfo failed)"))
HTTPSConnectionPool(host='t.me', port=443): Max retries exceeded with url: /amtmedyaduyuru/2?embed=1&mode=tme (Caused by NameResolutionError("<urllib3.connection.HTTPSConnection object at 0x000002633FCBC410>: Failed to resolve 't.me' ([Errno 11001] getaddrinfo failed)"))
HTTPSConnectionPool(host='t.me', port=443): Max retries exceeded with url: /amtmedyaduyuru/2?embed=1&mode=tme (Caused by NameResolutionError("<urllib3.connection.HTTPSConnection object at 0x000002633FDCF0D0>: Failed to resolve 't.me' ([Errno 11001] getaddrinfo failed)"))
HTTPSConnectionPool(host='t.me', port=443): Max retries exceeded with url: /amtmedyaduyuru/2?embed=1&mode=tme (Caused by NameResolutionError("<urllib3.connection.HTTPSConnection object at 0x0000026340156710>: Failed to resolve 't.me' ([Errno 11001] getaddrinfo failed)"))
HTTPSConnectionPool(host='t.me', port=443): Max retries exceeded with url: /amtmedyaduyuru/2?embed=1&mode=tme (Caused by NameResolutionError("<urllib3.connection.HTTPSConnection object at 0x000002633E007D10>: Failed to resolve 't.me' ([Errno 11001] getaddrinfo failed)"))
HTTPSConnectionPool(host='t.me', port=443): Max retries exceeded with url: /amtmedyaduyuru/2?embed=1&mode=tme (Caused by NameResolutionError("<urllib3.connection.HTTPSConnection object at 0x000002633C46ABD0>: Failed to resolve 't.me' ([Errno 11001] getaddrinfo failed)"))
HTTPSConnectionPool(host='t.me', port=443): Max retries exceeded with url: /amtmedyaduyuru/2?embed=1&mode=tme (Caused by NameResolutionError("<urllib3.connection.HTTPSConnection object at 0x0000026340E71810>: Failed to resolve 't.me' ([Errno 11001] getaddrinfo failed)"))
HTTPSConnectionPool(host='t.me', port=443): Max retries exceeded with url: /amtmedyaduyuru/2?embed=1&mode=tme (Caused by NameResolutionError("<urllib3.connection.HTTPSConnection object at 0x0000026340D2DC90>: Failed to resolve 't.me' ([Errno 11001] getaddrinfo failed)"))
HTTPSConnectionPool(host='t.me', port=443): Max retries exceeded with url: /amtmedyaduyuru/2?embed=1&mode=tme (Caused by NameResolutionError("<urllib3.connection.HTTPSConnection object at 0x00000263401B0C50>: Failed to resolve 't.me' ([Errno 11001] getaddrinfo failed)"))
HTTPSConnectionPool(host='t.me', port=443): Max retries exceeded with url: /amtmedyaduyuru/2?embed=1&mode=tme (Caused by NameResolutionError("<urllib3.connection.HTTPSConnection object at 0x0000026340543B90>: Failed to resolve 't.me' ([Errno 11001] getaddrinfo failed)"))
HTTPSConnectionPool(host='t.me', port=443): Max retries exceeded with url: /amtmedyaduyuru/2?embed=1&mode=tme (Caused by NameResolutionError("<urllib3.connection.HTTPSConnection object at 0x0000026340E73F90>: Failed to resolve 't.me' ([Errno 11001] getaddrinfo failed)"))
HTTPSConnectionPool(host='t.me', port=443): Max retries exceeded with url: /amtmedyaduyuru/2?embed=1&mode=tme (Caused by NameResolutionError("<urllib3.connection.HTTPSConnection object at 0x000002633C32E390>: Failed to resolve 't.me' ([Errno 11001] getaddrinfo failed)"))
HTTPSConnectionPool(host='t.me', port=443): Max retries exceeded with url: /amtmedyaduyuru/2?embed=1&mode=tme (Caused by NameResolutionError("<urllib3.connection.HTTPSConnection object at 0x000002633DFDADD0>: Failed to resolve 't.me' ([Errno 11001] getaddrinfo failed)"))
HTTPSConnectionPool(host='t.me', port=443): Max retries exceeded with url: /amtmedyaduyuru/2?embed=1&mode=tme (Caused by NameResolutionError("<urllib3.connection.HTTPSConnection object at 0x0000026340B72210>: Failed to resolve 't.me' ([Errno 11001] getaddrinfo failed)"))
HTTPSConnectionPool(host='t.me', port=443): Max retries exceeded with url: /amtmedyaduyuru/2?embed=1&mode=tme (Caused by NameResolutionError("<urllib3.connection.HTTPSConnection object at 0x0000026340E5E650>: Failed to resolve 't.me' ([Errno 11001] getaddrinfo failed)"))
HTTPSConnectionPool(host='t.me', port=443): Max retries exceeded with url: /amtmedyaduyuru/2?embed=1&mode=tme (Caused by NameResolutionError("<urllib3.connection.HTTPSConnection object at 0x000002633F934E10>: Failed to resolve 't.me' ([Errno 11001] getaddrinfo failed)"))
HTTPSConnectionPool(host='t.me', port=443): Max retries exceeded with url: /amtmedyaduyuru/2?embed=1&mode=tme (Caused by NameResolutionError("<urllib3.connection.HTTPSConnection object at 0x0000026340D4E950>: Failed to resolve 't.me' ([Errno 11001] getaddrinfo failed)"))
HTTPSConnectionPool(host='t.me', port=443): Max retries exceeded with url: /amtmedyaduyuru/2?embed=1&mode=tme (Caused by NameResolutionError("<urllib3.connection.HTTPSConnection object at 0x000002633B7A3D90>: Failed to resolve 't.me' ([Errno 11001] getaddrinfo failed)"))
HTTPSConnectionPool(host='t.me', port=443): Max retries exceeded with url: /amtmedyaduyuru/2?embed=1&mode=tme (Caused by NameResolutionError("<urllib3.connection.HTTPSConnection object at 0x00000263404186D0>: Failed to resolve 't.me' ([Errno 11001] getaddrinfo failed)"))
HTTPSConnectionPool(host='t.me', port=443): Max retries exceeded with url: /amtmedyaduyuru/2?embed=1&mode=tme (Caused by NameResolutionError("<urllib3.connection.HTTPSConnection object at 0x0000026340543450>: Failed to resolve 't.me' ([Errno 11001] getaddrinfo failed)"))
HTTPSConnectionPool(host='t.me', port=443): Max retries exceeded with url: /amtmedyaduyuru/2?embed=1&mode=tme (Caused by NameResolutionError("<urllib3.connection.HTTPSConnection object at 0x000002633FD2D650>: Failed to resolve 't.me' ([Errno 11001] getaddrinfo failed)"))
HTTPSConnectionPool(host='t.me', port=443): Max retries exceeded with url: /amtmedyaduyuru/2?embed=1&mode=tme (Caused by NameResolutionError("<urllib3.connection.HTTPSConnection object at 0x0000026340936550>: Failed to resolve 't.me' ([Errno 11001] getaddrinfo failed)"))
HTTPSConnectionPool(host='t.me', port=443): Max retries exceeded with url: /amtmedyaduyuru/2?embed=1&mode=tme (Caused by NameResolutionError("<urllib3.connection.HTTPSConnection object at 0x0000026340B22850>: Failed to resolve 't.me' ([Errno 11001] getaddrinfo failed)"))
HTTPSConnectionPool(host='t.me', port=443): Max retries exceeded with url: /amtmedyaduyuru/2?embed=1&mode=tme (Caused by NameResolutionError("<urllib3.connection.HTTPSConnection object at 0x000002633C39B250>: Failed to resolve 't.me' ([Errno 11001] getaddrinfo failed)"))
HTTPSConnectionPool(host='t.me', port=443): Max retries exceeded with url: /amtmedyaduyuru/2?embed=1&mode=tme (Caused by NameResolutionError("<urllib3.connection.HTTPSConnection object at 0x0000026340543B90>: Failed to resolve 't.me' ([Errno 11001] getaddrinfo failed)"))
HTTPSConnectionPool(host='t.me', port=443): Max retries exceeded with url: /amtmedyaduyuru/2?embed=1&mode=tme (Caused by NameResolutionError("<urllib3.connection.HTTPSConnection object at 0x000002634010D6D0>: Failed to resolve 't.me' ([Errno 11001] getaddrinfo failed)"))
HTTPSConnectionPool(host='t.me', port=443): Max retries exceeded with url: /amtmedyaduyuru/2?embed=1&mode=tme (Caused by NameResolutionError("<urllib3.connection.HTTPSConnection object at 0x00000263407005D0>: Failed to resolve 't.me' ([Errno 11001] getaddrinfo failed)"))
HTTPSConnectionPool(host='t.me', port=443): Max retries exceeded with url: /amtmedyaduyuru/2?embed=1&mode=tme (Caused by NameResolutionError("<urllib3.connection.HTTPSConnection object at 0x000002633FE05910>: Failed to resolve 't.me' ([Errno 11001] getaddrinfo failed)"))
HTTPSConnectionPool(host='t.me', port=443): Max retries exceeded with url: /amtmedyaduyuru/2?embed=1&mode=tme (Caused by NameResolutionError("<urllib3.connection.HTTPSConnection object at 0x0000026340E71C90>: Failed to resolve 't.me' ([Errno 11001] getaddrinfo failed)"))
HTTPSConnectionPool(host='t.me', port=443): Max retries exceeded with url: /amtmedyaduyuru/2?embed=1&mode=tme (Caused by NameResolutionError("<urllib3.connection.HTTPSConnection object at 0x000002633C470C90>: Failed to resolve 't.me' ([Errno 11001] getaddrinfo failed)"))
HTTPSConnectionPool(host='t.me', port=443): Max retries exceeded with url: /amtmedyaduyuru/2?embed=1&mode=tme (Caused by NameResolutionError("<urllib3.connection.HTTPSConnection object at 0x0000026340A4D8D0>: Failed to resolve 't.me' ([Errno 11001] getaddrinfo failed)"))
HTTPSConnectionPool(host='t.me', port=443): Max retries exceeded with url: /amtmedyaduyuru/2?embed=1&mode=tme (Caused by NameResolutionError("<urllib3.connection.HTTPSConnection object at 0x00000263401C5C50>: Failed to resolve 't.me' ([Errno 11001] getaddrinfo failed)"))
HTTPSConnectionPool(host='t.me', port=443): Max retries exceeded with url: /amtmedyaduyuru/2?embed=1&mode=tme (Caused by NameResolutionError("<urllib3.connection.HTTPSConnection object at 0x0000026340BEB150>: Failed to resolve 't.me' ([Errno 11001] getaddrinfo failed)"))
HTTPSConnectionPool(host='t.me', port=443): Max retries exceeded with url: /amtmedyaduyuru/2?embed=1&mode=tme (Caused by NameResolutionError("<urllib3.connection.HTTPSConnection object at 0x000002634015D9D0>: Failed to resolve 't.me' ([Errno 11001] getaddrinfo failed)"))
HTTPSConnectionPool(host='t.me', port=443): Max retries exceeded with url: /amtmedyaduyuru/2?embed=1&mode=tme (Caused by NameResolutionError("<urllib3.connection.HTTPSConnection object at 0x0000026340FBEED0>: Failed to resolve 't.me' ([Errno 11001] getaddrinfo failed)"))
HTTPSConnectionPool(host='t.me', port=443): Max retries exceeded with url: /amtmedyaduyuru/2?embed=1&mode=tme (Caused by NameResolutionError("<urllib3.connection.HTTPSConnection object at 0x0000026340E73A90>: Failed to resolve 't.me' ([Errno 11001] getaddrinfo failed)"))
HTTPSConnectionPool(host='t.me', port=443): Max retries exceeded with url: /amtmedyaduyuru/2?embed=1&mode=tme (Caused by NameResolutionError("<urllib3.connection.HTTPSConnection object at 0x0000026340E88710>: Failed to resolve 't.me' ([Errno 11001] getaddrinfo failed)"))
HTTPSConnectionPool(host='t.me', port=443): Max retries exceeded with url: /amtmedyaduyuru/2?embed=1&mode=tme (Caused by NameResolutionError("<urllib3.connection.HTTPSConnection object at 0x0000026340FBCC90>: Failed to resolve 't.me' ([Errno 11001] getaddrinfo failed)"))
HTTPSConnectionPool(host='t.me', port=443): Max retries exceeded with url: /amtmedyaduyuru/2?embed=1&mode=tme (Caused by NameResolutionError("<urllib3.connection.HTTPSConnection object at 0x0000026340D4DD10>: Failed to resolve 't.me' ([Errno 11001] getaddrinfo failed)"))
HTTPSConnectionPool(host='t.me', port=443): Max retries exceeded with url: /amtmedyaduyuru/2?embed=1&mode=tme (Caused by NameResolutionError("<urllib3.connection.HTTPSConnection object at 0x00000263392944D0>: Failed to resolve 't.me' ([Errno 11001] getaddrinfo failed)"))
HTTPSConnectionPool(host='t.me', port=443): Max retries exceeded with url: /amtmedyaduyuru/2?embed=1&mode=tme (Caused by NameResolutionError("<urllib3.connection.HTTPSConnection object at 0x000002633813E8D0>: Failed to resolve 't.me' ([Errno 11001] getaddrinfo failed)"))
HTTPSConnectionPool(host='t.me', port=443): Max retries exceeded with url: /amtmedyaduyuru/2?embed=1&mode=tme (Caused by NameResolutionError("<urllib3.connection.HTTPSConnection object at 0x00000263404CAF10>: Failed to resolve 't.me' ([Errno 11001] getaddrinfo failed)"))
HTTPSConnectionPool(host='t.me', port=443): Max retries exceeded with url: /amtmedyaduyuru/2?embed=1&mode=tme (Caused by NameResolutionError("<urllib3.connection.HTTPSConnection object at 0x000002633FF36190>: Failed to resolve 't.me' ([Errno 11001] getaddrinfo failed)"))
HTTPSConnectionPool(host='t.me', port=443): Max retries exceeded with url: /amtmedyaduyuru/2?embed=1&mode=tme (Caused by NameResolutionError("<urllib3.connection.HTTPSConnection object at 0x000002633FA0D7D0>: Failed to resolve 't.me' ([Errno 11001] getaddrinfo failed)"))
HTTPSConnectionPool(host='t.me', port=443): Max retries exceeded with url: /amtmedyaduyuru/2?embed=1&mode=tme (Caused by NameResolutionError("<urllib3.connection.HTTPSConnection object at 0x0000026340BEA690>: Failed to resolve 't.me' ([Errno 11001] getaddrinfo failed)"))
HTTPSConnectionPool(host='t.me', port=443): Max retries exceeded with url: /amtmedyaduyuru/2?embed=1&mode=tme (Caused by NameResolutionError("<urllib3.connection.HTTPSConnection object at 0x000002633E130B10>: Failed to resolve 't.me' ([Errno 11001] getaddrinfo failed)"))
HTTPSConnectionPool(host='t.me', port=443): Max retries exceeded with url: /amtmedyaduyuru/2?embed=1&mode=tme (Caused by NameResolutionError("<urllib3.connection.HTTPSConnection object at 0x0000026340E89B10>: Failed to resolve 't.me' ([Errno 11001] getaddrinfo failed)"))
HTTPSConnectionPool(host='t.me', port=443): Max retries exceeded with url: /amtmedyaduyuru/2?embed=1&mode=tme (Caused by NameResolutionError("<urllib3.connection.HTTPSConnection object at 0x0000026340635850>: Failed to resolve 't.me' ([Errno 11001] getaddrinfo failed)"))
HTTPSConnectionPool(host='t.me', port=443): Max retries exceeded with url: /amtmedyaduyuru/2?embed=1&mode=tme (Caused by NameResolutionError("<urllib3.connection.HTTPSConnection object at 0x00000263407FA1D0>: Failed to resolve 't.me' ([Errno 11001] getaddrinfo failed)"))
HTTPSConnectionPool(host='t.me', port=443): Max retries exceeded with url: /amtmedyaduyuru/2?embed=1&mode=tme (Caused by NameResolutionError("<urllib3.connection.HTTPSConnection object at 0x0000026340D6EA50>: Failed to resolve 't.me' ([Errno 11001] getaddrinfo failed)"))
HTTPSConnectionPool(host='t.me', port=443): Max retries exceeded with url: /amtmedyaduyuru/2?embed=1&mode=tme (Caused by NameResolutionError("<urllib3.connection.HTTPSConnection object at 0x000002633665D050>: Failed to resolve 't.me' ([Errno 11001] getaddrinfo failed)"))
HTTPSConnectionPool(host='t.me', port=443): Max retries exceeded with url: /amtmedyaduyuru/2?embed=1&mode=tme (Caused by NameResolutionError("<urllib3.connection.HTTPSConnection object at 0x00000263401A6D90>: Failed to resolve 't.me' ([Errno 11001] getaddrinfo failed)"))
HTTPSConnectionPool(host='t.me', port=443): Max retries exceeded with url: /amtmedyaduyuru/2?embed=1&mode=tme (Caused by NameResolutionError("<urllib3.connection.HTTPSConnection object at 0x000002633B801B10>: Failed to resolve 't.me' ([Errno 11001] getaddrinfo failed)"))
HTTPSConnectionPool(host='t.me', port=443): Max retries exceeded with url: /amtmedyaduyuru/2?embed=1&mode=tme (Caused by NameResolutionError("<urllib3.connection.HTTPSConnection object at 0x000002634007B6D0>: Failed to resolve 't.me' ([Errno 11001] getaddrinfo failed)"))
HTTPSConnectionPool(host='t.me', port=443): Max retries exceeded with url: /amtmedyaduyuru/2?embed=1&mode=tme (Caused by NameResolutionError("<urllib3.connection.HTTPSConnection object at 0x0000026340FBEDD0>: Failed to resolve 't.me' ([Errno 11001] getaddrinfo failed)"))
HTTPSConnectionPool(host='t.me', port=443): Max retries exceeded with url: /amtmedyaduyuru/2?embed=1&mode=tme (Caused by NameResolutionError("<urllib3.connection.HTTPSConnection object at 0x0000026340D2ECD0>: Failed to resolve 't.me' ([Errno 11001] getaddrinfo failed)"))
HTTPSConnectionPool(host='t.me', port=443): Max retries exceeded with url: /amtmedyaduyuru/2?embed=1&mode=tme (Caused by NameResolutionError("<urllib3.connection.HTTPSConnection object at 0x000002634094FD10>: Failed to resolve 't.me' ([Errno 11001] getaddrinfo failed)"))
HTTPSConnectionPool(host='t.me', port=443): Max retries exceeded with url: /amtmedyaduyuru/2?embed=1&mode=tme (Caused by NameResolutionError("<urllib3.connection.HTTPSConnection object at 0x0000026340D2DFD0>: Failed to resolve 't.me' ([Errno 11001] getaddrinfo failed)"))
HTTPSConnectionPool(host='t.me', port=443): Max retries exceeded with url: /amtmedyaduyuru/2?embed=1&mode=tme (Caused by NameResolutionError("<urllib3.connection.HTTPSConnection object at 0x00000263401798D0>: Failed to resolve 't.me' ([Errno 11001] getaddrinfo failed)"))
HTTPSConnectionPool(host='t.me', port=443): Max retries exceeded with url: /amtmedyaduyuru/2?embed=1&mode=tme (Caused by NameResolutionError("<urllib3.connection.HTTPSConnection object at 0x0000026340FBF910>: Failed to resolve 't.me' ([Errno 11001] getaddrinfo failed)"))
HTTPSConnectionPool(host='t.me', port=443): Max retries exceeded with url: /amtmedyaduyuru/2?embed=1&mode=tme (Caused by NameResolutionError("<urllib3.connection.HTTPSConnection object at 0x0000026340E73990>: Failed to resolve 't.me' ([Errno 11001] getaddrinfo failed)"))
HTTPSConnectionPool(host='t.me', port=443): Max retries exceeded with url: /amtmedyaduyuru/2?embed=1&mode=tme (Caused by NameResolutionError("<urllib3.connection.HTTPSConnection object at 0x00000263404CAF10>: Failed to resolve 't.me' ([Errno 11001] getaddrinfo failed)"))
HTTPSConnectionPool(host='t.me', port=443): Max retries exceeded with url: /amtmedyaduyuru/2?embed=1&mode=tme (Caused by NameResolutionError("<urllib3.connection.HTTPSConnection object at 0x0000026340E5F790>: Failed to resolve 't.me' ([Errno 11001] getaddrinfo failed)"))
HTTPSConnectionPool(host='t.me', port=443): Max retries exceeded with url: /amtmedyaduyuru/2?embed=1&mode=tme (Caused by NameResolutionError("<urllib3.connection.HTTPSConnection object at 0x00000263409B5950>: Failed to resolve 't.me' ([Errno 11001] getaddrinfo failed)"))
HTTPSConnectionPool(host='t.me', port=443): Max retries exceeded with url: /amtmedyaduyuru/2?embed=1&mode=tme (Caused by NameResolutionError("<urllib3.connection.HTTPSConnection object at 0x0000026340FBDDD0>: Failed to resolve 't.me' ([Errno 11001] getaddrinfo failed)"))
HTTPSConnectionPool(host='t.me', port=443): Max retries exceeded with url: /amtmedyaduyuru/2?embed=1&mode=tme (Caused by NameResolutionError("<urllib3.connection.HTTPSConnection object at 0x000002633E1B0BD0>: Failed to resolve 't.me' ([Errno 11001] getaddrinfo failed)"))
HTTPSConnectionPool(host='t.me', port=443): Max retries exceeded with url: /amtmedyaduyuru/2?embed=1&mode=tme (Caused by NameResolutionError("<urllib3.connection.HTTPSConnection object at 0x00000263402AE750>: Failed to resolve 't.me' ([Errno 11001] getaddrinfo failed)"))
HTTPSConnectionPool(host='t.me', port=443): Max retries exceeded with url: /amtmedyaduyuru/2?embed=1&mode=tme (Caused by NameResolutionError("<urllib3.connection.HTTPSConnection object at 0x000002633FC40DD0>: Failed to resolve 't.me' ([Errno 11001] getaddrinfo failed)"))
HTTPSConnectionPool(host='t.me', port=443): Max retries exceeded with url: /amtmedyaduyuru/2?embed=1&mode=tme (Caused by NameResolutionError("<urllib3.connection.HTTPSConnection object at 0x0000026340FBFC50>: Failed to resolve 't.me' ([Errno 11001] getaddrinfo failed)"))
HTTPSConnectionPool(host='t.me', port=443): Max retries exceeded with url: /amtmedyaduyuru/2?embed=1&mode=tme (Caused by NameResolutionError("<urllib3.connection.HTTPSConnection object at 0x00000263404CAF10>: Failed to resolve 't.me' ([Errno 11001] getaddrinfo failed)"))
HTTPSConnectionPool(host='t.me', port=443): Max retries exceeded with url: /amtmedyaduyuru/2?embed=1&mode=tme (Caused by NameResolutionError("<urllib3.connection.HTTPSConnection object at 0x0000026340E5CF90>: Failed to resolve 't.me' ([Errno 11001] getaddrinfo failed)"))
HTTPSConnectionPool(host='t.me', port=443): Max retries exceeded with url: /amtmedyaduyuru/2?embed=1&mode=tme (Caused by NameResolutionError("<urllib3.connection.HTTPSConnection object at 0x000002633C3DD590>: Failed to resolve 't.me' ([Errno 11001] getaddrinfo failed)"))
HTTPSConnectionPool(host='t.me', port=443): Max retries exceeded with url: /amtmedyaduyuru/2?embed=1&mode=tme (Caused by NameResolutionError("<urllib3.connection.HTTPSConnection object at 0x0000026340D24B90>: Failed to resolve 't.me' ([Errno 11001] getaddrinfo failed)"))
HTTPSConnectionPool(host='t.me', port=443): Max retries exceeded with url: /amtmedyaduyuru/2?embed=1&mode=tme (Caused by NameResolutionError("<urllib3.connection.HTTPSConnection object at 0x0000026340E73910>: Failed to resolve 't.me' ([Errno 11001] getaddrinfo failed)"))
HTTPSConnectionPool(host='t.me', port=443): Max retries exceeded with url: /amtmedyaduyuru/2?embed=1&mode=tme (Caused by NameResolutionError("<urllib3.connection.HTTPSConnection object at 0x0000026340E880D0>: Failed to resolve 't.me' ([Errno 11001] getaddrinfo failed)"))
HTTPSConnectionPool(host='t.me', port=443): Max retries exceeded with url: /amtmedyaduyuru/2?embed=1&mode=tme (Caused by NameResolutionError("<urllib3.connection.HTTPSConnection object at 0x00000263408FD790>: Failed to resolve 't.me' ([Errno 11001] getaddrinfo failed)"))
HTTPSConnectionPool(host='t.me', port=443): Max retries exceeded with url: /amtmedyaduyuru/2?embed=1&mode=tme (Caused by NameResolutionError("<urllib3.connection.HTTPSConnection object at 0x0000026340BBE010>: Failed to resolve 't.me' ([Errno 11001] getaddrinfo failed)"))
HTTPSConnectionPool(host='t.me', port=443): Max retries exceeded with url: /amtmedyaduyuru/2?embed=1&mode=tme (Caused by NameResolutionError("<urllib3.connection.HTTPSConnection object at 0x0000026340BBDF10>: Failed to resolve 't.me' ([Errno 11001] getaddrinfo failed)"))
HTTPSConnectionPool(host='t.me', port=443): Max retries exceeded with url: /amtmedyaduyuru/2?embed=1&mode=tme (Caused by NameResolutionError("<urllib3.connection.HTTPSConnection object at 0x0000026340E880D0>: Failed to resolve 't.me' ([Errno 11001] getaddrinfo failed)"))
HTTPSConnectionPool(host='t.me', port=443): Max retries exceeded with url: /amtmedyaduyuru/2?embed=1&mode=tme (Caused by NameResolutionError("<urllib3.connection.HTTPSConnection object at 0x0000026340C0E8D0>: Failed to resolve 't.me' ([Errno 11001] getaddrinfo failed)"))
HTTPSConnectionPool(host='t.me', port=443): Max retries exceeded with url: /amtmedyaduyuru/2?embed=1&mode=tme (Caused by NameResolutionError("<urllib3.connection.HTTPSConnection object at 0x0000026340A7C850>: Failed to resolve 't.me' ([Errno 11001] getaddrinfo failed)"))
HTTPSConnectionPool(host='t.me', port=443): Max retries exceeded with url: /amtmedyaduyuru/2?embed=1&mode=tme (Caused by NameResolutionError("<urllib3.connection.HTTPSConnection object at 0x000002633AC5A810>: Failed to resolve 't.me' ([Errno 11001] getaddrinfo failed)"))
HTTPSConnectionPool(host='t.me', port=443): Max retries exceeded with url: /amtmedyaduyuru/2?embed=1&mode=tme (Caused by NameResolutionError("<urllib3.connection.HTTPSConnection object at 0x0000026340A5AA90>: Failed to resolve 't.me' ([Errno 11001] getaddrinfo failed)"))
HTTPSConnectionPool(host='t.me', port=443): Max retries exceeded with url: /amtmedyaduyuru/2?embed=1&mode=tme (Caused by NameResolutionError("<urllib3.connection.HTTPSConnection object at 0x0000026340FC0FD0>: Failed to resolve 't.me' ([Errno 11001] getaddrinfo failed)"))
HTTPSConnectionPool(host='t.me', port=443): Max retries exceeded with url: /amtmedyaduyuru/2?embed=1&mode=tme (Caused by NameResolutionError("<urllib3.connection.HTTPSConnection object at 0x000002633F9340D0>: Failed to resolve 't.me' ([Errno 11001] getaddrinfo failed)"))
HTTPSConnectionPool(host='t.me', port=443): Max retries exceeded with url: /amtmedyaduyuru/2?embed=1&mode=tme (Caused by NameResolutionError("<urllib3.connection.HTTPSConnection object at 0x0000026340C0C910>: Failed to resolve 't.me' ([Errno 11001] getaddrinfo failed)"))
HTTPSConnectionPool(host='t.me', port=443): Max retries exceeded with url: /amtmedyaduyuru/2?embed=1&mode=tme (Caused by NameResolutionError("<urllib3.connection.HTTPSConnection object at 0x000002633FBBD850>: Failed to resolve 't.me' ([Errno 11001] getaddrinfo failed)"))
HTTPSConnectionPool(host='t.me', port=443): Max retries exceeded with url: /amtmedyaduyuru/2?embed=1&mode=tme (Caused by NameResolutionError("<urllib3.connection.HTTPSConnection object at 0x0000026340E5C2D0>: Failed to resolve 't.me' ([Errno 11001] getaddrinfo failed)"))
HTTPSConnectionPool(host='t.me', port=443): Max retries exceeded with url: /amtmedyaduyuru/2?embed=1&mode=tme (Caused by NameResolutionError("<urllib3.connection.HTTPSConnection object at 0x0000026340BBFA10>: Failed to resolve 't.me' ([Errno 11001] getaddrinfo failed)"))
HTTPSConnectionPool(host='t.me', port=443): Max retries exceeded with url: /amtmedyaduyuru/2?embed=1&mode=tme (Caused by NameResolutionError("<urllib3.connection.HTTPSConnection object at 0x00000263400C6B90>: Failed to resolve 't.me' ([Errno 11001] getaddrinfo failed)"))
HTTPSConnectionPool(host='t.me', port=443): Max retries exceeded with url: /amtmedyaduyuru/2?embed=1&mode=tme (Caused by NameResolutionError("<urllib3.connection.HTTPSConnection object at 0x00000263403D56D0>: Failed to resolve 't.me' ([Errno 11001] getaddrinfo failed)"))
HTTPSConnectionPool(host='t.me', port=443): Max retries exceeded with url: /amtmedyaduyuru/2?embed=1&mode=tme (Caused by NameResolutionError("<urllib3.connection.HTTPSConnection object at 0x0000026340B9EF90>: Failed to resolve 't.me' ([Errno 11001] getaddrinfo failed)"))
HTTPSConnectionPool(host='t.me', port=443): Max retries exceeded with url: /amtmedyaduyuru/2?embed=1&mode=tme (Caused by NameResolutionError("<urllib3.connection.HTTPSConnection object at 0x0000026340D56E50>: Failed to resolve 't.me' ([Errno 11001] getaddrinfo failed)"))
HTTPSConnectionPool(host='t.me', port=443): Max retries exceeded with url: /amtmedyaduyuru/2?embed=1&mode=tme (Caused by NameResolutionError("<urllib3.connection.HTTPSConnection object at 0x0000026340D6ED10>: Failed to resolve 't.me' ([Errno 11001] getaddrinfo failed)"))
HTTPSConnectionPool(host='t.me', port=443): Max retries exceeded with url: /amtmedyaduyuru/2?embed=1&mode=tme (Caused by NameResolutionError("<urllib3.connection.HTTPSConnection object at 0x00000263407AD650>: Failed to resolve 't.me' ([Errno 11001] getaddrinfo failed)"))
HTTPSConnectionPool(host='t.me', port=443): Max retries exceeded with url: /amtmedyaduyuru/2?embed=1&mode=tme (Caused by NameResolutionError("<urllib3.connection.HTTPSConnection object at 0x000002633DF9D6D0>: Failed to resolve 't.me' ([Errno 11001] getaddrinfo failed)"))
HTTPSConnectionPool(host='t.me', port=443): Max retries exceeded with url: /amtmedyaduyuru/2?embed=1&mode=tme (Caused by NameResolutionError("<urllib3.connection.HTTPSConnection object at 0x0000026340D6EB90>: Failed to resolve 't.me' ([Errno 11001] getaddrinfo failed)"))
HTTPSConnectionPool(host='t.me', port=443): Max retries exceeded with url: /amtmedyaduyuru/2?embed=1&mode=tme (Caused by NameResolutionError("<urllib3.connection.HTTPSConnection object at 0x0000026340D57550>: Failed to resolve 't.me' ([Errno 11001] getaddrinfo failed)"))
HTTPSConnectionPool(host='t.me', port=443): Max retries exceeded with url: /amtmedyaduyuru/2?embed=1&mode=tme (Caused by NameResolutionError("<urllib3.connection.HTTPSConnection object at 0x00000263401D2450>: Failed to resolve 't.me' ([Errno 11001] getaddrinfo failed)"))
HTTPSConnectionPool(host='t.me', port=443): Max retries exceeded with url: /amtmedyaduyuru/2?embed=1&mode=tme (Caused by NameResolutionError("<urllib3.connection.HTTPSConnection object at 0x0000026340D57390>: Failed to resolve 't.me' ([Errno 11001] getaddrinfo failed)"))
HTTPSConnectionPool(host='t.me', port=443): Max retries exceeded with url: /amtmedyaduyuru/2?embed=1&mode=tme (Caused by NameResolutionError("<urllib3.connection.HTTPSConnection object at 0x00000263402CCFD0>: Failed to resolve 't.me' ([Errno 11001] getaddrinfo failed)"))
HTTPSConnectionPool(host='t.me', port=443): Max retries exceeded with url: /amtmedyaduyuru/2?embed=1&mode=tme (Caused by NameResolutionError("<urllib3.connection.HTTPSConnection object at 0x000002633FC809D0>: Failed to resolve 't.me' ([Errno 11001] getaddrinfo failed)"))
HTTPSConnectionPool(host='t.me', port=443): Max retries exceeded with url: /amtmedyaduyuru/2?embed=1&mode=tme (Caused by NameResolutionError("<urllib3.connection.HTTPSConnection object at 0x000002634065B390>: Failed to resolve 't.me' ([Errno 11001] getaddrinfo failed)"))
HTTPSConnectionPool(host='t.me', port=443): Max retries exceeded with url: /amtmedyaduyuru/2?embed=1&mode=tme (Caused by NameResolutionError("<urllib3.connection.HTTPSConnection object at 0x0000026340E72190>: Failed to resolve 't.me' ([Errno 11001] getaddrinfo failed)"))
HTTPSConnectionPool(host='t.me', port=443): Max retries exceeded with url: /amtmedyaduyuru/2?embed=1&mode=tme (Caused by NameResolutionError("<urllib3.connection.HTTPSConnection object at 0x000002634003A950>: Failed to resolve 't.me' ([Errno 11001] getaddrinfo failed)"))
HTTPSConnectionPool(host='t.me', port=443): Max retries exceeded with url: /amtmedyaduyuru/2?embed=1&mode=tme (Caused by NameResolutionError("<urllib3.connection.HTTPSConnection object at 0x0000026340E5F010>: Failed to resolve 't.me' ([Errno 11001] getaddrinfo failed)"))
HTTPSConnectionPool(host='t.me', port=443): Max retries exceeded with url: /amtmedyaduyuru/2?embed=1&mode=tme (Caused by NameResolutionError("<urllib3.connection.HTTPSConnection object at 0x0000026340E5FAD0>: Failed to resolve 't.me' ([Errno 11001] getaddrinfo failed)"))
HTTPSConnectionPool(host='t.me', port=443): Max retries exceeded with url: /amtmedyaduyuru/2?embed=1&mode=tme (Caused by NameResolutionError("<urllib3.connection.HTTPSConnection object at 0x000002633FDC2150>: Failed to resolve 't.me' ([Errno 11001] getaddrinfo failed)"))
HTTPSConnectionPool(host='t.me', port=443): Max retries exceeded with url: /amtmedyaduyuru/2?embed=1&mode=tme (Caused by NameResolutionError("<urllib3.connection.HTTPSConnection object at 0x000002633FEFBE10>: Failed to resolve 't.me' ([Errno 11001] getaddrinfo failed)"))
HTTPSConnectionPool(host='t.me', port=443): Max retries exceeded with url: /amtmedyaduyuru/2?embed=1&mode=tme (Caused by NameResolutionError("<urllib3.connection.HTTPSConnection object at 0x0000026340D6EA50>: Failed to resolve 't.me' ([Errno 11001] getaddrinfo failed)"))
HTTPSConnectionPool(host='t.me', port=443): Max retries exceeded with url: /amtmedyaduyuru/2?embed=1&mode=tme (Caused by NameResolutionError("<urllib3.connection.HTTPSConnection object at 0x000002633FC809D0>: Failed to resolve 't.me' ([Errno 11001] getaddrinfo failed)"))
HTTPSConnectionPool(host='t.me', port=443): Max retries exceeded with url: /amtmedyaduyuru/2?embed=1&mode=tme (Caused by NameResolutionError("<urllib3.connection.HTTPSConnection object at 0x0000026340A4C510>: Failed to resolve 't.me' ([Errno 11001] getaddrinfo failed)"))
HTTPSConnectionPool(host='t.me', port=443): Max retries exceeded with url: /amtmedyaduyuru/2?embed=1&mode=tme (Caused by NameResolutionError("<urllib3.connection.HTTPSConnection object at 0x000002634094E510>: Failed to resolve 't.me' ([Errno 11001] getaddrinfo failed)"))
HTTPSConnectionPool(host='t.me', port=443): Max retries exceeded with url: /amtmedyaduyuru/2?embed=1&mode=tme (Caused by NameResolutionError("<urllib3.connection.HTTPSConnection object at 0x0000026340BDA590>: Failed to resolve 't.me' ([Errno 11001] getaddrinfo failed)"))
HTTPSConnectionPool(host='t.me', port=443): Max retries exceeded with url: /amtmedyaduyuru/2?embed=1&mode=tme (Caused by NameResolutionError("<urllib3.connection.HTTPSConnection object at 0x0000026340E73D90>: Failed to resolve 't.me' ([Errno 11001] getaddrinfo failed)"))
HTTPSConnectionPool(host='t.me', port=443): Max retries exceeded with url: /amtmedyaduyuru/2?embed=1&mode=tme (Caused by NameResolutionError("<urllib3.connection.HTTPSConnection object at 0x000002634023E690>: Failed to resolve 't.me' ([Errno 11001] getaddrinfo failed)"))
HTTPSConnectionPool(host='t.me', port=443): Max retries exceeded with url: /amtmedyaduyuru/2?embed=1&mode=tme (Caused by NameResolutionError("<urllib3.connection.HTTPSConnection object at 0x0000026340E5DF10>: Failed to resolve 't.me' ([Errno 11001] getaddrinfo failed)"))
HTTPSConnectionPool(host='t.me', port=443): Max retries exceeded with url: /amtmedyaduyuru/2?embed=1&mode=tme (Caused by NameResolutionError("<urllib3.connection.HTTPSConnection object at 0x00000263403AE490>: Failed to resolve 't.me' ([Errno 11001] getaddrinfo failed)"))
HTTPSConnectionPool(host='t.me', port=443): Max retries exceeded with url: /amtmedyaduyuru/2?embed=1&mode=tme (Caused by NameResolutionError("<urllib3.connection.HTTPSConnection object at 0x0000026340A8DC10>: Failed to resolve 't.me' ([Errno 11001] getaddrinfo failed)"))
HTTPSConnectionPool(host='t.me', port=443): Max retries exceeded with url: /amtmedyaduyuru/2?embed=1&mode=tme (Caused by NameResolutionError("<urllib3.connection.HTTPSConnection object at 0x0000026340E5DD10>: Failed to resolve 't.me' ([Errno 11001] getaddrinfo failed)"))
HTTPSConnectionPool(host='t.me', port=443): Max retries exceeded with url: /amtmedyaduyuru/2?embed=1&mode=tme (Caused by NameResolutionError("<urllib3.connection.HTTPSConnection object at 0x000002634071F490>: Failed to resolve 't.me' ([Errno 11001] getaddrinfo failed)"))
HTTPSConnectionPool(host='t.me', port=443): Max retries exceeded with url: /amtmedyaduyuru/2?embed=1&mode=tme (Caused by NameResolutionError("<urllib3.connection.HTTPSConnection object at 0x0000026340E71FD0>: Failed to resolve 't.me' ([Errno 11001] getaddrinfo failed)"))
HTTPSConnectionPool(host='t.me', port=443): Max retries exceeded with url: /amtmedyaduyuru/2?embed=1&mode=tme (Caused by NameResolutionError("<urllib3.connection.HTTPSConnection object at 0x00000263402ADF90>: Failed to resolve 't.me' ([Errno 11001] getaddrinfo failed)"))
HTTPSConnectionPool(host='t.me', port=443): Max retries exceeded with url: /amtmedyaduyuru/2?embed=1&mode=tme (Caused by NameResolutionError("<urllib3.connection.HTTPSConnection object at 0x0000026340E88350>: Failed to resolve 't.me' ([Errno 11001] getaddrinfo failed)"))
HTTPSConnectionPool(host='t.me', port=443): Max retries exceeded with url: /amtmedyaduyuru/2?embed=1&mode=tme (Caused by NameResolutionError("<urllib3.connection.HTTPSConnection object at 0x000002633C6602D0>: Failed to resolve 't.me' ([Errno 11001] getaddrinfo failed)"))
HTTPSConnectionPool(host='t.me', port=443): Max retries exceeded with url: /amtmedyaduyuru/2?embed=1&mode=tme (Caused by NameResolutionError("<urllib3.connection.HTTPSConnection object at 0x0000026340689C10>: Failed to resolve 't.me' ([Errno 11001] getaddrinfo failed)"))
HTTPSConnectionPool(host='t.me', port=443): Max retries exceeded with url: /amtmedyaduyuru/2?embed=1&mode=tme (Caused by NameResolutionError("<urllib3.connection.HTTPSConnection object at 0x000002633FC17E90>: Failed to resolve 't.me' ([Errno 11001] getaddrinfo failed)"))
HTTPSConnectionPool(host='t.me', port=443): Max retries exceeded with url: /amtmedyaduyuru/2?embed=1&mode=tme (Caused by NameResolutionError("<urllib3.connection.HTTPSConnection object at 0x0000026340C0E2D0>: Failed to resolve 't.me' ([Errno 11001] getaddrinfo failed)"))
HTTPSConnectionPool(host='t.me', port=443): Max retries exceeded with url: /amtmedyaduyuru/2?embed=1&mode=tme (Caused by NameResolutionError("<urllib3.connection.HTTPSConnection object at 0x0000026340E73A50>: Failed to resolve 't.me' ([Errno 11001] getaddrinfo failed)"))
HTTPSConnectionPool(host='t.me', port=443): Max retries exceeded with url: /amtmedyaduyuru/2?embed=1&mode=tme (Caused by NameResolutionError("<urllib3.connection.HTTPSConnection object at 0x0000026340FB38D0>: Failed to resolve 't.me' ([Errno 11001] getaddrinfo failed)"))
HTTPSConnectionPool(host='t.me', port=443): Max retries exceeded with url: /amtmedyaduyuru/2?embed=1&mode=tme (Caused by NameResolutionError("<urllib3.connection.HTTPSConnection object at 0x0000026340E5E0D0>: Failed to resolve 't.me' ([Errno 11001] getaddrinfo failed)"))
HTTPSConnectionPool(host='t.me', port=443): Max retries exceeded with url: /amtmedyaduyuru/2?embed=1&mode=tme (Caused by NameResolutionError("<urllib3.connection.HTTPSConnection object at 0x000002633FE26E50>: Failed to resolve 't.me' ([Errno 11001] getaddrinfo failed)"))
HTTPSConnectionPool(host='t.me', port=443): Max retries exceeded with url: /amtmedyaduyuru/2?embed=1&mode=tme (Caused by NameResolutionError("<urllib3.connection.HTTPSConnection object at 0x0000026340689C90>: Failed to resolve 't.me' ([Errno 11001] getaddrinfo failed)"))
HTTPSConnectionPool(host='t.me', port=443): Max retries exceeded with url: /amtmedyaduyuru/2?embed=1&mode=tme (Caused by NameResolutionError("<urllib3.connection.HTTPSConnection object at 0x0000026340E89250>: Failed to resolve 't.me' ([Errno 11001] getaddrinfo failed)"))
HTTPSConnectionPool(host='t.me', port=443): Max retries exceeded with url: /amtmedyaduyuru/2?embed=1&mode=tme (Caused by NameResolutionError("<urllib3.connection.HTTPSConnection object at 0x0000026340777F10>: Failed to resolve 't.me' ([Errno 11001] getaddrinfo failed)"))
HTTPSConnectionPool(host='t.me', port=443): Max retries exceeded with url: /amtmedyaduyuru/2?embed=1&mode=tme (Caused by NameResolutionError("<urllib3.connection.HTTPSConnection object at 0x000002634082D190>: Failed to resolve 't.me' ([Errno 11001] getaddrinfo failed)"))
HTTPSConnectionPool(host='t.me', port=443): Max retries exceeded with url: /amtmedyaduyuru/2?embed=1&mode=tme (Caused by NameResolutionError("<urllib3.connection.HTTPSConnection object at 0x0000026340E89450>: Failed to resolve 't.me' ([Errno 11001] getaddrinfo failed)"))
HTTPSConnectionPool(host='t.me', port=443): Max retries exceeded with url: /amtmedyaduyuru/2?embed=1&mode=tme (Caused by NameResolutionError("<urllib3.connection.HTTPSConnection object at 0x0000026340E5C250>: Failed to resolve 't.me' ([Errno 11001] getaddrinfo failed)"))
HTTPSConnectionPool(host='t.me', port=443): Max retries exceeded with url: /amtmedyaduyuru/2?embed=1&mode=tme (Caused by NameResolutionError("<urllib3.connection.HTTPSConnection object at 0x0000026340BE8550>: Failed to resolve 't.me' ([Errno 11001] getaddrinfo failed)"))
HTTPSConnectionPool(host='t.me', port=443): Max retries exceeded with url: /amtmedyaduyuru/2?embed=1&mode=tme (Caused by NameResolutionError("<urllib3.connection.HTTPSConnection object at 0x0000026340FC1CD0>: Failed to resolve 't.me' ([Errno 11001] getaddrinfo failed)"))
HTTPSConnectionPool(host='t.me', port=443): Max retries exceeded with url: /amtmedyaduyuru/2?embed=1&mode=tme (Caused by NameResolutionError("<urllib3.connection.HTTPSConnection object at 0x00000263400BC410>: Failed to resolve 't.me' ([Errno 11001] getaddrinfo failed)"))
HTTPSConnectionPool(host='t.me', port=443): Max retries exceeded with url: /amtmedyaduyuru/2?embed=1&mode=tme (Caused by NameResolutionError("<urllib3.connection.HTTPSConnection object at 0x00000263405FF750>: Failed to resolve 't.me' ([Errno 11001] getaddrinfo failed)"))
HTTPSConnectionPool(host='t.me', port=443): Max retries exceeded with url: /amtmedyaduyuru/2?embed=1&mode=tme (Caused by NameResolutionError("<urllib3.connection.HTTPSConnection object at 0x000002634090B490>: Failed to resolve 't.me' ([Errno 11001] getaddrinfo failed)"))
HTTPSConnectionPool(host='t.me', port=443): Max retries exceeded with url: /amtmedyaduyuru/2?embed=1&mode=tme (Caused by NameResolutionError("<urllib3.connection.HTTPSConnection object at 0x0000026340E5DFD0>: Failed to resolve 't.me' ([Errno 11001] getaddrinfo failed)"))
HTTPSConnectionPool(host='t.me', port=443): Max retries exceeded with url: /amtmedyaduyuru/2?embed=1&mode=tme (Caused by NameResolutionError("<urllib3.connection.HTTPSConnection object at 0x0000026340D54690>: Failed to resolve 't.me' ([Errno 11001] getaddrinfo failed)"))
HTTPSConnectionPool(host='t.me', port=443): Max retries exceeded with url: /amtmedyaduyuru/2?embed=1&mode=tme (Caused by NameResolutionError("<urllib3.connection.HTTPSConnection object at 0x000002633C3F4B90>: Failed to resolve 't.me' ([Errno 11001] getaddrinfo failed)"))
HTTPSConnectionPool(host='t.me', port=443): Max retries exceeded with url: /amtmedyaduyuru/2?embed=1&mode=tme (Caused by NameResolutionError("<urllib3.connection.HTTPSConnection object at 0x0000026340E5C690>: Failed to resolve 't.me' ([Errno 11001] getaddrinfo failed)"))
HTTPSConnectionPool(host='t.me', port=443): Max retries exceeded with url: /amtmedyaduyuru/2?embed=1&mode=tme (Caused by NameResolutionError("<urllib3.connection.HTTPSConnection object at 0x0000026340D6C990>: Failed to resolve 't.me' ([Errno 11001] getaddrinfo failed)"))
HTTPSConnectionPool(host='t.me', port=443): Max retries exceeded with url: /amtmedyaduyuru/2?embed=1&mode=tme (Caused by NameResolutionError("<urllib3.connection.HTTPSConnection object at 0x000002633B6CD390>: Failed to resolve 't.me' ([Errno 11001] getaddrinfo failed)"))
HTTPSConnectionPool(host='t.me', port=443): Max retries exceeded with url: /amtmedyaduyuru/2?embed=1&mode=tme (Caused by NameResolutionError("<urllib3.connection.HTTPSConnection object at 0x0000026340A5AA90>: Failed to resolve 't.me' ([Errno 11001] getaddrinfo failed)"))
HTTPSConnectionPool(host='t.me', port=443): Max retries exceeded with url: /amtmedyaduyuru/2?embed=1&mode=tme (Caused by NameResolutionError("<urllib3.connection.HTTPSConnection object at 0x0000026340FC0410>: Failed to resolve 't.me' ([Errno 11001] getaddrinfo failed)"))
HTTPSConnectionPool(host='t.me', port=443): Max retries exceeded with url: /amtmedyaduyuru/2?embed=1&mode=tme (Caused by NameResolutionError("<urllib3.connection.HTTPSConnection object at 0x000002634072DF10>: Failed to resolve 't.me' ([Errno 11001] getaddrinfo failed)"))
HTTPSConnectionPool(host='t.me', port=443): Max retries exceeded with url: /amtmedyaduyuru/2?embed=1&mode=tme (Caused by NameResolutionError("<urllib3.connection.HTTPSConnection object at 0x0000026340541110>: Failed to resolve 't.me' ([Errno 11001] getaddrinfo failed)"))
HTTPSConnectionPool(host='t.me', port=443): Max retries exceeded with url: /amtmedyaduyuru/2?embed=1&mode=tme (Caused by NameResolutionError("<urllib3.connection.HTTPSConnection object at 0x00000263402A4C90>: Failed to resolve 't.me' ([Errno 11001] getaddrinfo failed)"))
HTTPSConnectionPool(host='t.me', port=443): Max retries exceeded with url: /amtmedyaduyuru/2?embed=1&mode=tme (Caused by NameResolutionError("<urllib3.connection.HTTPSConnection object at 0x000002633FB08F10>: Failed to resolve 't.me' ([Errno 11001] getaddrinfo failed)"))
HTTPSConnectionPool(host='t.me', port=443): Max retries exceeded with url: /amtmedyaduyuru/2?embed=1&mode=tme (Caused by NameResolutionError("<urllib3.connection.HTTPSConnection object at 0x00000263390CBB90>: Failed to resolve 't.me' ([Errno 11001] getaddrinfo failed)"))
HTTPSConnectionPool(host='t.me', port=443): Max retries exceeded with url: /amtmedyaduyuru/2?embed=1&mode=tme (Caused by NameResolutionError("<urllib3.connection.HTTPSConnection object at 0x000002633668F010>: Failed to resolve 't.me' ([Errno 11001] getaddrinfo failed)"))
HTTPSConnectionPool(host='t.me', port=443): Max retries exceeded with url: /amtmedyaduyuru/2?embed=1&mode=tme (Caused by NameResolutionError("<urllib3.connection.HTTPSConnection object at 0x000002633F8E1CD0>: Failed to resolve 't.me' ([Errno 11001] getaddrinfo failed)"))
HTTPSConnectionPool(host='t.me', port=443): Max retries exceeded with url: /amtmedyaduyuru/2?embed=1&mode=tme (Caused by NameResolutionError("<urllib3.connection.HTTPSConnection object at 0x000002633FE833D0>: Failed to resolve 't.me' ([Errno 11001] getaddrinfo failed)"))
HTTPSConnectionPool(host='t.me', port=443): Max retries exceeded with url: /amtmedyaduyuru/2?embed=1&mode=tme (Caused by NameResolutionError("<urllib3.connection.HTTPSConnection object at 0x0000026340D2D450>: Failed to resolve 't.me' ([Errno 11001] getaddrinfo failed)"))
HTTPSConnectionPool(host='t.me', port=443): Max retries exceeded with url: /amtmedyaduyuru/2?embed=1&mode=tme (Caused by NameResolutionError("<urllib3.connection.HTTPSConnection object at 0x0000026340E89610>: Failed to resolve 't.me' ([Errno 11001] getaddrinfo failed)"))
HTTPSConnectionPool(host='t.me', port=443): Max retries exceeded with url: /amtmedyaduyuru/2?embed=1&mode=tme (Caused by NameResolutionError("<urllib3.connection.HTTPSConnection object at 0x00000263408D8550>: Failed to resolve 't.me' ([Errno 11001] getaddrinfo failed)"))
HTTPSConnectionPool(host='t.me', port=443): Max retries exceeded with url: /amtmedyaduyuru/2?embed=1&mode=tme (Caused by NameResolutionError("<urllib3.connection.HTTPSConnection object at 0x0000026340E5F110>: Failed to resolve 't.me' ([Errno 11001] getaddrinfo failed)"))
HTTPSConnectionPool(host='t.me', port=443): Max retries exceeded with url: /amtmedyaduyuru/2?embed=1&mode=tme (Caused by NameResolutionError("<urllib3.connection.HTTPSConnection object at 0x00000263403D7DD0>: Failed to resolve 't.me' ([Errno 11001] getaddrinfo failed)"))
HTTPSConnectionPool(host='t.me', port=443): Max retries exceeded with url: /amtmedyaduyuru/2?embed=1&mode=tme (Caused by NameResolutionError("<urllib3.connection.HTTPSConnection object at 0x0000026340421AD0>: Failed to resolve 't.me' ([Errno 11001] getaddrinfo failed)"))
HTTPSConnectionPool(host='t.me', port=443): Max retries exceeded with url: /amtmedyaduyuru/2?embed=1&mode=tme (Caused by NameResolutionError("<urllib3.connection.HTTPSConnection object at 0x000002634082C9D0>: Failed to resolve 't.me' ([Errno 11001] getaddrinfo failed)"))
HTTPSConnectionPool(host='t.me', port=443): Max retries exceeded with url: /amtmedyaduyuru/2?embed=1&mode=tme (Caused by NameResolutionError("<urllib3.connection.HTTPSConnection object at 0x0000026340E5CDD0>: Failed to resolve 't.me' ([Errno 11001] getaddrinfo failed)"))
HTTPSConnectionPool(host='t.me', port=443): Max retries exceeded with url: /amtmedyaduyuru/2?embed=1&mode=tme (Caused by NameResolutionError("<urllib3.connection.HTTPSConnection object at 0x000002633FA3FDD0>: Failed to resolve 't.me' ([Errno 11001] getaddrinfo failed)"))
HTTPSConnectionPool(host='t.me', port=443): Max retries exceeded with url: /amtmedyaduyuru/2?embed=1&mode=tme (Caused by NameResolutionError("<urllib3.connection.HTTPSConnection object at 0x0000026340E892D0>: Failed to resolve 't.me' ([Errno 11001] getaddrinfo failed)"))
HTTPSConnectionPool(host='t.me', port=443): Max retries exceeded with url: /amtmedyaduyuru/2?embed=1&mode=tme (Caused by NameResolutionError("<urllib3.connection.HTTPSConnection object at 0x0000026340BD8910>: Failed to resolve 't.me' ([Errno 11001] getaddrinfo failed)"))
HTTPSConnectionPool(host='t.me', port=443): Max retries exceeded with url: /amtmedyaduyuru/2?embed=1&mode=tme (Caused by NameResolutionError("<urllib3.connection.HTTPSConnection object at 0x0000026340FC0610>: Failed to resolve 't.me' ([Errno 11001] getaddrinfo failed)"))
HTTPSConnectionPool(host='t.me', port=443): Max retries exceeded with url: /amtmedyaduyuru/2?embed=1&mode=tme (Caused by NameResolutionError("<urllib3.connection.HTTPSConnection object at 0x0000026340AAA6D0>: Failed to resolve 't.me' ([Errno 11001] getaddrinfo failed)"))
HTTPSConnectionPool(host='t.me', port=443): Max retries exceeded with url: /amtmedyaduyuru/2?embed=1&mode=tme (Caused by NameResolutionError("<urllib3.connection.HTTPSConnection object at 0x0000026340585D50>: Failed to resolve 't.me' ([Errno 11001] getaddrinfo failed)"))
HTTPSConnectionPool(host='t.me', port=443): Max retries exceeded with url: /amtmedyaduyuru/2?embed=1&mode=tme (Caused by NameResolutionError("<urllib3.connection.HTTPSConnection object at 0x0000026340D2DD50>: Failed to resolve 't.me' ([Errno 11001] getaddrinfo failed)"))
HTTPSConnectionPool(host='t.me', port=443): Max retries exceeded with url: /amtmedyaduyuru/2?embed=1&mode=tme (Caused by NameResolutionError("<urllib3.connection.HTTPSConnection object at 0x0000026340FC1DD0>: Failed to resolve 't.me' ([Errno 11001] getaddrinfo failed)"))
HTTPSConnectionPool(host='t.me', port=443): Max retries exceeded with url: /amtmedyaduyuru/2?embed=1&mode=tme (Caused by NameResolutionError("<urllib3.connection.HTTPSConnection object at 0x000002633C41F8D0>: Failed to resolve 't.me' ([Errno 11001] getaddrinfo failed)"))
HTTPSConnectionPool(host='t.me', port=443): Max retries exceeded with url: /amtmedyaduyuru/2?embed=1&mode=tme (Caused by NameResolutionError("<urllib3.connection.HTTPSConnection object at 0x0000026340D2EA50>: Failed to resolve 't.me' ([Errno 11001] getaddrinfo failed)"))
HTTPSConnectionPool(host='t.me', port=443): Max retries exceeded with url: /amtmedyaduyuru/2?embed=1&mode=tme (Caused by NameResolutionError("<urllib3.connection.HTTPSConnection object at 0x0000026340E5D750>: Failed to resolve 't.me' ([Errno 11001] getaddrinfo failed)"))
HTTPSConnectionPool(host='t.me', port=443): Max retries exceeded with url: /amtmedyaduyuru/2?embed=1&mode=tme (Caused by NameResolutionError("<urllib3.connection.HTTPSConnection object at 0x000002633E1421D0>: Failed to resolve 't.me' ([Errno 11001] getaddrinfo failed)"))
HTTPSConnectionPool(host='t.me', port=443): Max retries exceeded with url: /amtmedyaduyuru/2?embed=1&mode=tme (Caused by NameResolutionError("<urllib3.connection.HTTPSConnection object at 0x0000026340E88290>: Failed to resolve 't.me' ([Errno 11001] getaddrinfo failed)"))
HTTPSConnectionPool(host='t.me', port=443): Max retries exceeded with url: /amtmedyaduyuru/2?embed=1&mode=tme (Caused by NameResolutionError("<urllib3.connection.HTTPSConnection object at 0x0000026340BDB710>: Failed to resolve 't.me' ([Errno 11001] getaddrinfo failed)"))
HTTPSConnectionPool(host='t.me', port=443): Max retries exceeded with url: /amtmedyaduyuru/2?embed=1&mode=tme (Caused by NameResolutionError("<urllib3.connection.HTTPSConnection object at 0x0000026340FDC0D0>: Failed to resolve 't.me' ([Errno 11001] getaddrinfo failed)"))
HTTPSConnectionPool(host='t.me', port=443): Max retries exceeded with url: /amtmedyaduyuru/2?embed=1&mode=tme (Caused by NameResolutionError("<urllib3.connection.HTTPSConnection object at 0x00000263409121D0>: Failed to resolve 't.me' ([Errno 11001] getaddrinfo failed)"))
HTTPSConnectionPool(host='t.me', port=443): Max retries exceeded with url: /amtmedyaduyuru/2?embed=1&mode=tme (Caused by NameResolutionError("<urllib3.connection.HTTPSConnection object at 0x0000026340702FD0>: Failed to resolve 't.me' ([Errno 11001] getaddrinfo failed)"))
HTTPSConnectionPool(host='t.me', port=443): Max retries exceeded with url: /amtmedyaduyuru/2?embed=1&mode=tme (Caused by NameResolutionError("<urllib3.connection.HTTPSConnection object at 0x00000263404AE990>: Failed to resolve 't.me' ([Errno 11001] getaddrinfo failed)"))
HTTPSConnectionPool(host='t.me', port=443): Max retries exceeded with url: /amtmedyaduyuru/2?embed=1&mode=tme (Caused by NameResolutionError("<urllib3.connection.HTTPSConnection object at 0x000002633FB44C50>: Failed to resolve 't.me' ([Errno 11001] getaddrinfo failed)"))
HTTPSConnectionPool(host='t.me', port=443): Max retries exceeded with url: /amtmedyaduyuru/2?embed=1&mode=tme (Caused by NameResolutionError("<urllib3.connection.HTTPSConnection object at 0x000002633AB7D250>: Failed to resolve 't.me' ([Errno 11001] getaddrinfo failed)"))
HTTPSConnectionPool(host='t.me', port=443): Max retries exceeded with url: /amtmedyaduyuru/2?embed=1&mode=tme (Caused by NameResolutionError("<urllib3.connection.HTTPSConnection object at 0x0000026340E5C810>: Failed to resolve 't.me' ([Errno 11001] getaddrinfo failed)"))
HTTPSConnectionPool(host='t.me', port=443): Max retries exceeded with url: /amtmedyaduyuru/2?embed=1&mode=tme (Caused by NameResolutionError("<urllib3.connection.HTTPSConnection object at 0x0000026340E5FBD0>: Failed to resolve 't.me' ([Errno 11001] getaddrinfo failed)"))
HTTPSConnectionPool(host='t.me', port=443): Max retries exceeded with url: /amtmedyaduyuru/2?embed=1&mode=tme (Caused by NameResolutionError("<urllib3.connection.HTTPSConnection object at 0x000002633FBD5090>: Failed to resolve 't.me' ([Errno 11001] getaddrinfo failed)"))
HTTPSConnectionPool(host='t.me', port=443): Max retries exceeded with url: /amtmedyaduyuru/2?embed=1&mode=tme (Caused by NameResolutionError("<urllib3.connection.HTTPSConnection object at 0x000002633B73B650>: Failed to resolve 't.me' ([Errno 11001] getaddrinfo failed)"))
HTTPSConnectionPool(host='t.me', port=443): Max retries exceeded with url: /amtmedyaduyuru/2?embed=1&mode=tme (Caused by NameResolutionError("<urllib3.connection.HTTPSConnection object at 0x00000263407756D0>: Failed to resolve 't.me' ([Errno 11001] getaddrinfo failed)"))
HTTPSConnectionPool(host='t.me', port=443): Max retries exceeded with url: /amtmedyaduyuru/2?embed=1&mode=tme (Caused by NameResolutionError("<urllib3.connection.HTTPSConnection object at 0x0000026340A4FE50>: Failed to resolve 't.me' ([Errno 11001] getaddrinfo failed)"))
HTTPSConnectionPool(host='t.me', port=443): Max retries exceeded with url: /amtmedyaduyuru/2?embed=1&mode=tme (Caused by NameResolutionError("<urllib3.connection.HTTPSConnection object at 0x00000263402F3810>: Failed to resolve 't.me' ([Errno 11001] getaddrinfo failed)"))
HTTPSConnectionPool(host='t.me', port=443): Max retries exceeded with url: /amtmedyaduyuru/2?embed=1&mode=tme (Caused by NameResolutionError("<urllib3.connection.HTTPSConnection object at 0x0000026340A7E390>: Failed to resolve 't.me' ([Errno 11001] getaddrinfo failed)"))
HTTPSConnectionPool(host='t.me', port=443): Max retries exceeded with url: /amtmedyaduyuru/2?embed=1&mode=tme (Caused by NameResolutionError("<urllib3.connection.HTTPSConnection object at 0x0000026340D4D650>: Failed to resolve 't.me' ([Errno 11001] getaddrinfo failed)"))
HTTPSConnectionPool(host='t.me', port=443): Max retries exceeded with url: /amtmedyaduyuru/2?embed=1&mode=tme (Caused by NameResolutionError("<urllib3.connection.HTTPSConnection object at 0x000002633FD8B690>: Failed to resolve 't.me' ([Errno 11001] getaddrinfo failed)"))
HTTPSConnectionPool(host='t.me', port=443): Max retries exceeded with url: /amtmedyaduyuru/2?embed=1&mode=tme (Caused by NameResolutionError("<urllib3.connection.HTTPSConnection object at 0x0000026340E88110>: Failed to resolve 't.me' ([Errno 11001] getaddrinfo failed)"))
HTTPSConnectionPool(host='t.me', port=443): Max retries exceeded with url: /amtmedyaduyuru/2?embed=1&mode=tme (Caused by NameResolutionError("<urllib3.connection.HTTPSConnection object at 0x0000026340FDC390>: Failed to resolve 't.me' ([Errno 11001] getaddrinfo failed)"))
HTTPSConnectionPool(host='t.me', port=443): Max retries exceeded with url: /amtmedyaduyuru/2?embed=1&mode=tme (Caused by NameResolutionError("<urllib3.connection.HTTPSConnection object at 0x0000026340FDE0D0>: Failed to resolve 't.me' ([Errno 11001] getaddrinfo failed)"))
HTTPSConnectionPool(host='t.me', port=443): Max retries exceeded with url: /amtmedyaduyuru/2?embed=1&mode=tme (Caused by NameResolutionError("<urllib3.connection.HTTPSConnection object at 0x000002633C364290>: Failed to resolve 't.me' ([Errno 11001] getaddrinfo failed)"))
HTTPSConnectionPool(host='t.me', port=443): Max retries exceeded with url: /amtmedyaduyuru/2?embed=1&mode=tme (Caused by NameResolutionError("<urllib3.connection.HTTPSConnection object at 0x00000263402CCFD0>: Failed to resolve 't.me' ([Errno 11001] getaddrinfo failed)"))
HTTPSConnectionPool(host='t.me', port=443): Max retries exceeded with url: /amtmedyaduyuru/2?embed=1&mode=tme (Caused by NameResolutionError("<urllib3.connection.HTTPSConnection object at 0x000002633DFFCE10>: Failed to resolve 't.me' ([Errno 11001] getaddrinfo failed)"))
HTTPSConnectionPool(host='t.me', port=443): Max retries exceeded with url: /amtmedyaduyuru/2?embed=1&mode=tme (Caused by NameResolutionError("<urllib3.connection.HTTPSConnection object at 0x00000263407A3FD0>: Failed to resolve 't.me' ([Errno 11001] getaddrinfo failed)"))
HTTPSConnectionPool(host='t.me', port=443): Max retries exceeded with url: /amtmedyaduyuru/2?embed=1&mode=tme (Caused by NameResolutionError("<urllib3.connection.HTTPSConnection object at 0x0000026340FC0850>: Failed to resolve 't.me' ([Errno 11001] getaddrinfo failed)"))
HTTPSConnectionPool(host='t.me', port=443): Max retries exceeded with url: /amtmedyaduyuru/2?embed=1&mode=tme (Caused by NameResolutionError("<urllib3.connection.HTTPSConnection object at 0x0000026340FDC550>: Failed to resolve 't.me' ([Errno 11001] getaddrinfo failed)"))
HTTPSConnectionPool(host='t.me', port=443): Max retries exceeded with url: /amtmedyaduyuru/2?embed=1&mode=tme (Caused by NameResolutionError("<urllib3.connection.HTTPSConnection object at 0x0000026340586F10>: Failed to resolve 't.me' ([Errno 11001] getaddrinfo failed)"))
HTTPSConnectionPool(host='t.me', port=443): Max retries exceeded with url: /amtmedyaduyuru/2?embed=1&mode=tme (Caused by NameResolutionError("<urllib3.connection.HTTPSConnection object at 0x0000026340FC0250>: Failed to resolve 't.me' ([Errno 11001] getaddrinfo failed)"))
HTTPSConnectionPool(host='t.me', port=443): Max retries exceeded with url: /amtmedyaduyuru/2?embed=1&mode=tme (Caused by NameResolutionError("<urllib3.connection.HTTPSConnection object at 0x0000026340C0C710>: Failed to resolve 't.me' ([Errno 11001] getaddrinfo failed)"))
HTTPSConnectionPool(host='t.me', port=443): Max retries exceeded with url: /amtmedyaduyuru/2?embed=1&mode=tme (Caused by NameResolutionError("<urllib3.connection.HTTPSConnection object at 0x0000026340D04C50>: Failed to resolve 't.me' ([Errno 11001] getaddrinfo failed)"))
HTTPSConnectionPool(host='t.me', port=443): Max retries exceeded with url: /amtmedyaduyuru/2?embed=1&mode=tme (Caused by NameResolutionError("<urllib3.connection.HTTPSConnection object at 0x000002633FB0A190>: Failed to resolve 't.me' ([Errno 11001] getaddrinfo failed)"))
HTTPSConnectionPool(host='t.me', port=443): Max retries exceeded with url: /amtmedyaduyuru/2?embed=1&mode=tme (Caused by NameResolutionError("<urllib3.connection.HTTPSConnection object at 0x0000026340E5DD10>: Failed to resolve 't.me' ([Errno 11001] getaddrinfo failed)"))
HTTPSConnectionPool(host='t.me', port=443): Max retries exceeded with url: /amtmedyaduyuru/2?embed=1&mode=tme (Caused by NameResolutionError("<urllib3.connection.HTTPSConnection object at 0x0000026336510890>: Failed to resolve 't.me' ([Errno 11001] getaddrinfo failed)"))
HTTPSConnectionPool(host='t.me', port=443): Max retries exceeded with url: /amtmedyaduyuru/2?embed=1&mode=tme (Caused by NameResolutionError("<urllib3.connection.HTTPSConnection object at 0x00000263402CD9D0>: Failed to resolve 't.me' ([Errno 11001] getaddrinfo failed)"))
HTTPSConnectionPool(host='t.me', port=443): Max retries exceeded with url: /amtmedyaduyuru/2?embed=1&mode=tme (Caused by NameResolutionError("<urllib3.connection.HTTPSConnection object at 0x0000026340659290>: Failed to resolve 't.me' ([Errno 11001] getaddrinfo failed)"))
HTTPSConnectionPool(host='t.me', port=443): Max retries exceeded with url: /amtmedyaduyuru/2?embed=1&mode=tme (Caused by NameResolutionError("<urllib3.connection.HTTPSConnection object at 0x00000263409693D0>: Failed to resolve 't.me' ([Errno 11001] getaddrinfo failed)"))
HTTPSConnectionPool(host='t.me', port=443): Max retries exceeded with url: /amtmedyaduyuru/2?embed=1&mode=tme (Caused by NameResolutionError("<urllib3.connection.HTTPSConnection object at 0x0000026340FC3510>: Failed to resolve 't.me' ([Errno 11001] getaddrinfo failed)"))
HTTPSConnectionPool(host='t.me', port=443): Max retries exceeded with url: /amtmedyaduyuru/2?embed=1&mode=tme (Caused by NameResolutionError("<urllib3.connection.HTTPSConnection object at 0x0000026340B9EC90>: Failed to resolve 't.me' ([Errno 11001] getaddrinfo failed)"))
HTTPSConnectionPool(host='t.me', port=443): Max retries exceeded with url: /amtmedyaduyuru/2?embed=1&mode=tme (Caused by NameResolutionError("<urllib3.connection.HTTPSConnection object at 0x0000026340FE01D0>: Failed to resolve 't.me' ([Errno 11001] getaddrinfo failed)"))
HTTPSConnectionPool(host='t.me', port=443): Max retries exceeded with url: /amtmedyaduyuru/2?embed=1&mode=tme (Caused by NameResolutionError("<urllib3.connection.HTTPSConnection object at 0x0000026340D4C9D0>: Failed to resolve 't.me' ([Errno 11001] getaddrinfo failed)"))
HTTPSConnectionPool(host='t.me', port=443): Max retries exceeded with url: /amtmedyaduyuru/2?embed=1&mode=tme (Caused by NameResolutionError("<urllib3.connection.HTTPSConnection object at 0x00000263402F2090>: Failed to resolve 't.me' ([Errno 11001] getaddrinfo failed)"))
HTTPSConnectionPool(host='t.me', port=443): Max retries exceeded with url: /amtmedyaduyuru/2?embed=1&mode=tme (Caused by NameResolutionError("<urllib3.connection.HTTPSConnection object at 0x00000263402A7D10>: Failed to resolve 't.me' ([Errno 11001] getaddrinfo failed)"))
HTTPSConnectionPool(host='t.me', port=443): Max retries exceeded with url: /amtmedyaduyuru/2?embed=1&mode=tme (Caused by NameResolutionError("<urllib3.connection.HTTPSConnection object at 0x000002633652FF50>: Failed to resolve 't.me' ([Errno 11001] getaddrinfo failed)"))
HTTPSConnectionPool(host='t.me', port=443): Max retries exceeded with url: /amtmedyaduyuru/2?embed=1&mode=tme (Caused by NameResolutionError("<urllib3.connection.HTTPSConnection object at 0x0000026340FDE750>: Failed to resolve 't.me' ([Errno 11001] getaddrinfo failed)"))
HTTPSConnectionPool(host='t.me', port=443): Max retries exceeded with url: /amtmedyaduyuru/2?embed=1&mode=tme (Caused by NameResolutionError("<urllib3.connection.HTTPSConnection object at 0x0000026340FDE2D0>: Failed to resolve 't.me' ([Errno 11001] getaddrinfo failed)"))
HTTPSConnectionPool(host='t.me', port=443): Max retries exceeded with url: /amtmedyaduyuru/2?embed=1&mode=tme (Caused by NameResolutionError("<urllib3.connection.HTTPSConnection object at 0x0000026340E72E50>: Failed to resolve 't.me' ([Errno 11001] getaddrinfo failed)"))
HTTPSConnectionPool(host='t.me', port=443): Max retries exceeded with url: /amtmedyaduyuru/2?embed=1&mode=tme (Caused by NameResolutionError("<urllib3.connection.HTTPSConnection object at 0x0000026340E88110>: Failed to resolve 't.me' ([Errno 11001] getaddrinfo failed)"))
HTTPSConnectionPool(host='t.me', port=443): Max retries exceeded with url: /amtmedyaduyuru/2?embed=1&mode=tme (Caused by NameResolutionError("<urllib3.connection.HTTPSConnection object at 0x000002633B7DEE10>: Failed to resolve 't.me' ([Errno 11001] getaddrinfo failed)"))
HTTPSConnectionPool(host='t.me', port=443): Max retries exceeded with url: /amtmedyaduyuru/2?embed=1&mode=tme (Caused by NameResolutionError("<urllib3.connection.HTTPSConnection object at 0x000002633F93FDD0>: Failed to resolve 't.me' ([Errno 11001] getaddrinfo failed)"))
HTTPSConnectionPool(host='t.me', port=443): Max retries exceeded with url: /amtmedyaduyuru/2?embed=1&mode=tme (Caused by NameResolutionError("<urllib3.connection.HTTPSConnection object at 0x0000026340776890>: Failed to resolve 't.me' ([Errno 11001] getaddrinfo failed)"))
HTTPSConnectionPool(host='t.me', port=443): Max retries exceeded with url: /amtmedyaduyuru/2?embed=1&mode=tme (Caused by NameResolutionError("<urllib3.connection.HTTPSConnection object at 0x0000026340FDF2D0>: Failed to resolve 't.me' ([Errno 11001] getaddrinfo failed)"))
HTTPSConnectionPool(host='t.me', port=443): Max retries exceeded with url: /amtmedyaduyuru/2?embed=1&mode=tme (Caused by NameResolutionError("<urllib3.connection.HTTPSConnection object at 0x000002633666D350>: Failed to resolve 't.me' ([Errno 11001] getaddrinfo failed)"))
HTTPSConnectionPool(host='t.me', port=443): Max retries exceeded with url: /amtmedyaduyuru/2?embed=1&mode=tme (Caused by NameResolutionError("<urllib3.connection.HTTPSConnection object at 0x0000026340D4F310>: Failed to resolve 't.me' ([Errno 11001] getaddrinfo failed)"))
HTTPSConnectionPool(host='t.me', port=443): Max retries exceeded with url: /amtmedyaduyuru/2?embed=1&mode=tme (Caused by NameResolutionError("<urllib3.connection.HTTPSConnection object at 0x0000026340E40AD0>: Failed to resolve 't.me' ([Errno 11001] getaddrinfo failed)"))
HTTPSConnectionPool(host='t.me', port=443): Max retries exceeded with url: /amtmedyaduyuru/2?embed=1&mode=tme (Caused by NameResolutionError("<urllib3.connection.HTTPSConnection object at 0x000002634010E810>: Failed to resolve 't.me' ([Errno 11001] getaddrinfo failed)"))
HTTPSConnectionPool(host='t.me', port=443): Max retries exceeded with url: /amtmedyaduyuru/2?embed=1&mode=tme (Caused by NameResolutionError("<urllib3.connection.HTTPSConnection object at 0x0000026340E88210>: Failed to resolve 't.me' ([Errno 11001] getaddrinfo failed)"))
HTTPSConnectionPool(host='t.me', port=443): Max retries exceeded with url: /amtmedyaduyuru/2?embed=1&mode=tme (Caused by NameResolutionError("<urllib3.connection.HTTPSConnection object at 0x0000026340FDD510>: Failed to resolve 't.me' ([Errno 11001] getaddrinfo failed)"))
HTTPSConnectionPool(host='t.me', port=443): Max retries exceeded with url: /amtmedyaduyuru/2?embed=1&mode=tme (Caused by NameResolutionError("<urllib3.connection.HTTPSConnection object at 0x0000026340BD8910>: Failed to resolve 't.me' ([Errno 11001] getaddrinfo failed)"))
HTTPSConnectionPool(host='t.me', port=443): Max retries exceeded with url: /amtmedyaduyuru/2?embed=1&mode=tme (Caused by NameResolutionError("<urllib3.connection.HTTPSConnection object at 0x0000026340E5FB10>: Failed to resolve 't.me' ([Errno 11001] getaddrinfo failed)"))
HTTPSConnectionPool(host='t.me', port=443): Max retries exceeded with url: /amtmedyaduyuru/2?embed=1&mode=tme (Caused by NameResolutionError("<urllib3.connection.HTTPSConnection object at 0x000002633E033D50>: Failed to resolve 't.me' ([Errno 11001] getaddrinfo failed)"))
HTTPSConnectionPool(host='t.me', port=443): Max retries exceeded with url: /amtmedyaduyuru/2?embed=1&mode=tme (Caused by NameResolutionError("<urllib3.connection.HTTPSConnection object at 0x000002633FB44C50>: Failed to resolve 't.me' ([Errno 11001] getaddrinfo failed)"))
HTTPSConnectionPool(host='t.me', port=443): Max retries exceeded with url: /amtmedyaduyuru/2?embed=1&mode=tme (Caused by NameResolutionError("<urllib3.connection.HTTPSConnection object at 0x0000026340FDFC50>: Failed to resolve 't.me' ([Errno 11001] getaddrinfo failed)"))
HTTPSConnectionPool(host='t.me', port=443): Max retries exceeded with url: /amtmedyaduyuru/2?embed=1&mode=tme (Caused by NameResolutionError("<urllib3.connection.HTTPSConnection object at 0x000002633FFEE1D0>: Failed to resolve 't.me' ([Errno 11001] getaddrinfo failed)"))
HTTPSConnectionPool(host='t.me', port=443): Max retries exceeded with url: /amtmedyaduyuru/2?embed=1&mode=tme (Caused by NameResolutionError("<urllib3.connection.HTTPSConnection object at 0x0000026340D78CD0>: Failed to resolve 't.me' ([Errno 11001] getaddrinfo failed)"))
HTTPSConnectionPool(host='t.me', port=443): Max retries exceeded with url: /amtmedyaduyuru/2?embed=1&mode=tme (Caused by NameResolutionError("<urllib3.connection.HTTPSConnection object at 0x000002633C3720D0>: Failed to resolve 't.me' ([Errno 11001] getaddrinfo failed)"))
HTTPSConnectionPool(host='t.me', port=443): Max retries exceeded with url: /amtmedyaduyuru/2?embed=1&mode=tme (Caused by NameResolutionError("<urllib3.connection.HTTPSConnection object at 0x0000026340211D10>: Failed to resolve 't.me' ([Errno 11001] getaddrinfo failed)"))
HTTPSConnectionPool(host='t.me', port=443): Max retries exceeded with url: /amtmedyaduyuru/2?embed=1&mode=tme (Caused by NameResolutionError("<urllib3.connection.HTTPSConnection object at 0x0000026340776890>: Failed to resolve 't.me' ([Errno 11001] getaddrinfo failed)"))
HTTPSConnectionPool(host='t.me', port=443): Max retries exceeded with url: /amtmedyaduyuru/2?embed=1&mode=tme (Caused by NameResolutionError("<urllib3.connection.HTTPSConnection object at 0x0000026340814710>: Failed to resolve 't.me' ([Errno 11001] getaddrinfo failed)"))
HTTPSConnectionPool(host='t.me', port=443): Max retries exceeded with url: /amtmedyaduyuru/2?embed=1&mode=tme (Caused by NameResolutionError("<urllib3.connection.HTTPSConnection object at 0x0000026340BBDF50>: Failed to resolve 't.me' ([Errno 11001] getaddrinfo failed)"))
HTTPSConnectionPool(host='t.me', port=443): Max retries exceeded with url: /amtmedyaduyuru/2?embed=1&mode=tme (Caused by NameResolutionError("<urllib3.connection.HTTPSConnection object at 0x000002634039B450>: Failed to resolve 't.me' ([Errno 11001] getaddrinfo failed)"))
HTTPSConnectionPool(host='t.me', port=443): Max retries exceeded with url: /amtmedyaduyuru/2?embed=1&mode=tme (Caused by NameResolutionError("<urllib3.connection.HTTPSConnection object at 0x0000026340D2F6D0>: Failed to resolve 't.me' ([Errno 11001] getaddrinfo failed)"))
HTTPSConnectionPool(host='t.me', port=443): Max retries exceeded with url: /amtmedyaduyuru/2?embed=1&mode=tme (Caused by NameResolutionError("<urllib3.connection.HTTPSConnection object at 0x0000026340BBDCD0>: Failed to resolve 't.me' ([Errno 11001] getaddrinfo failed)"))
HTTPSConnectionPool(host='t.me', port=443): Max retries exceeded with url: /amtmedyaduyuru/2?embed=1&mode=tme (Caused by NameResolutionError("<urllib3.connection.HTTPSConnection object at 0x000002634094F6D0>: Failed to resolve 't.me' ([Errno 11001] getaddrinfo failed)"))
HTTPSConnectionPool(host='t.me', port=443): Max retries exceeded with url: /amtmedyaduyuru/2?embed=1&mode=tme (Caused by NameResolutionError("<urllib3.connection.HTTPSConnection object at 0x0000026340157F90>: Failed to resolve 't.me' ([Errno 11001] getaddrinfo failed)"))
HTTPSConnectionPool(host='t.me', port=443): Max retries exceeded with url: /amtmedyaduyuru/2?embed=1&mode=tme (Caused by NameResolutionError("<urllib3.connection.HTTPSConnection object at 0x000002633FA4D110>: Failed to resolve 't.me' ([Errno 11001] getaddrinfo failed)"))
HTTPSConnectionPool(host='t.me', port=443): Max retries exceeded with url: /amtmedyaduyuru/2?embed=1&mode=tme (Caused by NameResolutionError("<urllib3.connection.HTTPSConnection object at 0x0000026340FC17D0>: Failed to resolve 't.me' ([Errno 11001] getaddrinfo failed)"))
HTTPSConnectionPool(host='t.me', port=443): Max retries exceeded with url: /amtmedyaduyuru/2?embed=1&mode=tme (Caused by NameResolutionError("<urllib3.connection.HTTPSConnection object at 0x0000026340FC1DD0>: Failed to resolve 't.me' ([Errno 11001] getaddrinfo failed)"))
HTTPSConnectionPool(host='t.me', port=443): Max retries exceeded with url: /amtmedyaduyuru/2?embed=1&mode=tme (Caused by NameResolutionError("<urllib3.connection.HTTPSConnection object at 0x0000026340453E50>: Failed to resolve 't.me' ([Errno 11001] getaddrinfo failed)"))
HTTPSConnectionPool(host='t.me', port=443): Max retries exceeded with url: /amtmedyaduyuru/2?embed=1&mode=tme (Caused by NameResolutionError("<urllib3.connection.HTTPSConnection object at 0x0000026340BC5C50>: Failed to resolve 't.me' ([Errno 11001] getaddrinfo failed)"))
HTTPSConnectionPool(host='t.me', port=443): Max retries exceeded with url: /amtmedyaduyuru/2?embed=1&mode=tme (Caused by NameResolutionError("<urllib3.connection.HTTPSConnection object at 0x0000026340E8A410>: Failed to resolve 't.me' ([Errno 11001] getaddrinfo failed)"))
HTTPSConnectionPool(host='t.me', port=443): Max retries exceeded with url: /amtmedyaduyuru/2?embed=1&mode=tme (Caused by NameResolutionError("<urllib3.connection.HTTPSConnection object at 0x000002633E2A9390>: Failed to resolve 't.me' ([Errno 11001] getaddrinfo failed)"))
HTTPSConnectionPool(host='t.me', port=443): Max retries exceeded with url: /amtmedyaduyuru/2?embed=1&mode=tme (Caused by NameResolutionError("<urllib3.connection.HTTPSConnection object at 0x0000026340D2D850>: Failed to resolve 't.me' ([Errno 11001] getaddrinfo failed)"))
HTTPSConnectionPool(host='t.me', port=443): Max retries exceeded with url: /amtmedyaduyuru/2?embed=1&mode=tme (Caused by NameResolutionError("<urllib3.connection.HTTPSConnection object at 0x0000026340FC12D0>: Failed to resolve 't.me' ([Errno 11001] getaddrinfo failed)"))
HTTPSConnectionPool(host='t.me', port=443): Max retries exceeded with url: /amtmedyaduyuru/2?embed=1&mode=tme (Caused by NameResolutionError("<urllib3.connection.HTTPSConnection object at 0x0000026340D2D510>: Failed to resolve 't.me' ([Errno 11001] getaddrinfo failed)"))
HTTPSConnectionPool(host='t.me', port=443): Max retries exceeded with url: /amtmedyaduyuru/2?embed=1&mode=tme (Caused by NameResolutionError("<urllib3.connection.HTTPSConnection object at 0x0000026340BBDE90>: Failed to resolve 't.me' ([Errno 11001] getaddrinfo failed)"))
HTTPSConnectionPool(host='t.me', port=443): Max retries exceeded with url: /amtmedyaduyuru/2?embed=1&mode=tme (Caused by NameResolutionError("<urllib3.connection.HTTPSConnection object at 0x00000263402CF3D0>: Failed to resolve 't.me' ([Errno 11001] getaddrinfo failed)"))
HTTPSConnectionPool(host='t.me', port=443): Max retries exceeded with url: /amtmedyaduyuru/2?embed=1&mode=tme (Caused by NameResolutionError("<urllib3.connection.HTTPSConnection object at 0x0000026340817350>: Failed to resolve 't.me' ([Errno 11001] getaddrinfo failed)"))
HTTPSConnectionPool(host='t.me', port=443): Max retries exceeded with url: /amtmedyaduyuru/2?embed=1&mode=tme (Caused by NameResolutionError("<urllib3.connection.HTTPSConnection object at 0x000002633A990E90>: Failed to resolve 't.me' ([Errno 11001] getaddrinfo failed)"))
HTTPSConnectionPool(host='t.me', port=443): Max retries exceeded with url: /amtmedyaduyuru/2?embed=1&mode=tme (Caused by NameResolutionError("<urllib3.connection.HTTPSConnection object at 0x000002633FA4E850>: Failed to resolve 't.me' ([Errno 11001] getaddrinfo failed)"))
HTTPSConnectionPool(host='t.me', port=443): Max retries exceeded with url: /amtmedyaduyuru/2?embed=1&mode=tme (Caused by NameResolutionError("<urllib3.connection.HTTPSConnection object at 0x0000026340E884D0>: Failed to resolve 't.me' ([Errno 11001] getaddrinfo failed)"))
HTTPSConnectionPool(host='t.me', port=443): Max retries exceeded with url: /amtmedyaduyuru/2?embed=1&mode=tme (Caused by NameResolutionError("<urllib3.connection.HTTPSConnection object at 0x0000026340659290>: Failed to resolve 't.me' ([Errno 11001] getaddrinfo failed)"))
HTTPSConnectionPool(host='t.me', port=443): Max retries exceeded with url: /amtmedyaduyuru/2?embed=1&mode=tme (Caused by NameResolutionError("<urllib3.connection.HTTPSConnection object at 0x0000026340BC5850>: Failed to resolve 't.me' ([Errno 11001] getaddrinfo failed)"))
HTTPSConnectionPool(host='t.me', port=443): Max retries exceeded with url: /amtmedyaduyuru/2?embed=1&mode=tme (Caused by NameResolutionError("<urllib3.connection.HTTPSConnection object at 0x0000026340908D10>: Failed to resolve 't.me' ([Errno 11001] getaddrinfo failed)"))
HTTPSConnectionPool(host='t.me', port=443): Max retries exceeded with url: /amtmedyaduyuru/2?embed=1&mode=tme (Caused by NameResolutionError("<urllib3.connection.HTTPSConnection object at 0x0000026340B07B90>: Failed to resolve 't.me' ([Errno 11001] getaddrinfo failed)"))
HTTPSConnectionPool(host='t.me', port=443): Max retries exceeded with url: /amtmedyaduyuru/2?embed=1&mode=tme (Caused by NameResolutionError("<urllib3.connection.HTTPSConnection object at 0x00000263404CA010>: Failed to resolve 't.me' ([Errno 11001] getaddrinfo failed)"))
HTTPSConnectionPool(host='t.me', port=443): Max retries exceeded with url: /amtmedyaduyuru/2?embed=1&mode=tme (Caused by NameResolutionError("<urllib3.connection.HTTPSConnection object at 0x000002633FA85210>: Failed to resolve 't.me' ([Errno 11001] getaddrinfo failed)"))
HTTPSConnectionPool(host='t.me', port=443): Max retries exceeded with url: /amtmedyaduyuru/2?embed=1&mode=tme (Caused by NameResolutionError("<urllib3.connection.HTTPSConnection object at 0x0000026340BC6050>: Failed to resolve 't.me' ([Errno 11001] getaddrinfo failed)"))
HTTPSConnectionPool(host='t.me', port=443): Max retries exceeded with url: /amtmedyaduyuru/2?embed=1&mode=tme (Caused by NameResolutionError("<urllib3.connection.HTTPSConnection object at 0x0000026340156710>: Failed to resolve 't.me' ([Errno 11001] getaddrinfo failed)"))
HTTPSConnectionPool(host='t.me', port=443): Max retries exceeded with url: /amtmedyaduyuru/2?embed=1&mode=tme (Caused by NameResolutionError("<urllib3.connection.HTTPSConnection object at 0x000002633DFFCE10>: Failed to resolve 't.me' ([Errno 11001] getaddrinfo failed)"))
HTTPSConnectionPool(host='t.me', port=443): Max retries exceeded with url: /amtmedyaduyuru/2?embed=1&mode=tme (Caused by NameResolutionError("<urllib3.connection.HTTPSConnection object at 0x0000026340A8DC10>: Failed to resolve 't.me' ([Errno 11001] getaddrinfo failed)"))
HTTPSConnectionPool(host='t.me', port=443): Max retries exceeded with url: /amtmedyaduyuru/2?embed=1&mode=tme (Caused by NameResolutionError("<urllib3.connection.HTTPSConnection object at 0x0000026340815E90>: Failed to resolve 't.me' ([Errno 11001] getaddrinfo failed)"))
HTTPSConnectionPool(host='t.me', port=443): Max retries exceeded with url: /amtmedyaduyuru/2?embed=1&mode=tme (Caused by NameResolutionError("<urllib3.connection.HTTPSConnection object at 0x00000263409139D0>: Failed to resolve 't.me' ([Errno 11001] getaddrinfo failed)"))
HTTPSConnectionPool(host='t.me', port=443): Max retries exceeded with url: /amtmedyaduyuru/2?embed=1&mode=tme (Caused by NameResolutionError("<urllib3.connection.HTTPSConnection object at 0x000002633F7819D0>: Failed to resolve 't.me' ([Errno 11001] getaddrinfo failed)"))
HTTPSConnectionPool(host='t.me', port=443): Max retries exceeded with url: /amtmedyaduyuru/2?embed=1&mode=tme (Caused by NameResolutionError("<urllib3.connection.HTTPSConnection object at 0x0000026340BBE690>: Failed to resolve 't.me' ([Errno 11001] getaddrinfo failed)"))
HTTPSConnectionPool(host='t.me', port=443): Max retries exceeded with url: /amtmedyaduyuru/2?embed=1&mode=tme (Caused by NameResolutionError("<urllib3.connection.HTTPSConnection object at 0x0000026340D2FD90>: Failed to resolve 't.me' ([Errno 11001] getaddrinfo failed)"))
HTTPSConnectionPool(host='t.me', port=443): Max retries exceeded with url: /amtmedyaduyuru/2?embed=1&mode=tme (Caused by NameResolutionError("<urllib3.connection.HTTPSConnection object at 0x000002633FA85210>: Failed to resolve 't.me' ([Errno 11001] getaddrinfo failed)"))
HTTPSConnectionPool(host='t.me', port=443): Max retries exceeded with url: /amtmedyaduyuru/2?embed=1&mode=tme (Caused by NameResolutionError("<urllib3.connection.HTTPSConnection object at 0x00000263407C8B50>: Failed to resolve 't.me' ([Errno 11001] getaddrinfo failed)"))
HTTPSConnectionPool(host='t.me', port=443): Max retries exceeded with url: /amtmedyaduyuru/2?embed=1&mode=tme (Caused by NameResolutionError("<urllib3.connection.HTTPSConnection object at 0x000002633B7CD750>: Failed to resolve 't.me' ([Errno 11001] getaddrinfo failed)"))
HTTPSConnectionPool(host='t.me', port=443): Max retries exceeded with url: /amtmedyaduyuru/2?embed=1&mode=tme (Caused by NameResolutionError("<urllib3.connection.HTTPSConnection object at 0x000002633F7C2590>: Failed to resolve 't.me' ([Errno 11001] getaddrinfo failed)"))
HTTPSConnectionPool(host='t.me', port=443): Max retries exceeded with url: /amtmedyaduyuru/2?embed=1&mode=tme (Caused by NameResolutionError("<urllib3.connection.HTTPSConnection object at 0x0000026340D2EB10>: Failed to resolve 't.me' ([Errno 11001] getaddrinfo failed)"))
HTTPSConnectionPool(host='t.me', port=443): Max retries exceeded with url: /amtmedyaduyuru/2?embed=1&mode=tme (Caused by NameResolutionError("<urllib3.connection.HTTPSConnection object at 0x0000026340E43B10>: Failed to resolve 't.me' ([Errno 11001] getaddrinfo failed)"))
HTTPSConnectionPool(host='t.me', port=443): Max retries exceeded with url: /amtmedyaduyuru/2?embed=1&mode=tme (Caused by NameResolutionError("<urllib3.connection.HTTPSConnection object at 0x0000026340FC2C90>: Failed to resolve 't.me' ([Errno 11001] getaddrinfo failed)"))
HTTPSConnectionPool(host='t.me', port=443): Max retries exceeded with url: /amtmedyaduyuru/2?embed=1&mode=tme (Caused by NameResolutionError("<urllib3.connection.HTTPSConnection object at 0x000002633F996810>: Failed to resolve 't.me' ([Errno 11001] getaddrinfo failed)"))
HTTPSConnectionPool(host='t.me', port=443): Max retries exceeded with url: /amtmedyaduyuru/2?embed=1&mode=tme (Caused by NameResolutionError("<urllib3.connection.HTTPSConnection object at 0x0000026340FC03D0>: Failed to resolve 't.me' ([Errno 11001] getaddrinfo failed)"))
HTTPSConnectionPool(host='t.me', port=443): Max retries exceeded with url: /amtmedyaduyuru/2?embed=1&mode=tme (Caused by NameResolutionError("<urllib3.connection.HTTPSConnection object at 0x00000263402B4710>: Failed to resolve 't.me' ([Errno 11001] getaddrinfo failed)"))
HTTPSConnectionPool(host='t.me', port=443): Max retries exceeded with url: /amtmedyaduyuru/2?embed=1&mode=tme (Caused by NameResolutionError("<urllib3.connection.HTTPSConnection object at 0x0000026340FC3B90>: Failed to resolve 't.me' ([Errno 11001] getaddrinfo failed)"))
HTTPSConnectionPool(host='t.me', port=443): Max retries exceeded with url: /amtmedyaduyuru/2?embed=1&mode=tme (Caused by NameResolutionError("<urllib3.connection.HTTPSConnection object at 0x0000026340421C10>: Failed to resolve 't.me' ([Errno 11001] getaddrinfo failed)"))
HTTPSConnectionPool(host='t.me', port=443): Max retries exceeded with url: /amtmedyaduyuru/2?embed=1&mode=tme (Caused by NameResolutionError("<urllib3.connection.HTTPSConnection object at 0x0000026340FDF850>: Failed to resolve 't.me' ([Errno 11001] getaddrinfo failed)"))
HTTPSConnectionPool(host='t.me', port=443): Max retries exceeded with url: /amtmedyaduyuru/2?embed=1&mode=tme (Caused by NameResolutionError("<urllib3.connection.HTTPSConnection object at 0x0000026340D57D90>: Failed to resolve 't.me' ([Errno 11001] getaddrinfo failed)"))
HTTPSConnectionPool(host='t.me', port=443): Max retries exceeded with url: /amtmedyaduyuru/2?embed=1&mode=tme (Caused by NameResolutionError("<urllib3.connection.HTTPSConnection object at 0x0000026340D6E9D0>: Failed to resolve 't.me' ([Errno 11001] getaddrinfo failed)"))
HTTPSConnectionPool(host='t.me', port=443): Max retries exceeded with url: /amtmedyaduyuru/2?embed=1&mode=tme (Caused by NameResolutionError("<urllib3.connection.HTTPSConnection object at 0x000002634013B250>: Failed to resolve 't.me' ([Errno 11001] getaddrinfo failed)"))
HTTPSConnectionPool(host='t.me', port=443): Max retries exceeded with url: /amtmedyaduyuru/2?embed=1&mode=tme (Caused by NameResolutionError("<urllib3.connection.HTTPSConnection object at 0x000002634096B890>: Failed to resolve 't.me' ([Errno 11001] getaddrinfo failed)"))
HTTPSConnectionPool(host='t.me', port=443): Max retries exceeded with url: /amtmedyaduyuru/2?embed=1&mode=tme (Caused by NameResolutionError("<urllib3.connection.HTTPSConnection object at 0x0000026340FDC850>: Failed to resolve 't.me' ([Errno 11001] getaddrinfo failed)"))
HTTPSConnectionPool(host='t.me', port=443): Max retries exceeded with url: /amtmedyaduyuru/2?embed=1&mode=tme (Caused by NameResolutionError("<urllib3.connection.HTTPSConnection object at 0x0000026340C0CB10>: Failed to resolve 't.me' ([Errno 11001] getaddrinfo failed)"))
HTTPSConnectionPool(host='t.me', port=443): Max retries exceeded with url: /amtmedyaduyuru/2?embed=1&mode=tme (Caused by NameResolutionError("<urllib3.connection.HTTPSConnection object at 0x000002634039B450>: Failed to resolve 't.me' ([Errno 11001] getaddrinfo failed)"))
HTTPSConnectionPool(host='t.me', port=443): Max retries exceeded with url: /amtmedyaduyuru/2?embed=1&mode=tme (Caused by NameResolutionError("<urllib3.connection.HTTPSConnection object at 0x0000026340FC3B50>: Failed to resolve 't.me' ([Errno 11001] getaddrinfo failed)"))
HTTPSConnectionPool(host='t.me', port=443): Max retries exceeded with url: /amtmedyaduyuru/2?embed=1&mode=tme (Caused by NameResolutionError("<urllib3.connection.HTTPSConnection object at 0x0000026338EE4A90>: Failed to resolve 't.me' ([Errno 11001] getaddrinfo failed)"))
HTTPSConnectionPool(host='t.me', port=443): Max retries exceeded with url: /amtmedyaduyuru/2?embed=1&mode=tme (Caused by NameResolutionError("<urllib3.connection.HTTPSConnection object at 0x0000026340C00390>: Failed to resolve 't.me' ([Errno 11001] getaddrinfo failed)"))
HTTPSConnectionPool(host='t.me', port=443): Max retries exceeded with url: /amtmedyaduyuru/2?embed=1&mode=tme (Caused by NameResolutionError("<urllib3.connection.HTTPSConnection object at 0x000002634011CA50>: Failed to resolve 't.me' ([Errno 11001] getaddrinfo failed)"))
HTTPSConnectionPool(host='t.me', port=443): Max retries exceeded with url: /amtmedyaduyuru/2?embed=1&mode=tme (Caused by NameResolutionError("<urllib3.connection.HTTPSConnection object at 0x000002633E303110>: Failed to resolve 't.me' ([Errno 11001] getaddrinfo failed)"))
HTTPSConnectionPool(host='t.me', port=443): Max retries exceeded with url: /amtmedyaduyuru/2?embed=1&mode=tme (Caused by NameResolutionError("<urllib3.connection.HTTPSConnection object at 0x000002634098AFD0>: Failed to resolve 't.me' ([Errno 11001] getaddrinfo failed)"))
HTTPSConnectionPool(host='t.me', port=443): Max retries exceeded with url: /amtmedyaduyuru/2?embed=1&mode=tme (Caused by NameResolutionError("<urllib3.connection.HTTPSConnection object at 0x00000263409987D0>: Failed to resolve 't.me' ([Errno 11001] getaddrinfo failed)"))
HTTPSConnectionPool(host='t.me', port=443): Max retries exceeded with url: /amtmedyaduyuru/2?embed=1&mode=tme (Caused by NameResolutionError("<urllib3.connection.HTTPSConnection object at 0x00000263406880D0>: Failed to resolve 't.me' ([Errno 11001] getaddrinfo failed)"))
HTTPSConnectionPool(host='t.me', port=443): Max retries exceeded with url: /amtmedyaduyuru/2?embed=1&mode=tme (Caused by NameResolutionError("<urllib3.connection.HTTPSConnection object at 0x00000263401D17D0>: Failed to resolve 't.me' ([Errno 11001] getaddrinfo failed)"))
HTTPSConnectionPool(host='t.me', port=443): Max retries exceeded with url: /amtmedyaduyuru/2?embed=1&mode=tme (Caused by NameResolutionError("<urllib3.connection.HTTPSConnection object at 0x000002633AF1F810>: Failed to resolve 't.me' ([Errno 11001] getaddrinfo failed)"))
HTTPSConnectionPool(host='t.me', port=443): Max retries exceeded with url: /amtmedyaduyuru/2?embed=1&mode=tme (Caused by NameResolutionError("<urllib3.connection.HTTPSConnection object at 0x000002633C5EFFD0>: Failed to resolve 't.me' ([Errno 11001] getaddrinfo failed)"))
HTTPSConnectionPool(host='t.me', port=443): Max retries exceeded with url: /amtmedyaduyuru/2?embed=1&mode=tme (Caused by NameResolutionError("<urllib3.connection.HTTPSConnection object at 0x000002633FDF5C90>: Failed to resolve 't.me' ([Errno 11001] getaddrinfo failed)"))
HTTPSConnectionPool(host='t.me', port=443): Max retries exceeded with url: /amtmedyaduyuru/2?embed=1&mode=tme (Caused by NameResolutionError("<urllib3.connection.HTTPSConnection object at 0x0000026340777F10>: Failed to resolve 't.me' ([Errno 11001] getaddrinfo failed)"))
HTTPSConnectionPool(host='t.me', port=443): Max retries exceeded with url: /amtmedyaduyuru/2?embed=1&mode=tme (Caused by NameResolutionError("<urllib3.connection.HTTPSConnection object at 0x000002634094FD50>: Failed to resolve 't.me' ([Errno 11001] getaddrinfo failed)"))
HTTPSConnectionPool(host='t.me', port=443): Max retries exceeded with url: /amtmedyaduyuru/2?embed=1&mode=tme (Caused by NameResolutionError("<urllib3.connection.HTTPSConnection object at 0x000002634013B950>: Failed to resolve 't.me' ([Errno 11001] getaddrinfo failed)"))
HTTPSConnectionPool(host='t.me', port=443): Max retries exceeded with url: /amtmedyaduyuru/2?embed=1&mode=tme (Caused by NameResolutionError("<urllib3.connection.HTTPSConnection object at 0x000002634010F390>: Failed to resolve 't.me' ([Errno 11001] getaddrinfo failed)"))
HTTPSConnectionPool(host='t.me', port=443): Max retries exceeded with url: /amtmedyaduyuru/2?embed=1&mode=tme (Caused by NameResolutionError("<urllib3.connection.HTTPSConnection object at 0x00000263407E1410>: Failed to resolve 't.me' ([Errno 11001] getaddrinfo failed)"))
HTTPSConnectionPool(host='t.me', port=443): Max retries exceeded with url: /amtmedyaduyuru/2?embed=1&mode=tme (Caused by NameResolutionError("<urllib3.connection.HTTPSConnection object at 0x000002634094D050>: Failed to resolve 't.me' ([Errno 11001] getaddrinfo failed)"))
HTTPSConnectionPool(host='t.me', port=443): Max retries exceeded with url: /amtmedyaduyuru/2?embed=1&mode=tme (Caused by NameResolutionError("<urllib3.connection.HTTPSConnection object at 0x00000263407E32D0>: Failed to resolve 't.me' ([Errno 11001] getaddrinfo failed)"))
HTTPSConnectionPool(host='t.me', port=443): Max retries exceeded with url: /amtmedyaduyuru/2?embed=1&mode=tme (Caused by NameResolutionError("<urllib3.connection.HTTPSConnection object at 0x0000026340C03310>: Failed to resolve 't.me' ([Errno 11001] getaddrinfo failed)"))
HTTPSConnectionPool(host='t.me', port=443): Max retries exceeded with url: /amtmedyaduyuru/2?embed=1&mode=tme (Caused by NameResolutionError("<urllib3.connection.HTTPSConnection object at 0x000002633C387350>: Failed to resolve 't.me' ([Errno 11001] getaddrinfo failed)"))
HTTPSConnectionPool(host='t.me', port=443): Max retries exceeded with url: /amtmedyaduyuru/2?embed=1&mode=tme (Caused by NameResolutionError("<urllib3.connection.HTTPSConnection object at 0x00000263407CB1D0>: Failed to resolve 't.me' ([Errno 11001] getaddrinfo failed)"))
HTTPSConnectionPool(host='t.me', port=443): Max retries exceeded with url: /amtmedyaduyuru/2?embed=1&mode=tme (Caused by NameResolutionError("<urllib3.connection.HTTPSConnection object at 0x00000263402CF3D0>: Failed to resolve 't.me' ([Errno 11001] getaddrinfo failed)"))
HTTPSConnectionPool(host='t.me', port=443): Max retries exceeded with url: /amtmedyaduyuru/2?embed=1&mode=tme (Caused by NameResolutionError("<urllib3.connection.HTTPSConnection object at 0x000002634056DD10>: Failed to resolve 't.me' ([Errno 11001] getaddrinfo failed)"))
HTTPSConnectionPool(host='t.me', port=443): Max retries exceeded with url: /amtmedyaduyuru/2?embed=1&mode=tme (Caused by NameResolutionError("<urllib3.connection.HTTPSConnection object at 0x000002633AF1F810>: Failed to resolve 't.me' ([Errno 11001] getaddrinfo failed)"))
HTTPSConnectionPool(host='t.me', port=443): Max retries exceeded with url: /amtmedyaduyuru/2?embed=1&mode=tme (Caused by NameResolutionError("<urllib3.connection.HTTPSConnection object at 0x0000026340FC37D0>: Failed to resolve 't.me' ([Errno 11001] getaddrinfo failed)"))
HTTPSConnectionPool(host='t.me', port=443): Max retries exceeded with url: /amtmedyaduyuru/2?embed=1&mode=tme (Caused by NameResolutionError("<urllib3.connection.HTTPSConnection object at 0x0000026340D6CAD0>: Failed to resolve 't.me' ([Errno 11001] getaddrinfo failed)"))
HTTPSConnectionPool(host='t.me', port=443): Max retries exceeded with url: /amtmedyaduyuru/2?embed=1&mode=tme (Caused by NameResolutionError("<urllib3.connection.HTTPSConnection object at 0x000002633FF538D0>: Failed to resolve 't.me' ([Errno 11001] getaddrinfo failed)"))
HTTPSConnectionPool(host='t.me', port=443): Max retries exceeded with url: /amtmedyaduyuru/2?embed=1&mode=tme (Caused by NameResolutionError("<urllib3.connection.HTTPSConnection object at 0x000002633F7934D0>: Failed to resolve 't.me' ([Errno 11001] getaddrinfo failed)"))
HTTPSConnectionPool(host='t.me', port=443): Max retries exceeded with url: /amtmedyaduyuru/2?embed=1&mode=tme (Caused by NameResolutionError("<urllib3.connection.HTTPSConnection object at 0x0000026340FC37D0>: Failed to resolve 't.me' ([Errno 11001] getaddrinfo failed)"))
HTTPSConnectionPool(host='t.me', port=443): Max retries exceeded with url: /amtmedyaduyuru/2?embed=1&mode=tme (Caused by NameResolutionError("<urllib3.connection.HTTPSConnection object at 0x0000026340815090>: Failed to resolve 't.me' ([Errno 11001] getaddrinfo failed)"))
HTTPSConnectionPool(host='t.me', port=443): Max retries exceeded with url: /amtmedyaduyuru/2?embed=1&mode=tme (Caused by NameResolutionError("<urllib3.connection.HTTPSConnection object at 0x00000263401B01D0>: Failed to resolve 't.me' ([Errno 11001] getaddrinfo failed)"))
HTTPSConnectionPool(host='t.me', port=443): Max retries exceeded with url: /amtmedyaduyuru/2?embed=1&mode=tme (Caused by NameResolutionError("<urllib3.connection.HTTPSConnection object at 0x0000026340E73350>: Failed to resolve 't.me' ([Errno 11001] getaddrinfo failed)"))
HTTPSConnectionPool(host='t.me', port=443): Max retries exceeded with url: /amtmedyaduyuru/2?embed=1&mode=tme (Caused by NameResolutionError("<urllib3.connection.HTTPSConnection object at 0x0000026340816750>: Failed to resolve 't.me' ([Errno 11001] getaddrinfo failed)"))
HTTPSConnectionPool(host='t.me', port=443): Max retries exceeded with url: /amtmedyaduyuru/2?embed=1&mode=tme (Caused by NameResolutionError("<urllib3.connection.HTTPSConnection object at 0x0000026340FC3F10>: Failed to resolve 't.me' ([Errno 11001] getaddrinfo failed)"))
HTTPSConnectionPool(host='t.me', port=443): Max retries exceeded with url: /amtmedyaduyuru/2?embed=1&mode=tme (Caused by NameResolutionError("<urllib3.connection.HTTPSConnection object at 0x0000026338DB7410>: Failed to resolve 't.me' ([Errno 11001] getaddrinfo failed)"))
HTTPSConnectionPool(host='t.me', port=443): Max retries exceeded with url: /amtmedyaduyuru/2?embed=1&mode=tme (Caused by NameResolutionError("<urllib3.connection.HTTPSConnection object at 0x0000026340D55990>: Failed to resolve 't.me' ([Errno 11001] getaddrinfo failed)"))
HTTPSConnectionPool(host='t.me', port=443): Max retries exceeded with url: /amtmedyaduyuru/2?embed=1&mode=tme (Caused by NameResolutionError("<urllib3.connection.HTTPSConnection object at 0x000002633FA3F050>: Failed to resolve 't.me' ([Errno 11001] getaddrinfo failed)"))
HTTPSConnectionPool(host='t.me', port=443): Max retries exceeded with url: /amtmedyaduyuru/2?embed=1&mode=tme (Caused by NameResolutionError("<urllib3.connection.HTTPSConnection object at 0x0000026340D6F690>: Failed to resolve 't.me' ([Errno 11001] getaddrinfo failed)"))
HTTPSConnectionPool(host='t.me', port=443): Max retries exceeded with url: /amtmedyaduyuru/2?embed=1&mode=tme (Caused by NameResolutionError("<urllib3.connection.HTTPSConnection object at 0x0000026340FBF150>: Failed to resolve 't.me' ([Errno 11001] getaddrinfo failed)"))
HTTPSConnectionPool(host='t.me', port=443): Max retries exceeded with url: /amtmedyaduyuru/2?embed=1&mode=tme (Caused by NameResolutionError("<urllib3.connection.HTTPSConnection object at 0x000002633FCA9CD0>: Failed to resolve 't.me' ([Errno 11001] getaddrinfo failed)"))
HTTPSConnectionPool(host='t.me', port=443): Max retries exceeded with url: /amtmedyaduyuru/2?embed=1&mode=tme (Caused by NameResolutionError("<urllib3.connection.HTTPSConnection object at 0x000002634056DD90>: Failed to resolve 't.me' ([Errno 11001] getaddrinfo failed)"))
HTTPSConnectionPool(host='t.me', port=443): Max retries exceeded with url: /amtmedyaduyuru/2?embed=1&mode=tme (Caused by NameResolutionError("<urllib3.connection.HTTPSConnection object at 0x0000026340FDDC50>: Failed to resolve 't.me' ([Errno 11001] getaddrinfo failed)"))
HTTPSConnectionPool(host='t.me', port=443): Max retries exceeded with url: /amtmedyaduyuru/2?embed=1&mode=tme (Caused by NameResolutionError("<urllib3.connection.HTTPSConnection object at 0x0000026340FC18D0>: Failed to resolve 't.me' ([Errno 11001] getaddrinfo failed)"))
HTTPSConnectionPool(host='t.me', port=443): Max retries exceeded with url: /amtmedyaduyuru/2?embed=1&mode=tme (Caused by NameResolutionError("<urllib3.connection.HTTPSConnection object at 0x0000026340C001D0>: Failed to resolve 't.me' ([Errno 11001] getaddrinfo failed)"))
HTTPSConnectionPool(host='t.me', port=443): Max retries exceeded with url: /amtmedyaduyuru/2?embed=1&mode=tme (Caused by NameResolutionError("<urllib3.connection.HTTPSConnection object at 0x0000026340777D50>: Failed to resolve 't.me' ([Errno 11001] getaddrinfo failed)"))
HTTPSConnectionPool(host='t.me', port=443): Max retries exceeded with url: /amtmedyaduyuru/2?embed=1&mode=tme (Caused by NameResolutionError("<urllib3.connection.HTTPSConnection object at 0x0000026338B64FD0>: Failed to resolve 't.me' ([Errno 11001] getaddrinfo failed)"))
HTTPSConnectionPool(host='t.me', port=443): Max retries exceeded with url: /amtmedyaduyuru/2?embed=1&mode=tme (Caused by NameResolutionError("<urllib3.connection.HTTPSConnection object at 0x000002633AA18B90>: Failed to resolve 't.me' ([Errno 11001] getaddrinfo failed)"))
HTTPSConnectionPool(host='t.me', port=443): Max retries exceeded with url: /amtmedyaduyuru/2?embed=1&mode=tme (Caused by NameResolutionError("<urllib3.connection.HTTPSConnection object at 0x0000026340E89450>: Failed to resolve 't.me' ([Errno 11001] getaddrinfo failed)"))
HTTPSConnectionPool(host='t.me', port=443): Max retries exceeded with url: /amtmedyaduyuru/2?embed=1&mode=tme (Caused by NameResolutionError("<urllib3.connection.HTTPSConnection object at 0x000002633B74BFD0>: Failed to resolve 't.me' ([Errno 11001] getaddrinfo failed)"))
HTTPSConnectionPool(host='t.me', port=443): Max retries exceeded with url: /amtmedyaduyuru/2?embed=1&mode=tme (Caused by NameResolutionError("<urllib3.connection.HTTPSConnection object at 0x000002634048A150>: Failed to resolve 't.me' ([Errno 11001] getaddrinfo failed)"))
HTTPSConnectionPool(host='t.me', port=443): Max retries exceeded with url: /amtmedyaduyuru/2?embed=1&mode=tme (Caused by NameResolutionError("<urllib3.connection.HTTPSConnection object at 0x000002634072F810>: Failed to resolve 't.me' ([Errno 11001] getaddrinfo failed)"))
HTTPSConnectionPool(host='t.me', port=443): Max retries exceeded with url: /amtmedyaduyuru/2?embed=1&mode=tme (Caused by NameResolutionError("<urllib3.connection.HTTPSConnection object at 0x0000026340D6E350>: Failed to resolve 't.me' ([Errno 11001] getaddrinfo failed)"))
HTTPSConnectionPool(host='t.me', port=443): Max retries exceeded with url: /amtmedyaduyuru/2?embed=1&mode=tme (Caused by NameResolutionError("<urllib3.connection.HTTPSConnection object at 0x0000026340D27B90>: Failed to resolve 't.me' ([Errno 11001] getaddrinfo failed)"))
HTTPSConnectionPool(host='t.me', port=443): Max retries exceeded with url: /amtmedyaduyuru/2?embed=1&mode=tme (Caused by NameResolutionError("<urllib3.connection.HTTPSConnection object at 0x00000263405B2C90>: Failed to resolve 't.me' ([Errno 11001] getaddrinfo failed)"))
HTTPSConnectionPool(host='t.me', port=443): Max retries exceeded with url: /amtmedyaduyuru/2?embed=1&mode=tme (Caused by NameResolutionError("<urllib3.connection.HTTPSConnection object at 0x0000026340277890>: Failed to resolve 't.me' ([Errno 11001] getaddrinfo failed)"))
HTTPSConnectionPool(host='t.me', port=443): Max retries exceeded with url: /amtmedyaduyuru/2?embed=1&mode=tme (Caused by NameResolutionError("<urllib3.connection.HTTPSConnection object at 0x000002633FFD68D0>: Failed to resolve 't.me' ([Errno 11001] getaddrinfo failed)"))
HTTPSConnectionPool(host='t.me', port=443): Max retries exceeded with url: /amtmedyaduyuru/2?embed=1&mode=tme (Caused by NameResolutionError("<urllib3.connection.HTTPSConnection object at 0x0000026340A8E5D0>: Failed to resolve 't.me' ([Errno 11001] getaddrinfo failed)"))
HTTPSConnectionPool(host='t.me', port=443): Max retries exceeded with url: /amtmedyaduyuru/2?embed=1&mode=tme (Caused by NameResolutionError("<urllib3.connection.HTTPSConnection object at 0x0000026338BBA410>: Failed to resolve 't.me' ([Errno 11001] getaddrinfo failed)"))
HTTPSConnectionPool(host='t.me', port=443): Max retries exceeded with url: /amtmedyaduyuru/2?embed=1&mode=tme (Caused by NameResolutionError("<urllib3.connection.HTTPSConnection object at 0x0000026340FDFE10>: Failed to resolve 't.me' ([Errno 11001] getaddrinfo failed)"))
HTTPSConnectionPool(host='t.me', port=443): Max retries exceeded with url: /amtmedyaduyuru/2?embed=1&mode=tme (Caused by NameResolutionError("<urllib3.connection.HTTPSConnection object at 0x000002633FF538D0>: Failed to resolve 't.me' ([Errno 11001] getaddrinfo failed)"))
HTTPSConnectionPool(host='t.me', port=443): Max retries exceeded with url: /amtmedyaduyuru/2?embed=1&mode=tme (Caused by NameResolutionError("<urllib3.connection.HTTPSConnection object at 0x0000026338B64FD0>: Failed to resolve 't.me' ([Errno 11001] getaddrinfo failed)"))
HTTPSConnectionPool(host='t.me', port=443): Max retries exceeded with url: /amtmedyaduyuru/2?embed=1&mode=tme (Caused by NameResolutionError("<urllib3.connection.HTTPSConnection object at 0x0000026340A8ECD0>: Failed to resolve 't.me' ([Errno 11001] getaddrinfo failed)"))
HTTPSConnectionPool(host='t.me', port=443): Max retries exceeded with url: /amtmedyaduyuru/2?embed=1&mode=tme (Caused by NameResolutionError("<urllib3.connection.HTTPSConnection object at 0x000002633C6BD390>: Failed to resolve 't.me' ([Errno 11001] getaddrinfo failed)"))
HTTPSConnectionPool(host='t.me', port=443): Max retries exceeded with url: /amtmedyaduyuru/2?embed=1&mode=tme (Caused by NameResolutionError("<urllib3.connection.HTTPSConnection object at 0x00000263406B8210>: Failed to resolve 't.me' ([Errno 11001] getaddrinfo failed)"))
HTTPSConnectionPool(host='t.me', port=443): Max retries exceeded with url: /amtmedyaduyuru/2?embed=1&mode=tme (Caused by NameResolutionError("<urllib3.connection.HTTPSConnection object at 0x000002634011CA50>: Failed to resolve 't.me' ([Errno 11001] getaddrinfo failed)"))
HTTPSConnectionPool(host='t.me', port=443): Max retries exceeded with url: /amtmedyaduyuru/2?embed=1&mode=tme (Caused by NameResolutionError("<urllib3.connection.HTTPSConnection object at 0x0000026340D552D0>: Failed to resolve 't.me' ([Errno 11001] getaddrinfo failed)"))
HTTPSConnectionPool(host='t.me', port=443): Max retries exceeded with url: /amtmedyaduyuru/2?embed=1&mode=tme (Caused by NameResolutionError("<urllib3.connection.HTTPSConnection object at 0x0000026340D6F6D0>: Failed to resolve 't.me' ([Errno 11001] getaddrinfo failed)"))
HTTPSConnectionPool(host='t.me', port=443): Max retries exceeded with url: /amtmedyaduyuru/2?embed=1&mode=tme (Caused by NameResolutionError("<urllib3.connection.HTTPSConnection object at 0x0000026340FC1410>: Failed to resolve 't.me' ([Errno 11001] getaddrinfo failed)"))
HTTPSConnectionPool(host='t.me', port=443): Max retries exceeded with url: /amtmedyaduyuru/2?embed=1&mode=tme (Caused by NameResolutionError("<urllib3.connection.HTTPSConnection object at 0x000002633C70B350>: Failed to resolve 't.me' ([Errno 11001] getaddrinfo failed)"))
HTTPSConnectionPool(host='t.me', port=443): Max retries exceeded with url: /amtmedyaduyuru/2?embed=1&mode=tme (Caused by NameResolutionError("<urllib3.connection.HTTPSConnection object at 0x00000263409B6550>: Failed to resolve 't.me' ([Errno 11001] getaddrinfo failed)"))
HTTPSConnectionPool(host='t.me', port=443): Max retries exceeded with url: /amtmedyaduyuru/2?embed=1&mode=tme (Caused by NameResolutionError("<urllib3.connection.HTTPSConnection object at 0x0000026340F7D5D0>: Failed to resolve 't.me' ([Errno 11001] getaddrinfo failed)"))
HTTPSConnectionPool(host='t.me', port=443): Max retries exceeded with url: /amtmedyaduyuru/2?embed=1&mode=tme (Caused by NameResolutionError("<urllib3.connection.HTTPSConnection object at 0x000002634049B3D0>: Failed to resolve 't.me' ([Errno 11001] getaddrinfo failed)"))
HTTPSConnectionPool(host='t.me', port=443): Max retries exceeded with url: /amtmedyaduyuru/2?embed=1&mode=tme (Caused by NameResolutionError("<urllib3.connection.HTTPSConnection object at 0x0000026340D6F550>: Failed to resolve 't.me' ([Errno 11001] getaddrinfo failed)"))
HTTPSConnectionPool(host='t.me', port=443): Max retries exceeded with url: /amtmedyaduyuru/2?embed=1&mode=tme (Caused by NameResolutionError("<urllib3.connection.HTTPSConnection object at 0x000002633C720C50>: Failed to resolve 't.me' ([Errno 11001] getaddrinfo failed)"))
HTTPSConnectionPool(host='t.me', port=443): Max retries exceeded with url: /amtmedyaduyuru/2?embed=1&mode=tme (Caused by NameResolutionError("<urllib3.connection.HTTPSConnection object at 0x000002634056DD10>: Failed to resolve 't.me' ([Errno 11001] getaddrinfo failed)"))
HTTPSConnectionPool(host='t.me', port=443): Max retries exceeded with url: /amtmedyaduyuru/2?embed=1&mode=tme (Caused by NameResolutionError("<urllib3.connection.HTTPSConnection object at 0x0000026340824FD0>: Failed to resolve 't.me' ([Errno 11001] getaddrinfo failed)"))
HTTPSConnectionPool(host='t.me', port=443): Max retries exceeded with url: /amtmedyaduyuru/2?embed=1&mode=tme (Caused by NameResolutionError("<urllib3.connection.HTTPSConnection object at 0x0000026340D6D750>: Failed to resolve 't.me' ([Errno 11001] getaddrinfo failed)"))
HTTPSConnectionPool(host='t.me', port=443): Max retries exceeded with url: /amtmedyaduyuru/2?embed=1&mode=tme (Caused by NameResolutionError("<urllib3.connection.HTTPSConnection object at 0x000002634050C950>: Failed to resolve 't.me' ([Errno 11001] getaddrinfo failed)"))
HTTPSConnectionPool(host='t.me', port=443): Max retries exceeded with url: /amtmedyaduyuru/2?embed=1&mode=tme (Caused by NameResolutionError("<urllib3.connection.HTTPSConnection object at 0x0000026340A7CC10>: Failed to resolve 't.me' ([Errno 11001] getaddrinfo failed)"))
HTTPSConnectionPool(host='t.me', port=443): Max retries exceeded with url: /amtmedyaduyuru/2?embed=1&mode=tme (Caused by NameResolutionError("<urllib3.connection.HTTPSConnection object at 0x0000026340543950>: Failed to resolve 't.me' ([Errno 11001] getaddrinfo failed)"))
HTTPSConnectionPool(host='t.me', port=443): Max retries exceeded with url: /amtmedyaduyuru/2?embed=1&mode=tme (Caused by NameResolutionError("<urllib3.connection.HTTPSConnection object at 0x00000263405C2550>: Failed to resolve 't.me' ([Errno 11001] getaddrinfo failed)"))
HTTPSConnectionPool(host='t.me', port=443): Max retries exceeded with url: /amtmedyaduyuru/2?embed=1&mode=tme (Caused by NameResolutionError("<urllib3.connection.HTTPSConnection object at 0x000002634086AF10>: Failed to resolve 't.me' ([Errno 11001] getaddrinfo failed)"))
HTTPSConnectionPool(host='t.me', port=443): Max retries exceeded with url: /amtmedyaduyuru/2?embed=1&mode=tme (Caused by NameResolutionError("<urllib3.connection.HTTPSConnection object at 0x000002634093E8D0>: Failed to resolve 't.me' ([Errno 11001] getaddrinfo failed)"))
HTTPSConnectionPool(host='t.me', port=443): Max retries exceeded with url: /amtmedyaduyuru/2?embed=1&mode=tme (Caused by NameResolutionError("<urllib3.connection.HTTPSConnection object at 0x0000026340A8DCD0>: Failed to resolve 't.me' ([Errno 11001] getaddrinfo failed)"))
HTTPSConnectionPool(host='t.me', port=443): Max retries exceeded with url: /amtmedyaduyuru/2?embed=1&mode=tme (Caused by NameResolutionError("<urllib3.connection.HTTPSConnection object at 0x0000026340FC2250>: Failed to resolve 't.me' ([Errno 11001] getaddrinfo failed)"))
HTTPSConnectionPool(host='t.me', port=443): Max retries exceeded with url: /amtmedyaduyuru/2?embed=1&mode=tme (Caused by NameResolutionError("<urllib3.connection.HTTPSConnection object at 0x0000026340FC12D0>: Failed to resolve 't.me' ([Errno 11001] getaddrinfo failed)"))
HTTPSConnectionPool(host='t.me', port=443): Max retries exceeded with url: /amtmedyaduyuru/2?embed=1&mode=tme (Caused by NameResolutionError("<urllib3.connection.HTTPSConnection object at 0x0000026340451D50>: Failed to resolve 't.me' ([Errno 11001] getaddrinfo failed)"))
HTTPSConnectionPool(host='t.me', port=443): Max retries exceeded with url: /amtmedyaduyuru/2?embed=1&mode=tme (Caused by NameResolutionError("<urllib3.connection.HTTPSConnection object at 0x00000263406DE310>: Failed to resolve 't.me' ([Errno 11001] getaddrinfo failed)"))
HTTPSConnectionPool(host='t.me', port=443): Max retries exceeded with url: /amtmedyaduyuru/2?embed=1&mode=tme (Caused by NameResolutionError("<urllib3.connection.HTTPSConnection object at 0x000002633E029990>: Failed to resolve 't.me' ([Errno 11001] getaddrinfo failed)"))
HTTPSConnectionPool(host='t.me', port=443): Max retries exceeded with url: /amtmedyaduyuru/2?embed=1&mode=tme (Caused by NameResolutionError("<urllib3.connection.HTTPSConnection object at 0x000002633C7094D0>: Failed to resolve 't.me' ([Errno 11001] getaddrinfo failed)"))
HTTPSConnectionPool(host='t.me', port=443): Max retries exceeded with url: /amtmedyaduyuru/2?embed=1&mode=tme (Caused by NameResolutionError("<urllib3.connection.HTTPSConnection object at 0x000002634093FCD0>: Failed to resolve 't.me' ([Errno 11001] getaddrinfo failed)"))
HTTPSConnectionPool(host='t.me', port=443): Max retries exceeded with url: /amtmedyaduyuru/2?embed=1&mode=tme (Caused by NameResolutionError("<urllib3.connection.HTTPSConnection object at 0x0000026340452550>: Failed to resolve 't.me' ([Errno 11001] getaddrinfo failed)"))
HTTPSConnectionPool(host='t.me', port=443): Max retries exceeded with url: /amtmedyaduyuru/2?embed=1&mode=tme (Caused by NameResolutionError("<urllib3.connection.HTTPSConnection object at 0x0000026340421AD0>: Failed to resolve 't.me' ([Errno 11001] getaddrinfo failed)"))
HTTPSConnectionPool(host='t.me', port=443): Max retries exceeded with url: /amtmedyaduyuru/2?embed=1&mode=tme (Caused by NameResolutionError("<urllib3.connection.HTTPSConnection object at 0x0000026340E709D0>: Failed to resolve 't.me' ([Errno 11001] getaddrinfo failed)"))
HTTPSConnectionPool(host='t.me', port=443): Max retries exceeded with url: /amtmedyaduyuru/2?embed=1&mode=tme (Caused by NameResolutionError("<urllib3.connection.HTTPSConnection object at 0x0000026340E71E10>: Failed to resolve 't.me' ([Errno 11001] getaddrinfo failed)"))
HTTPSConnectionPool(host='t.me', port=443): Max retries exceeded with url: /amtmedyaduyuru/2?embed=1&mode=tme (Caused by NameResolutionError("<urllib3.connection.HTTPSConnection object at 0x00000263405D92D0>: Failed to resolve 't.me' ([Errno 11001] getaddrinfo failed)"))
HTTPSConnectionPool(host='t.me', port=443): Max retries exceeded with url: /amtmedyaduyuru/2?embed=1&mode=tme (Caused by NameResolutionError("<urllib3.connection.HTTPSConnection object at 0x0000026340FC1090>: Failed to resolve 't.me' ([Errno 11001] getaddrinfo failed)"))
HTTPSConnectionPool(host='t.me', port=443): Max retries exceeded with url: /amtmedyaduyuru/2?embed=1&mode=tme (Caused by NameResolutionError("<urllib3.connection.HTTPSConnection object at 0x0000026340453ED0>: Failed to resolve 't.me' ([Errno 11001] getaddrinfo failed)"))
HTTPSConnectionPool(host='t.me', port=443): Max retries exceeded with url: /amtmedyaduyuru/2?embed=1&mode=tme (Caused by NameResolutionError("<urllib3.connection.HTTPSConnection object at 0x0000026340817610>: Failed to resolve 't.me' ([Errno 11001] getaddrinfo failed)"))
HTTPSConnectionPool(host='t.me', port=443): Max retries exceeded with url: /amtmedyaduyuru/2?embed=1&mode=tme (Caused by NameResolutionError("<urllib3.connection.HTTPSConnection object at 0x0000026340D6F550>: Failed to resolve 't.me' ([Errno 11001] getaddrinfo failed)"))
HTTPSConnectionPool(host='t.me', port=443): Max retries exceeded with url: /amtmedyaduyuru/2?embed=1&mode=tme (Caused by NameResolutionError("<urllib3.connection.HTTPSConnection object at 0x0000026340FE08D0>: Failed to resolve 't.me' ([Errno 11001] getaddrinfo failed)"))
HTTPSConnectionPool(host='t.me', port=443): Max retries exceeded with url: /amtmedyaduyuru/2?embed=1&mode=tme (Caused by NameResolutionError("<urllib3.connection.HTTPSConnection object at 0x0000026340BBDF50>: Failed to resolve 't.me' ([Errno 11001] getaddrinfo failed)"))
HTTPSConnectionPool(host='t.me', port=443): Max retries exceeded with url: /amtmedyaduyuru/2?embed=1&mode=tme (Caused by NameResolutionError("<urllib3.connection.HTTPSConnection object at 0x000002633FDFD4D0>: Failed to resolve 't.me' ([Errno 11001] getaddrinfo failed)"))
HTTPSConnectionPool(host='t.me', port=443): Max retries exceeded with url: /amtmedyaduyuru/2?embed=1&mode=tme (Caused by NameResolutionError("<urllib3.connection.HTTPSConnection object at 0x000002634056EC10>: Failed to resolve 't.me' ([Errno 11001] getaddrinfo failed)"))
HTTPSConnectionPool(host='t.me', port=443): Max retries exceeded with url: /amtmedyaduyuru/2?embed=1&mode=tme (Caused by NameResolutionError("<urllib3.connection.HTTPSConnection object at 0x000002633FE27290>: Failed to resolve 't.me' ([Errno 11001] getaddrinfo failed)"))
HTTPSConnectionPool(host='t.me', port=443): Max retries exceeded with url: /amtmedyaduyuru/2?embed=1&mode=tme (Caused by NameResolutionError("<urllib3.connection.HTTPSConnection object at 0x0000026336630690>: Failed to resolve 't.me' ([Errno 11001] getaddrinfo failed)"))
HTTPSConnectionPool(host='t.me', port=443): Max retries exceeded with url: /amtmedyaduyuru/2?embed=1&mode=tme (Caused by NameResolutionError("<urllib3.connection.HTTPSConnection object at 0x0000026340F7DA90>: Failed to resolve 't.me' ([Errno 11001] getaddrinfo failed)"))
HTTPSConnectionPool(host='t.me', port=443): Max retries exceeded with url: /amtmedyaduyuru/2?embed=1&mode=tme (Caused by NameResolutionError("<urllib3.connection.HTTPSConnection object at 0x00000263404AEAD0>: Failed to resolve 't.me' ([Errno 11001] getaddrinfo failed)"))
HTTPSConnectionPool(host='t.me', port=443): Max retries exceeded with url: /amtmedyaduyuru/2?embed=1&mode=tme (Caused by NameResolutionError("<urllib3.connection.HTTPSConnection object at 0x0000026340E884D0>: Failed to resolve 't.me' ([Errno 11001] getaddrinfo failed)"))
HTTPSConnectionPool(host='t.me', port=443): Max retries exceeded with url: /amtmedyaduyuru/2?embed=1&mode=tme (Caused by NameResolutionError("<urllib3.connection.HTTPSConnection object at 0x0000026340A8ECD0>: Failed to resolve 't.me' ([Errno 11001] getaddrinfo failed)"))
HTTPSConnectionPool(host='t.me', port=443): Max retries exceeded with url: /amtmedyaduyuru/2?embed=1&mode=tme (Caused by NameResolutionError("<urllib3.connection.HTTPSConnection object at 0x000002633FEFB4D0>: Failed to resolve 't.me' ([Errno 11001] getaddrinfo failed)"))
HTTPSConnectionPool(host='t.me', port=443): Max retries exceeded with url: /amtmedyaduyuru/2?embed=1&mode=tme (Caused by NameResolutionError("<urllib3.connection.HTTPSConnection object at 0x0000026340D2EB90>: Failed to resolve 't.me' ([Errno 11001] getaddrinfo failed)"))
HTTPSConnectionPool(host='t.me', port=443): Max retries exceeded with url: /amtmedyaduyuru/2?embed=1&mode=tme (Caused by NameResolutionError("<urllib3.connection.HTTPSConnection object at 0x00000263401C4450>: Failed to resolve 't.me' ([Errno 11001] getaddrinfo failed)"))
HTTPSConnectionPool(host='t.me', port=443): Max retries exceeded with url: /amtmedyaduyuru/2?embed=1&mode=tme (Caused by NameResolutionError("<urllib3.connection.HTTPSConnection object at 0x00000263403098D0>: Failed to resolve 't.me' ([Errno 11001] getaddrinfo failed)"))
HTTPSConnectionPool(host='t.me', port=443): Max retries exceeded with url: /amtmedyaduyuru/2?embed=1&mode=tme (Caused by NameResolutionError("<urllib3.connection.HTTPSConnection object at 0x000002633B7B4890>: Failed to resolve 't.me' ([Errno 11001] getaddrinfo failed)"))
HTTPSConnectionPool(host='t.me', port=443): Max retries exceeded with url: /amtmedyaduyuru/2?embed=1&mode=tme (Caused by NameResolutionError("<urllib3.connection.HTTPSConnection object at 0x00000263408FC110>: Failed to resolve 't.me' ([Errno 11001] getaddrinfo failed)"))
HTTPSConnectionPool(host='t.me', port=443): Max retries exceeded with url: /amtmedyaduyuru/2?embed=1&mode=tme (Caused by NameResolutionError("<urllib3.connection.HTTPSConnection object at 0x0000026340A8C9D0>: Failed to resolve 't.me' ([Errno 11001] getaddrinfo failed)"))
HTTPSConnectionPool(host='t.me', port=443): Max retries exceeded with url: /amtmedyaduyuru/2?embed=1&mode=tme (Caused by NameResolutionError("<urllib3.connection.HTTPSConnection object at 0x0000026340D54990>: Failed to resolve 't.me' ([Errno 11001] getaddrinfo failed)"))
HTTPSConnectionPool(host='t.me', port=443): Max retries exceeded with url: /amtmedyaduyuru/2?embed=1&mode=tme (Caused by NameResolutionError("<urllib3.connection.HTTPSConnection object at 0x000002633C48BD10>: Failed to resolve 't.me' ([Errno 11001] getaddrinfo failed)"))
HTTPSConnectionPool(host='t.me', port=443): Max retries exceeded with url: /amtmedyaduyuru/2?embed=1&mode=tme (Caused by NameResolutionError("<urllib3.connection.HTTPSConnection object at 0x000002633FF35910>: Failed to resolve 't.me' ([Errno 11001] getaddrinfo failed)"))
HTTPSConnectionPool(host='t.me', port=443): Max retries exceeded with url: /amtmedyaduyuru/2?embed=1&mode=tme (Caused by NameResolutionError("<urllib3.connection.HTTPSConnection object at 0x0000026340A8F010>: Failed to resolve 't.me' ([Errno 11001] getaddrinfo failed)"))
HTTPSConnectionPool(host='t.me', port=443): Max retries exceeded with url: /amtmedyaduyuru/2?embed=1&mode=tme (Caused by NameResolutionError("<urllib3.connection.HTTPSConnection object at 0x0000026340E89850>: Failed to resolve 't.me' ([Errno 11001] getaddrinfo failed)"))
HTTPSConnectionPool(host='t.me', port=443): Max retries exceeded with url: /amtmedyaduyuru/2?embed=1&mode=tme (Caused by NameResolutionError("<urllib3.connection.HTTPSConnection object at 0x000002633C370250>: Failed to resolve 't.me' ([Errno 11001] getaddrinfo failed)"))
HTTPSConnectionPool(host='t.me', port=443): Max retries exceeded with url: /amtmedyaduyuru/2?embed=1&mode=tme (Caused by NameResolutionError("<urllib3.connection.HTTPSConnection object at 0x000002633F8E0B50>: Failed to resolve 't.me' ([Errno 11001] getaddrinfo failed)"))
HTTPSConnectionPool(host='t.me', port=443): Max retries exceeded with url: /amtmedyaduyuru/2?embed=1&mode=tme (Caused by NameResolutionError("<urllib3.connection.HTTPSConnection object at 0x00000263409373D0>: Failed to resolve 't.me' ([Errno 11001] getaddrinfo failed)"))
HTTPSConnectionPool(host='t.me', port=443): Max retries exceeded with url: /amtmedyaduyuru/2?embed=1&mode=tme (Caused by NameResolutionError("<urllib3.connection.HTTPSConnection object at 0x00000263404F6690>: Failed to resolve 't.me' ([Errno 11001] getaddrinfo failed)"))
HTTPSConnectionPool(host='t.me', port=443): Max retries exceeded with url: /amtmedyaduyuru/2?embed=1&mode=tme (Caused by NameResolutionError("<urllib3.connection.HTTPSConnection object at 0x000002633FB39090>: Failed to resolve 't.me' ([Errno 11001] getaddrinfo failed)"))
HTTPSConnectionPool(host='t.me', port=443): Max retries exceeded with url: /amtmedyaduyuru/2?embed=1&mode=tme (Caused by NameResolutionError("<urllib3.connection.HTTPSConnection object at 0x000002633AEE32D0>: Failed to resolve 't.me' ([Errno 11001] getaddrinfo failed)"))
HTTPSConnectionPool(host='t.me', port=443): Max retries exceeded with url: /amtmedyaduyuru/2?embed=1&mode=tme (Caused by NameResolutionError("<urllib3.connection.HTTPSConnection object at 0x000002633DFD9F90>: Failed to resolve 't.me' ([Errno 11001] getaddrinfo failed)"))
HTTPSConnectionPool(host='t.me', port=443): Max retries exceeded with url: /amtmedyaduyuru/2?embed=1&mode=tme (Caused by NameResolutionError("<urllib3.connection.HTTPSConnection object at 0x0000026340D79510>: Failed to resolve 't.me' ([Errno 11001] getaddrinfo failed)"))
HTTPSConnectionPool(host='t.me', port=443): Max retries exceeded with url: /amtmedyaduyuru/2?embed=1&mode=tme (Caused by NameResolutionError("<urllib3.connection.HTTPSConnection object at 0x0000026340FE1910>: Failed to resolve 't.me' ([Errno 11001] getaddrinfo failed)"))
HTTPSConnectionPool(host='t.me', port=443): Max retries exceeded with url: /amtmedyaduyuru/2?embed=1&mode=tme (Caused by NameResolutionError("<urllib3.connection.HTTPSConnection object at 0x00000263401B2050>: Failed to resolve 't.me' ([Errno 11001] getaddrinfo failed)"))
HTTPSConnectionPool(host='t.me', port=443): Max retries exceeded with url: /amtmedyaduyuru/2?embed=1&mode=tme (Caused by NameResolutionError("<urllib3.connection.HTTPSConnection object at 0x0000026340D78590>: Failed to resolve 't.me' ([Errno 11001] getaddrinfo failed)"))
HTTPSConnectionPool(host='t.me', port=443): Max retries exceeded with url: /amtmedyaduyuru/2?embed=1&mode=tme (Caused by NameResolutionError("<urllib3.connection.HTTPSConnection object at 0x0000026340E892D0>: Failed to resolve 't.me' ([Errno 11001] getaddrinfo failed)"))
HTTPSConnectionPool(host='t.me', port=443): Max retries exceeded with url: /amtmedyaduyuru/2?embed=1&mode=tme (Caused by NameResolutionError("<urllib3.connection.HTTPSConnection object at 0x0000026340A051D0>: Failed to resolve 't.me' ([Errno 11001] getaddrinfo failed)"))
HTTPSConnectionPool(host='t.me', port=443): Max retries exceeded with url: /amtmedyaduyuru/2?embed=1&mode=tme (Caused by NameResolutionError("<urllib3.connection.HTTPSConnection object at 0x000002633B99BD50>: Failed to resolve 't.me' ([Errno 11001] getaddrinfo failed)"))
HTTPSConnectionPool(host='t.me', port=443): Max retries exceeded with url: /amtmedyaduyuru/2?embed=1&mode=tme (Caused by NameResolutionError("<urllib3.connection.HTTPSConnection object at 0x0000026340E884D0>: Failed to resolve 't.me' ([Errno 11001] getaddrinfo failed)"))
HTTPSConnectionPool(host='t.me', port=443): Max retries exceeded with url: /amtmedyaduyuru/2?embed=1&mode=tme (Caused by NameResolutionError("<urllib3.connection.HTTPSConnection object at 0x000002634022F7D0>: Failed to resolve 't.me' ([Errno 11001] getaddrinfo failed)"))
HTTPSConnectionPool(host='t.me', port=443): Max retries exceeded with url: /amtmedyaduyuru/2?embed=1&mode=tme (Caused by NameResolutionError("<urllib3.connection.HTTPSConnection object at 0x0000026340D55590>: Failed to resolve 't.me' ([Errno 11001] getaddrinfo failed)"))
HTTPSConnectionPool(host='t.me', port=443): Max retries exceeded with url: /amtmedyaduyuru/2?embed=1&mode=tme (Caused by NameResolutionError("<urllib3.connection.HTTPSConnection object at 0x000002633FD381D0>: Failed to resolve 't.me' ([Errno 11001] getaddrinfo failed)"))
HTTPSConnectionPool(host='t.me', port=443): Max retries exceeded with url: /amtmedyaduyuru/2?embed=1&mode=tme (Caused by NameResolutionError("<urllib3.connection.HTTPSConnection object at 0x0000026340FE36D0>: Failed to resolve 't.me' ([Errno 11001] getaddrinfo failed)"))
HTTPSConnectionPool(host='t.me', port=443): Max retries exceeded with url: /amtmedyaduyuru/2?embed=1&mode=tme (Caused by NameResolutionError("<urllib3.connection.HTTPSConnection object at 0x00000263408A0550>: Failed to resolve 't.me' ([Errno 11001] getaddrinfo failed)"))
HTTPSConnectionPool(host='t.me', port=443): Max retries exceeded with url: /amtmedyaduyuru/2?embed=1&mode=tme (Caused by NameResolutionError("<urllib3.connection.HTTPSConnection object at 0x0000026340D79E10>: Failed to resolve 't.me' ([Errno 11001] getaddrinfo failed)"))
HTTPSConnectionPool(host='t.me', port=443): Max retries exceeded with url: /amtmedyaduyuru/2?embed=1&mode=tme (Caused by NameResolutionError("<urllib3.connection.HTTPSConnection object at 0x000002633C56CA10>: Failed to resolve 't.me' ([Errno 11001] getaddrinfo failed)"))
HTTPSConnectionPool(host='t.me', port=443): Max retries exceeded with url: /amtmedyaduyuru/2?embed=1&mode=tme (Caused by NameResolutionError("<urllib3.connection.HTTPSConnection object at 0x0000026340FE3750>: Failed to resolve 't.me' ([Errno 11001] getaddrinfo failed)"))
HTTPSConnectionPool(host='t.me', port=443): Max retries exceeded with url: /amtmedyaduyuru/2?embed=1&mode=tme (Caused by NameResolutionError("<urllib3.connection.HTTPSConnection object at 0x0000026340E882D0>: Failed to resolve 't.me' ([Errno 11001] getaddrinfo failed)"))
HTTPSConnectionPool(host='t.me', port=443): Max retries exceeded with url: /amtmedyaduyuru/2?embed=1&mode=tme (Caused by NameResolutionError("<urllib3.connection.HTTPSConnection object at 0x0000026340A7FE50>: Failed to resolve 't.me' ([Errno 11001] getaddrinfo failed)"))
HTTPSConnectionPool(host='t.me', port=443): Max retries exceeded with url: /amtmedyaduyuru/2?embed=1&mode=tme (Caused by NameResolutionError("<urllib3.connection.HTTPSConnection object at 0x0000026340A7CA90>: Failed to resolve 't.me' ([Errno 11001] getaddrinfo failed)"))
HTTPSConnectionPool(host='t.me', port=443): Max retries exceeded with url: /amtmedyaduyuru/2?embed=1&mode=tme (Caused by NameResolutionError("<urllib3.connection.HTTPSConnection object at 0x0000026340E89E50>: Failed to resolve 't.me' ([Errno 11001] getaddrinfo failed)"))
HTTPSConnectionPool(host='t.me', port=443): Max retries exceeded with url: /amtmedyaduyuru/2?embed=1&mode=tme (Caused by NameResolutionError("<urllib3.connection.HTTPSConnection object at 0x0000026336598810>: Failed to resolve 't.me' ([Errno 11001] getaddrinfo failed)"))
HTTPSConnectionPool(host='t.me', port=443): Max retries exceeded with url: /amtmedyaduyuru/2?embed=1&mode=tme (Caused by NameResolutionError("<urllib3.connection.HTTPSConnection object at 0x0000026340D7AC10>: Failed to resolve 't.me' ([Errno 11001] getaddrinfo failed)"))
HTTPSConnectionPool(host='t.me', port=443): Max retries exceeded with url: /amtmedyaduyuru/2?embed=1&mode=tme (Caused by NameResolutionError("<urllib3.connection.HTTPSConnection object at 0x00000263400C7A90>: Failed to resolve 't.me' ([Errno 11001] getaddrinfo failed)"))
HTTPSConnectionPool(host='t.me', port=443): Max retries exceeded with url: /amtmedyaduyuru/2?embed=1&mode=tme (Caused by NameResolutionError("<urllib3.connection.HTTPSConnection object at 0x0000026340FE3390>: Failed to resolve 't.me' ([Errno 11001] getaddrinfo failed)"))
HTTPSConnectionPool(host='t.me', port=443): Max retries exceeded with url: /amtmedyaduyuru/2?embed=1&mode=tme (Caused by NameResolutionError("<urllib3.connection.HTTPSConnection object at 0x0000026340675710>: Failed to resolve 't.me' ([Errno 11001] getaddrinfo failed)"))
HTTPSConnectionPool(host='t.me', port=443): Max retries exceeded with url: /amtmedyaduyuru/2?embed=1&mode=tme (Caused by NameResolutionError("<urllib3.connection.HTTPSConnection object at 0x000002633C3A4510>: Failed to resolve 't.me' ([Errno 11001] getaddrinfo failed)"))
HTTPSConnectionPool(host='t.me', port=443): Max retries exceeded with url: /amtmedyaduyuru/2?embed=1&mode=tme (Caused by NameResolutionError("<urllib3.connection.HTTPSConnection object at 0x0000026340383210>: Failed to resolve 't.me' ([Errno 11001] getaddrinfo failed)"))
HTTPSConnectionPool(host='t.me', port=443): Max retries exceeded with url: /amtmedyaduyuru/2?embed=1&mode=tme (Caused by NameResolutionError("<urllib3.connection.HTTPSConnection object at 0x0000026340877450>: Failed to resolve 't.me' ([Errno 11001] getaddrinfo failed)"))
HTTPSConnectionPool(host='t.me', port=443): Max retries exceeded with url: /amtmedyaduyuru/2?embed=1&mode=tme (Caused by NameResolutionError("<urllib3.connection.HTTPSConnection object at 0x0000026340FC3890>: Failed to resolve 't.me' ([Errno 11001] getaddrinfo failed)"))
HTTPSConnectionPool(host='t.me', port=443): Max retries exceeded with url: /amtmedyaduyuru/2?embed=1&mode=tme (Caused by NameResolutionError("<urllib3.connection.HTTPSConnection object at 0x0000026340FE3350>: Failed to resolve 't.me' ([Errno 11001] getaddrinfo failed)"))
HTTPSConnectionPool(host='t.me', port=443): Max retries exceeded with url: /amtmedyaduyuru/2?embed=1&mode=tme (Caused by NameResolutionError("<urllib3.connection.HTTPSConnection object at 0x000002634019E7D0>: Failed to resolve 't.me' ([Errno 11001] getaddrinfo failed)"))
HTTPSConnectionPool(host='t.me', port=443): Max retries exceeded with url: /amtmedyaduyuru/2?embed=1&mode=tme (Caused by NameResolutionError("<urllib3.connection.HTTPSConnection object at 0x000002634056F090>: Failed to resolve 't.me' ([Errno 11001] getaddrinfo failed)"))
HTTPSConnectionPool(host='t.me', port=443): Max retries exceeded with url: /amtmedyaduyuru/2?embed=1&mode=tme (Caused by NameResolutionError("<urllib3.connection.HTTPSConnection object at 0x0000026340381750>: Failed to resolve 't.me' ([Errno 11001] getaddrinfo failed)"))
HTTPSConnectionPool(host='t.me', port=443): Max retries exceeded with url: /amtmedyaduyuru/2?embed=1&mode=tme (Caused by NameResolutionError("<urllib3.connection.HTTPSConnection object at 0x000002634073F7D0>: Failed to resolve 't.me' ([Errno 11001] getaddrinfo failed)"))
HTTPSConnectionPool(host='t.me', port=443): Max retries exceeded with url: /amtmedyaduyuru/2?embed=1&mode=tme (Caused by NameResolutionError("<urllib3.connection.HTTPSConnection object at 0x0000026340FDC310>: Failed to resolve 't.me' ([Errno 11001] getaddrinfo failed)"))
HTTPSConnectionPool(host='t.me', port=443): Max retries exceeded with url: /amtmedyaduyuru/2?embed=1&mode=tme (Caused by NameResolutionError("<urllib3.connection.HTTPSConnection object at 0x0000026340D56E90>: Failed to resolve 't.me' ([Errno 11001] getaddrinfo failed)"))
HTTPSConnectionPool(host='t.me', port=443): Max retries exceeded with url: /amtmedyaduyuru/2?embed=1&mode=tme (Caused by NameResolutionError("<urllib3.connection.HTTPSConnection object at 0x000002633C39B950>: Failed to resolve 't.me' ([Errno 11001] getaddrinfo failed)"))
HTTPSConnectionPool(host='t.me', port=443): Max retries exceeded with url: /amtmedyaduyuru/2?embed=1&mode=tme (Caused by NameResolutionError("<urllib3.connection.HTTPSConnection object at 0x000002634073CCD0>: Failed to resolve 't.me' ([Errno 11001] getaddrinfo failed)"))
HTTPSConnectionPool(host='t.me', port=443): Max retries exceeded with url: /amtmedyaduyuru/2?embed=1&mode=tme (Caused by NameResolutionError("<urllib3.connection.HTTPSConnection object at 0x0000026340FE3D90>: Failed to resolve 't.me' ([Errno 11001] getaddrinfo failed)"))
HTTPSConnectionPool(host='t.me', port=443): Max retries exceeded with url: /amtmedyaduyuru/2?embed=1&mode=tme (Caused by NameResolutionError("<urllib3.connection.HTTPSConnection object at 0x0000026340FF9790>: Failed to resolve 't.me' ([Errno 11001] getaddrinfo failed)"))
HTTPSConnectionPool(host='t.me', port=443): Max retries exceeded with url: /amtmedyaduyuru/2?embed=1&mode=tme (Caused by NameResolutionError("<urllib3.connection.HTTPSConnection object at 0x000002633FB88990>: Failed to resolve 't.me' ([Errno 11001] getaddrinfo failed)"))
HTTPSConnectionPool(host='t.me', port=443): Max retries exceeded with url: /amtmedyaduyuru/2?embed=1&mode=tme (Caused by NameResolutionError("<urllib3.connection.HTTPSConnection object at 0x0000026338EFFB50>: Failed to resolve 't.me' ([Errno 11001] getaddrinfo failed)"))
HTTPSConnectionPool(host='t.me', port=443): Max retries exceeded with url: /amtmedyaduyuru/2?embed=1&mode=tme (Caused by NameResolutionError("<urllib3.connection.HTTPSConnection object at 0x000002634085E790>: Failed to resolve 't.me' ([Errno 11001] getaddrinfo failed)"))
HTTPSConnectionPool(host='t.me', port=443): Max retries exceeded with url: /amtmedyaduyuru/2?embed=1&mode=tme (Caused by NameResolutionError("<urllib3.connection.HTTPSConnection object at 0x0000026340A7F810>: Failed to resolve 't.me' ([Errno 11001] getaddrinfo failed)"))
HTTPSConnectionPool(host='t.me', port=443): Max retries exceeded with url: /amtmedyaduyuru/2?embed=1&mode=tme (Caused by NameResolutionError("<urllib3.connection.HTTPSConnection object at 0x00000263401B0690>: Failed to resolve 't.me' ([Errno 11001] getaddrinfo failed)"))
HTTPSConnectionPool(host='t.me', port=443): Max retries exceeded with url: /amtmedyaduyuru/2?embed=1&mode=tme (Caused by NameResolutionError("<urllib3.connection.HTTPSConnection object at 0x000002633FFA3FD0>: Failed to resolve 't.me' ([Errno 11001] getaddrinfo failed)"))
HTTPSConnectionPool(host='t.me', port=443): Max retries exceeded with url: /amtmedyaduyuru/2?embed=1&mode=tme (Caused by NameResolutionError("<urllib3.connection.HTTPSConnection object at 0x0000026340FE3D50>: Failed to resolve 't.me' ([Errno 11001] getaddrinfo failed)"))
HTTPSConnectionPool(host='t.me', port=443): Max retries exceeded with url: /amtmedyaduyuru/2?embed=1&mode=tme (Caused by NameResolutionError("<urllib3.connection.HTTPSConnection object at 0x0000026340DB7BD0>: Failed to resolve 't.me' ([Errno 11001] getaddrinfo failed)"))
HTTPSConnectionPool(host='t.me', port=443): Max retries exceeded with url: /amtmedyaduyuru/2?embed=1&mode=tme (Caused by NameResolutionError("<urllib3.connection.HTTPSConnection object at 0x000002633FAF6B90>: Failed to resolve 't.me' ([Errno 11001] getaddrinfo failed)"))
HTTPSConnectionPool(host='t.me', port=443): Max retries exceeded with url: /amtmedyaduyuru/2?embed=1&mode=tme (Caused by NameResolutionError("<urllib3.connection.HTTPSConnection object at 0x000002633FAEE910>: Failed to resolve 't.me' ([Errno 11001] getaddrinfo failed)"))
HTTPSConnectionPool(host='t.me', port=443): Max retries exceeded with url: /amtmedyaduyuru/2?embed=1&mode=tme (Caused by NameResolutionError("<urllib3.connection.HTTPSConnection object at 0x0000026340FE3050>: Failed to resolve 't.me' ([Errno 11001] getaddrinfo failed)"))
HTTPSConnectionPool(host='t.me', port=443): Max retries exceeded with url: /amtmedyaduyuru/2?embed=1&mode=tme (Caused by NameResolutionError("<urllib3.connection.HTTPSConnection object at 0x000002633938D390>: Failed to resolve 't.me' ([Errno 11001] getaddrinfo failed)"))
HTTPSConnectionPool(host='t.me', port=443): Max retries exceeded with url: /amtmedyaduyuru/2?embed=1&mode=tme (Caused by NameResolutionError("<urllib3.connection.HTTPSConnection object at 0x000002634093E050>: Failed to resolve 't.me' ([Errno 11001] getaddrinfo failed)"))
HTTPSConnectionPool(host='t.me', port=443): Max retries exceeded with url: /amtmedyaduyuru/2?embed=1&mode=tme (Caused by NameResolutionError("<urllib3.connection.HTTPSConnection object at 0x0000026340FC2290>: Failed to resolve 't.me' ([Errno 11001] getaddrinfo failed)"))
HTTPSConnectionPool(host='t.me', port=443): Max retries exceeded with url: /amtmedyaduyuru/2?embed=1&mode=tme (Caused by NameResolutionError("<urllib3.connection.HTTPSConnection object at 0x000002633FD38710>: Failed to resolve 't.me' ([Errno 11001] getaddrinfo failed)"))
HTTPSConnectionPool(host='t.me', port=443): Max retries exceeded with url: /amtmedyaduyuru/2?embed=1&mode=tme (Caused by NameResolutionError("<urllib3.connection.HTTPSConnection object at 0x0000026340B686D0>: Failed to resolve 't.me' ([Errno 11001] getaddrinfo failed)"))
HTTPSConnectionPool(host='t.me', port=443): Max retries exceeded with url: /amtmedyaduyuru/2?embed=1&mode=tme (Caused by NameResolutionError("<urllib3.connection.HTTPSConnection object at 0x0000026340FE1310>: Failed to resolve 't.me' ([Errno 11001] getaddrinfo failed)"))
HTTPSConnectionPool(host='t.me', port=443): Max retries exceeded with url: /amtmedyaduyuru/2?embed=1&mode=tme (Caused by NameResolutionError("<urllib3.connection.HTTPSConnection object at 0x0000026340B68A90>: Failed to resolve 't.me' ([Errno 11001] getaddrinfo failed)"))
HTTPSConnectionPool(host='t.me', port=443): Max retries exceeded with url: /amtmedyaduyuru/2?embed=1&mode=tme (Caused by NameResolutionError("<urllib3.connection.HTTPSConnection object at 0x0000026340D54510>: Failed to resolve 't.me' ([Errno 11001] getaddrinfo failed)"))
HTTPSConnectionPool(host='t.me', port=443): Max retries exceeded with url: /amtmedyaduyuru/2?embed=1&mode=tme (Caused by NameResolutionError("<urllib3.connection.HTTPSConnection object at 0x00000263407FB910>: Failed to resolve 't.me' ([Errno 11001] getaddrinfo failed)"))
HTTPSConnectionPool(host='t.me', port=443): Max retries exceeded with url: /amtmedyaduyuru/2?embed=1&mode=tme (Caused by NameResolutionError("<urllib3.connection.HTTPSConnection object at 0x0000026340A7C790>: Failed to resolve 't.me' ([Errno 11001] getaddrinfo failed)"))
HTTPSConnectionPool(host='t.me', port=443): Max retries exceeded with url: /amtmedyaduyuru/2?embed=1&mode=tme (Caused by NameResolutionError("<urllib3.connection.HTTPSConnection object at 0x0000026340D569D0>: Failed to resolve 't.me' ([Errno 11001] getaddrinfo failed)"))
HTTPSConnectionPool(host='t.me', port=443): Max retries exceeded with url: /amtmedyaduyuru/2?embed=1&mode=tme (Caused by NameResolutionError("<urllib3.connection.HTTPSConnection object at 0x0000026340FE08D0>: Failed to resolve 't.me' ([Errno 11001] getaddrinfo failed)"))
HTTPSConnectionPool(host='t.me', port=443): Max retries exceeded with url: /amtmedyaduyuru/2?embed=1&mode=tme (Caused by NameResolutionError("<urllib3.connection.HTTPSConnection object at 0x0000026340D7AD50>: Failed to resolve 't.me' ([Errno 11001] getaddrinfo failed)"))
HTTPSConnectionPool(host='t.me', port=443): Max retries exceeded with url: /amtmedyaduyuru/2?embed=1&mode=tme (Caused by NameResolutionError("<urllib3.connection.HTTPSConnection object at 0x000002633C56D610>: Failed to resolve 't.me' ([Errno 11001] getaddrinfo failed)"))
HTTPSConnectionPool(host='t.me', port=443): Max retries exceeded with url: /amtmedyaduyuru/2?embed=1&mode=tme (Caused by NameResolutionError("<urllib3.connection.HTTPSConnection object at 0x0000026340D91610>: Failed to resolve 't.me' ([Errno 11001] getaddrinfo failed)"))
HTTPSConnectionPool(host='t.me', port=443): Max retries exceeded with url: /amtmedyaduyuru/2?embed=1&mode=tme (Caused by NameResolutionError("<urllib3.connection.HTTPSConnection object at 0x0000026340D90FD0>: Failed to resolve 't.me' ([Errno 11001] getaddrinfo failed)"))
HTTPSConnectionPool(host='t.me', port=443): Max retries exceeded with url: /amtmedyaduyuru/2?embed=1&mode=tme (Caused by NameResolutionError("<urllib3.connection.HTTPSConnection object at 0x00000263404452D0>: Failed to resolve 't.me' ([Errno 11001] getaddrinfo failed)"))
HTTPSConnectionPool(host='t.me', port=443): Max retries exceeded with url: /amtmedyaduyuru/2?embed=1&mode=tme (Caused by NameResolutionError("<urllib3.connection.HTTPSConnection object at 0x00000263402CCD50>: Failed to resolve 't.me' ([Errno 11001] getaddrinfo failed)"))
HTTPSConnectionPool(host='t.me', port=443): Max retries exceeded with url: /amtmedyaduyuru/2?embed=1&mode=tme (Caused by NameResolutionError("<urllib3.connection.HTTPSConnection object at 0x00000263404AD1D0>: Failed to resolve 't.me' ([Errno 11001] getaddrinfo failed)"))
HTTPSConnectionPool(host='t.me', port=443): Max retries exceeded with url: /amtmedyaduyuru/2?embed=1&mode=tme (Caused by NameResolutionError("<urllib3.connection.HTTPSConnection object at 0x000002633C4095D0>: Failed to resolve 't.me' ([Errno 11001] getaddrinfo failed)"))
HTTPSConnectionPool(host='t.me', port=443): Max retries exceeded with url: /amtmedyaduyuru/2?embed=1&mode=tme (Caused by NameResolutionError("<urllib3.connection.HTTPSConnection object at 0x0000026340E8A510>: Failed to resolve 't.me' ([Errno 11001] getaddrinfo failed)"))
HTTPSConnectionPool(host='t.me', port=443): Max retries exceeded with url: /amtmedyaduyuru/2?embed=1&mode=tme (Caused by NameResolutionError("<urllib3.connection.HTTPSConnection object at 0x00000263404C86D0>: Failed to resolve 't.me' ([Errno 11001] getaddrinfo failed)"))
HTTPSConnectionPool(host='t.me', port=443): Max retries exceeded with url: /amtmedyaduyuru/2?embed=1&mode=tme (Caused by NameResolutionError("<urllib3.connection.HTTPSConnection object at 0x0000026340FE1050>: Failed to resolve 't.me' ([Errno 11001] getaddrinfo failed)"))
HTTPSConnectionPool(host='t.me', port=443): Max retries exceeded with url: /amtmedyaduyuru/2?embed=1&mode=tme (Caused by NameResolutionError("<urllib3.connection.HTTPSConnection object at 0x00000263406C9650>: Failed to resolve 't.me' ([Errno 11001] getaddrinfo failed)"))
HTTPSConnectionPool(host='t.me', port=443): Max retries exceeded with url: /amtmedyaduyuru/2?embed=1&mode=tme (Caused by NameResolutionError("<urllib3.connection.HTTPSConnection object at 0x0000026340FE0AD0>: Failed to resolve 't.me' ([Errno 11001] getaddrinfo failed)"))
HTTPSConnectionPool(host='t.me', port=443): Max retries exceeded with url: /amtmedyaduyuru/2?embed=1&mode=tme (Caused by NameResolutionError("<urllib3.connection.HTTPSConnection object at 0x000002633F9DA4D0>: Failed to resolve 't.me' ([Errno 11001] getaddrinfo failed)"))
HTTPSConnectionPool(host='t.me', port=443): Max retries exceeded with url: /amtmedyaduyuru/2?embed=1&mode=tme (Caused by NameResolutionError("<urllib3.connection.HTTPSConnection object at 0x0000026340B88290>: Failed to resolve 't.me' ([Errno 11001] getaddrinfo failed)"))
HTTPSConnectionPool(host='t.me', port=443): Max retries exceeded with url: /amtmedyaduyuru/2?embed=1&mode=tme (Caused by NameResolutionError("<urllib3.connection.HTTPSConnection object at 0x0000026340451810>: Failed to resolve 't.me' ([Errno 11001] getaddrinfo failed)"))
HTTPSConnectionPool(host='t.me', port=443): Max retries exceeded with url: /amtmedyaduyuru/2?embed=1&mode=tme (Caused by NameResolutionError("<urllib3.connection.HTTPSConnection object at 0x0000026340FF8310>: Failed to resolve 't.me' ([Errno 11001] getaddrinfo failed)"))
HTTPSConnectionPool(host='t.me', port=443): Max retries exceeded with url: /amtmedyaduyuru/2?embed=1&mode=tme (Caused by NameResolutionError("<urllib3.connection.HTTPSConnection object at 0x00000263403AC850>: Failed to resolve 't.me' ([Errno 11001] getaddrinfo failed)"))
HTTPSConnectionPool(host='t.me', port=443): Max retries exceeded with url: /amtmedyaduyuru/2?embed=1&mode=tme (Caused by NameResolutionError("<urllib3.connection.HTTPSConnection object at 0x00000263401B2050>: Failed to resolve 't.me' ([Errno 11001] getaddrinfo failed)"))
HTTPSConnectionPool(host='t.me', port=443): Max retries exceeded with url: /amtmedyaduyuru/2?embed=1&mode=tme (Caused by NameResolutionError("<urllib3.connection.HTTPSConnection object at 0x0000026340B8AB90>: Failed to resolve 't.me' ([Errno 11001] getaddrinfo failed)"))
HTTPSConnectionPool(host='t.me', port=443): Max retries exceeded with url: /amtmedyaduyuru/2?embed=1&mode=tme (Caused by NameResolutionError("<urllib3.connection.HTTPSConnection object at 0x000002633FDF5A10>: Failed to resolve 't.me' ([Errno 11001] getaddrinfo failed)"))
HTTPSConnectionPool(host='t.me', port=443): Max retries exceeded with url: /amtmedyaduyuru/2?embed=1&mode=tme (Caused by NameResolutionError("<urllib3.connection.HTTPSConnection object at 0x0000026340FE3CD0>: Failed to resolve 't.me' ([Errno 11001] getaddrinfo failed)"))
HTTPSConnectionPool(host='t.me', port=443): Max retries exceeded with url: /amtmedyaduyuru/2?embed=1&mode=tme (Caused by NameResolutionError("<urllib3.connection.HTTPSConnection object at 0x000002633B86AB10>: Failed to resolve 't.me' ([Errno 11001] getaddrinfo failed)"))
HTTPSConnectionPool(host='t.me', port=443): Max retries exceeded with url: /amtmedyaduyuru/2?embed=1&mode=tme (Caused by NameResolutionError("<urllib3.connection.HTTPSConnection object at 0x000002633CF9D7D0>: Failed to resolve 't.me' ([Errno 11001] getaddrinfo failed)"))
HTTPSConnectionPool(host='t.me', port=443): Max retries exceeded with url: /amtmedyaduyuru/2?embed=1&mode=tme (Caused by NameResolutionError("<urllib3.connection.HTTPSConnection object at 0x0000026340A7FC90>: Failed to resolve 't.me' ([Errno 11001] getaddrinfo failed)"))
HTTPSConnectionPool(host='t.me', port=443): Max retries exceeded with url: /amtmedyaduyuru/2?embed=1&mode=tme (Caused by NameResolutionError("<urllib3.connection.HTTPSConnection object at 0x000002633FFEEA90>: Failed to resolve 't.me' ([Errno 11001] getaddrinfo failed)"))
HTTPSConnectionPool(host='t.me', port=443): Max retries exceeded with url: /amtmedyaduyuru/2?embed=1&mode=tme (Caused by NameResolutionError("<urllib3.connection.HTTPSConnection object at 0x000002633C4CC390>: Failed to resolve 't.me' ([Errno 11001] getaddrinfo failed)"))
HTTPSConnectionPool(host='t.me', port=443): Max retries exceeded with url: /amtmedyaduyuru/2?embed=1&mode=tme (Caused by NameResolutionError("<urllib3.connection.HTTPSConnection object at 0x000002633FBBE290>: Failed to resolve 't.me' ([Errno 11001] getaddrinfo failed)"))
HTTPSConnectionPool(host='t.me', port=443): Max retries exceeded with url: /amtmedyaduyuru/2?embed=1&mode=tme (Caused by NameResolutionError("<urllib3.connection.HTTPSConnection object at 0x000002633F9AAC10>: Failed to resolve 't.me' ([Errno 11001] getaddrinfo failed)"))
HTTPSConnectionPool(host='t.me', port=443): Max retries exceeded with url: /amtmedyaduyuru/2?embed=1&mode=tme (Caused by NameResolutionError("<urllib3.connection.HTTPSConnection object at 0x0000026340FE3B10>: Failed to resolve 't.me' ([Errno 11001] getaddrinfo failed)"))
HTTPSConnectionPool(host='t.me', port=443): Max retries exceeded with url: /amtmedyaduyuru/2?embed=1&mode=tme (Caused by NameResolutionError("<urllib3.connection.HTTPSConnection object at 0x0000026340C0F750>: Failed to resolve 't.me' ([Errno 11001] getaddrinfo failed)"))
HTTPSConnectionPool(host='t.me', port=443): Max retries exceeded with url: /amtmedyaduyuru/2?embed=1&mode=tme (Caused by NameResolutionError("<urllib3.connection.HTTPSConnection object at 0x0000026340BD8190>: Failed to resolve 't.me' ([Errno 11001] getaddrinfo failed)"))
HTTPSConnectionPool(host='t.me', port=443): Max retries exceeded with url: /amtmedyaduyuru/2?embed=1&mode=tme (Caused by NameResolutionError("<urllib3.connection.HTTPSConnection object at 0x000002634019E7D0>: Failed to resolve 't.me' ([Errno 11001] getaddrinfo failed)"))
HTTPSConnectionPool(host='t.me', port=443): Max retries exceeded with url: /amtmedyaduyuru/2?embed=1&mode=tme (Caused by NameResolutionError("<urllib3.connection.HTTPSConnection object at 0x0000026340BC52D0>: Failed to resolve 't.me' ([Errno 11001] getaddrinfo failed)"))
HTTPSConnectionPool(host='t.me', port=443): Max retries exceeded with url: /amtmedyaduyuru/2?embed=1&mode=tme (Caused by NameResolutionError("<urllib3.connection.HTTPSConnection object at 0x0000026340731210>: Failed to resolve 't.me' ([Errno 11001] getaddrinfo failed)"))
HTTPSConnectionPool(host='t.me', port=443): Max retries exceeded with url: /amtmedyaduyuru/2?embed=1&mode=tme (Caused by NameResolutionError("<urllib3.connection.HTTPSConnection object at 0x0000026340D27B10>: Failed to resolve 't.me' ([Errno 11001] getaddrinfo failed)"))
HTTPSConnectionPool(host='t.me', port=443): Max retries exceeded with url: /amtmedyaduyuru/2?embed=1&mode=tme (Caused by NameResolutionError("<urllib3.connection.HTTPSConnection object at 0x000002634022CC10>: Failed to resolve 't.me' ([Errno 11001] getaddrinfo failed)"))
HTTPSConnectionPool(host='t.me', port=443): Max retries exceeded with url: /amtmedyaduyuru/2?embed=1&mode=tme (Caused by NameResolutionError("<urllib3.connection.HTTPSConnection object at 0x0000026340E8BED0>: Failed to resolve 't.me' ([Errno 11001] getaddrinfo failed)"))
HTTPSConnectionPool(host='t.me', port=443): Max retries exceeded with url: /amtmedyaduyuru/2?embed=1&mode=tme (Caused by NameResolutionError("<urllib3.connection.HTTPSConnection object at 0x0000026336679390>: Failed to resolve 't.me' ([Errno 11001] getaddrinfo failed)"))
HTTPSConnectionPool(host='t.me', port=443): Max retries exceeded with url: /amtmedyaduyuru/2?embed=1&mode=tme (Caused by NameResolutionError("<urllib3.connection.HTTPSConnection object at 0x000002633F822690>: Failed to resolve 't.me' ([Errno 11001] getaddrinfo failed)"))
HTTPSConnectionPool(host='t.me', port=443): Max retries exceeded with url: /amtmedyaduyuru/2?embed=1&mode=tme (Caused by NameResolutionError("<urllib3.connection.HTTPSConnection object at 0x00000263407CAA10>: Failed to resolve 't.me' ([Errno 11001] getaddrinfo failed)"))
HTTPSConnectionPool(host='t.me', port=443): Max retries exceeded with url: /amtmedyaduyuru/2?embed=1&mode=tme (Caused by NameResolutionError("<urllib3.connection.HTTPSConnection object at 0x0000026340FC0E90>: Failed to resolve 't.me' ([Errno 11001] getaddrinfo failed)"))
HTTPSConnectionPool(host='t.me', port=443): Max retries exceeded with url: /amtmedyaduyuru/2?embed=1&mode=tme (Caused by NameResolutionError("<urllib3.connection.HTTPSConnection object at 0x000002633B975890>: Failed to resolve 't.me' ([Errno 11001] getaddrinfo failed)"))
HTTPSConnectionPool(host='t.me', port=443): Max retries exceeded with url: /amtmedyaduyuru/2?embed=1&mode=tme (Caused by NameResolutionError("<urllib3.connection.HTTPSConnection object at 0x0000026340FE2090>: Failed to resolve 't.me' ([Errno 11001] getaddrinfo failed)"))
HTTPSConnectionPool(host='t.me', port=443): Max retries exceeded with url: /amtmedyaduyuru/2?embed=1&mode=tme (Caused by NameResolutionError("<urllib3.connection.HTTPSConnection object at 0x000002633E0C6890>: Failed to resolve 't.me' ([Errno 11001] getaddrinfo failed)"))
HTTPSConnectionPool(host='t.me', port=443): Max retries exceeded with url: /amtmedyaduyuru/2?embed=1&mode=tme (Caused by NameResolutionError("<urllib3.connection.HTTPSConnection object at 0x00000263407E36D0>: Failed to resolve 't.me' ([Errno 11001] getaddrinfo failed)"))
HTTPSConnectionPool(host='t.me', port=443): Max retries exceeded with url: /amtmedyaduyuru/2?embed=1&mode=tme (Caused by NameResolutionError("<urllib3.connection.HTTPSConnection object at 0x000002633FE275D0>: Failed to resolve 't.me' ([Errno 11001] getaddrinfo failed)"))
HTTPSConnectionPool(host='t.me', port=443): Max retries exceeded with url: /amtmedyaduyuru/2?embed=1&mode=tme (Caused by NameResolutionError("<urllib3.connection.HTTPSConnection object at 0x00000263404C86D0>: Failed to resolve 't.me' ([Errno 11001] getaddrinfo failed)"))
HTTPSConnectionPool(host='t.me', port=443): Max retries exceeded with url: /amtmedyaduyuru/2?embed=1&mode=tme (Caused by NameResolutionError("<urllib3.connection.HTTPSConnection object at 0x00000263403ADAD0>: Failed to resolve 't.me' ([Errno 11001] getaddrinfo failed)"))
HTTPSConnectionPool(host='t.me', port=443): Max retries exceeded with url: /amtmedyaduyuru/2?embed=1&mode=tme (Caused by NameResolutionError("<urllib3.connection.HTTPSConnection object at 0x0000026340D79A90>: Failed to resolve 't.me' ([Errno 11001] getaddrinfo failed)"))
HTTPSConnectionPool(host='t.me', port=443): Max retries exceeded with url: /amtmedyaduyuru/2?embed=1&mode=tme (Caused by NameResolutionError("<urllib3.connection.HTTPSConnection object at 0x0000026340D78AD0>: Failed to resolve 't.me' ([Errno 11001] getaddrinfo failed)"))
HTTPSConnectionPool(host='t.me', port=443): Max retries exceeded with url: /amtmedyaduyuru/2?embed=1&mode=tme (Caused by NameResolutionError("<urllib3.connection.HTTPSConnection object at 0x000002634094DFD0>: Failed to resolve 't.me' ([Errno 11001] getaddrinfo failed)"))
HTTPSConnectionPool(host='t.me', port=443): Max retries exceeded with url: /amtmedyaduyuru/2?embed=1&mode=tme (Caused by NameResolutionError("<urllib3.connection.HTTPSConnection object at 0x000002633E0F6BD0>: Failed to resolve 't.me' ([Errno 11001] getaddrinfo failed)"))
HTTPSConnectionPool(host='t.me', port=443): Max retries exceeded with url: /amtmedyaduyuru/2?embed=1&mode=tme (Caused by NameResolutionError("<urllib3.connection.HTTPSConnection object at 0x0000026340777590>: Failed to resolve 't.me' ([Errno 11001] getaddrinfo failed)"))
HTTPSConnectionPool(host='t.me', port=443): Max retries exceeded with url: /amtmedyaduyuru/2?embed=1&mode=tme (Caused by NameResolutionError("<urllib3.connection.HTTPSConnection object at 0x00000263406038D0>: Failed to resolve 't.me' ([Errno 11001] getaddrinfo failed)"))
HTTPSConnectionPool(host='t.me', port=443): Max retries exceeded with url: /amtmedyaduyuru/2?embed=1&mode=tme (Caused by NameResolutionError("<urllib3.connection.HTTPSConnection object at 0x0000026340601910>: Failed to resolve 't.me' ([Errno 11001] getaddrinfo failed)"))
HTTPSConnectionPool(host='t.me', port=443): Max retries exceeded with url: /amtmedyaduyuru/2?embed=1&mode=tme (Caused by NameResolutionError("<urllib3.connection.HTTPSConnection object at 0x0000026340777590>: Failed to resolve 't.me' ([Errno 11001] getaddrinfo failed)"))
HTTPSConnectionPool(host='t.me', port=443): Max retries exceeded with url: /amtmedyaduyuru/2?embed=1&mode=tme (Caused by NameResolutionError("<urllib3.connection.HTTPSConnection object at 0x00000263407CAA90>: Failed to resolve 't.me' ([Errno 11001] getaddrinfo failed)"))
HTTPSConnectionPool(host='t.me', port=443): Max retries exceeded with url: /amtmedyaduyuru/2?embed=1&mode=tme (Caused by NameResolutionError("<urllib3.connection.HTTPSConnection object at 0x000002633FAF60D0>: Failed to resolve 't.me' ([Errno 11001] getaddrinfo failed)"))
HTTPSConnectionPool(host='t.me', port=443): Max retries exceeded with url: /amtmedyaduyuru/2?embed=1&mode=tme (Caused by NameResolutionError("<urllib3.connection.HTTPSConnection object at 0x000002633C6D6990>: Failed to resolve 't.me' ([Errno 11001] getaddrinfo failed)"))
HTTPSConnectionPool(host='t.me', port=443): Max retries exceeded with url: /amtmedyaduyuru/2?embed=1&mode=tme (Caused by NameResolutionError("<urllib3.connection.HTTPSConnection object at 0x0000026340FF9A90>: Failed to resolve 't.me' ([Errno 11001] getaddrinfo failed)"))
HTTPSConnectionPool(host='t.me', port=443): Max retries exceeded with url: /amtmedyaduyuru/2?embed=1&mode=tme (Caused by NameResolutionError("<urllib3.connection.HTTPSConnection object at 0x0000026340FF9610>: Failed to resolve 't.me' ([Errno 11001] getaddrinfo failed)"))
HTTPSConnectionPool(host='t.me', port=443): Max retries exceeded with url: /amtmedyaduyuru/2?embed=1&mode=tme (Caused by NameResolutionError("<urllib3.connection.HTTPSConnection object at 0x0000026340D91B90>: Failed to resolve 't.me' ([Errno 11001] getaddrinfo failed)"))
HTTPSConnectionPool(host='t.me', port=443): Max retries exceeded with url: /amtmedyaduyuru/2?embed=1&mode=tme (Caused by NameResolutionError("<urllib3.connection.HTTPSConnection object at 0x000002633E0F4B90>: Failed to resolve 't.me' ([Errno 11001] getaddrinfo failed)"))
HTTPSConnectionPool(host='t.me', port=443): Max retries exceeded with url: /amtmedyaduyuru/2?embed=1&mode=tme (Caused by NameResolutionError("<urllib3.connection.HTTPSConnection object at 0x000002633FD2D750>: Failed to resolve 't.me' ([Errno 11001] getaddrinfo failed)"))
HTTPSConnectionPool(host='t.me', port=443): Max retries exceeded with url: /amtmedyaduyuru/2?embed=1&mode=tme (Caused by NameResolutionError("<urllib3.connection.HTTPSConnection object at 0x0000026340451AD0>: Failed to resolve 't.me' ([Errno 11001] getaddrinfo failed)"))
HTTPSConnectionPool(host='t.me', port=443): Max retries exceeded with url: /amtmedyaduyuru/2?embed=1&mode=tme (Caused by NameResolutionError("<urllib3.connection.HTTPSConnection object at 0x0000026340FC11D0>: Failed to resolve 't.me' ([Errno 11001] getaddrinfo failed)"))
HTTPSConnectionPool(host='t.me', port=443): Max retries exceeded with url: /amtmedyaduyuru/2?embed=1&mode=tme (Caused by NameResolutionError("<urllib3.connection.HTTPSConnection object at 0x0000026340FFB150>: Failed to resolve 't.me' ([Errno 11001] getaddrinfo failed)"))
HTTPSConnectionPool(host='t.me', port=443): Max retries exceeded with url: /amtmedyaduyuru/2?embed=1&mode=tme (Caused by NameResolutionError("<urllib3.connection.HTTPSConnection object at 0x0000026340FC03D0>: Failed to resolve 't.me' ([Errno 11001] getaddrinfo failed)"))
HTTPSConnectionPool(host='t.me', port=443): Max retries exceeded with url: /amtmedyaduyuru/2?embed=1&mode=tme (Caused by NameResolutionError("<urllib3.connection.HTTPSConnection object at 0x000002633FE25910>: Failed to resolve 't.me' ([Errno 11001] getaddrinfo failed)"))
HTTPSConnectionPool(host='t.me', port=443): Max retries exceeded with url: /amtmedyaduyuru/2?embed=1&mode=tme (Caused by NameResolutionError("<urllib3.connection.HTTPSConnection object at 0x00000263400C7E10>: Failed to resolve 't.me' ([Errno 11001] getaddrinfo failed)"))
HTTPSConnectionPool(host='t.me', port=443): Max retries exceeded with url: /amtmedyaduyuru/2?embed=1&mode=tme (Caused by NameResolutionError("<urllib3.connection.HTTPSConnection object at 0x0000026340D7BFD0>: Failed to resolve 't.me' ([Errno 11001] getaddrinfo failed)"))
HTTPSConnectionPool(host='t.me', port=443): Max retries exceeded with url: /amtmedyaduyuru/2?embed=1&mode=tme (Caused by NameResolutionError("<urllib3.connection.HTTPSConnection object at 0x000002634079AFD0>: Failed to resolve 't.me' ([Errno 11001] getaddrinfo failed)"))
HTTPSConnectionPool(host='t.me', port=443): Max retries exceeded with url: /amtmedyaduyuru/2?embed=1&mode=tme (Caused by NameResolutionError("<urllib3.connection.HTTPSConnection object at 0x0000026340677890>: Failed to resolve 't.me' ([Errno 11001] getaddrinfo failed)"))
HTTPSConnectionPool(host='t.me', port=443): Max retries exceeded with url: /amtmedyaduyuru/2?embed=1&mode=tme (Caused by NameResolutionError("<urllib3.connection.HTTPSConnection object at 0x0000026340675410>: Failed to resolve 't.me' ([Errno 11001] getaddrinfo failed)"))
HTTPSConnectionPool(host='t.me', port=443): Max retries exceeded with url: /amtmedyaduyuru/2?embed=1&mode=tme (Caused by NameResolutionError("<urllib3.connection.HTTPSConnection object at 0x000002633E0F59D0>: Failed to resolve 't.me' ([Errno 11001] getaddrinfo failed)"))
HTTPSConnectionPool(host='t.me', port=443): Max retries exceeded with url: /amtmedyaduyuru/2?embed=1&mode=tme (Caused by NameResolutionError("<urllib3.connection.HTTPSConnection object at 0x000002633A98D710>: Failed to resolve 't.me' ([Errno 11001] getaddrinfo failed)"))
HTTPSConnectionPool(host='t.me', port=443): Max retries exceeded with url: /amtmedyaduyuru/2?embed=1&mode=tme (Caused by NameResolutionError("<urllib3.connection.HTTPSConnection object at 0x000002633CFB0B50>: Failed to resolve 't.me' ([Errno 11001] getaddrinfo failed)"))
HTTPSConnectionPool(host='t.me', port=443): Max retries exceeded with url: /amtmedyaduyuru/2?embed=1&mode=tme (Caused by NameResolutionError("<urllib3.connection.HTTPSConnection object at 0x0000026340DB7D10>: Failed to resolve 't.me' ([Errno 11001] getaddrinfo failed)"))
HTTPSConnectionPool(host='t.me', port=443): Max retries exceeded with url: /amtmedyaduyuru/2?embed=1&mode=tme (Caused by NameResolutionError("<urllib3.connection.HTTPSConnection object at 0x0000026340D91750>: Failed to resolve 't.me' ([Errno 11001] getaddrinfo failed)"))
HTTPSConnectionPool(host='t.me', port=443): Max retries exceeded with url: /amtmedyaduyuru/2?embed=1&mode=tme (Caused by NameResolutionError("<urllib3.connection.HTTPSConnection object at 0x00000263402AC750>: Failed to resolve 't.me' ([Errno 11001] getaddrinfo failed)"))
HTTPSConnectionPool(host='t.me', port=443): Max retries exceeded with url: /amtmedyaduyuru/2?embed=1&mode=tme (Caused by NameResolutionError("<urllib3.connection.HTTPSConnection object at 0x00000263403AED90>: Failed to resolve 't.me' ([Errno 11001] getaddrinfo failed)"))
HTTPSConnectionPool(host='t.me', port=443): Max retries exceeded with url: /amtmedyaduyuru/2?embed=1&mode=tme (Caused by NameResolutionError("<urllib3.connection.HTTPSConnection object at 0x00000263407C8810>: Failed to resolve 't.me' ([Errno 11001] getaddrinfo failed)"))
HTTPSConnectionPool(host='t.me', port=443): Max retries exceeded with url: /amtmedyaduyuru/2?embed=1&mode=tme (Caused by NameResolutionError("<urllib3.connection.HTTPSConnection object at 0x0000026340827790>: Failed to resolve 't.me' ([Errno 11001] getaddrinfo failed)"))
HTTPSConnectionPool(host='t.me', port=443): Max retries exceeded with url: /amtmedyaduyuru/2?embed=1&mode=tme (Caused by NameResolutionError("<urllib3.connection.HTTPSConnection object at 0x00000263409089D0>: Failed to resolve 't.me' ([Errno 11001] getaddrinfo failed)"))
HTTPSConnectionPool(host='t.me', port=443): Max retries exceeded with url: /amtmedyaduyuru/2?embed=1&mode=tme (Caused by NameResolutionError("<urllib3.connection.HTTPSConnection object at 0x0000026340FE3F50>: Failed to resolve 't.me' ([Errno 11001] getaddrinfo failed)"))
HTTPSConnectionPool(host='t.me', port=443): Max retries exceeded with url: /amtmedyaduyuru/2?embed=1&mode=tme (Caused by NameResolutionError("<urllib3.connection.HTTPSConnection object at 0x0000026340FF87D0>: Failed to resolve 't.me' ([Errno 11001] getaddrinfo failed)"))
HTTPSConnectionPool(host='t.me', port=443): Max retries exceeded with url: /amtmedyaduyuru/2?embed=1&mode=tme (Caused by NameResolutionError("<urllib3.connection.HTTPSConnection object at 0x0000026341005510>: Failed to resolve 't.me' ([Errno 11001] getaddrinfo failed)"))
HTTPSConnectionPool(host='t.me', port=443): Max retries exceeded with url: /amtmedyaduyuru/2?embed=1&mode=tme (Caused by NameResolutionError("<urllib3.connection.HTTPSConnection object at 0x0000026341007410>: Failed to resolve 't.me' ([Errno 11001] getaddrinfo failed)"))
HTTPSConnectionPool(host='t.me', port=443): Max retries exceeded with url: /amtmedyaduyuru/2?embed=1&mode=tme (Caused by NameResolutionError("<urllib3.connection.HTTPSConnection object at 0x0000026341006F90>: Failed to resolve 't.me' ([Errno 11001] getaddrinfo failed)"))
HTTPSConnectionPool(host='t.me', port=443): Max retries exceeded with url: /amtmedyaduyuru/2?embed=1&mode=tme (Caused by NameResolutionError("<urllib3.connection.HTTPSConnection object at 0x0000026341004B50>: Failed to resolve 't.me' ([Errno 11001] getaddrinfo failed)"))
HTTPSConnectionPool(host='t.me', port=443): Max retries exceeded with url: /amtmedyaduyuru/2?embed=1&mode=tme (Caused by NameResolutionError("<urllib3.connection.HTTPSConnection object at 0x0000026340D91850>: Failed to resolve 't.me' ([Errno 11001] getaddrinfo failed)"))
HTTPSConnectionPool(host='t.me', port=443): Max retries exceeded with url: /amtmedyaduyuru/2?embed=1&mode=tme (Caused by NameResolutionError("<urllib3.connection.HTTPSConnection object at 0x0000026340FFB610>: Failed to resolve 't.me' ([Errno 11001] getaddrinfo failed)"))
HTTPSConnectionPool(host='t.me', port=443): Max retries exceeded with url: /amtmedyaduyuru/2?embed=1&mode=tme (Caused by NameResolutionError("<urllib3.connection.HTTPSConnection object at 0x000002633F866550>: Failed to resolve 't.me' ([Errno 11001] getaddrinfo failed)"))
HTTPSConnectionPool(host='t.me', port=443): Max retries exceeded with url: /amtmedyaduyuru/2?embed=1&mode=tme (Caused by NameResolutionError("<urllib3.connection.HTTPSConnection object at 0x0000026340D7A310>: Failed to resolve 't.me' ([Errno 11001] getaddrinfo failed)"))
HTTPSConnectionPool(host='t.me', port=443): Max retries exceeded with url: /amtmedyaduyuru/2?embed=1&mode=tme (Caused by NameResolutionError("<urllib3.connection.HTTPSConnection object at 0x00000263401283D0>: Failed to resolve 't.me' ([Errno 11001] getaddrinfo failed)"))
HTTPSConnectionPool(host='t.me', port=443): Max retries exceeded with url: /amtmedyaduyuru/2?embed=1&mode=tme (Caused by NameResolutionError("<urllib3.connection.HTTPSConnection object at 0x000002634023F810>: Failed to resolve 't.me' ([Errno 11001] getaddrinfo failed)"))
HTTPSConnectionPool(host='t.me', port=443): Max retries exceeded with url: /amtmedyaduyuru/2?embed=1&mode=tme (Caused by NameResolutionError("<urllib3.connection.HTTPSConnection object at 0x0000026340FFAE50>: Failed to resolve 't.me' ([Errno 11001] getaddrinfo failed)"))
HTTPSConnectionPool(host='t.me', port=443): Max retries exceeded with url: /amtmedyaduyuru/2?embed=1&mode=tme (Caused by NameResolutionError("<urllib3.connection.HTTPSConnection object at 0x000002633FDFCD90>: Failed to resolve 't.me' ([Errno 11001] getaddrinfo failed)"))
HTTPSConnectionPool(host='t.me', port=443): Max retries exceeded with url: /amtmedyaduyuru/2?embed=1&mode=tme (Caused by NameResolutionError("<urllib3.connection.HTTPSConnection object at 0x0000026341004E50>: Failed to resolve 't.me' ([Errno 11001] getaddrinfo failed)"))
HTTPSConnectionPool(host='t.me', port=443): Max retries exceeded with url: /amtmedyaduyuru/2?embed=1&mode=tme (Caused by NameResolutionError("<urllib3.connection.HTTPSConnection object at 0x000002634090A1D0>: Failed to resolve 't.me' ([Errno 11001] getaddrinfo failed)"))
HTTPSConnectionPool(host='t.me', port=443): Max retries exceeded with url: /amtmedyaduyuru/2?embed=1&mode=tme (Caused by NameResolutionError("<urllib3.connection.HTTPSConnection object at 0x000002634019E450>: Failed to resolve 't.me' ([Errno 11001] getaddrinfo failed)"))
HTTPSConnectionPool(host='t.me', port=443): Max retries exceeded with url: /amtmedyaduyuru/2?embed=1&mode=tme (Caused by NameResolutionError("<urllib3.connection.HTTPSConnection object at 0x0000026340AB1990>: Failed to resolve 't.me' ([Errno 11001] getaddrinfo failed)"))
HTTPSConnectionPool(host='t.me', port=443): Max retries exceeded with url: /amtmedyaduyuru/2?embed=1&mode=tme (Caused by NameResolutionError("<urllib3.connection.HTTPSConnection object at 0x0000026340FFBCD0>: Failed to resolve 't.me' ([Errno 11001] getaddrinfo failed)"))
HTTPSConnectionPool(host='t.me', port=443): Max retries exceeded with url: /amtmedyaduyuru/2?embed=1&mode=tme (Caused by NameResolutionError("<urllib3.connection.HTTPSConnection object at 0x0000026340FF98D0>: Failed to resolve 't.me' ([Errno 11001] getaddrinfo failed)"))
HTTPSConnectionPool(host='t.me', port=443): Max retries exceeded with url: /amtmedyaduyuru/2?embed=1&mode=tme (Caused by NameResolutionError("<urllib3.connection.HTTPSConnection object at 0x0000026340FE0FD0>: Failed to resolve 't.me' ([Errno 11001] getaddrinfo failed)"))
HTTPSConnectionPool(host='t.me', port=443): Max retries exceeded with url: /amtmedyaduyuru/2?embed=1&mode=tme (Caused by NameResolutionError("<urllib3.connection.HTTPSConnection object at 0x0000026340453C90>: Failed to resolve 't.me' ([Errno 11001] getaddrinfo failed)"))
HTTPSConnectionPool(host='t.me', port=443): Max retries exceeded with url: /amtmedyaduyuru/2?embed=1&mode=tme (Caused by NameResolutionError("<urllib3.connection.HTTPSConnection object at 0x0000026340FFB490>: Failed to resolve 't.me' ([Errno 11001] getaddrinfo failed)"))
HTTPSConnectionPool(host='t.me', port=443): Max retries exceeded with url: /amtmedyaduyuru/2?embed=1&mode=tme (Caused by NameResolutionError("<urllib3.connection.HTTPSConnection object at 0x00000263405D8BD0>: Failed to resolve 't.me' ([Errno 11001] getaddrinfo failed)"))
HTTPSConnectionPool(host='t.me', port=443): Max retries exceeded with url: /amtmedyaduyuru/2?embed=1&mode=tme (Caused by NameResolutionError("<urllib3.connection.HTTPSConnection object at 0x00000263407CAA10>: Failed to resolve 't.me' ([Errno 11001] getaddrinfo failed)"))
HTTPSConnectionPool(host='t.me', port=443): Max retries exceeded with url: /amtmedyaduyuru/2?embed=1&mode=tme (Caused by NameResolutionError("<urllib3.connection.HTTPSConnection object at 0x0000026340FE2AD0>: Failed to resolve 't.me' ([Errno 11001] getaddrinfo failed)"))
HTTPSConnectionPool(host='t.me', port=443): Max retries exceeded with url: /amtmedyaduyuru/2?embed=1&mode=tme (Caused by NameResolutionError("<urllib3.connection.HTTPSConnection object at 0x0000026340FB1ED0>: Failed to resolve 't.me' ([Errno 11001] getaddrinfo failed)"))
HTTPSConnectionPool(host='t.me', port=443): Max retries exceeded with url: /amtmedyaduyuru/2?embed=1&mode=tme (Caused by NameResolutionError("<urllib3.connection.HTTPSConnection object at 0x000002634010DE90>: Failed to resolve 't.me' ([Errno 11001] getaddrinfo failed)"))
HTTPSConnectionPool(host='t.me', port=443): Max retries exceeded with url: /amtmedyaduyuru/2?embed=1&mode=tme (Caused by NameResolutionError("<urllib3.connection.HTTPSConnection object at 0x0000026340936B10>: Failed to resolve 't.me' ([Errno 11001] getaddrinfo failed)"))
HTTPSConnectionPool(host='t.me', port=443): Max retries exceeded with url: /amtmedyaduyuru/2?embed=1&mode=tme (Caused by NameResolutionError("<urllib3.connection.HTTPSConnection object at 0x0000026340BC4B10>: Failed to resolve 't.me' ([Errno 11001] getaddrinfo failed)"))
HTTPSConnectionPool(host='t.me', port=443): Max retries exceeded with url: /amtmedyaduyuru/2?embed=1&mode=tme (Caused by NameResolutionError("<urllib3.connection.HTTPSConnection object at 0x0000026340FF87D0>: Failed to resolve 't.me' ([Errno 11001] getaddrinfo failed)"))
HTTPSConnectionPool(host='t.me', port=443): Max retries exceeded with url: /amtmedyaduyuru/2?embed=1&mode=tme (Caused by NameResolutionError("<urllib3.connection.HTTPSConnection object at 0x0000026340D554D0>: Failed to resolve 't.me' ([Errno 11001] getaddrinfo failed)"))
HTTPSConnectionPool(host='t.me', port=443): Max retries exceeded with url: /amtmedyaduyuru/2?embed=1&mode=tme (Caused by NameResolutionError("<urllib3.connection.HTTPSConnection object at 0x000002634050A210>: Failed to resolve 't.me' ([Errno 11001] getaddrinfo failed)"))
HTTPSConnectionPool(host='t.me', port=443): Max retries exceeded with url: /amtmedyaduyuru/2?embed=1&mode=tme (Caused by NameResolutionError("<urllib3.connection.HTTPSConnection object at 0x0000026340C12090>: Failed to resolve 't.me' ([Errno 11001] getaddrinfo failed)"))
HTTPSConnectionPool(host='t.me', port=443): Max retries exceeded with url: /amtmedyaduyuru/2?embed=1&mode=tme (Caused by NameResolutionError("<urllib3.connection.HTTPSConnection object at 0x00000263401C5B50>: Failed to resolve 't.me' ([Errno 11001] getaddrinfo failed)"))
HTTPSConnectionPool(host='t.me', port=443): Max retries exceeded with url: /amtmedyaduyuru/2?embed=1&mode=tme (Caused by NameResolutionError("<urllib3.connection.HTTPSConnection object at 0x000002633FCD1750>: Failed to resolve 't.me' ([Errno 11001] getaddrinfo failed)"))
HTTPSConnectionPool(host='t.me', port=443): Max retries exceeded with url: /amtmedyaduyuru/2?embed=1&mode=tme (Caused by NameResolutionError("<urllib3.connection.HTTPSConnection object at 0x000002633B8AAE50>: Failed to resolve 't.me' ([Errno 11001] getaddrinfo failed)"))
HTTPSConnectionPool(host='t.me', port=443): Max retries exceeded with url: /amtmedyaduyuru/2?embed=1&mode=tme (Caused by NameResolutionError("<urllib3.connection.HTTPSConnection object at 0x0000026340D063D0>: Failed to resolve 't.me' ([Errno 11001] getaddrinfo failed)"))
HTTPSConnectionPool(host='t.me', port=443): Max retries exceeded with url: /amtmedyaduyuru/2?embed=1&mode=tme (Caused by NameResolutionError("<urllib3.connection.HTTPSConnection object at 0x00000263407AD910>: Failed to resolve 't.me' ([Errno 11001] getaddrinfo failed)"))
HTTPSConnectionPool(host='t.me', port=443): Max retries exceeded with url: /amtmedyaduyuru/2?embed=1&mode=tme (Caused by NameResolutionError("<urllib3.connection.HTTPSConnection object at 0x000002633A77F090>: Failed to resolve 't.me' ([Errno 11001] getaddrinfo failed)"))
HTTPSConnectionPool(host='t.me', port=443): Max retries exceeded with url: /amtmedyaduyuru/2?embed=1&mode=tme (Caused by NameResolutionError("<urllib3.connection.HTTPSConnection object at 0x00000263404D4F50>: Failed to resolve 't.me' ([Errno 11001] getaddrinfo failed)"))
HTTPSConnectionPool(host='t.me', port=443): Max retries exceeded with url: /amtmedyaduyuru/2?embed=1&mode=tme (Caused by NameResolutionError("<urllib3.connection.HTTPSConnection object at 0x0000026340D57A10>: Failed to resolve 't.me' ([Errno 11001] getaddrinfo failed)"))
HTTPSConnectionPool(host='t.me', port=443): Max retries exceeded with url: /amtmedyaduyuru/2?embed=1&mode=tme (Caused by NameResolutionError("<urllib3.connection.HTTPSConnection object at 0x0000026340FE0A10>: Failed to resolve 't.me' ([Errno 11001] getaddrinfo failed)"))
HTTPSConnectionPool(host='t.me', port=443): Max retries exceeded with url: /amtmedyaduyuru/2?embed=1&mode=tme (Caused by NameResolutionError("<urllib3.connection.HTTPSConnection object at 0x0000026340D79950>: Failed to resolve 't.me' ([Errno 11001] getaddrinfo failed)"))
HTTPSConnectionPool(host='t.me', port=443): Max retries exceeded with url: /amtmedyaduyuru/2?embed=1&mode=tme (Caused by NameResolutionError("<urllib3.connection.HTTPSConnection object at 0x00000263410043D0>: Failed to resolve 't.me' ([Errno 11001] getaddrinfo failed)"))
HTTPSConnectionPool(host='t.me', port=443): Max retries exceeded with url: /amtmedyaduyuru/2?embed=1&mode=tme (Caused by NameResolutionError("<urllib3.connection.HTTPSConnection object at 0x0000026340FC1DD0>: Failed to resolve 't.me' ([Errno 11001] getaddrinfo failed)"))
HTTPSConnectionPool(host='t.me', port=443): Max retries exceeded with url: /amtmedyaduyuru/2?embed=1&mode=tme (Caused by NameResolutionError("<urllib3.connection.HTTPSConnection object at 0x000002633FFFA450>: Failed to resolve 't.me' ([Errno 11001] getaddrinfo failed)"))
HTTPSConnectionPool(host='t.me', port=443): Max retries exceeded with url: /amtmedyaduyuru/2?embed=1&mode=tme (Caused by NameResolutionError("<urllib3.connection.HTTPSConnection object at 0x0000026340452550>: Failed to resolve 't.me' ([Errno 11001] getaddrinfo failed)"))
HTTPSConnectionPool(host='t.me', port=443): Max retries exceeded with url: /amtmedyaduyuru/2?embed=1&mode=tme (Caused by NameResolutionError("<urllib3.connection.HTTPSConnection object at 0x00000263407E0490>: Failed to resolve 't.me' ([Errno 11001] getaddrinfo failed)"))
HTTPSConnectionPool(host='t.me', port=443): Max retries exceeded with url: /amtmedyaduyuru/2?embed=1&mode=tme (Caused by NameResolutionError("<urllib3.connection.HTTPSConnection object at 0x0000026340FE32D0>: Failed to resolve 't.me' ([Errno 11001] getaddrinfo failed)"))
HTTPSConnectionPool(host='t.me', port=443): Max retries exceeded with url: /amtmedyaduyuru/2?embed=1&mode=tme (Caused by NameResolutionError("<urllib3.connection.HTTPSConnection object at 0x000002633C70A650>: Failed to resolve 't.me' ([Errno 11001] getaddrinfo failed)"))
HTTPSConnectionPool(host='t.me', port=443): Max retries exceeded with url: /amtmedyaduyuru/2?embed=1&mode=tme (Caused by NameResolutionError("<urllib3.connection.HTTPSConnection object at 0x00000263403ADB50>: Failed to resolve 't.me' ([Errno 11001] getaddrinfo failed)"))
HTTPSConnectionPool(host='t.me', port=443): Max retries exceeded with url: /amtmedyaduyuru/2?embed=1&mode=tme (Caused by NameResolutionError("<urllib3.connection.HTTPSConnection object at 0x000002634041A4D0>: Failed to resolve 't.me' ([Errno 11001] getaddrinfo failed)"))
HTTPSConnectionPool(host='t.me', port=443): Max retries exceeded with url: /amtmedyaduyuru/2?embed=1&mode=tme (Caused by NameResolutionError("<urllib3.connection.HTTPSConnection object at 0x00000263401B2B90>: Failed to resolve 't.me' ([Errno 11001] getaddrinfo failed)"))
HTTPSConnectionPool(host='t.me', port=443): Max retries exceeded with url: /amtmedyaduyuru/2?embed=1&mode=tme (Caused by NameResolutionError("<urllib3.connection.HTTPSConnection object at 0x00000263408252D0>: Failed to resolve 't.me' ([Errno 11001] getaddrinfo failed)"))
HTTPSConnectionPool(host='t.me', port=443): Max retries exceeded with url: /amtmedyaduyuru/2?embed=1&mode=tme (Caused by NameResolutionError("<urllib3.connection.HTTPSConnection object at 0x0000026340D8BD50>: Failed to resolve 't.me' ([Errno 11001] getaddrinfo failed)"))
HTTPSConnectionPool(host='t.me', port=443): Max retries exceeded with url: /amtmedyaduyuru/2?embed=1&mode=tme (Caused by NameResolutionError("<urllib3.connection.HTTPSConnection object at 0x0000026340379C50>: Failed to resolve 't.me' ([Errno 11001] getaddrinfo failed)"))
HTTPSConnectionPool(host='t.me', port=443): Max retries exceeded with url: /amtmedyaduyuru/2?embed=1&mode=tme (Caused by NameResolutionError("<urllib3.connection.HTTPSConnection object at 0x0000026340BEA310>: Failed to resolve 't.me' ([Errno 11001] getaddrinfo failed)"))
HTTPSConnectionPool(host='t.me', port=443): Max retries exceeded with url: /amtmedyaduyuru/2?embed=1&mode=tme (Caused by NameResolutionError("<urllib3.connection.HTTPSConnection object at 0x00000263410050D0>: Failed to resolve 't.me' ([Errno 11001] getaddrinfo failed)"))
HTTPSConnectionPool(host='t.me', port=443): Max retries exceeded with url: /amtmedyaduyuru/2?embed=1&mode=tme (Caused by NameResolutionError("<urllib3.connection.HTTPSConnection object at 0x0000026340BEA550>: Failed to resolve 't.me' ([Errno 11001] getaddrinfo failed)"))
HTTPSConnectionPool(host='t.me', port=443): Max retries exceeded with url: /amtmedyaduyuru/2?embed=1&mode=tme (Caused by NameResolutionError("<urllib3.connection.HTTPSConnection object at 0x000002633F9CEE10>: Failed to resolve 't.me' ([Errno 11001] getaddrinfo failed)"))
HTTPSConnectionPool(host='t.me', port=443): Max retries exceeded with url: /amtmedyaduyuru/2?embed=1&mode=tme (Caused by NameResolutionError("<urllib3.connection.HTTPSConnection object at 0x000002633FDFFBD0>: Failed to resolve 't.me' ([Errno 11001] getaddrinfo failed)"))
HTTPSConnectionPool(host='t.me', port=443): Max retries exceeded with url: /amtmedyaduyuru/2?embed=1&mode=tme (Caused by NameResolutionError("<urllib3.connection.HTTPSConnection object at 0x0000026340D78390>: Failed to resolve 't.me' ([Errno 11001] getaddrinfo failed)"))
HTTPSConnectionPool(host='t.me', port=443): Max retries exceeded with url: /amtmedyaduyuru/2?embed=1&mode=tme (Caused by NameResolutionError("<urllib3.connection.HTTPSConnection object at 0x0000026340FE0750>: Failed to resolve 't.me' ([Errno 11001] getaddrinfo failed)"))
HTTPSConnectionPool(host='t.me', port=443): Max retries exceeded with url: /amtmedyaduyuru/2?embed=1&mode=tme (Caused by NameResolutionError("<urllib3.connection.HTTPSConnection object at 0x000002633FE87090>: Failed to resolve 't.me' ([Errno 11001] getaddrinfo failed)"))
HTTPSConnectionPool(host='t.me', port=443): Max retries exceeded with url: /amtmedyaduyuru/2?embed=1&mode=tme (Caused by NameResolutionError("<urllib3.connection.HTTPSConnection object at 0x000002633FC4F410>: Failed to resolve 't.me' ([Errno 11001] getaddrinfo failed)"))
HTTPSConnectionPool(host='t.me', port=443): Max retries exceeded with url: /amtmedyaduyuru/2?embed=1&mode=tme (Caused by NameResolutionError("<urllib3.connection.HTTPSConnection object at 0x0000026340D8B6D0>: Failed to resolve 't.me' ([Errno 11001] getaddrinfo failed)"))
HTTPSConnectionPool(host='t.me', port=443): Max retries exceeded with url: /amtmedyaduyuru/2?embed=1&mode=tme (Caused by NameResolutionError("<urllib3.connection.HTTPSConnection object at 0x000002633C3F5B90>: Failed to resolve 't.me' ([Errno 11001] getaddrinfo failed)"))
HTTPSConnectionPool(host='t.me', port=443): Max retries exceeded with url: /amtmedyaduyuru/2?embed=1&mode=tme (Caused by NameResolutionError("<urllib3.connection.HTTPSConnection object at 0x0000026340D06F90>: Failed to resolve 't.me' ([Errno 11001] getaddrinfo failed)"))
HTTPSConnectionPool(host='t.me', port=443): Max retries exceeded with url: /amtmedyaduyuru/2?embed=1&mode=tme (Caused by NameResolutionError("<urllib3.connection.HTTPSConnection object at 0x0000026340D05C50>: Failed to resolve 't.me' ([Errno 11001] getaddrinfo failed)"))
HTTPSConnectionPool(host='t.me', port=443): Max retries exceeded with url: /amtmedyaduyuru/2?embed=1&mode=tme (Caused by NameResolutionError("<urllib3.connection.HTTPSConnection object at 0x0000026340BEACD0>: Failed to resolve 't.me' ([Errno 11001] getaddrinfo failed)"))
HTTPSConnectionPool(host='t.me', port=443): Max retries exceeded with url: /amtmedyaduyuru/2?embed=1&mode=tme (Caused by NameResolutionError("<urllib3.connection.HTTPSConnection object at 0x0000026340D92250>: Failed to resolve 't.me' ([Errno 11001] getaddrinfo failed)"))
HTTPSConnectionPool(host='t.me', port=443): Max retries exceeded with url: /amtmedyaduyuru/2?embed=1&mode=tme (Caused by NameResolutionError("<urllib3.connection.HTTPSConnection object at 0x000002634030BF10>: Failed to resolve 't.me' ([Errno 11001] getaddrinfo failed)"))
HTTPSConnectionPool(host='t.me', port=443): Max retries exceeded with url: /amtmedyaduyuru/2?embed=1&mode=tme (Caused by NameResolutionError("<urllib3.connection.HTTPSConnection object at 0x00000263400850D0>: Failed to resolve 't.me' ([Errno 11001] getaddrinfo failed)"))
HTTPSConnectionPool(host='t.me', port=443): Max retries exceeded with url: /amtmedyaduyuru/2?embed=1&mode=tme (Caused by NameResolutionError("<urllib3.connection.HTTPSConnection object at 0x0000026340824FD0>: Failed to resolve 't.me' ([Errno 11001] getaddrinfo failed)"))
HTTPSConnectionPool(host='t.me', port=443): Max retries exceeded with url: /amtmedyaduyuru/2?embed=1&mode=tme (Caused by NameResolutionError("<urllib3.connection.HTTPSConnection object at 0x000002634098A190>: Failed to resolve 't.me' ([Errno 11001] getaddrinfo failed)"))
HTTPSConnectionPool(host='t.me', port=443): Max retries exceeded with url: /amtmedyaduyuru/2?embed=1&mode=tme (Caused by NameResolutionError("<urllib3.connection.HTTPSConnection object at 0x000002633FDD7B50>: Failed to resolve 't.me' ([Errno 11001] getaddrinfo failed)"))
HTTPSConnectionPool(host='t.me', port=443): Max retries exceeded with url: /amtmedyaduyuru/2?embed=1&mode=tme (Caused by NameResolutionError("<urllib3.connection.HTTPSConnection object at 0x0000026340C00DD0>: Failed to resolve 't.me' ([Errno 11001] getaddrinfo failed)"))
HTTPSConnectionPool(host='t.me', port=443): Max retries exceeded with url: /amtmedyaduyuru/2?embed=1&mode=tme (Caused by NameResolutionError("<urllib3.connection.HTTPSConnection object at 0x000002633B9C40D0>: Failed to resolve 't.me' ([Errno 11001] getaddrinfo failed)"))
HTTPSConnectionPool(host='t.me', port=443): Max retries exceeded with url: /amtmedyaduyuru/2?embed=1&mode=tme (Caused by NameResolutionError("<urllib3.connection.HTTPSConnection object at 0x00000263401388D0>: Failed to resolve 't.me' ([Errno 11001] getaddrinfo failed)"))
HTTPSConnectionPool(host='t.me', port=443): Max retries exceeded with url: /amtmedyaduyuru/2?embed=1&mode=tme (Caused by NameResolutionError("<urllib3.connection.HTTPSConnection object at 0x000002633FAA3B90>: Failed to resolve 't.me' ([Errno 11001] getaddrinfo failed)"))
HTTPSConnectionPool(host='t.me', port=443): Max retries exceeded with url: /amtmedyaduyuru/2?embed=1&mode=tme (Caused by NameResolutionError("<urllib3.connection.HTTPSConnection object at 0x0000026340D8A850>: Failed to resolve 't.me' ([Errno 11001] getaddrinfo failed)"))
HTTPSConnectionPool(host='t.me', port=443): Max retries exceeded with url: /amtmedyaduyuru/2?embed=1&mode=tme (Caused by NameResolutionError("<urllib3.connection.HTTPSConnection object at 0x000002633E0F7710>: Failed to resolve 't.me' ([Errno 11001] getaddrinfo failed)"))
HTTPSConnectionPool(host='t.me', port=443): Max retries exceeded with url: /amtmedyaduyuru/2?embed=1&mode=tme (Caused by NameResolutionError("<urllib3.connection.HTTPSConnection object at 0x000002633FEC3590>: Failed to resolve 't.me' ([Errno 11001] getaddrinfo failed)"))
HTTPSConnectionPool(host='t.me', port=443): Max retries exceeded with url: /amtmedyaduyuru/2?embed=1&mode=tme (Caused by NameResolutionError("<urllib3.connection.HTTPSConnection object at 0x0000026340909610>: Failed to resolve 't.me' ([Errno 11001] getaddrinfo failed)"))
HTTPSConnectionPool(host='t.me', port=443): Max retries exceeded with url: /amtmedyaduyuru/2?embed=1&mode=tme (Caused by NameResolutionError("<urllib3.connection.HTTPSConnection object at 0x0000026340B72550>: Failed to resolve 't.me' ([Errno 11001] getaddrinfo failed)"))
HTTPSConnectionPool(host='t.me', port=443): Max retries exceeded with url: /amtmedyaduyuru/2?embed=1&mode=tme (Caused by NameResolutionError("<urllib3.connection.HTTPSConnection object at 0x000002634050F310>: Failed to resolve 't.me' ([Errno 11001] getaddrinfo failed)"))
HTTPSConnectionPool(host='t.me', port=443): Max retries exceeded with url: /amtmedyaduyuru/2?embed=1&mode=tme (Caused by NameResolutionError("<urllib3.connection.HTTPSConnection object at 0x00000263401A7190>: Failed to resolve 't.me' ([Errno 11001] getaddrinfo failed)"))
HTTPSConnectionPool(host='t.me', port=443): Max retries exceeded with url: /amtmedyaduyuru/2?embed=1&mode=tme (Caused by NameResolutionError("<urllib3.connection.HTTPSConnection object at 0x000002633FA95050>: Failed to resolve 't.me' ([Errno 11001] getaddrinfo failed)"))
HTTPSConnectionPool(host='t.me', port=443): Max retries exceeded with url: /amtmedyaduyuru/2?embed=1&mode=tme (Caused by NameResolutionError("<urllib3.connection.HTTPSConnection object at 0x0000026340BE9610>: Failed to resolve 't.me' ([Errno 11001] getaddrinfo failed)"))
HTTPSConnectionPool(host='t.me', port=443): Max retries exceeded with url: /amtmedyaduyuru/2?embed=1&mode=tme (Caused by NameResolutionError("<urllib3.connection.HTTPSConnection object at 0x000002633FF50F90>: Failed to resolve 't.me' ([Errno 11001] getaddrinfo failed)"))
HTTPSConnectionPool(host='t.me', port=443): Max retries exceeded with url: /amtmedyaduyuru/2?embed=1&mode=tme (Caused by NameResolutionError("<urllib3.connection.HTTPSConnection object at 0x00000263404AC750>: Failed to resolve 't.me' ([Errno 11001] getaddrinfo failed)"))
HTTPSConnectionPool(host='t.me', port=443): Max retries exceeded with url: /amtmedyaduyuru/2?embed=1&mode=tme (Caused by NameResolutionError("<urllib3.connection.HTTPSConnection object at 0x00000263403D6110>: Failed to resolve 't.me' ([Errno 11001] getaddrinfo failed)"))
HTTPSConnectionPool(host='t.me', port=443): Max retries exceeded with url: /amtmedyaduyuru/2?embed=1&mode=tme (Caused by NameResolutionError("<urllib3.connection.HTTPSConnection object at 0x0000026340E8BF90>: Failed to resolve 't.me' ([Errno 11001] getaddrinfo failed)"))
HTTPSConnectionPool(host='t.me', port=443): Max retries exceeded with url: /amtmedyaduyuru/2?embed=1&mode=tme (Caused by NameResolutionError("<urllib3.connection.HTTPSConnection object at 0x0000026340407290>: Failed to resolve 't.me' ([Errno 11001] getaddrinfo failed)"))
HTTPSConnectionPool(host='t.me', port=443): Max retries exceeded with url: /amtmedyaduyuru/2?embed=1&mode=tme (Caused by NameResolutionError("<urllib3.connection.HTTPSConnection object at 0x0000026341006CD0>: Failed to resolve 't.me' ([Errno 11001] getaddrinfo failed)"))
HTTPSConnectionPool(host='t.me', port=443): Max retries exceeded with url: /amtmedyaduyuru/2?embed=1&mode=tme (Caused by NameResolutionError("<urllib3.connection.HTTPSConnection object at 0x000002633C6BC810>: Failed to resolve 't.me' ([Errno 11001] getaddrinfo failed)"))
HTTPSConnectionPool(host='t.me', port=443): Max retries exceeded with url: /amtmedyaduyuru/2?embed=1&mode=tme (Caused by NameResolutionError("<urllib3.connection.HTTPSConnection object at 0x000002633E023810>: Failed to resolve 't.me' ([Errno 11001] getaddrinfo failed)"))
HTTPSConnectionPool(host='t.me', port=443): Max retries exceeded with url: /amtmedyaduyuru/2?embed=1&mode=tme (Caused by NameResolutionError("<urllib3.connection.HTTPSConnection object at 0x0000026340E8BFD0>: Failed to resolve 't.me' ([Errno 11001] getaddrinfo failed)"))
HTTPSConnectionPool(host='t.me', port=443): Max retries exceeded with url: /amtmedyaduyuru/2?embed=1&mode=tme (Caused by NameResolutionError("<urllib3.connection.HTTPSConnection object at 0x000002633ACDCA90>: Failed to resolve 't.me' ([Errno 11001] getaddrinfo failed)"))
HTTPSConnectionPool(host='t.me', port=443): Max retries exceeded with url: /amtmedyaduyuru/2?embed=1&mode=tme (Caused by NameResolutionError("<urllib3.connection.HTTPSConnection object at 0x00000263408C7450>: Failed to resolve 't.me' ([Errno 11001] getaddrinfo failed)"))
HTTPSConnectionPool(host='t.me', port=443): Max retries exceeded with url: /amtmedyaduyuru/2?embed=1&mode=tme (Caused by NameResolutionError("<urllib3.connection.HTTPSConnection object at 0x0000026340876510>: Failed to resolve 't.me' ([Errno 11001] getaddrinfo failed)"))
HTTPSConnectionPool(host='t.me', port=443): Max retries exceeded with url: /amtmedyaduyuru/2?embed=1&mode=tme (Caused by NameResolutionError("<urllib3.connection.HTTPSConnection object at 0x000002633FA3D990>: Failed to resolve 't.me' ([Errno 11001] getaddrinfo failed)"))
HTTPSConnectionPool(host='t.me', port=443): Max retries exceeded with url: /amtmedyaduyuru/2?embed=1&mode=tme (Caused by NameResolutionError("<urllib3.connection.HTTPSConnection object at 0x0000026340D059D0>: Failed to resolve 't.me' ([Errno 11001] getaddrinfo failed)"))
HTTPSConnectionPool(host='t.me', port=443): Max retries exceeded with url: /amtmedyaduyuru/2?embed=1&mode=tme (Caused by NameResolutionError("<urllib3.connection.HTTPSConnection object at 0x000002633FF64390>: Failed to resolve 't.me' ([Errno 11001] getaddrinfo failed)"))
HTTPSConnectionPool(host='t.me', port=443): Max retries exceeded with url: /amtmedyaduyuru/2?embed=1&mode=tme (Caused by NameResolutionError("<urllib3.connection.HTTPSConnection object at 0x0000026340586E50>: Failed to resolve 't.me' ([Errno 11001] getaddrinfo failed)"))
HTTPSConnectionPool(host='t.me', port=443): Max retries exceeded with url: /amtmedyaduyuru/2?embed=1&mode=tme (Caused by NameResolutionError("<urllib3.connection.HTTPSConnection object at 0x0000026340E8BB50>: Failed to resolve 't.me' ([Errno 11001] getaddrinfo failed)"))
HTTPSConnectionPool(host='t.me', port=443): Max retries exceeded with url: /amtmedyaduyuru/2?embed=1&mode=tme (Caused by NameResolutionError("<urllib3.connection.HTTPSConnection object at 0x000002634099B890>: Failed to resolve 't.me' ([Errno 11001] getaddrinfo failed)"))
HTTPSConnectionPool(host='t.me', port=443): Max retries exceeded with url: /amtmedyaduyuru/2?embed=1&mode=tme (Caused by NameResolutionError("<urllib3.connection.HTTPSConnection object at 0x00000263406665D0>: Failed to resolve 't.me' ([Errno 11001] getaddrinfo failed)"))
HTTPSConnectionPool(host='t.me', port=443): Max retries exceeded with url: /amtmedyaduyuru/2?embed=1&mode=tme (Caused by NameResolutionError("<urllib3.connection.HTTPSConnection object at 0x000002633E370550>: Failed to resolve 't.me' ([Errno 11001] getaddrinfo failed)"))
HTTPSConnectionPool(host='t.me', port=443): Max retries exceeded with url: /amtmedyaduyuru/2?embed=1&mode=tme (Caused by NameResolutionError("<urllib3.connection.HTTPSConnection object at 0x0000026340AA9BD0>: Failed to resolve 't.me' ([Errno 11001] getaddrinfo failed)"))
HTTPSConnectionPool(host='t.me', port=443): Max retries exceeded with url: /amtmedyaduyuru/2?embed=1&mode=tme (Caused by NameResolutionError("<urllib3.connection.HTTPSConnection object at 0x0000026340FE3C50>: Failed to resolve 't.me' ([Errno 11001] getaddrinfo failed)"))
HTTPSConnectionPool(host='t.me', port=443): Max retries exceeded with url: /amtmedyaduyuru/2?embed=1&mode=tme (Caused by NameResolutionError("<urllib3.connection.HTTPSConnection object at 0x000002633FACBF90>: Failed to resolve 't.me' ([Errno 11001] getaddrinfo failed)"))
HTTPSConnectionPool(host='t.me', port=443): Max retries exceeded with url: /amtmedyaduyuru/2?embed=1&mode=tme (Caused by NameResolutionError("<urllib3.connection.HTTPSConnection object at 0x0000026340542F90>: Failed to resolve 't.me' ([Errno 11001] getaddrinfo failed)"))
HTTPSConnectionPool(host='t.me', port=443): Max retries exceeded with url: /amtmedyaduyuru/2?embed=1&mode=tme (Caused by NameResolutionError("<urllib3.connection.HTTPSConnection object at 0x000002633E056190>: Failed to resolve 't.me' ([Errno 11001] getaddrinfo failed)"))
HTTPSConnectionPool(host='t.me', port=443): Max retries exceeded with url: /amtmedyaduyuru/2?embed=1&mode=tme (Caused by NameResolutionError("<urllib3.connection.HTTPSConnection object at 0x0000026340A5AD10>: Failed to resolve 't.me' ([Errno 11001] getaddrinfo failed)"))
HTTPSConnectionPool(host='t.me', port=443): Max retries exceeded with url: /amtmedyaduyuru/2?embed=1&mode=tme (Caused by NameResolutionError("<urllib3.connection.HTTPSConnection object at 0x000002633B62B3D0>: Failed to resolve 't.me' ([Errno 11001] getaddrinfo failed)"))
HTTPSConnectionPool(host='t.me', port=443): Max retries exceeded with url: /amtmedyaduyuru/2?embed=1&mode=tme (Caused by NameResolutionError("<urllib3.connection.HTTPSConnection object at 0x0000026340D91F10>: Failed to resolve 't.me' ([Errno 11001] getaddrinfo failed)"))
HTTPSConnectionPool(host='t.me', port=443): Max retries exceeded with url: /amtmedyaduyuru/2?embed=1&mode=tme (Caused by NameResolutionError("<urllib3.connection.HTTPSConnection object at 0x0000026336630710>: Failed to resolve 't.me' ([Errno 11001] getaddrinfo failed)"))
HTTPSConnectionPool(host='t.me', port=443): Max retries exceeded with url: /amtmedyaduyuru/2?embed=1&mode=tme (Caused by NameResolutionError("<urllib3.connection.HTTPSConnection object at 0x00000263402B6990>: Failed to resolve 't.me' ([Errno 11001] getaddrinfo failed)"))
HTTPSConnectionPool(host='t.me', port=443): Max retries exceeded with url: /amtmedyaduyuru/2?embed=1&mode=tme (Caused by NameResolutionError("<urllib3.connection.HTTPSConnection object at 0x000002633C3981D0>: Failed to resolve 't.me' ([Errno 11001] getaddrinfo failed)"))
HTTPSConnectionPool(host='t.me', port=443): Max retries exceeded with url: /amtmedyaduyuru/2?embed=1&mode=tme (Caused by NameResolutionError("<urllib3.connection.HTTPSConnection object at 0x0000026340AA9DD0>: Failed to resolve 't.me' ([Errno 11001] getaddrinfo failed)"))
HTTPSConnectionPool(host='t.me', port=443): Max retries exceeded with url: /amtmedyaduyuru/2?embed=1&mode=tme (Caused by NameResolutionError("<urllib3.connection.HTTPSConnection object at 0x00000263405D8310>: Failed to resolve 't.me' ([Errno 11001] getaddrinfo failed)"))
HTTPSConnectionPool(host='t.me', port=443): Max retries exceeded with url: /amtmedyaduyuru/2?embed=1&mode=tme (Caused by NameResolutionError("<urllib3.connection.HTTPSConnection object at 0x000002633E1B3210>: Failed to resolve 't.me' ([Errno 11001] getaddrinfo failed)"))
HTTPSConnectionPool(host='t.me', port=443): Max retries exceeded with url: /amtmedyaduyuru/2?embed=1&mode=tme (Caused by NameResolutionError("<urllib3.connection.HTTPSConnection object at 0x0000026340744C90>: Failed to resolve 't.me' ([Errno 11001] getaddrinfo failed)"))
HTTPSConnectionPool(host='t.me', port=443): Max retries exceeded with url: /amtmedyaduyuru/2?embed=1&mode=tme (Caused by NameResolutionError("<urllib3.connection.HTTPSConnection object at 0x00000263408DA910>: Failed to resolve 't.me' ([Errno 11001] getaddrinfo failed)"))
HTTPSConnectionPool(host='t.me', port=443): Max retries exceeded with url: /amtmedyaduyuru/2?embed=1&mode=tme (Caused by NameResolutionError("<urllib3.connection.HTTPSConnection object at 0x000002633BA8D110>: Failed to resolve 't.me' ([Errno 11001] getaddrinfo failed)"))
HTTPSConnectionPool(host='t.me', port=443): Max retries exceeded with url: /amtmedyaduyuru/2?embed=1&mode=tme (Caused by NameResolutionError("<urllib3.connection.HTTPSConnection object at 0x0000026340E70290>: Failed to resolve 't.me' ([Errno 11001] getaddrinfo failed)"))
HTTPSConnectionPool(host='t.me', port=443): Max retries exceeded with url: /amtmedyaduyuru/2?embed=1&mode=tme (Caused by NameResolutionError("<urllib3.connection.HTTPSConnection object at 0x000002633C6D7490>: Failed to resolve 't.me' ([Errno 11001] getaddrinfo failed)"))
HTTPSConnectionPool(host='t.me', port=443): Max retries exceeded with url: /amtmedyaduyuru/2?embed=1&mode=tme (Caused by NameResolutionError("<urllib3.connection.HTTPSConnection object at 0x0000026341007990>: Failed to resolve 't.me' ([Errno 11001] getaddrinfo failed)"))
HTTPSConnectionPool(host='t.me', port=443): Max retries exceeded with url: /amtmedyaduyuru/2?embed=1&mode=tme (Caused by NameResolutionError("<urllib3.connection.HTTPSConnection object at 0x0000026341008450>: Failed to resolve 't.me' ([Errno 11001] getaddrinfo failed)"))
HTTPSConnectionPool(host='t.me', port=443): Max retries exceeded with url: /amtmedyaduyuru/2?embed=1&mode=tme (Caused by NameResolutionError("<urllib3.connection.HTTPSConnection object at 0x000002633FFC5310>: Failed to resolve 't.me' ([Errno 11001] getaddrinfo failed)"))
HTTPSConnectionPool(host='t.me', port=443): Max retries exceeded with url: /amtmedyaduyuru/2?embed=1&mode=tme (Caused by NameResolutionError("<urllib3.connection.HTTPSConnection object at 0x0000026340999B90>: Failed to resolve 't.me' ([Errno 11001] getaddrinfo failed)"))
HTTPSConnectionPool(host='t.me', port=443): Max retries exceeded with url: /amtmedyaduyuru/2?embed=1&mode=tme (Caused by NameResolutionError("<urllib3.connection.HTTPSConnection object at 0x000002633F8EF750>: Failed to resolve 't.me' ([Errno 11001] getaddrinfo failed)"))
HTTPSConnectionPool(host='t.me', port=443): Max retries exceeded with url: /amtmedyaduyuru/2?embed=1&mode=tme (Caused by NameResolutionError("<urllib3.connection.HTTPSConnection object at 0x000002633FDA1410>: Failed to resolve 't.me' ([Errno 11001] getaddrinfo failed)"))
HTTPSConnectionPool(host='t.me', port=443): Max retries exceeded with url: /amtmedyaduyuru/2?embed=1&mode=tme (Caused by NameResolutionError("<urllib3.connection.HTTPSConnection object at 0x000002633E140BD0>: Failed to resolve 't.me' ([Errno 11001] getaddrinfo failed)"))
HTTPSConnectionPool(host='t.me', port=443): Max retries exceeded with url: /amtmedyaduyuru/2?embed=1&mode=tme (Caused by NameResolutionError("<urllib3.connection.HTTPSConnection object at 0x00000263404F7510>: Failed to resolve 't.me' ([Errno 11001] getaddrinfo failed)"))
HTTPSConnectionPool(host='t.me', port=443): Max retries exceeded with url: /amtmedyaduyuru/2?embed=1&mode=tme (Caused by NameResolutionError("<urllib3.connection.HTTPSConnection object at 0x000002633FC68F90>: Failed to resolve 't.me' ([Errno 11001] getaddrinfo failed)"))
HTTPSConnectionPool(host='t.me', port=443): Max retries exceeded with url: /amtmedyaduyuru/2?embed=1&mode=tme (Caused by NameResolutionError("<urllib3.connection.HTTPSConnection object at 0x0000026340FFB150>: Failed to resolve 't.me' ([Errno 11001] getaddrinfo failed)"))
HTTPSConnectionPool(host='t.me', port=443): Max retries exceeded with url: /amtmedyaduyuru/2?embed=1&mode=tme (Caused by NameResolutionError("<urllib3.connection.HTTPSConnection object at 0x000002633FAE2ED0>: Failed to resolve 't.me' ([Errno 11001] getaddrinfo failed)"))
HTTPSConnectionPool(host='t.me', port=443): Max retries exceeded with url: /amtmedyaduyuru/2?embed=1&mode=tme (Caused by NameResolutionError("<urllib3.connection.HTTPSConnection object at 0x0000026340757F10>: Failed to resolve 't.me' ([Errno 11001] getaddrinfo failed)"))
HTTPSConnectionPool(host='t.me', port=443): Max retries exceeded with url: /amtmedyaduyuru/2?embed=1&mode=tme (Caused by NameResolutionError("<urllib3.connection.HTTPSConnection object at 0x000002634093C350>: Failed to resolve 't.me' ([Errno 11001] getaddrinfo failed)"))
HTTPSConnectionPool(host='t.me', port=443): Max retries exceeded with url: /amtmedyaduyuru/2?embed=1&mode=tme (Caused by NameResolutionError("<urllib3.connection.HTTPSConnection object at 0x000002634093F610>: Failed to resolve 't.me' ([Errno 11001] getaddrinfo failed)"))
HTTPSConnectionPool(host='t.me', port=443): Max retries exceeded with url: /amtmedyaduyuru/2?embed=1&mode=tme (Caused by NameResolutionError("<urllib3.connection.HTTPSConnection object at 0x000002633F9972D0>: Failed to resolve 't.me' ([Errno 11001] getaddrinfo failed)"))
HTTPSConnectionPool(host='t.me', port=443): Max retries exceeded with url: /amtmedyaduyuru/2?embed=1&mode=tme (Caused by NameResolutionError("<urllib3.connection.HTTPSConnection object at 0x00000263405DB4D0>: Failed to resolve 't.me' ([Errno 11001] getaddrinfo failed)"))
HTTPSConnectionPool(host='t.me', port=443): Max retries exceeded with url: /amtmedyaduyuru/2?embed=1&mode=tme (Caused by NameResolutionError("<urllib3.connection.HTTPSConnection object at 0x000002633FFB5650>: Failed to resolve 't.me' ([Errno 11001] getaddrinfo failed)"))
HTTPSConnectionPool(host='t.me', port=443): Max retries exceeded with url: /amtmedyaduyuru/2?embed=1&mode=tme (Caused by NameResolutionError("<urllib3.connection.HTTPSConnection object at 0x00000263409A8110>: Failed to resolve 't.me' ([Errno 11001] getaddrinfo failed)"))
HTTPSConnectionPool(host='t.me', port=443): Max retries exceeded with url: /amtmedyaduyuru/2?embed=1&mode=tme (Caused by NameResolutionError("<urllib3.connection.HTTPSConnection object at 0x000002633E31A690>: Failed to resolve 't.me' ([Errno 11001] getaddrinfo failed)"))
HTTPSConnectionPool(host='t.me', port=443): Max retries exceeded with url: /amtmedyaduyuru/2?embed=1&mode=tme (Caused by NameResolutionError("<urllib3.connection.HTTPSConnection object at 0x00000263407F8890>: Failed to resolve 't.me' ([Errno 11001] getaddrinfo failed)"))
HTTPSConnectionPool(host='t.me', port=443): Max retries exceeded with url: /amtmedyaduyuru/2?embed=1&mode=tme (Caused by NameResolutionError("<urllib3.connection.HTTPSConnection object at 0x000002633E33B610>: Failed to resolve 't.me' ([Errno 11001] getaddrinfo failed)"))
HTTPSConnectionPool(host='t.me', port=443): Max retries exceeded with url: /amtmedyaduyuru/2?embed=1&mode=tme (Caused by NameResolutionError("<urllib3.connection.HTTPSConnection object at 0x000002633FDA3050>: Failed to resolve 't.me' ([Errno 11001] getaddrinfo failed)"))
HTTPSConnectionPool(host='t.me', port=443): Max retries exceeded with url: /amtmedyaduyuru/2?embed=1&mode=tme (Caused by NameResolutionError("<urllib3.connection.HTTPSConnection object at 0x0000026340A5ABD0>: Failed to resolve 't.me' ([Errno 11001] getaddrinfo failed)"))
HTTPSConnectionPool(host='t.me', port=443): Max retries exceeded with url: /amtmedyaduyuru/2?embed=1&mode=tme (Caused by NameResolutionError("<urllib3.connection.HTTPSConnection object at 0x0000026340BBF490>: Failed to resolve 't.me' ([Errno 11001] getaddrinfo failed)"))
HTTPSConnectionPool(host='t.me', port=443): Max retries exceeded with url: /amtmedyaduyuru/2?embed=1&mode=tme (Caused by NameResolutionError("<urllib3.connection.HTTPSConnection object at 0x0000026340A077D0>: Failed to resolve 't.me' ([Errno 11001] getaddrinfo failed)"))
HTTPSConnectionPool(host='t.me', port=443): Max retries exceeded with url: /amtmedyaduyuru/2?embed=1&mode=tme (Caused by NameResolutionError("<urllib3.connection.HTTPSConnection object at 0x000002633C43B810>: Failed to resolve 't.me' ([Errno 11001] getaddrinfo failed)"))
HTTPSConnectionPool(host='t.me', port=443): Max retries exceeded with url: /amtmedyaduyuru/2?embed=1&mode=tme (Caused by NameResolutionError("<urllib3.connection.HTTPSConnection object at 0x000002633F92E450>: Failed to resolve 't.me' ([Errno 11001] getaddrinfo failed)"))
HTTPSConnectionPool(host='t.me', port=443): Max retries exceeded with url: /amtmedyaduyuru/2?embed=1&mode=tme (Caused by NameResolutionError("<urllib3.connection.HTTPSConnection object at 0x000002633CFACE90>: Failed to resolve 't.me' ([Errno 11001] getaddrinfo failed)"))
HTTPSConnectionPool(host='t.me', port=443): Max retries exceeded with url: /amtmedyaduyuru/2?embed=1&mode=tme (Caused by NameResolutionError("<urllib3.connection.HTTPSConnection object at 0x000002634099B0D0>: Failed to resolve 't.me' ([Errno 11001] getaddrinfo failed)"))
HTTPSConnectionPool(host='t.me', port=443): Max retries exceeded with url: /amtmedyaduyuru/2?embed=1&mode=tme (Caused by NameResolutionError("<urllib3.connection.HTTPSConnection object at 0x000002633F9CE590>: Failed to resolve 't.me' ([Errno 11001] getaddrinfo failed)"))
HTTPSConnectionPool(host='t.me', port=443): Max retries exceeded with url: /amtmedyaduyuru/2?embed=1&mode=tme (Caused by NameResolutionError("<urllib3.connection.HTTPSConnection object at 0x00000263406DE490>: Failed to resolve 't.me' ([Errno 11001] getaddrinfo failed)"))
HTTPSConnectionPool(host='t.me', port=443): Max retries exceeded with url: /amtmedyaduyuru/2?embed=1&mode=tme (Caused by NameResolutionError("<urllib3.connection.HTTPSConnection object at 0x0000026340B9E110>: Failed to resolve 't.me' ([Errno 11001] getaddrinfo failed)"))
HTTPSConnectionPool(host='t.me', port=443): Max retries exceeded with url: /amtmedyaduyuru/2?embed=1&mode=tme (Caused by NameResolutionError("<urllib3.connection.HTTPSConnection object at 0x0000026341007A50>: Failed to resolve 't.me' ([Errno 11001] getaddrinfo failed)"))
HTTPSConnectionPool(host='t.me', port=443): Max retries exceeded with url: /amtmedyaduyuru/2?embed=1&mode=tme (Caused by NameResolutionError("<urllib3.connection.HTTPSConnection object at 0x0000026340936B50>: Failed to resolve 't.me' ([Errno 11001] getaddrinfo failed)"))
HTTPSConnectionPool(host='t.me', port=443): Max retries exceeded with url: /amtmedyaduyuru/2?embed=1&mode=tme (Caused by NameResolutionError("<urllib3.connection.HTTPSConnection object at 0x000002633F86E4D0>: Failed to resolve 't.me' ([Errno 11001] getaddrinfo failed)"))
HTTPSConnectionPool(host='t.me', port=443): Max retries exceeded with url: /amtmedyaduyuru/2?embed=1&mode=tme (Caused by NameResolutionError("<urllib3.connection.HTTPSConnection object at 0x0000026340B9C990>: Failed to resolve 't.me' ([Errno 11001] getaddrinfo failed)"))
HTTPSConnectionPool(host='t.me', port=443): Max retries exceeded with url: /amtmedyaduyuru/2?embed=1&mode=tme (Caused by NameResolutionError("<urllib3.connection.HTTPSConnection object at 0x000002633E1A3DD0>: Failed to resolve 't.me' ([Errno 11001] getaddrinfo failed)"))
HTTPSConnectionPool(host='t.me', port=443): Max retries exceeded with url: /amtmedyaduyuru/2?embed=1&mode=tme (Caused by NameResolutionError("<urllib3.connection.HTTPSConnection object at 0x0000026341007550>: Failed to resolve 't.me' ([Errno 11001] getaddrinfo failed)"))
HTTPSConnectionPool(host='t.me', port=443): Max retries exceeded with url: /amtmedyaduyuru/2?embed=1&mode=tme (Caused by NameResolutionError("<urllib3.connection.HTTPSConnection object at 0x000002633FFFABD0>: Failed to resolve 't.me' ([Errno 11001] getaddrinfo failed)"))
HTTPSConnectionPool(host='t.me', port=443): Max retries exceeded with url: /amtmedyaduyuru/2?embed=1&mode=tme (Caused by NameResolutionError("<urllib3.connection.HTTPSConnection object at 0x000002634099A8D0>: Failed to resolve 't.me' ([Errno 11001] getaddrinfo failed)"))
HTTPSConnectionPool(host='t.me', port=443): Max retries exceeded with url: /amtmedyaduyuru/2?embed=1&mode=tme (Caused by NameResolutionError("<urllib3.connection.HTTPSConnection object at 0x0000026340587B90>: Failed to resolve 't.me' ([Errno 11001] getaddrinfo failed)"))
HTTPSConnectionPool(host='t.me', port=443): Max retries exceeded with url: /amtmedyaduyuru/2?embed=1&mode=tme (Caused by NameResolutionError("<urllib3.connection.HTTPSConnection object at 0x0000026341007610>: Failed to resolve 't.me' ([Errno 11001] getaddrinfo failed)"))
HTTPSConnectionPool(host='t.me', port=443): Max retries exceeded with url: /amtmedyaduyuru/2?embed=1&mode=tme (Caused by NameResolutionError("<urllib3.connection.HTTPSConnection object at 0x00000263406DE550>: Failed to resolve 't.me' ([Errno 11001] getaddrinfo failed)"))
HTTPSConnectionPool(host='t.me', port=443): Max retries exceeded with url: /amtmedyaduyuru/2?embed=1&mode=tme (Caused by NameResolutionError("<urllib3.connection.HTTPSConnection object at 0x000002634099BAD0>: Failed to resolve 't.me' ([Errno 11001] getaddrinfo failed)"))
HTTPSConnectionPool(host='t.me', port=443): Max retries exceeded with url: /amtmedyaduyuru/2?embed=1&mode=tme (Caused by NameResolutionError("<urllib3.connection.HTTPSConnection object at 0x00000263407F9F50>: Failed to resolve 't.me' ([Errno 11001] getaddrinfo failed)"))
HTTPSConnectionPool(host='t.me', port=443): Max retries exceeded with url: /amtmedyaduyuru/2?embed=1&mode=tme (Caused by NameResolutionError("<urllib3.connection.HTTPSConnection object at 0x00000263401B2310>: Failed to resolve 't.me' ([Errno 11001] getaddrinfo failed)"))
HTTPSConnectionPool(host='t.me', port=443): Max retries exceeded with url: /amtmedyaduyuru/2?embed=1&mode=tme (Caused by NameResolutionError("<urllib3.connection.HTTPSConnection object at 0x0000026340B9DD10>: Failed to resolve 't.me' ([Errno 11001] getaddrinfo failed)"))
HTTPSConnectionPool(host='t.me', port=443): Max retries exceeded with url: /amtmedyaduyuru/2?embed=1&mode=tme (Caused by NameResolutionError("<urllib3.connection.HTTPSConnection object at 0x000002633B975890>: Failed to resolve 't.me' ([Errno 11001] getaddrinfo failed)"))
HTTPSConnectionPool(host='t.me', port=443): Max retries exceeded with url: /amtmedyaduyuru/2?embed=1&mode=tme (Caused by NameResolutionError("<urllib3.connection.HTTPSConnection object at 0x0000026341007990>: Failed to resolve 't.me' ([Errno 11001] getaddrinfo failed)"))
HTTPSConnectionPool(host='t.me', port=443): Max retries exceeded with url: /amtmedyaduyuru/2?embed=1&mode=tme (Caused by NameResolutionError("<urllib3.connection.HTTPSConnection object at 0x0000026340D92CD0>: Failed to resolve 't.me' ([Errno 11001] getaddrinfo failed)"))
HTTPSConnectionPool(host='t.me', port=443): Max retries exceeded with url: /amtmedyaduyuru/2?embed=1&mode=tme (Caused by NameResolutionError("<urllib3.connection.HTTPSConnection object at 0x0000026341009250>: Failed to resolve 't.me' ([Errno 11001] getaddrinfo failed)"))
HTTPSConnectionPool(host='t.me', port=443): Max retries exceeded with url: /amtmedyaduyuru/2?embed=1&mode=tme (Caused by NameResolutionError("<urllib3.connection.HTTPSConnection object at 0x000002633B7B6090>: Failed to resolve 't.me' ([Errno 11001] getaddrinfo failed)"))
HTTPSConnectionPool(host='t.me', port=443): Max retries exceeded with url: /amtmedyaduyuru/2?embed=1&mode=tme (Caused by NameResolutionError("<urllib3.connection.HTTPSConnection object at 0x000002634090AB50>: Failed to resolve 't.me' ([Errno 11001] getaddrinfo failed)"))
HTTPSConnectionPool(host='t.me', port=443): Max retries exceeded with url: /amtmedyaduyuru/2?embed=1&mode=tme (Caused by NameResolutionError("<urllib3.connection.HTTPSConnection object at 0x0000026341007390>: Failed to resolve 't.me' ([Errno 11001] getaddrinfo failed)"))
HTTPSConnectionPool(host='t.me', port=443): Max retries exceeded with url: /amtmedyaduyuru/2?embed=1&mode=tme (Caused by NameResolutionError("<urllib3.connection.HTTPSConnection object at 0x00000263407020D0>: Failed to resolve 't.me' ([Errno 11001] getaddrinfo failed)"))
HTTPSConnectionPool(host='t.me', port=443): Max retries exceeded with url: /amtmedyaduyuru/2?embed=1&mode=tme (Caused by NameResolutionError("<urllib3.connection.HTTPSConnection object at 0x00000263401B02D0>: Failed to resolve 't.me' ([Errno 11001] getaddrinfo failed)"))
HTTPSConnectionPool(host='t.me', port=443): Max retries exceeded with url: /amtmedyaduyuru/2?embed=1&mode=tme (Caused by NameResolutionError("<urllib3.connection.HTTPSConnection object at 0x0000026340D91D50>: Failed to resolve 't.me' ([Errno 11001] getaddrinfo failed)"))
HTTPSConnectionPool(host='t.me', port=443): Max retries exceeded with url: /amtmedyaduyuru/2?embed=1&mode=tme (Caused by NameResolutionError("<urllib3.connection.HTTPSConnection object at 0x000002633F94A490>: Failed to resolve 't.me' ([Errno 11001] getaddrinfo failed)"))
HTTPSConnectionPool(host='t.me', port=443): Max retries exceeded with url: /amtmedyaduyuru/2?embed=1&mode=tme (Caused by NameResolutionError("<urllib3.connection.HTTPSConnection object at 0x00000263401B17D0>: Failed to resolve 't.me' ([Errno 11001] getaddrinfo failed)"))
HTTPSConnectionPool(host='t.me', port=443): Max retries exceeded with url: /amtmedyaduyuru/2?embed=1&mode=tme (Caused by NameResolutionError("<urllib3.connection.HTTPSConnection object at 0x000002633FCF3A90>: Failed to resolve 't.me' ([Errno 11001] getaddrinfo failed)"))
HTTPSConnectionPool(host='t.me', port=443): Max retries exceeded with url: /amtmedyaduyuru/2?embed=1&mode=tme (Caused by NameResolutionError("<urllib3.connection.HTTPSConnection object at 0x0000026341006890>: Failed to resolve 't.me' ([Errno 11001] getaddrinfo failed)"))
HTTPSConnectionPool(host='t.me', port=443): Max retries exceeded with url: /amtmedyaduyuru/2?embed=1&mode=tme (Caused by NameResolutionError("<urllib3.connection.HTTPSConnection object at 0x000002633667B6D0>: Failed to resolve 't.me' ([Errno 11001] getaddrinfo failed)"))
HTTPSConnectionPool(host='t.me', port=443): Max retries exceeded with url: /amtmedyaduyuru/2?embed=1&mode=tme (Caused by NameResolutionError("<urllib3.connection.HTTPSConnection object at 0x00000263403B9750>: Failed to resolve 't.me' ([Errno 11001] getaddrinfo failed)"))
HTTPSConnectionPool(host='t.me', port=443): Max retries exceeded with url: /amtmedyaduyuru/2?embed=1&mode=tme (Caused by NameResolutionError("<urllib3.connection.HTTPSConnection object at 0x0000026341009250>: Failed to resolve 't.me' ([Errno 11001] getaddrinfo failed)"))
HTTPSConnectionPool(host='t.me', port=443): Max retries exceeded with url: /amtmedyaduyuru/2?embed=1&mode=tme (Caused by NameResolutionError("<urllib3.connection.HTTPSConnection object at 0x0000026336683810>: Failed to resolve 't.me' ([Errno 11001] getaddrinfo failed)"))
HTTPSConnectionPool(host='t.me', port=443): Max retries exceeded with url: /amtmedyaduyuru/2?embed=1&mode=tme (Caused by NameResolutionError("<urllib3.connection.HTTPSConnection object at 0x00000263409082D0>: Failed to resolve 't.me' ([Errno 11001] getaddrinfo failed)"))
HTTPSConnectionPool(host='t.me', port=443): Max retries exceeded with url: /amtmedyaduyuru/2?embed=1&mode=tme (Caused by NameResolutionError("<urllib3.connection.HTTPSConnection object at 0x0000026341004BD0>: Failed to resolve 't.me' ([Errno 11001] getaddrinfo failed)"))
HTTPSConnectionPool(host='t.me', port=443): Max retries exceeded with url: /amtmedyaduyuru/2?embed=1&mode=tme (Caused by NameResolutionError("<urllib3.connection.HTTPSConnection object at 0x000002633E31A690>: Failed to resolve 't.me' ([Errno 11001] getaddrinfo failed)"))
HTTPSConnectionPool(host='t.me', port=443): Max retries exceeded with url: /amtmedyaduyuru/2?embed=1&mode=tme (Caused by NameResolutionError("<urllib3.connection.HTTPSConnection object at 0x000002634003A4D0>: Failed to resolve 't.me' ([Errno 11001] getaddrinfo failed)"))
HTTPSConnectionPool(host='t.me', port=443): Max retries exceeded with url: /amtmedyaduyuru/2?embed=1&mode=tme (Caused by NameResolutionError("<urllib3.connection.HTTPSConnection object at 0x00000263409B4C10>: Failed to resolve 't.me' ([Errno 11001] getaddrinfo failed)"))
HTTPSConnectionPool(host='t.me', port=443): Max retries exceeded with url: /amtmedyaduyuru/2?embed=1&mode=tme (Caused by NameResolutionError("<urllib3.connection.HTTPSConnection object at 0x0000026341006C50>: Failed to resolve 't.me' ([Errno 11001] getaddrinfo failed)"))
HTTPSConnectionPool(host='t.me', port=443): Max retries exceeded with url: /amtmedyaduyuru/2?embed=1&mode=tme (Caused by NameResolutionError("<urllib3.connection.HTTPSConnection object at 0x0000026340D4F050>: Failed to resolve 't.me' ([Errno 11001] getaddrinfo failed)"))
HTTPSConnectionPool(host='t.me', port=443): Max retries exceeded with url: /amtmedyaduyuru/2?embed=1&mode=tme (Caused by NameResolutionError("<urllib3.connection.HTTPSConnection object at 0x000002633AB12BD0>: Failed to resolve 't.me' ([Errno 11001] getaddrinfo failed)"))
HTTPSConnectionPool(host='t.me', port=443): Max retries exceeded with url: /amtmedyaduyuru/2?embed=1&mode=tme (Caused by NameResolutionError("<urllib3.connection.HTTPSConnection object at 0x000002633AEE0190>: Failed to resolve 't.me' ([Errno 11001] getaddrinfo failed)"))
HTTPSConnectionPool(host='t.me', port=443): Max retries exceeded with url: /amtmedyaduyuru/2?embed=1&mode=tme (Caused by NameResolutionError("<urllib3.connection.HTTPSConnection object at 0x00000263400FD310>: Failed to resolve 't.me' ([Errno 11001] getaddrinfo failed)"))
HTTPSConnectionPool(host='t.me', port=443): Max retries exceeded with url: /amtmedyaduyuru/2?embed=1&mode=tme (Caused by NameResolutionError("<urllib3.connection.HTTPSConnection object at 0x0000026341004BD0>: Failed to resolve 't.me' ([Errno 11001] getaddrinfo failed)"))
HTTPSConnectionPool(host='t.me', port=443): Max retries exceeded with url: /amtmedyaduyuru/2?embed=1&mode=tme (Caused by NameResolutionError("<urllib3.connection.HTTPSConnection object at 0x00000263409B5E10>: Failed to resolve 't.me' ([Errno 11001] getaddrinfo failed)"))
HTTPSConnectionPool(host='t.me', port=443): Max retries exceeded with url: /amtmedyaduyuru/2?embed=1&mode=tme (Caused by NameResolutionError("<urllib3.connection.HTTPSConnection object at 0x000002633E0F3A90>: Failed to resolve 't.me' ([Errno 11001] getaddrinfo failed)"))
HTTPSConnectionPool(host='t.me', port=443): Max retries exceeded with url: /amtmedyaduyuru/2?embed=1&mode=tme (Caused by NameResolutionError("<urllib3.connection.HTTPSConnection object at 0x0000026340A8C850>: Failed to resolve 't.me' ([Errno 11001] getaddrinfo failed)"))
HTTPSConnectionPool(host='t.me', port=443): Max retries exceeded with url: /amtmedyaduyuru/2?embed=1&mode=tme (Caused by NameResolutionError("<urllib3.connection.HTTPSConnection object at 0x000002633FE81910>: Failed to resolve 't.me' ([Errno 11001] getaddrinfo failed)"))
HTTPSConnectionPool(host='t.me', port=443): Max retries exceeded with url: /amtmedyaduyuru/2?embed=1&mode=tme (Caused by NameResolutionError("<urllib3.connection.HTTPSConnection object at 0x00000263406C7390>: Failed to resolve 't.me' ([Errno 11001] getaddrinfo failed)"))
HTTPSConnectionPool(host='t.me', port=443): Max retries exceeded with url: /amtmedyaduyuru/2?embed=1&mode=tme (Caused by NameResolutionError("<urllib3.connection.HTTPSConnection object at 0x00000263403D6950>: Failed to resolve 't.me' ([Errno 11001] getaddrinfo failed)"))
HTTPSConnectionPool(host='t.me', port=443): Max retries exceeded with url: /amtmedyaduyuru/2?embed=1&mode=tme (Caused by NameResolutionError("<urllib3.connection.HTTPSConnection object at 0x000002633FF02810>: Failed to resolve 't.me' ([Errno 11001] getaddrinfo failed)"))
HTTPSConnectionPool(host='t.me', port=443): Max retries exceeded with url: /amtmedyaduyuru/2?embed=1&mode=tme (Caused by NameResolutionError("<urllib3.connection.HTTPSConnection object at 0x000002633AAD5350>: Failed to resolve 't.me' ([Errno 11001] getaddrinfo failed)"))
HTTPSConnectionPool(host='t.me', port=443): Max retries exceeded with url: /amtmedyaduyuru/2?embed=1&mode=tme (Caused by NameResolutionError("<urllib3.connection.HTTPSConnection object at 0x0000026340881390>: Failed to resolve 't.me' ([Errno 11001] getaddrinfo failed)"))
HTTPSConnectionPool(host='t.me', port=443): Max retries exceeded with url: /amtmedyaduyuru/2?embed=1&mode=tme (Caused by NameResolutionError("<urllib3.connection.HTTPSConnection object at 0x000002633666CFD0>: Failed to resolve 't.me' ([Errno 11001] getaddrinfo failed)"))
HTTPSConnectionPool(host='t.me', port=443): Max retries exceeded with url: /amtmedyaduyuru/2?embed=1&mode=tme (Caused by NameResolutionError("<urllib3.connection.HTTPSConnection object at 0x000002634023DA90>: Failed to resolve 't.me' ([Errno 11001] getaddrinfo failed)"))
HTTPSConnectionPool(host='t.me', port=443): Max retries exceeded with url: /amtmedyaduyuru/2?embed=1&mode=tme (Caused by NameResolutionError("<urllib3.connection.HTTPSConnection object at 0x0000026340FE22D0>: Failed to resolve 't.me' ([Errno 11001] getaddrinfo failed)"))
HTTPSConnectionPool(host='t.me', port=443): Max retries exceeded with url: /amtmedyaduyuru/2?embed=1&mode=tme (Caused by NameResolutionError("<urllib3.connection.HTTPSConnection object at 0x0000026340A7FB90>: Failed to resolve 't.me' ([Errno 11001] getaddrinfo failed)"))
HTTPSConnectionPool(host='t.me', port=443): Max retries exceeded with url: /amtmedyaduyuru/2?embed=1&mode=tme (Caused by NameResolutionError("<urllib3.connection.HTTPSConnection object at 0x00000263409897D0>: Failed to resolve 't.me' ([Errno 11001] getaddrinfo failed)"))
HTTPSConnectionPool(host='t.me', port=443): Max retries exceeded with url: /amtmedyaduyuru/2?embed=1&mode=tme (Caused by NameResolutionError("<urllib3.connection.HTTPSConnection object at 0x00000263400BD250>: Failed to resolve 't.me' ([Errno 11001] getaddrinfo failed)"))
HTTPSConnectionPool(host='t.me', port=443): Max retries exceeded with url: /amtmedyaduyuru/2?embed=1&mode=tme (Caused by NameResolutionError("<urllib3.connection.HTTPSConnection object at 0x000002633C3248D0>: Failed to resolve 't.me' ([Errno 11001] getaddrinfo failed)"))
HTTPSConnectionPool(host='t.me', port=443): Max retries exceeded with url: /amtmedyaduyuru/2?embed=1&mode=tme (Caused by NameResolutionError("<urllib3.connection.HTTPSConnection object at 0x000002633E0F59D0>: Failed to resolve 't.me' ([Errno 11001] getaddrinfo failed)"))
HTTPSConnectionPool(host='t.me', port=443): Max retries exceeded with url: /amtmedyaduyuru/2?embed=1&mode=tme (Caused by NameResolutionError("<urllib3.connection.HTTPSConnection object at 0x000002633F792310>: Failed to resolve 't.me' ([Errno 11001] getaddrinfo failed)"))
HTTPSConnectionPool(host='t.me', port=443): Max retries exceeded with url: /amtmedyaduyuru/2?embed=1&mode=tme (Caused by NameResolutionError("<urllib3.connection.HTTPSConnection object at 0x00000263403AC190>: Failed to resolve 't.me' ([Errno 11001] getaddrinfo failed)"))
HTTPSConnectionPool(host='t.me', port=443): Max retries exceeded with url: /amtmedyaduyuru/2?embed=1&mode=tme (Caused by NameResolutionError("<urllib3.connection.HTTPSConnection object at 0x000002634056DE50>: Failed to resolve 't.me' ([Errno 11001] getaddrinfo failed)"))
HTTPSConnectionPool(host='t.me', port=443): Max retries exceeded with url: /amtmedyaduyuru/2?embed=1&mode=tme (Caused by NameResolutionError("<urllib3.connection.HTTPSConnection object at 0x00000263401D2050>: Failed to resolve 't.me' ([Errno 11001] getaddrinfo failed)"))
HTTPSConnectionPool(host='t.me', port=443): Max retries exceeded with url: /amtmedyaduyuru/2?embed=1&mode=tme (Caused by NameResolutionError("<urllib3.connection.HTTPSConnection object at 0x0000026340BD82D0>: Failed to resolve 't.me' ([Errno 11001] getaddrinfo failed)"))
HTTPSConnectionPool(host='t.me', port=443): Max retries exceeded with url: /amtmedyaduyuru/2?embed=1&mode=tme (Caused by NameResolutionError("<urllib3.connection.HTTPSConnection object at 0x000002634099AB50>: Failed to resolve 't.me' ([Errno 11001] getaddrinfo failed)"))
HTTPSConnectionPool(host='t.me', port=443): Max retries exceeded with url: /amtmedyaduyuru/2?embed=1&mode=tme (Caused by NameResolutionError("<urllib3.connection.HTTPSConnection object at 0x000002633B7F47D0>: Failed to resolve 't.me' ([Errno 11001] getaddrinfo failed)"))
HTTPSConnectionPool(host='t.me', port=443): Max retries exceeded with url: /amtmedyaduyuru/2?embed=1&mode=tme (Caused by NameResolutionError("<urllib3.connection.HTTPSConnection object at 0x000002633B74BF10>: Failed to resolve 't.me' ([Errno 11001] getaddrinfo failed)"))
HTTPSConnectionPool(host='t.me', port=443): Max retries exceeded with url: /amtmedyaduyuru/2?embed=1&mode=tme (Caused by NameResolutionError("<urllib3.connection.HTTPSConnection object at 0x000002633FF15990>: Failed to resolve 't.me' ([Errno 11001] getaddrinfo failed)"))
HTTPSConnectionPool(host='t.me', port=443): Max retries exceeded with url: /amtmedyaduyuru/2?embed=1&mode=tme (Caused by NameResolutionError("<urllib3.connection.HTTPSConnection object at 0x000002634058C710>: Failed to resolve 't.me' ([Errno 11001] getaddrinfo failed)"))
HTTPSConnectionPool(host='t.me', port=443): Max retries exceeded with url: /amtmedyaduyuru/2?embed=1&mode=tme (Caused by NameResolutionError("<urllib3.connection.HTTPSConnection object at 0x000002634099AB50>: Failed to resolve 't.me' ([Errno 11001] getaddrinfo failed)"))
HTTPSConnectionPool(host='t.me', port=443): Max retries exceeded with url: /amtmedyaduyuru/2?embed=1&mode=tme (Caused by NameResolutionError("<urllib3.connection.HTTPSConnection object at 0x000002633FA95050>: Failed to resolve 't.me' ([Errno 11001] getaddrinfo failed)"))
HTTPSConnectionPool(host='t.me', port=443): Max retries exceeded with url: /amtmedyaduyuru/2?embed=1&mode=tme (Caused by NameResolutionError("<urllib3.connection.HTTPSConnection object at 0x00000263407C93D0>: Failed to resolve 't.me' ([Errno 11001] getaddrinfo failed)"))
HTTPSConnectionPool(host='t.me', port=443): Max retries exceeded with url: /amtmedyaduyuru/2?embed=1&mode=tme (Caused by NameResolutionError("<urllib3.connection.HTTPSConnection object at 0x0000026341005E90>: Failed to resolve 't.me' ([Errno 11001] getaddrinfo failed)"))
HTTPSConnectionPool(host='t.me', port=443): Max retries exceeded with url: /amtmedyaduyuru/2?embed=1&mode=tme (Caused by NameResolutionError("<urllib3.connection.HTTPSConnection object at 0x0000026340D90490>: Failed to resolve 't.me' ([Errno 11001] getaddrinfo failed)"))
HTTPSConnectionPool(host='t.me', port=443): Max retries exceeded with url: /amtmedyaduyuru/2?embed=1&mode=tme (Caused by NameResolutionError("<urllib3.connection.HTTPSConnection object at 0x000002633FC42A50>: Failed to resolve 't.me' ([Errno 11001] getaddrinfo failed)"))
HTTPSConnectionPool(host='t.me', port=443): Max retries exceeded with url: /amtmedyaduyuru/2?embed=1&mode=tme (Caused by NameResolutionError("<urllib3.connection.HTTPSConnection object at 0x000002633CFB16D0>: Failed to resolve 't.me' ([Errno 11001] getaddrinfo failed)"))
HTTPSConnectionPool(host='t.me', port=443): Max retries exceeded with url: /amtmedyaduyuru/2?embed=1&mode=tme (Caused by NameResolutionError("<urllib3.connection.HTTPSConnection object at 0x000002633FF643D0>: Failed to resolve 't.me' ([Errno 11001] getaddrinfo failed)"))
HTTPSConnectionPool(host='t.me', port=443): Max retries exceeded with url: /amtmedyaduyuru/2?embed=1&mode=tme (Caused by NameResolutionError("<urllib3.connection.HTTPSConnection object at 0x000002634023D5D0>: Failed to resolve 't.me' ([Errno 11001] getaddrinfo failed)"))
HTTPSConnectionPool(host='t.me', port=443): Max retries exceeded with url: /amtmedyaduyuru/2?embed=1&mode=tme (Caused by NameResolutionError("<urllib3.connection.HTTPSConnection object at 0x000002633FE824D0>: Failed to resolve 't.me' ([Errno 11001] getaddrinfo failed)"))
HTTPSConnectionPool(host='t.me', port=443): Max retries exceeded with url: /amtmedyaduyuru/2?embed=1&mode=tme (Caused by NameResolutionError("<urllib3.connection.HTTPSConnection object at 0x000002634093D9D0>: Failed to resolve 't.me' ([Errno 11001] getaddrinfo failed)"))
HTTPSConnectionPool(host='t.me', port=443): Max retries exceeded with url: /amtmedyaduyuru/2?embed=1&mode=tme (Caused by NameResolutionError("<urllib3.connection.HTTPSConnection object at 0x00000263401B32D0>: Failed to resolve 't.me' ([Errno 11001] getaddrinfo failed)"))
HTTPSConnectionPool(host='t.me', port=443): Max retries exceeded with url: /amtmedyaduyuru/2?embed=1&mode=tme (Caused by NameResolutionError("<urllib3.connection.HTTPSConnection object at 0x0000026340AABB50>: Failed to resolve 't.me' ([Errno 11001] getaddrinfo failed)"))
HTTPSConnectionPool(host='t.me', port=443): Max retries exceeded with url: /amtmedyaduyuru/2?embed=1&mode=tme (Caused by NameResolutionError("<urllib3.connection.HTTPSConnection object at 0x000002633E1FD0D0>: Failed to resolve 't.me' ([Errno 11001] getaddrinfo failed)"))
HTTPSConnectionPool(host='t.me', port=443): Max retries exceeded with url: /amtmedyaduyuru/2?embed=1&mode=tme (Caused by NameResolutionError("<urllib3.connection.HTTPSConnection object at 0x0000026340936BD0>: Failed to resolve 't.me' ([Errno 11001] getaddrinfo failed)"))
HTTPSConnectionPool(host='t.me', port=443): Max retries exceeded with url: /amtmedyaduyuru/2?embed=1&mode=tme (Caused by NameResolutionError("<urllib3.connection.HTTPSConnection object at 0x0000026340084D50>: Failed to resolve 't.me' ([Errno 11001] getaddrinfo failed)"))
HTTPSConnectionPool(host='t.me', port=443): Max retries exceeded with url: /amtmedyaduyuru/2?embed=1&mode=tme (Caused by NameResolutionError("<urllib3.connection.HTTPSConnection object at 0x000002633FC43A50>: Failed to resolve 't.me' ([Errno 11001] getaddrinfo failed)"))
HTTPSConnectionPool(host='t.me', port=443): Max retries exceeded with url: /amtmedyaduyuru/2?embed=1&mode=tme (Caused by NameResolutionError("<urllib3.connection.HTTPSConnection object at 0x0000026340A7D690>: Failed to resolve 't.me' ([Errno 11001] getaddrinfo failed)"))
HTTPSConnectionPool(host='t.me', port=443): Max retries exceeded with url: /amtmedyaduyuru/2?embed=1&mode=tme (Caused by NameResolutionError("<urllib3.connection.HTTPSConnection object at 0x0000026340B69D10>: Failed to resolve 't.me' ([Errno 11001] getaddrinfo failed)"))
HTTPSConnectionPool(host='t.me', port=443): Max retries exceeded with url: /amtmedyaduyuru/2?embed=1&mode=tme (Caused by NameResolutionError("<urllib3.connection.HTTPSConnection object at 0x00000263403D6950>: Failed to resolve 't.me' ([Errno 11001] getaddrinfo failed)"))
HTTPSConnectionPool(host='t.me', port=443): Max retries exceeded with url: /amtmedyaduyuru/2?embed=1&mode=tme (Caused by NameResolutionError("<urllib3.connection.HTTPSConnection object at 0x000002633AAEFC90>: Failed to resolve 't.me' ([Errno 11001] getaddrinfo failed)"))
HTTPSConnectionPool(host='t.me', port=443): Max retries exceeded with url: /amtmedyaduyuru/2?embed=1&mode=tme (Caused by NameResolutionError("<urllib3.connection.HTTPSConnection object at 0x0000026336683BD0>: Failed to resolve 't.me' ([Errno 11001] getaddrinfo failed)"))
HTTPSConnectionPool(host='t.me', port=443): Max retries exceeded with url: /amtmedyaduyuru/2?embed=1&mode=tme (Caused by NameResolutionError("<urllib3.connection.HTTPSConnection object at 0x00000263400BDBD0>: Failed to resolve 't.me' ([Errno 11001] getaddrinfo failed)"))
HTTPSConnectionPool(host='t.me', port=443): Max retries exceeded with url: /amtmedyaduyuru/2?embed=1&mode=tme (Caused by NameResolutionError("<urllib3.connection.HTTPSConnection object at 0x0000026336506D90>: Failed to resolve 't.me' ([Errno 11001] getaddrinfo failed)"))
HTTPSConnectionPool(host='t.me', port=443): Max retries exceeded with url: /amtmedyaduyuru/2?embed=1&mode=tme (Caused by NameResolutionError("<urllib3.connection.HTTPSConnection object at 0x0000026341005210>: Failed to resolve 't.me' ([Errno 11001] getaddrinfo failed)"))
HTTPSConnectionPool(host='t.me', port=443): Max retries exceeded with url: /amtmedyaduyuru/2?embed=1&mode=tme (Caused by NameResolutionError("<urllib3.connection.HTTPSConnection object at 0x0000026340B69FD0>: Failed to resolve 't.me' ([Errno 11001] getaddrinfo failed)"))
HTTPSConnectionPool(host='t.me', port=443): Max retries exceeded with url: /amtmedyaduyuru/2?embed=1&mode=tme (Caused by NameResolutionError("<urllib3.connection.HTTPSConnection object at 0x0000026340D924D0>: Failed to resolve 't.me' ([Errno 11001] getaddrinfo failed)"))
HTTPSConnectionPool(host='t.me', port=443): Max retries exceeded with url: /amtmedyaduyuru/2?embed=1&mode=tme (Caused by NameResolutionError("<urllib3.connection.HTTPSConnection object at 0x000002633FB6DC50>: Failed to resolve 't.me' ([Errno 11001] getaddrinfo failed)"))
HTTPSConnectionPool(host='t.me', port=443): Max retries exceeded with url: /amtmedyaduyuru/2?embed=1&mode=tme (Caused by NameResolutionError("<urllib3.connection.HTTPSConnection object at 0x000002634100A010>: Failed to resolve 't.me' ([Errno 11001] getaddrinfo failed)"))
HTTPSConnectionPool(host='t.me', port=443): Max retries exceeded with url: /amtmedyaduyuru/2?embed=1&mode=tme (Caused by NameResolutionError("<urllib3.connection.HTTPSConnection object at 0x0000026340875850>: Failed to resolve 't.me' ([Errno 11001] getaddrinfo failed)"))
HTTPSConnectionPool(host='t.me', port=443): Max retries exceeded with url: /amtmedyaduyuru/2?embed=1&mode=tme (Caused by NameResolutionError("<urllib3.connection.HTTPSConnection object at 0x0000026340B6BCD0>: Failed to resolve 't.me' ([Errno 11001] getaddrinfo failed)"))
HTTPSConnectionPool(host='t.me', port=443): Max retries exceeded with url: /amtmedyaduyuru/2?embed=1&mode=tme (Caused by NameResolutionError("<urllib3.connection.HTTPSConnection object at 0x000002633652F990>: Failed to resolve 't.me' ([Errno 11001] getaddrinfo failed)"))
HTTPSConnectionPool(host='t.me', port=443): Max retries exceeded with url: /amtmedyaduyuru/2?embed=1&mode=tme (Caused by NameResolutionError("<urllib3.connection.HTTPSConnection object at 0x0000026340D93790>: Failed to resolve 't.me' ([Errno 11001] getaddrinfo failed)"))
HTTPSConnectionPool(host='t.me', port=443): Max retries exceeded with url: /amtmedyaduyuru/2?embed=1&mode=tme (Caused by NameResolutionError("<urllib3.connection.HTTPSConnection object at 0x000002633FCD2BD0>: Failed to resolve 't.me' ([Errno 11001] getaddrinfo failed)"))
HTTPSConnectionPool(host='t.me', port=443): Max retries exceeded with url: /amtmedyaduyuru/2?embed=1&mode=tme (Caused by NameResolutionError("<urllib3.connection.HTTPSConnection object at 0x000002633FC43650>: Failed to resolve 't.me' ([Errno 11001] getaddrinfo failed)"))
HTTPSConnectionPool(host='t.me', port=443): Max retries exceeded with url: /amtmedyaduyuru/2?embed=1&mode=tme (Caused by NameResolutionError("<urllib3.connection.HTTPSConnection object at 0x0000026340B6A0D0>: Failed to resolve 't.me' ([Errno 11001] getaddrinfo failed)"))
HTTPSConnectionPool(host='t.me', port=443): Max retries exceeded with url: /amtmedyaduyuru/2?embed=1&mode=tme (Caused by NameResolutionError("<urllib3.connection.HTTPSConnection object at 0x0000026341006E90>: Failed to resolve 't.me' ([Errno 11001] getaddrinfo failed)"))
HTTPSConnectionPool(host='t.me', port=443): Max retries exceeded with url: /amtmedyaduyuru/2?embed=1&mode=tme (Caused by NameResolutionError("<urllib3.connection.HTTPSConnection object at 0x00000263407FBDD0>: Failed to resolve 't.me' ([Errno 11001] getaddrinfo failed)"))
HTTPSConnectionPool(host='t.me', port=443): Max retries exceeded with url: /amtmedyaduyuru/2?embed=1&mode=tme (Caused by NameResolutionError("<urllib3.connection.HTTPSConnection object at 0x0000026340360950>: Failed to resolve 't.me' ([Errno 11001] getaddrinfo failed)"))
HTTPSConnectionPool(host='t.me', port=443): Max retries exceeded with url: /amtmedyaduyuru/2?embed=1&mode=tme (Caused by NameResolutionError("<urllib3.connection.HTTPSConnection object at 0x0000026340EBC090>: Failed to resolve 't.me' ([Errno 11001] getaddrinfo failed)"))
HTTPSConnectionPool(host='t.me', port=443): Max retries exceeded with url: /amtmedyaduyuru/2?embed=1&mode=tme (Caused by NameResolutionError("<urllib3.connection.HTTPSConnection object at 0x000002633C4103D0>: Failed to resolve 't.me' ([Errno 11001] getaddrinfo failed)"))
HTTPSConnectionPool(host='t.me', port=443): Max retries exceeded with url: /amtmedyaduyuru/2?embed=1&mode=tme (Caused by NameResolutionError("<urllib3.connection.HTTPSConnection object at 0x000002633CF8EB90>: Failed to resolve 't.me' ([Errno 11001] getaddrinfo failed)"))
HTTPSConnectionPool(host='t.me', port=443): Max retries exceeded with url: /amtmedyaduyuru/2?embed=1&mode=tme (Caused by NameResolutionError("<urllib3.connection.HTTPSConnection object at 0x000002633FDA3DD0>: Failed to resolve 't.me' ([Errno 11001] getaddrinfo failed)"))
HTTPSConnectionPool(host='t.me', port=443): Max retries exceeded with url: /amtmedyaduyuru/2?embed=1&mode=tme (Caused by NameResolutionError("<urllib3.connection.HTTPSConnection object at 0x000002633C3435D0>: Failed to resolve 't.me' ([Errno 11001] getaddrinfo failed)"))
HTTPSConnectionPool(host='t.me', port=443): Max retries exceeded with url: /amtmedyaduyuru/2?embed=1&mode=tme (Caused by NameResolutionError("<urllib3.connection.HTTPSConnection object at 0x000002633FC82110>: Failed to resolve 't.me' ([Errno 11001] getaddrinfo failed)"))
HTTPSConnectionPool(host='t.me', port=443): Max retries exceeded with url: /amtmedyaduyuru/2?embed=1&mode=tme (Caused by NameResolutionError("<urllib3.connection.HTTPSConnection object at 0x000002633F927490>: Failed to resolve 't.me' ([Errno 11001] getaddrinfo failed)"))
HTTPSConnectionPool(host='t.me', port=443): Max retries exceeded with url: /amtmedyaduyuru/2?embed=1&mode=tme (Caused by NameResolutionError("<urllib3.connection.HTTPSConnection object at 0x00000263403D6BD0>: Failed to resolve 't.me' ([Errno 11001] getaddrinfo failed)"))
HTTPSConnectionPool(host='t.me', port=443): Max retries exceeded with url: /amtmedyaduyuru/2?embed=1&mode=tme (Caused by NameResolutionError("<urllib3.connection.HTTPSConnection object at 0x0000026340A7D350>: Failed to resolve 't.me' ([Errno 11001] getaddrinfo failed)"))
HTTPSConnectionPool(host='t.me', port=443): Max retries exceeded with url: /amtmedyaduyuru/2?embed=1&mode=tme (Caused by NameResolutionError("<urllib3.connection.HTTPSConnection object at 0x0000026340B69F90>: Failed to resolve 't.me' ([Errno 11001] getaddrinfo failed)"))
HTTPSConnectionPool(host='t.me', port=443): Max retries exceeded with url: /amtmedyaduyuru/2?embed=1&mode=tme (Caused by NameResolutionError("<urllib3.connection.HTTPSConnection object at 0x000002633FC43650>: Failed to resolve 't.me' ([Errno 11001] getaddrinfo failed)"))
HTTPSConnectionPool(host='t.me', port=443): Max retries exceeded with url: /amtmedyaduyuru/2?embed=1&mode=tme (Caused by NameResolutionError("<urllib3.connection.HTTPSConnection object at 0x0000026337DDA9D0>: Failed to resolve 't.me' ([Errno 11001] getaddrinfo failed)"))
HTTPSConnectionPool(host='t.me', port=443): Max retries exceeded with url: /amtmedyaduyuru/2?embed=1&mode=tme (Caused by NameResolutionError("<urllib3.connection.HTTPSConnection object at 0x000002633FE80B10>: Failed to resolve 't.me' ([Errno 11001] getaddrinfo failed)"))
HTTPSConnectionPool(host='t.me', port=443): Max retries exceeded with url: /amtmedyaduyuru/2?embed=1&mode=tme (Caused by NameResolutionError("<urllib3.connection.HTTPSConnection object at 0x0000026338AC9B10>: Failed to resolve 't.me' ([Errno 11001] getaddrinfo failed)"))
HTTPSConnectionPool(host='t.me', port=443): Max retries exceeded with url: /amtmedyaduyuru/2?embed=1&mode=tme (Caused by NameResolutionError("<urllib3.connection.HTTPSConnection object at 0x000002633DFFE090>: Failed to resolve 't.me' ([Errno 11001] getaddrinfo failed)"))
HTTPSConnectionPool(host='t.me', port=443): Max retries exceeded with url: /amtmedyaduyuru/2?embed=1&mode=tme (Caused by NameResolutionError("<urllib3.connection.HTTPSConnection object at 0x0000026340A8CD90>: Failed to resolve 't.me' ([Errno 11001] getaddrinfo failed)"))
HTTPSConnectionPool(host='t.me', port=443): Max retries exceeded with url: /amtmedyaduyuru/2?embed=1&mode=tme (Caused by NameResolutionError("<urllib3.connection.HTTPSConnection object at 0x00000263400BEC10>: Failed to resolve 't.me' ([Errno 11001] getaddrinfo failed)"))
HTTPSConnectionPool(host='t.me', port=443): Max retries exceeded with url: /amtmedyaduyuru/2?embed=1&mode=tme (Caused by NameResolutionError("<urllib3.connection.HTTPSConnection object at 0x0000026340D8B3D0>: Failed to resolve 't.me' ([Errno 11001] getaddrinfo failed)"))
HTTPSConnectionPool(host='t.me', port=443): Max retries exceeded with url: /amtmedyaduyuru/2?embed=1&mode=tme (Caused by NameResolutionError("<urllib3.connection.HTTPSConnection object at 0x000002633AC83AD0>: Failed to resolve 't.me' ([Errno 11001] getaddrinfo failed)"))
HTTPSConnectionPool(host='t.me', port=443): Max retries exceeded with url: /amtmedyaduyuru/2?embed=1&mode=tme (Caused by NameResolutionError("<urllib3.connection.HTTPSConnection object at 0x0000026340A7EE50>: Failed to resolve 't.me' ([Errno 11001] getaddrinfo failed)"))
HTTPSConnectionPool(host='t.me', port=443): Max retries exceeded with url: /amtmedyaduyuru/2?embed=1&mode=tme (Caused by NameResolutionError("<urllib3.connection.HTTPSConnection object at 0x000002633FAA09D0>: Failed to resolve 't.me' ([Errno 11001] getaddrinfo failed)"))
HTTPSConnectionPool(host='t.me', port=443): Max retries exceeded with url: /amtmedyaduyuru/2?embed=1&mode=tme (Caused by NameResolutionError("<urllib3.connection.HTTPSConnection object at 0x000002633F86CB90>: Failed to resolve 't.me' ([Errno 11001] getaddrinfo failed)"))
HTTPSConnectionPool(host='t.me', port=443): Max retries exceeded with url: /amtmedyaduyuru/2?embed=1&mode=tme (Caused by NameResolutionError("<urllib3.connection.HTTPSConnection object at 0x0000026340041C90>: Failed to resolve 't.me' ([Errno 11001] getaddrinfo failed)"))
HTTPSConnectionPool(host='t.me', port=443): Max retries exceeded with url: /amtmedyaduyuru/2?embed=1&mode=tme (Caused by NameResolutionError("<urllib3.connection.HTTPSConnection object at 0x0000026340C02E50>: Failed to resolve 't.me' ([Errno 11001] getaddrinfo failed)"))
HTTPSConnectionPool(host='t.me', port=443): Max retries exceeded with url: /amtmedyaduyuru/2?embed=1&mode=tme (Caused by NameResolutionError("<urllib3.connection.HTTPSConnection object at 0x0000026340B6B310>: Failed to resolve 't.me' ([Errno 11001] getaddrinfo failed)"))
HTTPSConnectionPool(host='t.me', port=443): Max retries exceeded with url: /amtmedyaduyuru/2?embed=1&mode=tme (Caused by NameResolutionError("<urllib3.connection.HTTPSConnection object at 0x0000026340AB3310>: Failed to resolve 't.me' ([Errno 11001] getaddrinfo failed)"))
HTTPSConnectionPool(host='t.me', port=443): Max retries exceeded with url: /amtmedyaduyuru/2?embed=1&mode=tme (Caused by NameResolutionError("<urllib3.connection.HTTPSConnection object at 0x0000026340AB3310>: Failed to resolve 't.me' ([Errno 11001] getaddrinfo failed)"))
HTTPSConnectionPool(host='t.me', port=443): Max retries exceeded with url: /amtmedyaduyuru/2?embed=1&mode=tme (Caused by NameResolutionError("<urllib3.connection.HTTPSConnection object at 0x0000026340B6BE90>: Failed to resolve 't.me' ([Errno 11001] getaddrinfo failed)"))
HTTPSConnectionPool(host='t.me', port=443): Max retries exceeded with url: /amtmedyaduyuru/2?embed=1&mode=tme (Caused by NameResolutionError("<urllib3.connection.HTTPSConnection object at 0x0000026340078750>: Failed to resolve 't.me' ([Errno 11001] getaddrinfo failed)"))
HTTPSConnectionPool(host='t.me', port=443): Max retries exceeded with url: /amtmedyaduyuru/2?embed=1&mode=tme (Caused by NameResolutionError("<urllib3.connection.HTTPSConnection object at 0x000002633AEF0910>: Failed to resolve 't.me' ([Errno 11001] getaddrinfo failed)"))
HTTPSConnectionPool(host='t.me', port=443): Max retries exceeded with url: /amtmedyaduyuru/2?embed=1&mode=tme (Caused by NameResolutionError("<urllib3.connection.HTTPSConnection object at 0x00000263403D7B90>: Failed to resolve 't.me' ([Errno 11001] getaddrinfo failed)"))
HTTPSConnectionPool(host='t.me', port=443): Max retries exceeded with url: /amtmedyaduyuru/2?embed=1&mode=tme (Caused by NameResolutionError("<urllib3.connection.HTTPSConnection object at 0x000002633FE9BE50>: Failed to resolve 't.me' ([Errno 11001] getaddrinfo failed)"))
HTTPSConnectionPool(host='t.me', port=443): Max retries exceeded with url: /amtmedyaduyuru/2?embed=1&mode=tme (Caused by NameResolutionError("<urllib3.connection.HTTPSConnection object at 0x000002633AEF0910>: Failed to resolve 't.me' ([Errno 11001] getaddrinfo failed)"))
HTTPSConnectionPool(host='t.me', port=443): Max retries exceeded with url: /amtmedyaduyuru/2?embed=1&mode=tme (Caused by NameResolutionError("<urllib3.connection.HTTPSConnection object at 0x000002633B7ED5D0>: Failed to resolve 't.me' ([Errno 11001] getaddrinfo failed)"))
HTTPSConnectionPool(host='t.me', port=443): Max retries exceeded with url: /amtmedyaduyuru/2?embed=1&mode=tme (Caused by NameResolutionError("<urllib3.connection.HTTPSConnection object at 0x000002634023D0D0>: Failed to resolve 't.me' ([Errno 11001] getaddrinfo failed)"))
HTTPSConnectionPool(host='t.me', port=443): Max retries exceeded with url: /amtmedyaduyuru/2?embed=1&mode=tme (Caused by NameResolutionError("<urllib3.connection.HTTPSConnection object at 0x000002633FA4F0D0>: Failed to resolve 't.me' ([Errno 11001] getaddrinfo failed)"))
HTTPSConnectionPool(host='t.me', port=443): Max retries exceeded with url: /amtmedyaduyuru/2?embed=1&mode=tme (Caused by NameResolutionError("<urllib3.connection.HTTPSConnection object at 0x0000026340B6B9D0>: Failed to resolve 't.me' ([Errno 11001] getaddrinfo failed)"))
HTTPSConnectionPool(host='t.me', port=443): Max retries exceeded with url: /amtmedyaduyuru/2?embed=1&mode=tme (Caused by NameResolutionError("<urllib3.connection.HTTPSConnection object at 0x0000026340FE3A50>: Failed to resolve 't.me' ([Errno 11001] getaddrinfo failed)"))
HTTPSConnectionPool(host='t.me', port=443): Max retries exceeded with url: /amtmedyaduyuru/2?embed=1&mode=tme (Caused by NameResolutionError("<urllib3.connection.HTTPSConnection object at 0x000002633F832290>: Failed to resolve 't.me' ([Errno 11001] getaddrinfo failed)"))
HTTPSConnectionPool(host='t.me', port=443): Max retries exceeded with url: /amtmedyaduyuru/2?embed=1&mode=tme (Caused by NameResolutionError("<urllib3.connection.HTTPSConnection object at 0x0000026340B6A610>: Failed to resolve 't.me' ([Errno 11001] getaddrinfo failed)"))
HTTPSConnectionPool(host='t.me', port=443): Max retries exceeded with url: /amtmedyaduyuru/2?embed=1&mode=tme (Caused by NameResolutionError("<urllib3.connection.HTTPSConnection object at 0x00000263406640D0>: Failed to resolve 't.me' ([Errno 11001] getaddrinfo failed)"))
HTTPSConnectionPool(host='t.me', port=443): Max retries exceeded with url: /amtmedyaduyuru/2?embed=1&mode=tme (Caused by NameResolutionError("<urllib3.connection.HTTPSConnection object at 0x000002633654A1D0>: Failed to resolve 't.me' ([Errno 11001] getaddrinfo failed)"))
HTTPSConnectionPool(host='t.me', port=443): Max retries exceeded with url: /amtmedyaduyuru/2?embed=1&mode=tme (Caused by NameResolutionError("<urllib3.connection.HTTPSConnection object at 0x0000026340ACD8D0>: Failed to resolve 't.me' ([Errno 11001] getaddrinfo failed)"))
HTTPSConnectionPool(host='t.me', port=443): Max retries exceeded with url: /amtmedyaduyuru/2?embed=1&mode=tme (Caused by NameResolutionError("<urllib3.connection.HTTPSConnection object at 0x000002633FBBCFD0>: Failed to resolve 't.me' ([Errno 11001] getaddrinfo failed)"))
HTTPSConnectionPool(host='t.me', port=443): Max retries exceeded with url: /amtmedyaduyuru/2?embed=1&mode=tme (Caused by NameResolutionError("<urllib3.connection.HTTPSConnection object at 0x000002633BB23D90>: Failed to resolve 't.me' ([Errno 11001] getaddrinfo failed)"))
HTTPSConnectionPool(host='t.me', port=443): Max retries exceeded with url: /amtmedyaduyuru/2?embed=1&mode=tme (Caused by NameResolutionError("<urllib3.connection.HTTPSConnection object at 0x000002633B62B3D0>: Failed to resolve 't.me' ([Errno 11001] getaddrinfo failed)"))
HTTPSConnectionPool(host='t.me', port=443): Max retries exceeded with url: /amtmedyaduyuru/2?embed=1&mode=tme (Caused by NameResolutionError("<urllib3.connection.HTTPSConnection object at 0x000002633FCB41D0>: Failed to resolve 't.me' ([Errno 11001] getaddrinfo failed)"))
HTTPSConnectionPool(host='t.me', port=443): Max retries exceeded with url: /amtmedyaduyuru/2?embed=1&mode=tme (Caused by NameResolutionError("<urllib3.connection.HTTPSConnection object at 0x000002633AB3CE90>: Failed to resolve 't.me' ([Errno 11001] getaddrinfo failed)"))
HTTPSConnectionPool(host='t.me', port=443): Max retries exceeded with url: /amtmedyaduyuru/2?embed=1&mode=tme (Caused by NameResolutionError("<urllib3.connection.HTTPSConnection object at 0x000002633FA62FD0>: Failed to resolve 't.me' ([Errno 11001] getaddrinfo failed)"))
HTTPSConnectionPool(host='t.me', port=443): Max retries exceeded with url: /amtmedyaduyuru/2?embed=1&mode=tme (Caused by NameResolutionError("<urllib3.connection.HTTPSConnection object at 0x000002634100AB90>: Failed to resolve 't.me' ([Errno 11001] getaddrinfo failed)"))
HTTPSConnectionPool(host='t.me', port=443): Max retries exceeded with url: /amtmedyaduyuru/2?embed=1&mode=tme (Caused by NameResolutionError("<urllib3.connection.HTTPSConnection object at 0x0000026340875890>: Failed to resolve 't.me' ([Errno 11001] getaddrinfo failed)"))
HTTPSConnectionPool(host='t.me', port=443): Max retries exceeded with url: /amtmedyaduyuru/2?embed=1&mode=tme (Caused by NameResolutionError("<urllib3.connection.HTTPSConnection object at 0x0000026340EBC0D0>: Failed to resolve 't.me' ([Errno 11001] getaddrinfo failed)"))
HTTPSConnectionPool(host='t.me', port=443): Max retries exceeded with url: /amtmedyaduyuru/2?embed=1&mode=tme (Caused by NameResolutionError("<urllib3.connection.HTTPSConnection object at 0x000002633FDFED50>: Failed to resolve 't.me' ([Errno 11001] getaddrinfo failed)"))
HTTPSConnectionPool(host='t.me', port=443): Max retries exceeded with url: /amtmedyaduyuru/2?embed=1&mode=tme (Caused by NameResolutionError("<urllib3.connection.HTTPSConnection object at 0x0000026340B6BF50>: Failed to resolve 't.me' ([Errno 11001] getaddrinfo failed)"))
HTTPSConnectionPool(host='t.me', port=443): Max retries exceeded with url: /amtmedyaduyuru/2?embed=1&mode=tme (Caused by NameResolutionError("<urllib3.connection.HTTPSConnection object at 0x000002633AC83AD0>: Failed to resolve 't.me' ([Errno 11001] getaddrinfo failed)"))
HTTPSConnectionPool(host='t.me', port=443): Max retries exceeded with url: /amtmedyaduyuru/2?embed=1&mode=tme (Caused by NameResolutionError("<urllib3.connection.HTTPSConnection object at 0x0000026341009590>: Failed to resolve 't.me' ([Errno 11001] getaddrinfo failed)"))
HTTPSConnectionPool(host='t.me', port=443): Max retries exceeded with url: /amtmedyaduyuru/2?embed=1&mode=tme (Caused by NameResolutionError("<urllib3.connection.HTTPSConnection object at 0x0000026340634090>: Failed to resolve 't.me' ([Errno 11001] getaddrinfo failed)"))
HTTPSConnectionPool(host='t.me', port=443): Max retries exceeded with url: /amtmedyaduyuru/2?embed=1&mode=tme (Caused by NameResolutionError("<urllib3.connection.HTTPSConnection object at 0x0000026340666190>: Failed to resolve 't.me' ([Errno 11001] getaddrinfo failed)"))
HTTPSConnectionPool(host='t.me', port=443): Max retries exceeded with url: /amtmedyaduyuru/2?embed=1&mode=tme (Caused by NameResolutionError("<urllib3.connection.HTTPSConnection object at 0x0000026340B69F90>: Failed to resolve 't.me' ([Errno 11001] getaddrinfo failed)"))
HTTPSConnectionPool(host='t.me', port=443): Max retries exceeded with url: /amtmedyaduyuru/2?embed=1&mode=tme (Caused by NameResolutionError("<urllib3.connection.HTTPSConnection object at 0x000002633C5A2550>: Failed to resolve 't.me' ([Errno 11001] getaddrinfo failed)"))
HTTPSConnectionPool(host='t.me', port=443): Max retries exceeded with url: /amtmedyaduyuru/2?embed=1&mode=tme (Caused by NameResolutionError("<urllib3.connection.HTTPSConnection object at 0x000002633FEC1490>: Failed to resolve 't.me' ([Errno 11001] getaddrinfo failed)"))
HTTPSConnectionPool(host='t.me', port=443): Max retries exceeded with url: /amtmedyaduyuru/2?embed=1&mode=tme (Caused by NameResolutionError("<urllib3.connection.HTTPSConnection object at 0x00000263401B1D90>: Failed to resolve 't.me' ([Errno 11001] getaddrinfo failed)"))
HTTPSConnectionPool(host='t.me', port=443): Max retries exceeded with url: /amtmedyaduyuru/2?embed=1&mode=tme (Caused by NameResolutionError("<urllib3.connection.HTTPSConnection object at 0x00000263406BAA10>: Failed to resolve 't.me' ([Errno 11001] getaddrinfo failed)"))
HTTPSConnectionPool(host='t.me', port=443): Max retries exceeded with url: /amtmedyaduyuru/2?embed=1&mode=tme (Caused by NameResolutionError("<urllib3.connection.HTTPSConnection object at 0x000002633E049D10>: Failed to resolve 't.me' ([Errno 11001] getaddrinfo failed)"))
HTTPSConnectionPool(host='t.me', port=443): Max retries exceeded with url: /amtmedyaduyuru/2?embed=1&mode=tme (Caused by NameResolutionError("<urllib3.connection.HTTPSConnection object at 0x000002633FEB0C50>: Failed to resolve 't.me' ([Errno 11001] getaddrinfo failed)"))
HTTPSConnectionPool(host='t.me', port=443): Max retries exceeded with url: /amtmedyaduyuru/2?embed=1&mode=tme (Caused by NameResolutionError("<urllib3.connection.HTTPSConnection object at 0x0000026340566290>: Failed to resolve 't.me' ([Errno 11001] getaddrinfo failed)"))
HTTPSConnectionPool(host='t.me', port=443): Max retries exceeded with url: /amtmedyaduyuru/2?embed=1&mode=tme (Caused by NameResolutionError("<urllib3.connection.HTTPSConnection object at 0x0000026340DAEE90>: Failed to resolve 't.me' ([Errno 11001] getaddrinfo failed)"))
HTTPSConnectionPool(host='t.me', port=443): Max retries exceeded with url: /amtmedyaduyuru/2?embed=1&mode=tme (Caused by NameResolutionError("<urllib3.connection.HTTPSConnection object at 0x00000263404AF5D0>: Failed to resolve 't.me' ([Errno 11001] getaddrinfo failed)"))
HTTPSConnectionPool(host='t.me', port=443): Max retries exceeded with url: /amtmedyaduyuru/2?embed=1&mode=tme (Caused by NameResolutionError("<urllib3.connection.HTTPSConnection object at 0x000002633F903410>: Failed to resolve 't.me' ([Errno 11001] getaddrinfo failed)"))
HTTPSConnectionPool(host='t.me', port=443): Max retries exceeded with url: /amtmedyaduyuru/2?embed=1&mode=tme (Caused by NameResolutionError("<urllib3.connection.HTTPSConnection object at 0x0000026340404B90>: Failed to resolve 't.me' ([Errno 11001] getaddrinfo failed)"))
HTTPSConnectionPool(host='t.me', port=443): Max retries exceeded with url: /amtmedyaduyuru/2?embed=1&mode=tme (Caused by NameResolutionError("<urllib3.connection.HTTPSConnection object at 0x000002634023D0D0>: Failed to resolve 't.me' ([Errno 11001] getaddrinfo failed)"))
HTTPSConnectionPool(host='t.me', port=443): Max retries exceeded with url: /amtmedyaduyuru/2?embed=1&mode=tme (Caused by NameResolutionError("<urllib3.connection.HTTPSConnection object at 0x0000026336510B90>: Failed to resolve 't.me' ([Errno 11001] getaddrinfo failed)"))
HTTPSConnectionPool(host='t.me', port=443): Max retries exceeded with url: /amtmedyaduyuru/2?embed=1&mode=tme (Caused by NameResolutionError("<urllib3.connection.HTTPSConnection object at 0x0000026340A8E190>: Failed to resolve 't.me' ([Errno 11001] getaddrinfo failed)"))
HTTPSConnectionPool(host='t.me', port=443): Max retries exceeded with url: /amtmedyaduyuru/2?embed=1&mode=tme (Caused by NameResolutionError("<urllib3.connection.HTTPSConnection object at 0x00000263403D7CD0>: Failed to resolve 't.me' ([Errno 11001] getaddrinfo failed)"))
HTTPSConnectionPool(host='t.me', port=443): Max retries exceeded with url: /amtmedyaduyuru/2?embed=1&mode=tme (Caused by NameResolutionError("<urllib3.connection.HTTPSConnection object at 0x00000263406B9310>: Failed to resolve 't.me' ([Errno 11001] getaddrinfo failed)"))
HTTPSConnectionPool(host='t.me', port=443): Max retries exceeded with url: /amtmedyaduyuru/2?embed=1&mode=tme (Caused by NameResolutionError("<urllib3.connection.HTTPSConnection object at 0x000002633FEDEFD0>: Failed to resolve 't.me' ([Errno 11001] getaddrinfo failed)"))
HTTPSConnectionPool(host='t.me', port=443): Max retries exceeded with url: /amtmedyaduyuru/2?embed=1&mode=tme (Caused by NameResolutionError("<urllib3.connection.HTTPSConnection object at 0x000002633C5EDD10>: Failed to resolve 't.me' ([Errno 11001] getaddrinfo failed)"))
HTTPSConnectionPool(host='t.me', port=443): Max retries exceeded with url: /amtmedyaduyuru/2?embed=1&mode=tme (Caused by NameResolutionError("<urllib3.connection.HTTPSConnection object at 0x0000026340AB2350>: Failed to resolve 't.me' ([Errno 11001] getaddrinfo failed)"))
HTTPSConnectionPool(host='t.me', port=443): Max retries exceeded with url: /amtmedyaduyuru/2?embed=1&mode=tme (Caused by NameResolutionError("<urllib3.connection.HTTPSConnection object at 0x0000026340998050>: Failed to resolve 't.me' ([Errno 11001] getaddrinfo failed)"))
HTTPSConnectionPool(host='t.me', port=443): Max retries exceeded with url: /amtmedyaduyuru/2?embed=1&mode=tme (Caused by NameResolutionError("<urllib3.connection.HTTPSConnection object at 0x000002633FC425D0>: Failed to resolve 't.me' ([Errno 11001] getaddrinfo failed)"))
HTTPSConnectionPool(host='t.me', port=443): Max retries exceeded with url: /amtmedyaduyuru/2?embed=1&mode=tme (Caused by NameResolutionError("<urllib3.connection.HTTPSConnection object at 0x000002633C409690>: Failed to resolve 't.me' ([Errno 11001] getaddrinfo failed)"))
HTTPSConnectionPool(host='t.me', port=443): Max retries exceeded with url: /amtmedyaduyuru/2?embed=1&mode=tme (Caused by NameResolutionError("<urllib3.connection.HTTPSConnection object at 0x000002633C5A8CD0>: Failed to resolve 't.me' ([Errno 11001] getaddrinfo failed)"))
HTTPSConnectionPool(host='t.me', port=443): Max retries exceeded with url: /amtmedyaduyuru/2?embed=1&mode=tme (Caused by NameResolutionError("<urllib3.connection.HTTPSConnection object at 0x0000026340FE2910>: Failed to resolve 't.me' ([Errno 11001] getaddrinfo failed)"))
HTTPSConnectionPool(host='t.me', port=443): Max retries exceeded with url: /amtmedyaduyuru/2?embed=1&mode=tme (Caused by NameResolutionError("<urllib3.connection.HTTPSConnection object at 0x0000026340276DD0>: Failed to resolve 't.me' ([Errno 11001] getaddrinfo failed)"))
HTTPSConnectionPool(host='t.me', port=443): Max retries exceeded with url: /amtmedyaduyuru/2?embed=1&mode=tme (Caused by NameResolutionError("<urllib3.connection.HTTPSConnection object at 0x00000263401B3F90>: Failed to resolve 't.me' ([Errno 11001] getaddrinfo failed)"))
HTTPSConnectionPool(host='t.me', port=443): Max retries exceeded with url: /amtmedyaduyuru/2?embed=1&mode=tme (Caused by NameResolutionError("<urllib3.connection.HTTPSConnection object at 0x0000026340A8C7D0>: Failed to resolve 't.me' ([Errno 11001] getaddrinfo failed)"))
HTTPSConnectionPool(host='t.me', port=443): Max retries exceeded with url: /amtmedyaduyuru/2?embed=1&mode=tme (Caused by NameResolutionError("<urllib3.connection.HTTPSConnection object at 0x000002633FF364D0>: Failed to resolve 't.me' ([Errno 11001] getaddrinfo failed)"))
HTTPSConnectionPool(host='t.me', port=443): Max retries exceeded with url: /amtmedyaduyuru/2?embed=1&mode=tme (Caused by NameResolutionError("<urllib3.connection.HTTPSConnection object at 0x000002633E0C57D0>: Failed to resolve 't.me' ([Errno 11001] getaddrinfo failed)"))
HTTPSConnectionPool(host='t.me', port=443): Max retries exceeded with url: /amtmedyaduyuru/2?embed=1&mode=tme (Caused by NameResolutionError("<urllib3.connection.HTTPSConnection object at 0x0000026340FE2910>: Failed to resolve 't.me' ([Errno 11001] getaddrinfo failed)"))
HTTPSConnectionPool(host='t.me', port=443): Max retries exceeded with url: /amtmedyaduyuru/2?embed=1&mode=tme (Caused by NameResolutionError("<urllib3.connection.HTTPSConnection object at 0x0000026340DAEB50>: Failed to resolve 't.me' ([Errno 11001] getaddrinfo failed)"))
HTTPSConnectionPool(host='t.me', port=443): Max retries exceeded with url: /amtmedyaduyuru/2?embed=1&mode=tme (Caused by NameResolutionError("<urllib3.connection.HTTPSConnection object at 0x00000263407CB310>: Failed to resolve 't.me' ([Errno 11001] getaddrinfo failed)"))
HTTPSConnectionPool(host='t.me', port=443): Max retries exceeded with url: /amtmedyaduyuru/2?embed=1&mode=tme (Caused by NameResolutionError("<urllib3.connection.HTTPSConnection object at 0x0000026340EBC2D0>: Failed to resolve 't.me' ([Errno 11001] getaddrinfo failed)"))
HTTPSConnectionPool(host='t.me', port=443): Max retries exceeded with url: /amtmedyaduyuru/2?embed=1&mode=tme (Caused by NameResolutionError("<urllib3.connection.HTTPSConnection object at 0x0000026340DB6210>: Failed to resolve 't.me' ([Errno 11001] getaddrinfo failed)"))
HTTPSConnectionPool(host='t.me', port=443): Max retries exceeded with url: /amtmedyaduyuru/2?embed=1&mode=tme (Caused by NameResolutionError("<urllib3.connection.HTTPSConnection object at 0x0000026336513890>: Failed to resolve 't.me' ([Errno 11001] getaddrinfo failed)"))
HTTPSConnectionPool(host='t.me', port=443): Max retries exceeded with url: /amtmedyaduyuru/2?embed=1&mode=tme (Caused by NameResolutionError("<urllib3.connection.HTTPSConnection object at 0x0000026340AD69D0>: Failed to resolve 't.me' ([Errno 11001] getaddrinfo failed)"))
HTTPSConnectionPool(host='t.me', port=443): Max retries exceeded with url: /amtmedyaduyuru/2?embed=1&mode=tme (Caused by NameResolutionError("<urllib3.connection.HTTPSConnection object at 0x000002634100B410>: Failed to resolve 't.me' ([Errno 11001] getaddrinfo failed)"))
HTTPSConnectionPool(host='t.me', port=443): Max retries exceeded with url: /amtmedyaduyuru/2?embed=1&mode=tme (Caused by NameResolutionError("<urllib3.connection.HTTPSConnection object at 0x000002633E0B6390>: Failed to resolve 't.me' ([Errno 11001] getaddrinfo failed)"))
HTTPSConnectionPool(host='t.me', port=443): Max retries exceeded with url: /amtmedyaduyuru/2?embed=1&mode=tme (Caused by NameResolutionError("<urllib3.connection.HTTPSConnection object at 0x000002633C478B10>: Failed to resolve 't.me' ([Errno 11001] getaddrinfo failed)"))
HTTPSConnectionPool(host='t.me', port=443): Max retries exceeded with url: /amtmedyaduyuru/2?embed=1&mode=tme (Caused by NameResolutionError("<urllib3.connection.HTTPSConnection object at 0x00000263400BECD0>: Failed to resolve 't.me' ([Errno 11001] getaddrinfo failed)"))
HTTPSConnectionPool(host='t.me', port=443): Max retries exceeded with url: /amtmedyaduyuru/2?embed=1&mode=tme (Caused by NameResolutionError("<urllib3.connection.HTTPSConnection object at 0x0000026340DB5C50>: Failed to resolve 't.me' ([Errno 11001] getaddrinfo failed)"))
HTTPSConnectionPool(host='t.me', port=443): Max retries exceeded with url: /amtmedyaduyuru/2?embed=1&mode=tme (Caused by NameResolutionError("<urllib3.connection.HTTPSConnection object at 0x0000026340FE2A50>: Failed to resolve 't.me' ([Errno 11001] getaddrinfo failed)"))
HTTPSConnectionPool(host='t.me', port=443): Max retries exceeded with url: /amtmedyaduyuru/2?embed=1&mode=tme (Caused by NameResolutionError("<urllib3.connection.HTTPSConnection object at 0x000002634093D110>: Failed to resolve 't.me' ([Errno 11001] getaddrinfo failed)"))
HTTPSConnectionPool(host='t.me', port=443): Max retries exceeded with url: /amtmedyaduyuru/2?embed=1&mode=tme (Caused by NameResolutionError("<urllib3.connection.HTTPSConnection object at 0x000002634100A250>: Failed to resolve 't.me' ([Errno 11001] getaddrinfo failed)"))
HTTPSConnectionPool(host='t.me', port=443): Max retries exceeded with url: /amtmedyaduyuru/2?embed=1&mode=tme (Caused by NameResolutionError("<urllib3.connection.HTTPSConnection object at 0x0000026340FE1750>: Failed to resolve 't.me' ([Errno 11001] getaddrinfo failed)"))
HTTPSConnectionPool(host='t.me', port=443): Max retries exceeded with url: /amtmedyaduyuru/2?embed=1&mode=tme (Caused by NameResolutionError("<urllib3.connection.HTTPSConnection object at 0x000002633FFD0E10>: Failed to resolve 't.me' ([Errno 11001] getaddrinfo failed)"))
HTTPSConnectionPool(host='t.me', port=443): Max retries exceeded with url: /amtmedyaduyuru/2?embed=1&mode=tme (Caused by NameResolutionError("<urllib3.connection.HTTPSConnection object at 0x000002634019D410>: Failed to resolve 't.me' ([Errno 11001] getaddrinfo failed)"))
HTTPSConnectionPool(host='t.me', port=443): Max retries exceeded with url: /amtmedyaduyuru/2?embed=1&mode=tme (Caused by NameResolutionError("<urllib3.connection.HTTPSConnection object at 0x00000263407FB0D0>: Failed to resolve 't.me' ([Errno 11001] getaddrinfo failed)"))
HTTPSConnectionPool(host='t.me', port=443): Max retries exceeded with url: /amtmedyaduyuru/2?embed=1&mode=tme (Caused by NameResolutionError("<urllib3.connection.HTTPSConnection object at 0x000002633FCD3250>: Failed to resolve 't.me' ([Errno 11001] getaddrinfo failed)"))
HTTPSConnectionPool(host='t.me', port=443): Max retries exceeded with url: /amtmedyaduyuru/2?embed=1&mode=tme (Caused by NameResolutionError("<urllib3.connection.HTTPSConnection object at 0x000002634100AC10>: Failed to resolve 't.me' ([Errno 11001] getaddrinfo failed)"))
HTTPSConnectionPool(host='t.me', port=443): Max retries exceeded with url: /amtmedyaduyuru/2?embed=1&mode=tme (Caused by NameResolutionError("<urllib3.connection.HTTPSConnection object at 0x0000026340B69CD0>: Failed to resolve 't.me' ([Errno 11001] getaddrinfo failed)"))
HTTPSConnectionPool(host='t.me', port=443): Max retries exceeded with url: /amtmedyaduyuru/2?embed=1&mode=tme (Caused by NameResolutionError("<urllib3.connection.HTTPSConnection object at 0x000002633B969090>: Failed to resolve 't.me' ([Errno 11001] getaddrinfo failed)"))
HTTPSConnectionPool(host='t.me', port=443): Max retries exceeded with url: /amtmedyaduyuru/2?embed=1&mode=tme (Caused by NameResolutionError("<urllib3.connection.HTTPSConnection object at 0x00000263400FD150>: Failed to resolve 't.me' ([Errno 11001] getaddrinfo failed)"))
HTTPSConnectionPool(host='t.me', port=443): Max retries exceeded with url: /amtmedyaduyuru/2?embed=1&mode=tme (Caused by NameResolutionError("<urllib3.connection.HTTPSConnection object at 0x000002633E0D0750>: Failed to resolve 't.me' ([Errno 11001] getaddrinfo failed)"))
HTTPSConnectionPool(host='t.me', port=443): Max retries exceeded with url: /amtmedyaduyuru/2?embed=1&mode=tme (Caused by NameResolutionError("<urllib3.connection.HTTPSConnection object at 0x000002634010F750>: Failed to resolve 't.me' ([Errno 11001] getaddrinfo failed)"))
HTTPSConnectionPool(host='t.me', port=443): Max retries exceeded with url: /amtmedyaduyuru/2?embed=1&mode=tme (Caused by NameResolutionError("<urllib3.connection.HTTPSConnection object at 0x0000026341009790>: Failed to resolve 't.me' ([Errno 11001] getaddrinfo failed)"))
HTTPSConnectionPool(host='t.me', port=443): Max retries exceeded with url: /amtmedyaduyuru/2?embed=1&mode=tme (Caused by NameResolutionError("<urllib3.connection.HTTPSConnection object at 0x000002634093DF90>: Failed to resolve 't.me' ([Errno 11001] getaddrinfo failed)"))
HTTPSConnectionPool(host='t.me', port=443): Max retries exceeded with url: /amtmedyaduyuru/2?embed=1&mode=tme (Caused by NameResolutionError("<urllib3.connection.HTTPSConnection object at 0x0000026340382A50>: Failed to resolve 't.me' ([Errno 11001] getaddrinfo failed)"))
HTTPSConnectionPool(host='t.me', port=443): Max retries exceeded with url: /amtmedyaduyuru/2?embed=1&mode=tme (Caused by NameResolutionError("<urllib3.connection.HTTPSConnection object at 0x000002633FCB7550>: Failed to resolve 't.me' ([Errno 11001] getaddrinfo failed)"))
HTTPSConnectionPool(host='t.me', port=443): Max retries exceeded with url: /amtmedyaduyuru/2?embed=1&mode=tme (Caused by NameResolutionError("<urllib3.connection.HTTPSConnection object at 0x0000026340C01DD0>: Failed to resolve 't.me' ([Errno 11001] getaddrinfo failed)"))
HTTPSConnectionPool(host='t.me', port=443): Max retries exceeded with url: /amtmedyaduyuru/2?embed=1&mode=tme (Caused by NameResolutionError("<urllib3.connection.HTTPSConnection object at 0x0000026340998250>: Failed to resolve 't.me' ([Errno 11001] getaddrinfo failed)"))
HTTPSConnectionPool(host='t.me', port=443): Max retries exceeded with url: /amtmedyaduyuru/2?embed=1&mode=tme (Caused by NameResolutionError("<urllib3.connection.HTTPSConnection object at 0x0000026341030DD0>: Failed to resolve 't.me' ([Errno 11001] getaddrinfo failed)"))
HTTPSConnectionPool(host='t.me', port=443): Max retries exceeded with url: /amtmedyaduyuru/2?embed=1&mode=tme (Caused by NameResolutionError("<urllib3.connection.HTTPSConnection object at 0x0000026340B9D5D0>: Failed to resolve 't.me' ([Errno 11001] getaddrinfo failed)"))
HTTPSConnectionPool(host='t.me', port=443): Max retries exceeded with url: /amtmedyaduyuru/2?embed=1&mode=tme (Caused by NameResolutionError("<urllib3.connection.HTTPSConnection object at 0x0000026340D92710>: Failed to resolve 't.me' ([Errno 11001] getaddrinfo failed)"))
HTTPSConnectionPool(host='t.me', port=443): Max retries exceeded with url: /amtmedyaduyuru/2?embed=1&mode=tme (Caused by NameResolutionError("<urllib3.connection.HTTPSConnection object at 0x0000026340381210>: Failed to resolve 't.me' ([Errno 11001] getaddrinfo failed)"))
HTTPSConnectionPool(host='t.me', port=443): Max retries exceeded with url: /amtmedyaduyuru/2?embed=1&mode=tme (Caused by NameResolutionError("<urllib3.connection.HTTPSConnection object at 0x0000026340FE0690>: Failed to resolve 't.me' ([Errno 11001] getaddrinfo failed)"))
HTTPSConnectionPool(host='t.me', port=443): Max retries exceeded with url: /amtmedyaduyuru/2?embed=1&mode=tme (Caused by NameResolutionError("<urllib3.connection.HTTPSConnection object at 0x000002633B6D3210>: Failed to resolve 't.me' ([Errno 11001] getaddrinfo failed)"))
HTTPSConnectionPool(host='t.me', port=443): Max retries exceeded with url: /amtmedyaduyuru/2?embed=1&mode=tme (Caused by NameResolutionError("<urllib3.connection.HTTPSConnection object at 0x0000026341030490>: Failed to resolve 't.me' ([Errno 11001] getaddrinfo failed)"))
HTTPSConnectionPool(host='t.me', port=443): Max retries exceeded with url: /amtmedyaduyuru/2?embed=1&mode=tme (Caused by NameResolutionError("<urllib3.connection.HTTPSConnection object at 0x0000026340730C10>: Failed to resolve 't.me' ([Errno 11001] getaddrinfo failed)"))
HTTPSConnectionPool(host='t.me', port=443): Max retries exceeded with url: /amtmedyaduyuru/2?embed=1&mode=tme (Caused by NameResolutionError("<urllib3.connection.HTTPSConnection object at 0x000002634099BD50>: Failed to resolve 't.me' ([Errno 11001] getaddrinfo failed)"))
HTTPSConnectionPool(host='t.me', port=443): Max retries exceeded with url: /amtmedyaduyuru/2?embed=1&mode=tme (Caused by NameResolutionError("<urllib3.connection.HTTPSConnection object at 0x00000263407A3C10>: Failed to resolve 't.me' ([Errno 11001] getaddrinfo failed)"))
HTTPSConnectionPool(host='t.me', port=443): Max retries exceeded with url: /amtmedyaduyuru/2?embed=1&mode=tme (Caused by NameResolutionError("<urllib3.connection.HTTPSConnection object at 0x000002633FE83810>: Failed to resolve 't.me' ([Errno 11001] getaddrinfo failed)"))
HTTPSConnectionPool(host='t.me', port=443): Max retries exceeded with url: /amtmedyaduyuru/2?embed=1&mode=tme (Caused by NameResolutionError("<urllib3.connection.HTTPSConnection object at 0x000002633FCB7550>: Failed to resolve 't.me' ([Errno 11001] getaddrinfo failed)"))
HTTPSConnectionPool(host='t.me', port=443): Max retries exceeded with url: /amtmedyaduyuru/2?embed=1&mode=tme (Caused by NameResolutionError("<urllib3.connection.HTTPSConnection object at 0x000002633FFFBE50>: Failed to resolve 't.me' ([Errno 11001] getaddrinfo failed)"))
HTTPSConnectionPool(host='t.me', port=443): Max retries exceeded with url: /amtmedyaduyuru/2?embed=1&mode=tme (Caused by NameResolutionError("<urllib3.connection.HTTPSConnection object at 0x00000263406DFDD0>: Failed to resolve 't.me' ([Errno 11001] getaddrinfo failed)"))
HTTPSConnectionPool(host='t.me', port=443): Max retries exceeded with url: /amtmedyaduyuru/2?embed=1&mode=tme (Caused by NameResolutionError("<urllib3.connection.HTTPSConnection object at 0x000002633C56E410>: Failed to resolve 't.me' ([Errno 11001] getaddrinfo failed)"))
HTTPSConnectionPool(host='t.me', port=443): Max retries exceeded with url: /amtmedyaduyuru/2?embed=1&mode=tme (Caused by NameResolutionError("<urllib3.connection.HTTPSConnection object at 0x000002634100B750>: Failed to resolve 't.me' ([Errno 11001] getaddrinfo failed)"))
HTTPSConnectionPool(host='t.me', port=443): Max retries exceeded with url: /amtmedyaduyuru/2?embed=1&mode=tme (Caused by NameResolutionError("<urllib3.connection.HTTPSConnection object at 0x000002634100BA10>: Failed to resolve 't.me' ([Errno 11001] getaddrinfo failed)"))
HTTPSConnectionPool(host='t.me', port=443): Max retries exceeded with url: /amtmedyaduyuru/2?embed=1&mode=tme (Caused by NameResolutionError("<urllib3.connection.HTTPSConnection object at 0x0000026340883A90>: Failed to resolve 't.me' ([Errno 11001] getaddrinfo failed)"))
HTTPSConnectionPool(host='t.me', port=443): Max retries exceeded with url: /amtmedyaduyuru/2?embed=1&mode=tme (Caused by NameResolutionError("<urllib3.connection.HTTPSConnection object at 0x0000026341009C50>: Failed to resolve 't.me' ([Errno 11001] getaddrinfo failed)"))
HTTPSConnectionPool(host='t.me', port=443): Max retries exceeded with url: /amtmedyaduyuru/2?embed=1&mode=tme (Caused by NameResolutionError("<urllib3.connection.HTTPSConnection object at 0x000002633FFED950>: Failed to resolve 't.me' ([Errno 11001] getaddrinfo failed)"))
HTTPSConnectionPool(host='t.me', port=443): Max retries exceeded with url: /amtmedyaduyuru/2?embed=1&mode=tme (Caused by NameResolutionError("<urllib3.connection.HTTPSConnection object at 0x000002633B67A990>: Failed to resolve 't.me' ([Errno 11001] getaddrinfo failed)"))
HTTPSConnectionPool(host='t.me', port=443): Max retries exceeded with url: /amtmedyaduyuru/2?embed=1&mode=tme (Caused by NameResolutionError("<urllib3.connection.HTTPSConnection object at 0x00000263404D78D0>: Failed to resolve 't.me' ([Errno 11001] getaddrinfo failed)"))
HTTPSConnectionPool(host='t.me', port=443): Max retries exceeded with url: /amtmedyaduyuru/2?embed=1&mode=tme (Caused by NameResolutionError("<urllib3.connection.HTTPSConnection object at 0x0000026340D92090>: Failed to resolve 't.me' ([Errno 11001] getaddrinfo failed)"))
HTTPSConnectionPool(host='t.me', port=443): Max retries exceeded with url: /amtmedyaduyuru/2?embed=1&mode=tme (Caused by NameResolutionError("<urllib3.connection.HTTPSConnection object at 0x00000263404CAFD0>: Failed to resolve 't.me' ([Errno 11001] getaddrinfo failed)"))
HTTPSConnectionPool(host='t.me', port=443): Max retries exceeded with url: /amtmedyaduyuru/2?embed=1&mode=tme (Caused by NameResolutionError("<urllib3.connection.HTTPSConnection object at 0x0000026340BC7DD0>: Failed to resolve 't.me' ([Errno 11001] getaddrinfo failed)"))
HTTPSConnectionPool(host='t.me', port=443): Max retries exceeded with url: /amtmedyaduyuru/2?embed=1&mode=tme (Caused by NameResolutionError("<urllib3.connection.HTTPSConnection object at 0x0000026340F72450>: Failed to resolve 't.me' ([Errno 11001] getaddrinfo failed)"))
HTTPSConnectionPool(host='t.me', port=443): Max retries exceeded with url: /amtmedyaduyuru/2?embed=1&mode=tme (Caused by NameResolutionError("<urllib3.connection.HTTPSConnection object at 0x0000026340378E10>: Failed to resolve 't.me' ([Errno 11001] getaddrinfo failed)"))
HTTPSConnectionPool(host='t.me', port=443): Max retries exceeded with url: /amtmedyaduyuru/2?embed=1&mode=tme (Caused by NameResolutionError("<urllib3.connection.HTTPSConnection object at 0x000002634099BD50>: Failed to resolve 't.me' ([Errno 11001] getaddrinfo failed)"))
HTTPSConnectionPool(host='t.me', port=443): Max retries exceeded with url: /amtmedyaduyuru/2?embed=1&mode=tme (Caused by NameResolutionError("<urllib3.connection.HTTPSConnection object at 0x000002633FD89650>: Failed to resolve 't.me' ([Errno 11001] getaddrinfo failed)"))
HTTPSConnectionPool(host='t.me', port=443): Max retries exceeded with url: /amtmedyaduyuru/2?embed=1&mode=tme (Caused by NameResolutionError("<urllib3.connection.HTTPSConnection object at 0x000002633FD89650>: Failed to resolve 't.me' ([Errno 11001] getaddrinfo failed)"))
HTTPSConnectionPool(host='t.me', port=443): Max retries exceeded with url: /amtmedyaduyuru/2?embed=1&mode=tme (Caused by NameResolutionError("<urllib3.connection.HTTPSConnection object at 0x000002633FBBE810>: Failed to resolve 't.me' ([Errno 11001] getaddrinfo failed)"))
HTTPSConnectionPool(host='t.me', port=443): Max retries exceeded with url: /amtmedyaduyuru/2?embed=1&mode=tme (Caused by NameResolutionError("<urllib3.connection.HTTPSConnection object at 0x000002633B637E10>: Failed to resolve 't.me' ([Errno 11001] getaddrinfo failed)"))
HTTPSConnectionPool(host='t.me', port=443): Max retries exceeded with url: /amtmedyaduyuru/2?embed=1&mode=tme (Caused by NameResolutionError("<urllib3.connection.HTTPSConnection object at 0x0000026341009350>: Failed to resolve 't.me' ([Errno 11001] getaddrinfo failed)"))
HTTPSConnectionPool(host='t.me', port=443): Max retries exceeded with url: /amtmedyaduyuru/2?embed=1&mode=tme (Caused by NameResolutionError("<urllib3.connection.HTTPSConnection object at 0x000002634082FE10>: Failed to resolve 't.me' ([Errno 11001] getaddrinfo failed)"))
HTTPSConnectionPool(host='t.me', port=443): Max retries exceeded with url: /amtmedyaduyuru/2?embed=1&mode=tme (Caused by NameResolutionError("<urllib3.connection.HTTPSConnection object at 0x0000026340EBC090>: Failed to resolve 't.me' ([Errno 11001] getaddrinfo failed)"))
HTTPSConnectionPool(host='t.me', port=443): Max retries exceeded with url: /amtmedyaduyuru/2?embed=1&mode=tme (Caused by NameResolutionError("<urllib3.connection.HTTPSConnection object at 0x00000263402B7450>: Failed to resolve 't.me' ([Errno 11001] getaddrinfo failed)"))
HTTPSConnectionPool(host='t.me', port=443): Max retries exceeded with url: /amtmedyaduyuru/2?embed=1&mode=tme (Caused by NameResolutionError("<urllib3.connection.HTTPSConnection object at 0x0000026340A8FFD0>: Failed to resolve 't.me' ([Errno 11001] getaddrinfo failed)"))
HTTPSConnectionPool(host='t.me', port=443): Max retries exceeded with url: /amtmedyaduyuru/2?embed=1&mode=tme (Caused by NameResolutionError("<urllib3.connection.HTTPSConnection object at 0x000002633FFF9E90>: Failed to resolve 't.me' ([Errno 11001] getaddrinfo failed)"))
HTTPSConnectionPool(host='t.me', port=443): Max retries exceeded with url: /amtmedyaduyuru/2?embed=1&mode=tme (Caused by NameResolutionError("<urllib3.connection.HTTPSConnection object at 0x000002634100BD50>: Failed to resolve 't.me' ([Errno 11001] getaddrinfo failed)"))
HTTPSConnectionPool(host='t.me', port=443): Max retries exceeded with url: /amtmedyaduyuru/2?embed=1&mode=tme (Caused by NameResolutionError("<urllib3.connection.HTTPSConnection object at 0x0000026340702A50>: Failed to resolve 't.me' ([Errno 11001] getaddrinfo failed)"))
HTTPSConnectionPool(host='t.me', port=443): Max retries exceeded with url: /amtmedyaduyuru/2?embed=1&mode=tme (Caused by NameResolutionError("<urllib3.connection.HTTPSConnection object at 0x000002633E109290>: Failed to resolve 't.me' ([Errno 11001] getaddrinfo failed)"))
HTTPSConnectionPool(host='t.me', port=443): Max retries exceeded with url: /amtmedyaduyuru/2?embed=1&mode=tme (Caused by NameResolutionError("<urllib3.connection.HTTPSConnection object at 0x00000263389EC9D0>: Failed to resolve 't.me' ([Errno 11001] getaddrinfo failed)"))
HTTPSConnectionPool(host='t.me', port=443): Max retries exceeded with url: /amtmedyaduyuru/2?embed=1&mode=tme (Caused by NameResolutionError("<urllib3.connection.HTTPSConnection object at 0x0000026341007D10>: Failed to resolve 't.me' ([Errno 11001] getaddrinfo failed)"))
HTTPSConnectionPool(host='t.me', port=443): Max retries exceeded with url: /amtmedyaduyuru/2?embed=1&mode=tme (Caused by NameResolutionError("<urllib3.connection.HTTPSConnection object at 0x000002634098BCD0>: Failed to resolve 't.me' ([Errno 11001] getaddrinfo failed)"))
HTTPSConnectionPool(host='t.me', port=443): Max retries exceeded with url: /amtmedyaduyuru/2?embed=1&mode=tme (Caused by NameResolutionError("<urllib3.connection.HTTPSConnection object at 0x0000026340FE26D0>: Failed to resolve 't.me' ([Errno 11001] getaddrinfo failed)"))
HTTPSConnectionPool(host='t.me', port=443): Max retries exceeded with url: /amtmedyaduyuru/2?embed=1&mode=tme (Caused by NameResolutionError("<urllib3.connection.HTTPSConnection object at 0x00000263403C8210>: Failed to resolve 't.me' ([Errno 11001] getaddrinfo failed)"))
HTTPSConnectionPool(host='t.me', port=443): Max retries exceeded with url: /amtmedyaduyuru/2?embed=1&mode=tme (Caused by NameResolutionError("<urllib3.connection.HTTPSConnection object at 0x0000026341008A90>: Failed to resolve 't.me' ([Errno 11001] getaddrinfo failed)"))
HTTPSConnectionPool(host='t.me', port=443): Max retries exceeded with url: /amtmedyaduyuru/2?embed=1&mode=tme (Caused by NameResolutionError("<urllib3.connection.HTTPSConnection object at 0x0000026340A7D090>: Failed to resolve 't.me' ([Errno 11001] getaddrinfo failed)"))
HTTPSConnectionPool(host='t.me', port=443): Max retries exceeded with url: /amtmedyaduyuru/2?embed=1&mode=tme (Caused by NameResolutionError("<urllib3.connection.HTTPSConnection object at 0x000002633F903410>: Failed to resolve 't.me' ([Errno 11001] getaddrinfo failed)"))
HTTPSConnectionPool(host='t.me', port=443): Max retries exceeded with url: /amtmedyaduyuru/2?embed=1&mode=tme (Caused by NameResolutionError("<urllib3.connection.HTTPSConnection object at 0x000002634100B550>: Failed to resolve 't.me' ([Errno 11001] getaddrinfo failed)"))
HTTPSConnectionPool(host='t.me', port=443): Max retries exceeded with url: /amtmedyaduyuru/2?embed=1&mode=tme (Caused by NameResolutionError("<urllib3.connection.HTTPSConnection object at 0x000002634100BA90>: Failed to resolve 't.me' ([Errno 11001] getaddrinfo failed)"))
HTTPSConnectionPool(host='t.me', port=443): Max retries exceeded with url: /amtmedyaduyuru/2?embed=1&mode=tme (Caused by NameResolutionError("<urllib3.connection.HTTPSConnection object at 0x0000026340A8C7D0>: Failed to resolve 't.me' ([Errno 11001] getaddrinfo failed)"))
HTTPSConnectionPool(host='t.me', port=443): Max retries exceeded with url: /amtmedyaduyuru/2?embed=1&mode=tme (Caused by NameResolutionError("<urllib3.connection.HTTPSConnection object at 0x000002633FACAD50>: Failed to resolve 't.me' ([Errno 11001] getaddrinfo failed)"))
HTTPSConnectionPool(host='t.me', port=443): Max retries exceeded with url: /amtmedyaduyuru/2?embed=1&mode=tme (Caused by NameResolutionError("<urllib3.connection.HTTPSConnection object at 0x0000026341030590>: Failed to resolve 't.me' ([Errno 11001] getaddrinfo failed)"))
HTTPSConnectionPool(host='t.me', port=443): Max retries exceeded with url: /amtmedyaduyuru/2?embed=1&mode=tme (Caused by NameResolutionError("<urllib3.connection.HTTPSConnection object at 0x0000026341030050>: Failed to resolve 't.me' ([Errno 11001] getaddrinfo failed)"))
HTTPSConnectionPool(host='t.me', port=443): Max retries exceeded with url: /amtmedyaduyuru/2?embed=1&mode=tme (Caused by NameResolutionError("<urllib3.connection.HTTPSConnection object at 0x000002633FC2A2D0>: Failed to resolve 't.me' ([Errno 11001] getaddrinfo failed)"))
HTTPSConnectionPool(host='t.me', port=443): Max retries exceeded with url: /amtmedyaduyuru/2?embed=1&mode=tme (Caused by NameResolutionError("<urllib3.connection.HTTPSConnection object at 0x000002634082D2D0>: Failed to resolve 't.me' ([Errno 11001] getaddrinfo failed)"))
HTTPSConnectionPool(host='t.me', port=443): Max retries exceeded with url: /amtmedyaduyuru/2?embed=1&mode=tme (Caused by NameResolutionError("<urllib3.connection.HTTPSConnection object at 0x0000026340FE1450>: Failed to resolve 't.me' ([Errno 11001] getaddrinfo failed)"))
HTTPSConnectionPool(host='t.me', port=443): Max retries exceeded with url: /amtmedyaduyuru/2?embed=1&mode=tme (Caused by NameResolutionError("<urllib3.connection.HTTPSConnection object at 0x000002634100B110>: Failed to resolve 't.me' ([Errno 11001] getaddrinfo failed)"))
HTTPSConnectionPool(host='t.me', port=443): Max retries exceeded with url: /amtmedyaduyuru/2?embed=1&mode=tme (Caused by NameResolutionError("<urllib3.connection.HTTPSConnection object at 0x000002633C2FA3D0>: Failed to resolve 't.me' ([Errno 11001] getaddrinfo failed)"))
HTTPSConnectionPool(host='t.me', port=443): Max retries exceeded with url: /amtmedyaduyuru/2?embed=1&mode=tme (Caused by NameResolutionError("<urllib3.connection.HTTPSConnection object at 0x000002634099BD50>: Failed to resolve 't.me' ([Errno 11001] getaddrinfo failed)"))
HTTPSConnectionPool(host='t.me', port=443): Max retries exceeded with url: /amtmedyaduyuru/2?embed=1&mode=tme (Caused by NameResolutionError("<urllib3.connection.HTTPSConnection object at 0x0000026341009290>: Failed to resolve 't.me' ([Errno 11001] getaddrinfo failed)"))
HTTPSConnectionPool(host='t.me', port=443): Max retries exceeded with url: /amtmedyaduyuru/2?embed=1&mode=tme (Caused by NameResolutionError("<urllib3.connection.HTTPSConnection object at 0x0000026340FE3490>: Failed to resolve 't.me' ([Errno 11001] getaddrinfo failed)"))
HTTPSConnectionPool(host='t.me', port=443): Max retries exceeded with url: /amtmedyaduyuru/2?embed=1&mode=tme (Caused by NameResolutionError("<urllib3.connection.HTTPSConnection object at 0x0000026340D92A90>: Failed to resolve 't.me' ([Errno 11001] getaddrinfo failed)"))
HTTPSConnectionPool(host='t.me', port=443): Max retries exceeded with url: /amtmedyaduyuru/2?embed=1&mode=tme (Caused by NameResolutionError("<urllib3.connection.HTTPSConnection object at 0x0000026340DADC90>: Failed to resolve 't.me' ([Errno 11001] getaddrinfo failed)"))
HTTPSConnectionPool(host='t.me', port=443): Max retries exceeded with url: /amtmedyaduyuru/2?embed=1&mode=tme (Caused by NameResolutionError("<urllib3.connection.HTTPSConnection object at 0x0000026341007D10>: Failed to resolve 't.me' ([Errno 11001] getaddrinfo failed)"))
HTTPSConnectionPool(host='t.me', port=443): Max retries exceeded with url: /amtmedyaduyuru/2?embed=1&mode=tme (Caused by NameResolutionError("<urllib3.connection.HTTPSConnection object at 0x0000026340D929D0>: Failed to resolve 't.me' ([Errno 11001] getaddrinfo failed)"))
HTTPSConnectionPool(host='t.me', port=443): Max retries exceeded with url: /amtmedyaduyuru/2?embed=1&mode=tme (Caused by NameResolutionError("<urllib3.connection.HTTPSConnection object at 0x000002633DFFD510>: Failed to resolve 't.me' ([Errno 11001] getaddrinfo failed)"))
HTTPSConnectionPool(host='t.me', port=443): Max retries exceeded with url: /amtmedyaduyuru/2?embed=1&mode=tme (Caused by NameResolutionError("<urllib3.connection.HTTPSConnection object at 0x00000263407FBE10>: Failed to resolve 't.me' ([Errno 11001] getaddrinfo failed)"))
HTTPSConnectionPool(host='t.me', port=443): Max retries exceeded with url: /amtmedyaduyuru/2?embed=1&mode=tme (Caused by NameResolutionError("<urllib3.connection.HTTPSConnection object at 0x000002633FF65A90>: Failed to resolve 't.me' ([Errno 11001] getaddrinfo failed)"))
HTTPSConnectionPool(host='t.me', port=443): Max retries exceeded with url: /amtmedyaduyuru/2?embed=1&mode=tme (Caused by NameResolutionError("<urllib3.connection.HTTPSConnection object at 0x000002634100AC10>: Failed to resolve 't.me' ([Errno 11001] getaddrinfo failed)"))
HTTPSConnectionPool(host='t.me', port=443): Max retries exceeded with url: /amtmedyaduyuru/2?embed=1&mode=tme (Caused by NameResolutionError("<urllib3.connection.HTTPSConnection object at 0x000002633C2F9490>: Failed to resolve 't.me' ([Errno 11001] getaddrinfo failed)"))
HTTPSConnectionPool(host='t.me', port=443): Max retries exceeded with url: /amtmedyaduyuru/2?embed=1&mode=tme (Caused by NameResolutionError("<urllib3.connection.HTTPSConnection object at 0x000002633414C1D0>: Failed to resolve 't.me' ([Errno 11001] getaddrinfo failed)"))
HTTPSConnectionPool(host='t.me', port=443): Max retries exceeded with url: /amtmedyaduyuru/2?embed=1&mode=tme (Caused by NameResolutionError("<urllib3.connection.HTTPSConnection object at 0x000002633F9CEBD0>: Failed to resolve 't.me' ([Errno 11001] getaddrinfo failed)"))
HTTPSConnectionPool(host='t.me', port=443): Max retries exceeded with url: /amtmedyaduyuru/2?embed=1&mode=tme (Caused by NameResolutionError("<urllib3.connection.HTTPSConnection object at 0x000002633F7CC5D0>: Failed to resolve 't.me' ([Errno 11001] getaddrinfo failed)"))
HTTPSConnectionPool(host='t.me', port=443): Max retries exceeded with url: /amtmedyaduyuru/2?embed=1&mode=tme (Caused by NameResolutionError("<urllib3.connection.HTTPSConnection object at 0x0000026340ACEB50>: Failed to resolve 't.me' ([Errno 11001] getaddrinfo failed)"))
HTTPSConnectionPool(host='t.me', port=443): Max retries exceeded with url: /amtmedyaduyuru/2?embed=1&mode=tme (Caused by NameResolutionError("<urllib3.connection.HTTPSConnection object at 0x0000026340814310>: Failed to resolve 't.me' ([Errno 11001] getaddrinfo failed)"))
HTTPSConnectionPool(host='t.me', port=443): Max retries exceeded with url: /amtmedyaduyuru/2?embed=1&mode=tme (Caused by NameResolutionError("<urllib3.connection.HTTPSConnection object at 0x0000026340816610>: Failed to resolve 't.me' ([Errno 11001] getaddrinfo failed)"))
HTTPSConnectionPool(host='t.me', port=443): Max retries exceeded with url: /amtmedyaduyuru/2?embed=1&mode=tme (Caused by NameResolutionError("<urllib3.connection.HTTPSConnection object at 0x000002633C332310>: Failed to resolve 't.me' ([Errno 11001] getaddrinfo failed)"))
HTTPSConnectionPool(host='t.me', port=443): Max retries exceeded with url: /amtmedyaduyuru/2?embed=1&mode=tme (Caused by NameResolutionError("<urllib3.connection.HTTPSConnection object at 0x000002633FEC1490>: Failed to resolve 't.me' ([Errno 11001] getaddrinfo failed)"))
HTTPSConnectionPool(host='t.me', port=443): Max retries exceeded with url: /amtmedyaduyuru/2?embed=1&mode=tme (Caused by NameResolutionError("<urllib3.connection.HTTPSConnection object at 0x000002633C442410>: Failed to resolve 't.me' ([Errno 11001] getaddrinfo failed)"))
HTTPSConnectionPool(host='t.me', port=443): Max retries exceeded with url: /amtmedyaduyuru/2?embed=1&mode=tme (Caused by NameResolutionError("<urllib3.connection.HTTPSConnection object at 0x000002634100AC50>: Failed to resolve 't.me' ([Errno 11001] getaddrinfo failed)"))
HTTPSConnectionPool(host='t.me', port=443): Max retries exceeded with url: /amtmedyaduyuru/2?embed=1&mode=tme (Caused by NameResolutionError("<urllib3.connection.HTTPSConnection object at 0x00000263401C7410>: Failed to resolve 't.me' ([Errno 11001] getaddrinfo failed)"))
HTTPSConnectionPool(host='t.me', port=443): Max retries exceeded with url: /amtmedyaduyuru/2?embed=1&mode=tme (Caused by NameResolutionError("<urllib3.connection.HTTPSConnection object at 0x0000026336507190>: Failed to resolve 't.me' ([Errno 11001] getaddrinfo failed)"))
HTTPSConnectionPool(host='t.me', port=443): Max retries exceeded with url: /amtmedyaduyuru/2?embed=1&mode=tme (Caused by NameResolutionError("<urllib3.connection.HTTPSConnection object at 0x000002634023FB10>: Failed to resolve 't.me' ([Errno 11001] getaddrinfo failed)"))
HTTPSConnectionPool(host='t.me', port=443): Max retries exceeded with url: /amtmedyaduyuru/2?embed=1&mode=tme (Caused by NameResolutionError("<urllib3.connection.HTTPSConnection object at 0x0000026340677150>: Failed to resolve 't.me' ([Errno 11001] getaddrinfo failed)"))
HTTPSConnectionPool(host='t.me', port=443): Max retries exceeded with url: /amtmedyaduyuru/2?embed=1&mode=tme (Caused by NameResolutionError("<urllib3.connection.HTTPSConnection object at 0x0000026340CF7BD0>: Failed to resolve 't.me' ([Errno 11001] getaddrinfo failed)"))
HTTPSConnectionPool(host='t.me', port=443): Max retries exceeded with url: /amtmedyaduyuru/2?embed=1&mode=tme (Caused by NameResolutionError("<urllib3.connection.HTTPSConnection object at 0x000002633C411C50>: Failed to resolve 't.me' ([Errno 11001] getaddrinfo failed)"))
HTTPSConnectionPool(host='t.me', port=443): Max retries exceeded with url: /amtmedyaduyuru/2?embed=1&mode=tme (Caused by NameResolutionError("<urllib3.connection.HTTPSConnection object at 0x0000026341009C90>: Failed to resolve 't.me' ([Errno 11001] getaddrinfo failed)"))
HTTPSConnectionPool(host='t.me', port=443): Max retries exceeded with url: /amtmedyaduyuru/2?embed=1&mode=tme (Caused by NameResolutionError("<urllib3.connection.HTTPSConnection object at 0x00000263406A4710>: Failed to resolve 't.me' ([Errno 11001] getaddrinfo failed)"))
HTTPSConnectionPool(host='t.me', port=443): Max retries exceeded with url: /amtmedyaduyuru/2?embed=1&mode=tme (Caused by NameResolutionError("<urllib3.connection.HTTPSConnection object at 0x00000263366CF810>: Failed to resolve 't.me' ([Errno 11001] getaddrinfo failed)"))
HTTPSConnectionPool(host='t.me', port=443): Max retries exceeded with url: /amtmedyaduyuru/2?embed=1&mode=tme (Caused by NameResolutionError("<urllib3.connection.HTTPSConnection object at 0x0000026340EBEF10>: Failed to resolve 't.me' ([Errno 11001] getaddrinfo failed)"))
HTTPSConnectionPool(host='t.me', port=443): Max retries exceeded with url: /amtmedyaduyuru/2?embed=1&mode=tme (Caused by NameResolutionError("<urllib3.connection.HTTPSConnection object at 0x000002633FE82610>: Failed to resolve 't.me' ([Errno 11001] getaddrinfo failed)"))
HTTPSConnectionPool(host='t.me', port=443): Max retries exceeded with url: /amtmedyaduyuru/2?embed=1&mode=tme (Caused by NameResolutionError("<urllib3.connection.HTTPSConnection object at 0x0000026340421A90>: Failed to resolve 't.me' ([Errno 11001] getaddrinfo failed)"))
HTTPSConnectionPool(host='t.me', port=443): Max retries exceeded with url: /amtmedyaduyuru/2?embed=1&mode=tme (Caused by NameResolutionError("<urllib3.connection.HTTPSConnection object at 0x0000026340EBF110>: Failed to resolve 't.me' ([Errno 11001] getaddrinfo failed)"))
HTTPSConnectionPool(host='t.me', port=443): Max retries exceeded with url: /amtmedyaduyuru/2?embed=1&mode=tme (Caused by NameResolutionError("<urllib3.connection.HTTPSConnection object at 0x00000263400394D0>: Failed to resolve 't.me' ([Errno 11001] getaddrinfo failed)"))
HTTPSConnectionPool(host='t.me', port=443): Max retries exceeded with url: /amtmedyaduyuru/2?embed=1&mode=tme (Caused by NameResolutionError("<urllib3.connection.HTTPSConnection object at 0x000002633C296650>: Failed to resolve 't.me' ([Errno 11001] getaddrinfo failed)"))
HTTPSConnectionPool(host='t.me', port=443): Max retries exceeded with url: /amtmedyaduyuru/2?embed=1&mode=tme (Caused by NameResolutionError("<urllib3.connection.HTTPSConnection object at 0x000002634100A510>: Failed to resolve 't.me' ([Errno 11001] getaddrinfo failed)"))
HTTPSConnectionPool(host='t.me', port=443): Max retries exceeded with url: /amtmedyaduyuru/2?embed=1&mode=tme (Caused by NameResolutionError("<urllib3.connection.HTTPSConnection object at 0x0000026340086A90>: Failed to resolve 't.me' ([Errno 11001] getaddrinfo failed)"))
HTTPSConnectionPool(host='t.me', port=443): Max retries exceeded with url: /amtmedyaduyuru/2?embed=1&mode=tme (Caused by NameResolutionError("<urllib3.connection.HTTPSConnection object at 0x000002633F850190>: Failed to resolve 't.me' ([Errno 11001] getaddrinfo failed)"))
HTTPSConnectionPool(host='t.me', port=443): Max retries exceeded with url: /amtmedyaduyuru/2?embed=1&mode=tme (Caused by NameResolutionError("<urllib3.connection.HTTPSConnection object at 0x000002633FC2A1D0>: Failed to resolve 't.me' ([Errno 11001] getaddrinfo failed)"))
HTTPSConnectionPool(host='t.me', port=443): Max retries exceeded with url: /amtmedyaduyuru/2?embed=1&mode=tme (Caused by NameResolutionError("<urllib3.connection.HTTPSConnection object at 0x000002633CFA66D0>: Failed to resolve 't.me' ([Errno 11001] getaddrinfo failed)"))
HTTPSConnectionPool(host='t.me', port=443): Max retries exceeded with url: /amtmedyaduyuru/2?embed=1&mode=tme (Caused by NameResolutionError("<urllib3.connection.HTTPSConnection object at 0x00000263403EA090>: Failed to resolve 't.me' ([Errno 11001] getaddrinfo failed)"))
HTTPSConnectionPool(host='t.me', port=443): Max retries exceeded with url: /amtmedyaduyuru/2?embed=1&mode=tme (Caused by NameResolutionError("<urllib3.connection.HTTPSConnection object at 0x000002633FE87F10>: Failed to resolve 't.me' ([Errno 11001] getaddrinfo failed)"))
HTTPSConnectionPool(host='t.me', port=443): Max retries exceeded with url: /amtmedyaduyuru/2?embed=1&mode=tme (Caused by NameResolutionError("<urllib3.connection.HTTPSConnection object at 0x000002633C32C110>: Failed to resolve 't.me' ([Errno 11001] getaddrinfo failed)"))
HTTPSConnectionPool(host='t.me', port=443): Max retries exceeded with url: /amtmedyaduyuru/2?embed=1&mode=tme (Caused by NameResolutionError("<urllib3.connection.HTTPSConnection object at 0x0000026340777310>: Failed to resolve 't.me' ([Errno 11001] getaddrinfo failed)"))
HTTPSConnectionPool(host='t.me', port=443): Max retries exceeded with url: /amtmedyaduyuru/2?embed=1&mode=tme (Caused by NameResolutionError("<urllib3.connection.HTTPSConnection object at 0x0000026340423890>: Failed to resolve 't.me' ([Errno 11001] getaddrinfo failed)"))
HTTPSConnectionPool(host='t.me', port=443): Max retries exceeded with url: /amtmedyaduyuru/2?embed=1&mode=tme (Caused by NameResolutionError("<urllib3.connection.HTTPSConnection object at 0x0000026340423A90>: Failed to resolve 't.me' ([Errno 11001] getaddrinfo failed)"))
HTTPSConnectionPool(host='t.me', port=443): Max retries exceeded with url: /amtmedyaduyuru/2?embed=1&mode=tme (Caused by NameResolutionError("<urllib3.connection.HTTPSConnection object at 0x00000263405DA110>: Failed to resolve 't.me' ([Errno 11001] getaddrinfo failed)"))
HTTPSConnectionPool(host='t.me', port=443): Max retries exceeded with url: /amtmedyaduyuru/2?embed=1&mode=tme (Caused by NameResolutionError("<urllib3.connection.HTTPSConnection object at 0x00000263409AB110>: Failed to resolve 't.me' ([Errno 11001] getaddrinfo failed)"))
HTTPSConnectionPool(host='t.me', port=443): Max retries exceeded with url: /amtmedyaduyuru/2?embed=1&mode=tme (Caused by NameResolutionError("<urllib3.connection.HTTPSConnection object at 0x0000026340BBC890>: Failed to resolve 't.me' ([Errno 11001] getaddrinfo failed)"))
HTTPSConnectionPool(host='t.me', port=443): Max retries exceeded with url: /amtmedyaduyuru/2?embed=1&mode=tme (Caused by NameResolutionError("<urllib3.connection.HTTPSConnection object at 0x000002633AC3B390>: Failed to resolve 't.me' ([Errno 11001] getaddrinfo failed)"))
HTTPSConnectionPool(host='t.me', port=443): Max retries exceeded with url: /amtmedyaduyuru/2?embed=1&mode=tme (Caused by NameResolutionError("<urllib3.connection.HTTPSConnection object at 0x00000263405B0350>: Failed to resolve 't.me' ([Errno 11001] getaddrinfo failed)"))
HTTPSConnectionPool(host='t.me', port=443): Max retries exceeded with url: /amtmedyaduyuru/2?embed=1&mode=tme (Caused by NameResolutionError("<urllib3.connection.HTTPSConnection object at 0x0000026340039690>: Failed to resolve 't.me' ([Errno 11001] getaddrinfo failed)"))
HTTPSConnectionPool(host='t.me', port=443): Max retries exceeded with url: /amtmedyaduyuru/2?embed=1&mode=tme (Caused by NameResolutionError("<urllib3.connection.HTTPSConnection object at 0x000002633B78E910>: Failed to resolve 't.me' ([Errno 11001] getaddrinfo failed)"))
HTTPSConnectionPool(host='t.me', port=443): Max retries exceeded with url: /amtmedyaduyuru/2?embed=1&mode=tme (Caused by NameResolutionError("<urllib3.connection.HTTPSConnection object at 0x000002633F9955D0>: Failed to resolve 't.me' ([Errno 11001] getaddrinfo failed)"))
HTTPSConnectionPool(host='t.me', port=443): Max retries exceeded with url: /amtmedyaduyuru/2?embed=1&mode=tme (Caused by NameResolutionError("<urllib3.connection.HTTPSConnection object at 0x000002633AE6FA10>: Failed to resolve 't.me' ([Errno 11001] getaddrinfo failed)"))
HTTPSConnectionPool(host='t.me', port=443): Max retries exceeded with url: /amtmedyaduyuru/2?embed=1&mode=tme (Caused by NameResolutionError("<urllib3.connection.HTTPSConnection object at 0x000002633FC952D0>: Failed to resolve 't.me' ([Errno 11001] getaddrinfo failed)"))
HTTPSConnectionPool(host='t.me', port=443): Max retries exceeded with url: /amtmedyaduyuru/2?embed=1&mode=tme (Caused by NameResolutionError("<urllib3.connection.HTTPSConnection object at 0x000002634100AF90>: Failed to resolve 't.me' ([Errno 11001] getaddrinfo failed)"))
HTTPSConnectionPool(host='t.me', port=443): Max retries exceeded with url: /amtmedyaduyuru/2?embed=1&mode=tme (Caused by NameResolutionError("<urllib3.connection.HTTPSConnection object at 0x000002633E373850>: Failed to resolve 't.me' ([Errno 11001] getaddrinfo failed)"))
HTTPSConnectionPool(host='t.me', port=443): Max retries exceeded with url: /amtmedyaduyuru/2?embed=1&mode=tme (Caused by NameResolutionError("<urllib3.connection.HTTPSConnection object at 0x000002633E319710>: Failed to resolve 't.me' ([Errno 11001] getaddrinfo failed)"))
HTTPSConnectionPool(host='t.me', port=443): Max retries exceeded with url: /amtmedyaduyuru/2?embed=1&mode=tme (Caused by NameResolutionError("<urllib3.connection.HTTPSConnection object at 0x000002633DFFC590>: Failed to resolve 't.me' ([Errno 11001] getaddrinfo failed)"))
HTTPSConnectionPool(host='t.me', port=443): Max retries exceeded with url: /amtmedyaduyuru/2?embed=1&mode=tme (Caused by NameResolutionError("<urllib3.connection.HTTPSConnection object at 0x000002634093EB50>: Failed to resolve 't.me' ([Errno 11001] getaddrinfo failed)"))
HTTPSConnectionPool(host='t.me', port=443): Max retries exceeded with url: /amtmedyaduyuru/2?embed=1&mode=tme (Caused by NameResolutionError("<urllib3.connection.HTTPSConnection object at 0x000002634073DD10>: Failed to resolve 't.me' ([Errno 11001] getaddrinfo failed)"))
HTTPSConnectionPool(host='t.me', port=443): Max retries exceeded with url: /amtmedyaduyuru/2?embed=1&mode=tme (Caused by NameResolutionError("<urllib3.connection.HTTPSConnection object at 0x0000026340666090>: Failed to resolve 't.me' ([Errno 11001] getaddrinfo failed)"))
HTTPSConnectionPool(host='t.me', port=443): Max retries exceeded with url: /amtmedyaduyuru/2?embed=1&mode=tme (Caused by NameResolutionError("<urllib3.connection.HTTPSConnection object at 0x0000026340ECDCD0>: Failed to resolve 't.me' ([Errno 11001] getaddrinfo failed)"))
HTTPSConnectionPool(host='t.me', port=443): Max retries exceeded with url: /amtmedyaduyuru/2?embed=1&mode=tme (Caused by NameResolutionError("<urllib3.connection.HTTPSConnection object at 0x0000026340744D10>: Failed to resolve 't.me' ([Errno 11001] getaddrinfo failed)"))
HTTPSConnectionPool(host='t.me', port=443): Max retries exceeded with url: /amtmedyaduyuru/2?embed=1&mode=tme (Caused by NameResolutionError("<urllib3.connection.HTTPSConnection object at 0x0000026340998250>: Failed to resolve 't.me' ([Errno 11001] getaddrinfo failed)"))
HTTPSConnectionPool(host='t.me', port=443): Max retries exceeded with url: /amtmedyaduyuru/2?embed=1&mode=tme (Caused by NameResolutionError("<urllib3.connection.HTTPSConnection object at 0x00000263403794D0>: Failed to resolve 't.me' ([Errno 11001] getaddrinfo failed)"))
HTTPSConnectionPool(host='t.me', port=443): Max retries exceeded with url: /amtmedyaduyuru/2?embed=1&mode=tme (Caused by NameResolutionError("<urllib3.connection.HTTPSConnection object at 0x000002634071E190>: Failed to resolve 't.me' ([Errno 11001] getaddrinfo failed)"))
HTTPSConnectionPool(host='t.me', port=443): Max retries exceeded with url: /amtmedyaduyuru/2?embed=1&mode=tme (Caused by NameResolutionError("<urllib3.connection.HTTPSConnection object at 0x00000263406DCD50>: Failed to resolve 't.me' ([Errno 11001] getaddrinfo failed)"))
HTTPSConnectionPool(host='t.me', port=443): Max retries exceeded with url: /amtmedyaduyuru/2?embed=1&mode=tme (Caused by NameResolutionError("<urllib3.connection.HTTPSConnection object at 0x0000026340ECDE50>: Failed to resolve 't.me' ([Errno 11001] getaddrinfo failed)"))
HTTPSConnectionPool(host='t.me', port=443): Max retries exceeded with url: /amtmedyaduyuru/2?embed=1&mode=tme (Caused by NameResolutionError("<urllib3.connection.HTTPSConnection object at 0x000002633F782450>: Failed to resolve 't.me' ([Errno 11001] getaddrinfo failed)"))
HTTPSConnectionPool(host='t.me', port=443): Max retries exceeded with url: /amtmedyaduyuru/2?embed=1&mode=tme (Caused by NameResolutionError("<urllib3.connection.HTTPSConnection object at 0x00000263400C4D10>: Failed to resolve 't.me' ([Errno 11001] getaddrinfo failed)"))
HTTPSConnectionPool(host='t.me', port=443): Max retries exceeded with url: /amtmedyaduyuru/2?embed=1&mode=tme (Caused by NameResolutionError("<urllib3.connection.HTTPSConnection object at 0x000002633FE044D0>: Failed to resolve 't.me' ([Errno 11001] getaddrinfo failed)"))
HTTPSConnectionPool(host='t.me', port=443): Max retries exceeded with url: /amtmedyaduyuru/2?embed=1&mode=tme (Caused by NameResolutionError("<urllib3.connection.HTTPSConnection object at 0x0000026340745050>: Failed to resolve 't.me' ([Errno 11001] getaddrinfo failed)"))
HTTPSConnectionPool(host='t.me', port=443): Max retries exceeded with url: /amtmedyaduyuru/2?embed=1&mode=tme (Caused by NameResolutionError("<urllib3.connection.HTTPSConnection object at 0x0000026340BBC9D0>: Failed to resolve 't.me' ([Errno 11001] getaddrinfo failed)"))
HTTPSConnectionPool(host='t.me', port=443): Max retries exceeded with url: /amtmedyaduyuru/2?embed=1&mode=tme (Caused by NameResolutionError("<urllib3.connection.HTTPSConnection object at 0x000002633FC29A50>: Failed to resolve 't.me' ([Errno 11001] getaddrinfo failed)"))
HTTPSConnectionPool(host='t.me', port=443): Max retries exceeded with url: /amtmedyaduyuru/2?embed=1&mode=tme (Caused by NameResolutionError("<urllib3.connection.HTTPSConnection object at 0x000002633E339F50>: Failed to resolve 't.me' ([Errno 11001] getaddrinfo failed)"))
HTTPSConnectionPool(host='t.me', port=443): Max retries exceeded with url: /amtmedyaduyuru/2?embed=1&mode=tme (Caused by NameResolutionError("<urllib3.connection.HTTPSConnection object at 0x0000026340FE3D10>: Failed to resolve 't.me' ([Errno 11001] getaddrinfo failed)"))
HTTPSConnectionPool(host='t.me', port=443): Max retries exceeded with url: /amtmedyaduyuru/2?embed=1&mode=tme (Caused by NameResolutionError("<urllib3.connection.HTTPSConnection object at 0x0000026340DAEB50>: Failed to resolve 't.me' ([Errno 11001] getaddrinfo failed)"))
HTTPSConnectionPool(host='t.me', port=443): Max retries exceeded with url: /amtmedyaduyuru/2?embed=1&mode=tme (Caused by NameResolutionError("<urllib3.connection.HTTPSConnection object at 0x000002633B974590>: Failed to resolve 't.me' ([Errno 11001] getaddrinfo failed)"))
HTTPSConnectionPool(host='t.me', port=443): Max retries exceeded with url: /amtmedyaduyuru/2?embed=1&mode=tme (Caused by NameResolutionError("<urllib3.connection.HTTPSConnection object at 0x0000026340998590>: Failed to resolve 't.me' ([Errno 11001] getaddrinfo failed)"))
HTTPSConnectionPool(host='t.me', port=443): Max retries exceeded with url: /amtmedyaduyuru/2?embed=1&mode=tme (Caused by NameResolutionError("<urllib3.connection.HTTPSConnection object at 0x0000026340A8F090>: Failed to resolve 't.me' ([Errno 11001] getaddrinfo failed)"))
HTTPSConnectionPool(host='t.me', port=443): Max retries exceeded with url: /amtmedyaduyuru/2?embed=1&mode=tme (Caused by NameResolutionError("<urllib3.connection.HTTPSConnection object at 0x000002633C370F90>: Failed to resolve 't.me' ([Errno 11001] getaddrinfo failed)"))
HTTPSConnectionPool(host='t.me', port=443): Max retries exceeded with url: /amtmedyaduyuru/2?embed=1&mode=tme (Caused by NameResolutionError("<urllib3.connection.HTTPSConnection object at 0x000002634018BBD0>: Failed to resolve 't.me' ([Errno 11001] getaddrinfo failed)"))
HTTPSConnectionPool(host='t.me', port=443): Max retries exceeded with url: /amtmedyaduyuru/2?embed=1&mode=tme (Caused by NameResolutionError("<urllib3.connection.HTTPSConnection object at 0x000002634099B710>: Failed to resolve 't.me' ([Errno 11001] getaddrinfo failed)"))
HTTPSConnectionPool(host='t.me', port=443): Max retries exceeded with url: /amtmedyaduyuru/2?embed=1&mode=tme (Caused by NameResolutionError("<urllib3.connection.HTTPSConnection object at 0x000002633B779750>: Failed to resolve 't.me' ([Errno 11001] getaddrinfo failed)"))
HTTPSConnectionPool(host='t.me', port=443): Max retries exceeded with url: /amtmedyaduyuru/2?embed=1&mode=tme (Caused by NameResolutionError("<urllib3.connection.HTTPSConnection object at 0x000002634008E050>: Failed to resolve 't.me' ([Errno 11001] getaddrinfo failed)"))
HTTPSConnectionPool(host='t.me', port=443): Max retries exceeded with url: /amtmedyaduyuru/2?embed=1&mode=tme (Caused by NameResolutionError("<urllib3.connection.HTTPSConnection object at 0x00000263408C7E90>: Failed to resolve 't.me' ([Errno 11001] getaddrinfo failed)"))
HTTPSConnectionPool(host='t.me', port=443): Max retries exceeded with url: /amtmedyaduyuru/2?embed=1&mode=tme (Caused by NameResolutionError("<urllib3.connection.HTTPSConnection object at 0x00000263408C5710>: Failed to resolve 't.me' ([Errno 11001] getaddrinfo failed)"))
HTTPSConnectionPool(host='t.me', port=443): Max retries exceeded with url: /amtmedyaduyuru/2?embed=1&mode=tme (Caused by NameResolutionError("<urllib3.connection.HTTPSConnection object at 0x00000263365BE0D0>: Failed to resolve 't.me' ([Errno 11001] getaddrinfo failed)"))
HTTPSConnectionPool(host='t.me', port=443): Max retries exceeded with url: /amtmedyaduyuru/2?embed=1&mode=tme (Caused by NameResolutionError("<urllib3.connection.HTTPSConnection object at 0x0000026337F63FD0>: Failed to resolve 't.me' ([Errno 11001] getaddrinfo failed)"))
HTTPSConnectionPool(host='t.me', port=443): Max retries exceeded with url: /amtmedyaduyuru/2?embed=1&mode=tme (Caused by NameResolutionError("<urllib3.connection.HTTPSConnection object at 0x000002633E339F50>: Failed to resolve 't.me' ([Errno 11001] getaddrinfo failed)"))
HTTPSConnectionPool(host='t.me', port=443): Max retries exceeded with url: /amtmedyaduyuru/2?embed=1&mode=tme (Caused by NameResolutionError("<urllib3.connection.HTTPSConnection object at 0x000002633FE044D0>: Failed to resolve 't.me' ([Errno 11001] getaddrinfo failed)"))
HTTPSConnectionPool(host='t.me', port=443): Max retries exceeded with url: /amtmedyaduyuru/2?embed=1&mode=tme (Caused by NameResolutionError("<urllib3.connection.HTTPSConnection object at 0x0000026340B6AF50>: Failed to resolve 't.me' ([Errno 11001] getaddrinfo failed)"))
HTTPSConnectionPool(host='t.me', port=443): Max retries exceeded with url: /amtmedyaduyuru/2?embed=1&mode=tme (Caused by NameResolutionError("<urllib3.connection.HTTPSConnection object at 0x0000026341031310>: Failed to resolve 't.me' ([Errno 11001] getaddrinfo failed)"))
HTTPSConnectionPool(host='t.me', port=443): Max retries exceeded with url: /amtmedyaduyuru/2?embed=1&mode=tme (Caused by NameResolutionError("<urllib3.connection.HTTPSConnection object at 0x00000263404AF5D0>: Failed to resolve 't.me' ([Errno 11001] getaddrinfo failed)"))
HTTPSConnectionPool(host='t.me', port=443): Max retries exceeded with url: /amtmedyaduyuru/2?embed=1&mode=tme (Caused by NameResolutionError("<urllib3.connection.HTTPSConnection object at 0x000002633C25B450>: Failed to resolve 't.me' ([Errno 11001] getaddrinfo failed)"))
HTTPSConnectionPool(host='t.me', port=443): Max retries exceeded with url: /amtmedyaduyuru/2?embed=1&mode=tme (Caused by NameResolutionError("<urllib3.connection.HTTPSConnection object at 0x00000263366CFFD0>: Failed to resolve 't.me' ([Errno 11001] getaddrinfo failed)"))
HTTPSConnectionPool(host='t.me', port=443): Max retries exceeded with url: /amtmedyaduyuru/2?embed=1&mode=tme (Caused by NameResolutionError("<urllib3.connection.HTTPSConnection object at 0x0000026340DAFA50>: Failed to resolve 't.me' ([Errno 11001] getaddrinfo failed)"))
HTTPSConnectionPool(host='t.me', port=443): Max retries exceeded with url: /amtmedyaduyuru/2?embed=1&mode=tme (Caused by NameResolutionError("<urllib3.connection.HTTPSConnection object at 0x0000026340A05B10>: Failed to resolve 't.me' ([Errno 11001] getaddrinfo failed)"))
HTTPSConnectionPool(host='t.me', port=443): Max retries exceeded with url: /amtmedyaduyuru/2?embed=1&mode=tme (Caused by NameResolutionError("<urllib3.connection.HTTPSConnection object at 0x000002633FBBF090>: Failed to resolve 't.me' ([Errno 11001] getaddrinfo failed)"))
HTTPSConnectionPool(host='t.me', port=443): Max retries exceeded with url: /amtmedyaduyuru/2?embed=1&mode=tme (Caused by NameResolutionError("<urllib3.connection.HTTPSConnection object at 0x000002633C6B1590>: Failed to resolve 't.me' ([Errno 11001] getaddrinfo failed)"))
HTTPSConnectionPool(host='t.me', port=443): Max retries exceeded with url: /amtmedyaduyuru/2?embed=1&mode=tme (Caused by NameResolutionError("<urllib3.connection.HTTPSConnection object at 0x0000026340B69AD0>: Failed to resolve 't.me' ([Errno 11001] getaddrinfo failed)"))
HTTPSConnectionPool(host='t.me', port=443): Max retries exceeded with url: /amtmedyaduyuru/2?embed=1&mode=tme (Caused by NameResolutionError("<urllib3.connection.HTTPSConnection object at 0x0000026341030F50>: Failed to resolve 't.me' ([Errno 11001] getaddrinfo failed)"))
HTTPSConnectionPool(host='t.me', port=443): Max retries exceeded with url: /amtmedyaduyuru/2?embed=1&mode=tme (Caused by NameResolutionError("<urllib3.connection.HTTPSConnection object at 0x0000026341033910>: Failed to resolve 't.me' ([Errno 11001] getaddrinfo failed)"))
HTTPSConnectionPool(host='t.me', port=443): Max retries exceeded with url: /amtmedyaduyuru/2?embed=1&mode=tme (Caused by NameResolutionError("<urllib3.connection.HTTPSConnection object at 0x0000026340B6A610>: Failed to resolve 't.me' ([Errno 11001] getaddrinfo failed)"))
HTTPSConnectionPool(host='t.me', port=443): Max retries exceeded with url: /amtmedyaduyuru/2?embed=1&mode=tme (Caused by NameResolutionError("<urllib3.connection.HTTPSConnection object at 0x000002633C4B3190>: Failed to resolve 't.me' ([Errno 11001] getaddrinfo failed)"))
HTTPSConnectionPool(host='t.me', port=443): Max retries exceeded with url: /amtmedyaduyuru/2?embed=1&mode=tme (Caused by NameResolutionError("<urllib3.connection.HTTPSConnection object at 0x00000263403AF810>: Failed to resolve 't.me' ([Errno 11001] getaddrinfo failed)"))
HTTPSConnectionPool(host='t.me', port=443): Max retries exceeded with url: /amtmedyaduyuru/2?embed=1&mode=tme (Caused by NameResolutionError("<urllib3.connection.HTTPSConnection object at 0x000002633FEAE890>: Failed to resolve 't.me' ([Errno 11001] getaddrinfo failed)"))
HTTPSConnectionPool(host='t.me', port=443): Max retries exceeded with url: /amtmedyaduyuru/2?embed=1&mode=tme (Caused by NameResolutionError("<urllib3.connection.HTTPSConnection object at 0x000002633DFFDED0>: Failed to resolve 't.me' ([Errno 11001] getaddrinfo failed)"))
HTTPSConnectionPool(host='t.me', port=443): Max retries exceeded with url: /amtmedyaduyuru/2?embed=1&mode=tme (Caused by NameResolutionError("<urllib3.connection.HTTPSConnection object at 0x000002634082E950>: Failed to resolve 't.me' ([Errno 11001] getaddrinfo failed)"))
HTTPSConnectionPool(host='t.me', port=443): Max retries exceeded with url: /amtmedyaduyuru/2?embed=1&mode=tme (Caused by NameResolutionError("<urllib3.connection.HTTPSConnection object at 0x000002633C60CC10>: Failed to resolve 't.me' ([Errno 11001] getaddrinfo failed)"))
HTTPSConnectionPool(host='t.me', port=443): Max retries exceeded with url: /amtmedyaduyuru/2?embed=1&mode=tme (Caused by NameResolutionError("<urllib3.connection.HTTPSConnection object at 0x000002633F78B090>: Failed to resolve 't.me' ([Errno 11001] getaddrinfo failed)"))
HTTPSConnectionPool(host='t.me', port=443): Max retries exceeded with url: /amtmedyaduyuru/2?embed=1&mode=tme (Caused by NameResolutionError("<urllib3.connection.HTTPSConnection object at 0x000002633FDA2190>: Failed to resolve 't.me' ([Errno 11001] getaddrinfo failed)"))
HTTPSConnectionPool(host='t.me', port=443): Max retries exceeded with url: /amtmedyaduyuru/2?embed=1&mode=tme (Caused by NameResolutionError("<urllib3.connection.HTTPSConnection object at 0x000002633F949150>: Failed to resolve 't.me' ([Errno 11001] getaddrinfo failed)"))
HTTPSConnectionPool(host='t.me', port=443): Max retries exceeded with url: /amtmedyaduyuru/2?embed=1&mode=tme (Caused by NameResolutionError("<urllib3.connection.HTTPSConnection object at 0x00000263409AA310>: Failed to resolve 't.me' ([Errno 11001] getaddrinfo failed)"))
HTTPSConnectionPool(host='t.me', port=443): Max retries exceeded with url: /amtmedyaduyuru/2?embed=1&mode=tme (Caused by NameResolutionError("<urllib3.connection.HTTPSConnection object at 0x00000263410402D0>: Failed to resolve 't.me' ([Errno 11001] getaddrinfo failed)"))
HTTPSConnectionPool(host='t.me', port=443): Max retries exceeded with url: /amtmedyaduyuru/2?embed=1&mode=tme (Caused by NameResolutionError("<urllib3.connection.HTTPSConnection object at 0x0000026341041C50>: Failed to resolve 't.me' ([Errno 11001] getaddrinfo failed)"))
HTTPSConnectionPool(host='t.me', port=443): Max retries exceeded with url: /amtmedyaduyuru/2?embed=1&mode=tme (Caused by NameResolutionError("<urllib3.connection.HTTPSConnection object at 0x000002634008DE90>: Failed to resolve 't.me' ([Errno 11001] getaddrinfo failed)"))
HTTPSConnectionPool(host='t.me', port=443): Max retries exceeded with url: /amtmedyaduyuru/2?embed=1&mode=tme (Caused by NameResolutionError("<urllib3.connection.HTTPSConnection object at 0x0000026341031210>: Failed to resolve 't.me' ([Errno 11001] getaddrinfo failed)"))
HTTPSConnectionPool(host='t.me', port=443): Max retries exceeded with url: /amtmedyaduyuru/2?embed=1&mode=tme (Caused by NameResolutionError("<urllib3.connection.HTTPSConnection object at 0x0000026340D57490>: Failed to resolve 't.me' ([Errno 11001] getaddrinfo failed)"))
HTTPSConnectionPool(host='t.me', port=443): Max retries exceeded with url: /amtmedyaduyuru/2?embed=1&mode=tme (Caused by NameResolutionError("<urllib3.connection.HTTPSConnection object at 0x000002633F7CF950>: Failed to resolve 't.me' ([Errno 11001] getaddrinfo failed)"))
HTTPSConnectionPool(host='t.me', port=443): Max retries exceeded with url: /amtmedyaduyuru/2?embed=1&mode=tme (Caused by NameResolutionError("<urllib3.connection.HTTPSConnection object at 0x0000026340B6A690>: Failed to resolve 't.me' ([Errno 11001] getaddrinfo failed)"))
HTTPSConnectionPool(host='t.me', port=443): Max retries exceeded with url: /amtmedyaduyuru/2?embed=1&mode=tme (Caused by NameResolutionError("<urllib3.connection.HTTPSConnection object at 0x0000026341041B10>: Failed to resolve 't.me' ([Errno 11001] getaddrinfo failed)"))
HTTPSConnectionPool(host='t.me', port=443): Max retries exceeded with url: /amtmedyaduyuru/2?embed=1&mode=tme (Caused by NameResolutionError("<urllib3.connection.HTTPSConnection object at 0x00000263404AC810>: Failed to resolve 't.me' ([Errno 11001] getaddrinfo failed)"))
HTTPSConnectionPool(host='t.me', port=443): Max retries exceeded with url: /amtmedyaduyuru/2?embed=1&mode=tme (Caused by NameResolutionError("<urllib3.connection.HTTPSConnection object at 0x0000026340F7FED0>: Failed to resolve 't.me' ([Errno 11001] getaddrinfo failed)"))
HTTPSConnectionPool(host='t.me', port=443): Max retries exceeded with url: /amtmedyaduyuru/2?embed=1&mode=tme (Caused by NameResolutionError("<urllib3.connection.HTTPSConnection object at 0x00000263409C3A90>: Failed to resolve 't.me' ([Errno 11001] getaddrinfo failed)"))
HTTPSConnectionPool(host='t.me', port=443): Max retries exceeded with url: /amtmedyaduyuru/2?embed=1&mode=tme (Caused by NameResolutionError("<urllib3.connection.HTTPSConnection object at 0x000002633E2A9590>: Failed to resolve 't.me' ([Errno 11001] getaddrinfo failed)"))
HTTPSConnectionPool(host='t.me', port=443): Max retries exceeded with url: /amtmedyaduyuru/2?embed=1&mode=tme (Caused by NameResolutionError("<urllib3.connection.HTTPSConnection object at 0x00000263407455D0>: Failed to resolve 't.me' ([Errno 11001] getaddrinfo failed)"))
HTTPSConnectionPool(host='t.me', port=443): Max retries exceeded with url: /amtmedyaduyuru/2?embed=1&mode=tme (Caused by NameResolutionError("<urllib3.connection.HTTPSConnection object at 0x0000026340406AD0>: Failed to resolve 't.me' ([Errno 11001] getaddrinfo failed)"))
HTTPSConnectionPool(host='t.me', port=443): Max retries exceeded with url: /amtmedyaduyuru/2?embed=1&mode=tme (Caused by NameResolutionError("<urllib3.connection.HTTPSConnection object at 0x000002633B8B9110>: Failed to resolve 't.me' ([Errno 11001] getaddrinfo failed)"))
HTTPSConnectionPool(host='t.me', port=443): Max retries exceeded with url: /amtmedyaduyuru/2?embed=1&mode=tme (Caused by NameResolutionError("<urllib3.connection.HTTPSConnection object at 0x000002633E2F0710>: Failed to resolve 't.me' ([Errno 11001] getaddrinfo failed)"))
HTTPSConnectionPool(host='t.me', port=443): Max retries exceeded with url: /amtmedyaduyuru/2?embed=1&mode=tme (Caused by NameResolutionError("<urllib3.connection.HTTPSConnection object at 0x0000026340B6AD50>: Failed to resolve 't.me' ([Errno 11001] getaddrinfo failed)"))
HTTPSConnectionPool(host='t.me', port=443): Max retries exceeded with url: /amtmedyaduyuru/2?embed=1&mode=tme (Caused by NameResolutionError("<urllib3.connection.HTTPSConnection object at 0x0000026340ECD9D0>: Failed to resolve 't.me' ([Errno 11001] getaddrinfo failed)"))
HTTPSConnectionPool(host='t.me', port=443): Max retries exceeded with url: /amtmedyaduyuru/2?embed=1&mode=tme (Caused by NameResolutionError("<urllib3.connection.HTTPSConnection object at 0x0000026340AD6D50>: Failed to resolve 't.me' ([Errno 11001] getaddrinfo failed)"))
HTTPSConnectionPool(host='t.me', port=443): Max retries exceeded with url: /amtmedyaduyuru/2?embed=1&mode=tme (Caused by NameResolutionError("<urllib3.connection.HTTPSConnection object at 0x00000263400394D0>: Failed to resolve 't.me' ([Errno 11001] getaddrinfo failed)"))
HTTPSConnectionPool(host='t.me', port=443): Max retries exceeded with url: /amtmedyaduyuru/2?embed=1&mode=tme (Caused by NameResolutionError("<urllib3.connection.HTTPSConnection object at 0x0000026340ECD9D0>: Failed to resolve 't.me' ([Errno 11001] getaddrinfo failed)"))
HTTPSConnectionPool(host='t.me', port=443): Max retries exceeded with url: /amtmedyaduyuru/2?embed=1&mode=tme (Caused by NameResolutionError("<urllib3.connection.HTTPSConnection object at 0x000002633C35DF10>: Failed to resolve 't.me' ([Errno 11001] getaddrinfo failed)"))
HTTPSConnectionPool(host='t.me', port=443): Max retries exceeded with url: /amtmedyaduyuru/2?embed=1&mode=tme (Caused by NameResolutionError("<urllib3.connection.HTTPSConnection object at 0x0000026340B6AD90>: Failed to resolve 't.me' ([Errno 11001] getaddrinfo failed)"))
HTTPSConnectionPool(host='t.me', port=443): Max retries exceeded with url: /amtmedyaduyuru/2?embed=1&mode=tme (Caused by NameResolutionError("<urllib3.connection.HTTPSConnection object at 0x0000026340C01F90>: Failed to resolve 't.me' ([Errno 11001] getaddrinfo failed)"))
HTTPSConnectionPool(host='t.me', port=443): Max retries exceeded with url: /amtmedyaduyuru/2?embed=1&mode=tme (Caused by NameResolutionError("<urllib3.connection.HTTPSConnection object at 0x000002633C60CC10>: Failed to resolve 't.me' ([Errno 11001] getaddrinfo failed)"))
HTTPSConnectionPool(host='t.me', port=443): Max retries exceeded with url: /amtmedyaduyuru/2?embed=1&mode=tme (Caused by NameResolutionError("<urllib3.connection.HTTPSConnection object at 0x000002633E011110>: Failed to resolve 't.me' ([Errno 11001] getaddrinfo failed)"))
HTTPSConnectionPool(host='t.me', port=443): Max retries exceeded with url: /amtmedyaduyuru/2?embed=1&mode=tme (Caused by NameResolutionError("<urllib3.connection.HTTPSConnection object at 0x0000026340F5F350>: Failed to resolve 't.me' ([Errno 11001] getaddrinfo failed)"))
HTTPSConnectionPool(host='t.me', port=443): Max retries exceeded with url: /amtmedyaduyuru/2?embed=1&mode=tme (Caused by NameResolutionError("<urllib3.connection.HTTPSConnection object at 0x0000026340934AD0>: Failed to resolve 't.me' ([Errno 11001] getaddrinfo failed)"))
HTTPSConnectionPool(host='t.me', port=443): Max retries exceeded with url: /amtmedyaduyuru/2?embed=1&mode=tme (Caused by NameResolutionError("<urllib3.connection.HTTPSConnection object at 0x0000026340ECEF50>: Failed to resolve 't.me' ([Errno 11001] getaddrinfo failed)"))
HTTPSConnectionPool(host='t.me', port=443): Max retries exceeded with url: /amtmedyaduyuru/2?embed=1&mode=tme (Caused by NameResolutionError("<urllib3.connection.HTTPSConnection object at 0x0000026340FE2F50>: Failed to resolve 't.me' ([Errno 11001] getaddrinfo failed)"))
HTTPSConnectionPool(host='t.me', port=443): Max retries exceeded with url: /amtmedyaduyuru/2?embed=1&mode=tme (Caused by NameResolutionError("<urllib3.connection.HTTPSConnection object at 0x0000026341033E10>: Failed to resolve 't.me' ([Errno 11001] getaddrinfo failed)"))
HTTPSConnectionPool(host='t.me', port=443): Max retries exceeded with url: /amtmedyaduyuru/2?embed=1&mode=tme (Caused by NameResolutionError("<urllib3.connection.HTTPSConnection object at 0x0000026340ECE490>: Failed to resolve 't.me' ([Errno 11001] getaddrinfo failed)"))
HTTPSConnectionPool(host='t.me', port=443): Max retries exceeded with url: /amtmedyaduyuru/2?embed=1&mode=tme (Caused by NameResolutionError("<urllib3.connection.HTTPSConnection object at 0x00000263409EFE90>: Failed to resolve 't.me' ([Errno 11001] getaddrinfo failed)"))
HTTPSConnectionPool(host='t.me', port=443): Max retries exceeded with url: /amtmedyaduyuru/2?embed=1&mode=tme (Caused by NameResolutionError("<urllib3.connection.HTTPSConnection object at 0x0000026340EBF7D0>: Failed to resolve 't.me' ([Errno 11001] getaddrinfo failed)"))
HTTPSConnectionPool(host='t.me', port=443): Max retries exceeded with url: /amtmedyaduyuru/2?embed=1&mode=tme (Caused by NameResolutionError("<urllib3.connection.HTTPSConnection object at 0x0000026340B69890>: Failed to resolve 't.me' ([Errno 11001] getaddrinfo failed)"))
HTTPSConnectionPool(host='t.me', port=443): Max retries exceeded with url: /amtmedyaduyuru/2?embed=1&mode=tme (Caused by NameResolutionError("<urllib3.connection.HTTPSConnection object at 0x00000263406350D0>: Failed to resolve 't.me' ([Errno 11001] getaddrinfo failed)"))
HTTPSConnectionPool(host='t.me', port=443): Max retries exceeded with url: /amtmedyaduyuru/2?embed=1&mode=tme (Caused by NameResolutionError("<urllib3.connection.HTTPSConnection object at 0x000002633FC29010>: Failed to resolve 't.me' ([Errno 11001] getaddrinfo failed)"))
HTTPSConnectionPool(host='t.me', port=443): Max retries exceeded with url: /amtmedyaduyuru/2?embed=1&mode=tme (Caused by NameResolutionError("<urllib3.connection.HTTPSConnection object at 0x0000026340404610>: Failed to resolve 't.me' ([Errno 11001] getaddrinfo failed)"))
HTTPSConnectionPool(host='t.me', port=443): Max retries exceeded with url: /amtmedyaduyuru/2?embed=1&mode=tme (Caused by NameResolutionError("<urllib3.connection.HTTPSConnection object at 0x00000263410080D0>: Failed to resolve 't.me' ([Errno 11001] getaddrinfo failed)"))
HTTPSConnectionPool(host='t.me', port=443): Max retries exceeded with url: /amtmedyaduyuru/2?embed=1&mode=tme (Caused by NameResolutionError("<urllib3.connection.HTTPSConnection object at 0x0000026340876BD0>: Failed to resolve 't.me' ([Errno 11001] getaddrinfo failed)"))
HTTPSConnectionPool(host='t.me', port=443): Max retries exceeded with url: /amtmedyaduyuru/2?embed=1&mode=tme (Caused by NameResolutionError("<urllib3.connection.HTTPSConnection object at 0x000002633E06D4D0>: Failed to resolve 't.me' ([Errno 11001] getaddrinfo failed)"))
HTTPSConnectionPool(host='t.me', port=443): Max retries exceeded with url: /amtmedyaduyuru/2?embed=1&mode=tme (Caused by NameResolutionError("<urllib3.connection.HTTPSConnection object at 0x0000026340D79E50>: Failed to resolve 't.me' ([Errno 11001] getaddrinfo failed)"))
HTTPSConnectionPool(host='t.me', port=443): Max retries exceeded with url: /amtmedyaduyuru/2?embed=1&mode=tme (Caused by NameResolutionError("<urllib3.connection.HTTPSConnection object at 0x000002633C4B3190>: Failed to resolve 't.me' ([Errno 11001] getaddrinfo failed)"))
HTTPSConnectionPool(host='t.me', port=443): Max retries exceeded with url: /amtmedyaduyuru/2?embed=1&mode=tme (Caused by NameResolutionError("<urllib3.connection.HTTPSConnection object at 0x0000026340EBFED0>: Failed to resolve 't.me' ([Errno 11001] getaddrinfo failed)"))
HTTPSConnectionPool(host='t.me', port=443): Max retries exceeded with url: /amtmedyaduyuru/2?embed=1&mode=tme (Caused by NameResolutionError("<urllib3.connection.HTTPSConnection object at 0x00000263407E07D0>: Failed to resolve 't.me' ([Errno 11001] getaddrinfo failed)"))
HTTPSConnectionPool(host='t.me', port=443): Max retries exceeded with url: /amtmedyaduyuru/2?embed=1&mode=tme (Caused by NameResolutionError("<urllib3.connection.HTTPSConnection object at 0x0000026340B6AE50>: Failed to resolve 't.me' ([Errno 11001] getaddrinfo failed)"))
HTTPSConnectionPool(host='t.me', port=443): Max retries exceeded with url: /amtmedyaduyuru/2?embed=1&mode=tme (Caused by NameResolutionError("<urllib3.connection.HTTPSConnection object at 0x000002634100BB90>: Failed to resolve 't.me' ([Errno 11001] getaddrinfo failed)"))
HTTPSConnectionPool(host='t.me', port=443): Max retries exceeded with url: /amtmedyaduyuru/2?embed=1&mode=tme (Caused by NameResolutionError("<urllib3.connection.HTTPSConnection object at 0x0000026340AAB290>: Failed to resolve 't.me' ([Errno 11001] getaddrinfo failed)"))
HTTPSConnectionPool(host='t.me', port=443): Max retries exceeded with url: /amtmedyaduyuru/2?embed=1&mode=tme (Caused by NameResolutionError("<urllib3.connection.HTTPSConnection object at 0x000002633C3D2190>: Failed to resolve 't.me' ([Errno 11001] getaddrinfo failed)"))
HTTPSConnectionPool(host='t.me', port=443): Max retries exceeded with url: /amtmedyaduyuru/2?embed=1&mode=tme (Caused by NameResolutionError("<urllib3.connection.HTTPSConnection object at 0x00000263402B5290>: Failed to resolve 't.me' ([Errno 11001] getaddrinfo failed)"))
HTTPSConnectionPool(host='t.me', port=443): Max retries exceeded with url: /amtmedyaduyuru/2?embed=1&mode=tme (Caused by NameResolutionError("<urllib3.connection.HTTPSConnection object at 0x0000026340BD9990>: Failed to resolve 't.me' ([Errno 11001] getaddrinfo failed)"))
HTTPSConnectionPool(host='t.me', port=443): Max retries exceeded with url: /amtmedyaduyuru/2?embed=1&mode=tme (Caused by NameResolutionError("<urllib3.connection.HTTPSConnection object at 0x0000026334932AD0>: Failed to resolve 't.me' ([Errno 11001] getaddrinfo failed)"))
HTTPSConnectionPool(host='t.me', port=443): Max retries exceeded with url: /amtmedyaduyuru/2?embed=1&mode=tme (Caused by NameResolutionError("<urllib3.connection.HTTPSConnection object at 0x000002633FC29A50>: Failed to resolve 't.me' ([Errno 11001] getaddrinfo failed)"))
HTTPSConnectionPool(host='t.me', port=443): Max retries exceeded with url: /amtmedyaduyuru/2?embed=1&mode=tme (Caused by NameResolutionError("<urllib3.connection.HTTPSConnection object at 0x0000026340AD5110>: Failed to resolve 't.me' ([Errno 11001] getaddrinfo failed)"))
HTTPSConnectionPool(host='t.me', port=443): Max retries exceeded with url: /amtmedyaduyuru/2?embed=1&mode=tme (Caused by NameResolutionError("<urllib3.connection.HTTPSConnection object at 0x0000026340B69E50>: Failed to resolve 't.me' ([Errno 11001] getaddrinfo failed)"))
HTTPSConnectionPool(host='t.me', port=443): Max retries exceeded with url: /amtmedyaduyuru/2?embed=1&mode=tme (Caused by NameResolutionError("<urllib3.connection.HTTPSConnection object at 0x0000026340B6A710>: Failed to resolve 't.me' ([Errno 11001] getaddrinfo failed)"))
HTTPSConnectionPool(host='t.me', port=443): Max retries exceeded with url: /amtmedyaduyuru/2?embed=1&mode=tme (Caused by NameResolutionError("<urllib3.connection.HTTPSConnection object at 0x000002633A768CD0>: Failed to resolve 't.me' ([Errno 11001] getaddrinfo failed)"))
HTTPSConnectionPool(host='t.me', port=443): Max retries exceeded with url: /amtmedyaduyuru/2?embed=1&mode=tme (Caused by NameResolutionError("<urllib3.connection.HTTPSConnection object at 0x00000263407C9550>: Failed to resolve 't.me' ([Errno 11001] getaddrinfo failed)"))
HTTPSConnectionPool(host='t.me', port=443): Max retries exceeded with url: /amtmedyaduyuru/2?embed=1&mode=tme (Caused by NameResolutionError("<urllib3.connection.HTTPSConnection object at 0x0000026340B6A510>: Failed to resolve 't.me' ([Errno 11001] getaddrinfo failed)"))
HTTPSConnectionPool(host='t.me', port=443): Max retries exceeded with url: /amtmedyaduyuru/2?embed=1&mode=tme (Caused by NameResolutionError("<urllib3.connection.HTTPSConnection object at 0x000002634100AE90>: Failed to resolve 't.me' ([Errno 11001] getaddrinfo failed)"))
HTTPSConnectionPool(host='t.me', port=443): Max retries exceeded with url: /amtmedyaduyuru/2?embed=1&mode=tme (Caused by NameResolutionError("<urllib3.connection.HTTPSConnection object at 0x0000026340B05B10>: Failed to resolve 't.me' ([Errno 11001] getaddrinfo failed)"))
HTTPSConnectionPool(host='t.me', port=443): Max retries exceeded with url: /amtmedyaduyuru/2?embed=1&mode=tme (Caused by NameResolutionError("<urllib3.connection.HTTPSConnection object at 0x0000026340129090>: Failed to resolve 't.me' ([Errno 11001] getaddrinfo failed)"))
HTTPSConnectionPool(host='t.me', port=443): Max retries exceeded with url: /amtmedyaduyuru/2?embed=1&mode=tme (Caused by NameResolutionError("<urllib3.connection.HTTPSConnection object at 0x0000026341040910>: Failed to resolve 't.me' ([Errno 11001] getaddrinfo failed)"))
HTTPSConnectionPool(host='t.me', port=443): Max retries exceeded with url: /amtmedyaduyuru/2?embed=1&mode=tme (Caused by NameResolutionError("<urllib3.connection.HTTPSConnection object at 0x000002633C457F90>: Failed to resolve 't.me' ([Errno 11001] getaddrinfo failed)"))
HTTPSConnectionPool(host='t.me', port=443): Max retries exceeded with url: /amtmedyaduyuru/2?embed=1&mode=tme (Caused by NameResolutionError("<urllib3.connection.HTTPSConnection object at 0x0000026340379010>: Failed to resolve 't.me' ([Errno 11001] getaddrinfo failed)"))
HTTPSConnectionPool(host='t.me', port=443): Max retries exceeded with url: /amtmedyaduyuru/2?embed=1&mode=tme (Caused by NameResolutionError("<urllib3.connection.HTTPSConnection object at 0x0000026340B73D90>: Failed to resolve 't.me' ([Errno 11001] getaddrinfo failed)"))
HTTPSConnectionPool(host='t.me', port=443): Max retries exceeded with url: /amtmedyaduyuru/2?embed=1&mode=tme (Caused by NameResolutionError("<urllib3.connection.HTTPSConnection object at 0x000002634100BF90>: Failed to resolve 't.me' ([Errno 11001] getaddrinfo failed)"))
HTTPSConnectionPool(host='t.me', port=443): Max retries exceeded with url: /amtmedyaduyuru/2?embed=1&mode=tme (Caused by NameResolutionError("<urllib3.connection.HTTPSConnection object at 0x0000026340B6B210>: Failed to resolve 't.me' ([Errno 11001] getaddrinfo failed)"))
HTTPSConnectionPool(host='t.me', port=443): Max retries exceeded with url: /amtmedyaduyuru/2?embed=1&mode=tme (Caused by NameResolutionError("<urllib3.connection.HTTPSConnection object at 0x00000263402B5290>: Failed to resolve 't.me' ([Errno 11001] getaddrinfo failed)"))
HTTPSConnectionPool(host='t.me', port=443): Max retries exceeded with url: /amtmedyaduyuru/2?embed=1&mode=tme (Caused by NameResolutionError("<urllib3.connection.HTTPSConnection object at 0x0000026341042D10>: Failed to resolve 't.me' ([Errno 11001] getaddrinfo failed)"))
HTTPSConnectionPool(host='t.me', port=443): Max retries exceeded with url: /amtmedyaduyuru/2?embed=1&mode=tme (Caused by NameResolutionError("<urllib3.connection.HTTPSConnection object at 0x00000263407E07D0>: Failed to resolve 't.me' ([Errno 11001] getaddrinfo failed)"))
HTTPSConnectionPool(host='t.me', port=443): Max retries exceeded with url: /amtmedyaduyuru/2?embed=1&mode=tme (Caused by NameResolutionError("<urllib3.connection.HTTPSConnection object at 0x0000026340B6B290>: Failed to resolve 't.me' ([Errno 11001] getaddrinfo failed)"))
HTTPSConnectionPool(host='t.me', port=443): Max retries exceeded with url: /amtmedyaduyuru/2?embed=1&mode=tme (Caused by NameResolutionError("<urllib3.connection.HTTPSConnection object at 0x0000026340D79E50>: Failed to resolve 't.me' ([Errno 11001] getaddrinfo failed)"))
HTTPSConnectionPool(host='t.me', port=443): Max retries exceeded with url: /amtmedyaduyuru/2?embed=1&mode=tme (Caused by NameResolutionError("<urllib3.connection.HTTPSConnection object at 0x0000026340ECD710>: Failed to resolve 't.me' ([Errno 11001] getaddrinfo failed)"))
HTTPSConnectionPool(host='t.me', port=443): Max retries exceeded with url: /amtmedyaduyuru/2?embed=1&mode=tme (Caused by NameResolutionError("<urllib3.connection.HTTPSConnection object at 0x0000026341043410>: Failed to resolve 't.me' ([Errno 11001] getaddrinfo failed)"))
HTTPSConnectionPool(host='t.me', port=443): Max retries exceeded with url: /amtmedyaduyuru/2?embed=1&mode=tme (Caused by NameResolutionError("<urllib3.connection.HTTPSConnection object at 0x000002633F850C50>: Failed to resolve 't.me' ([Errno 11001] getaddrinfo failed)"))
HTTPSConnectionPool(host='t.me', port=443): Max retries exceeded with url: /amtmedyaduyuru/2?embed=1&mode=tme (Caused by NameResolutionError("<urllib3.connection.HTTPSConnection object at 0x0000026340675090>: Failed to resolve 't.me' ([Errno 11001] getaddrinfo failed)"))
HTTPSConnectionPool(host='t.me', port=443): Max retries exceeded with url: /amtmedyaduyuru/2?embed=1&mode=tme (Caused by NameResolutionError("<urllib3.connection.HTTPSConnection object at 0x000002633C3B9ED0>: Failed to resolve 't.me' ([Errno 11001] getaddrinfo failed)"))
HTTPSConnectionPool(host='t.me', port=443): Max retries exceeded with url: /amtmedyaduyuru/2?embed=1&mode=tme (Caused by NameResolutionError("<urllib3.connection.HTTPSConnection object at 0x000002633FC2A110>: Failed to resolve 't.me' ([Errno 11001] getaddrinfo failed)"))
HTTPSConnectionPool(host='t.me', port=443): Max retries exceeded with url: /amtmedyaduyuru/2?embed=1&mode=tme (Caused by NameResolutionError("<urllib3.connection.HTTPSConnection object at 0x0000026340659CD0>: Failed to resolve 't.me' ([Errno 11001] getaddrinfo failed)"))
HTTPSConnectionPool(host='t.me', port=443): Max retries exceeded with url: /amtmedyaduyuru/2?embed=1&mode=tme (Caused by NameResolutionError("<urllib3.connection.HTTPSConnection object at 0x000002634093E7D0>: Failed to resolve 't.me' ([Errno 11001] getaddrinfo failed)"))
HTTPSConnectionPool(host='t.me', port=443): Max retries exceeded with url: /amtmedyaduyuru/2?embed=1&mode=tme (Caused by NameResolutionError("<urllib3.connection.HTTPSConnection object at 0x000002634093F950>: Failed to resolve 't.me' ([Errno 11001] getaddrinfo failed)"))
HTTPSConnectionPool(host='t.me', port=443): Max retries exceeded with url: /amtmedyaduyuru/2?embed=1&mode=tme (Caused by NameResolutionError("<urllib3.connection.HTTPSConnection object at 0x0000026340423950>: Failed to resolve 't.me' ([Errno 11001] getaddrinfo failed)"))
HTTPSConnectionPool(host='t.me', port=443): Max retries exceeded with url: /amtmedyaduyuru/2?embed=1&mode=tme (Caused by NameResolutionError("<urllib3.connection.HTTPSConnection object at 0x0000026340B6B9D0>: Failed to resolve 't.me' ([Errno 11001] getaddrinfo failed)"))
HTTPSConnectionPool(host='t.me', port=443): Max retries exceeded with url: /amtmedyaduyuru/2?embed=1&mode=tme (Caused by NameResolutionError("<urllib3.connection.HTTPSConnection object at 0x0000026340ECC110>: Failed to resolve 't.me' ([Errno 11001] getaddrinfo failed)"))
HTTPSConnectionPool(host='t.me', port=443): Max retries exceeded with url: /amtmedyaduyuru/2?embed=1&mode=tme (Caused by NameResolutionError("<urllib3.connection.HTTPSConnection object at 0x00000263406DE410>: Failed to resolve 't.me' ([Errno 11001] getaddrinfo failed)"))
HTTPSConnectionPool(host='t.me', port=443): Max retries exceeded with url: /amtmedyaduyuru/2?embed=1&mode=tme (Caused by NameResolutionError("<urllib3.connection.HTTPSConnection object at 0x000002634098BCD0>: Failed to resolve 't.me' ([Errno 11001] getaddrinfo failed)"))
HTTPSConnectionPool(host='t.me', port=443): Max retries exceeded with url: /amtmedyaduyuru/2?embed=1&mode=tme (Caused by NameResolutionError("<urllib3.connection.HTTPSConnection object at 0x000002633FFFB690>: Failed to resolve 't.me' ([Errno 11001] getaddrinfo failed)"))
HTTPSConnectionPool(host='t.me', port=443): Max retries exceeded with url: /amtmedyaduyuru/2?embed=1&mode=tme (Caused by NameResolutionError("<urllib3.connection.HTTPSConnection object at 0x0000026340ECD990>: Failed to resolve 't.me' ([Errno 11001] getaddrinfo failed)"))
HTTPSConnectionPool(host='t.me', port=443): Max retries exceeded with url: /amtmedyaduyuru/2?embed=1&mode=tme (Caused by NameResolutionError("<urllib3.connection.HTTPSConnection object at 0x0000026340B6A2D0>: Failed to resolve 't.me' ([Errno 11001] getaddrinfo failed)"))
HTTPSConnectionPool(host='t.me', port=443): Max retries exceeded with url: /amtmedyaduyuru/2?embed=1&mode=tme (Caused by NameResolutionError("<urllib3.connection.HTTPSConnection object at 0x00000263406C6510>: Failed to resolve 't.me' ([Errno 11001] getaddrinfo failed)"))
HTTPSConnectionPool(host='t.me', port=443): Max retries exceeded with url: /amtmedyaduyuru/2?embed=1&mode=tme (Caused by NameResolutionError("<urllib3.connection.HTTPSConnection object at 0x00000263404D5B90>: Failed to resolve 't.me' ([Errno 11001] getaddrinfo failed)"))
HTTPSConnectionPool(host='t.me', port=443): Max retries exceeded with url: /amtmedyaduyuru/2?embed=1&mode=tme (Caused by NameResolutionError("<urllib3.connection.HTTPSConnection object at 0x000002633FB9F810>: Failed to resolve 't.me' ([Errno 11001] getaddrinfo failed)"))
HTTPSConnectionPool(host='t.me', port=443): Max retries exceeded with url: /amtmedyaduyuru/2?embed=1&mode=tme (Caused by NameResolutionError("<urllib3.connection.HTTPSConnection object at 0x0000026340540490>: Failed to resolve 't.me' ([Errno 11001] getaddrinfo failed)"))
HTTPSConnectionPool(host='t.me', port=443): Max retries exceeded with url: /amtmedyaduyuru/2?embed=1&mode=tme (Caused by NameResolutionError("<urllib3.connection.HTTPSConnection object at 0x00000263409EC310>: Failed to resolve 't.me' ([Errno 11001] getaddrinfo failed)"))
HTTPSConnectionPool(host='t.me', port=443): Max retries exceeded with url: /amtmedyaduyuru/2?embed=1&mode=tme (Caused by NameResolutionError("<urllib3.connection.HTTPSConnection object at 0x000002634019DE90>: Failed to resolve 't.me' ([Errno 11001] getaddrinfo failed)"))
HTTPSConnectionPool(host='t.me', port=443): Max retries exceeded with url: /amtmedyaduyuru/2?embed=1&mode=tme (Caused by NameResolutionError("<urllib3.connection.HTTPSConnection object at 0x0000026340ECDA10>: Failed to resolve 't.me' ([Errno 11001] getaddrinfo failed)"))
HTTPSConnectionPool(host='t.me', port=443): Max retries exceeded with url: /amtmedyaduyuru/2?embed=1&mode=tme (Caused by NameResolutionError("<urllib3.connection.HTTPSConnection object at 0x000002633FDA2190>: Failed to resolve 't.me' ([Errno 11001] getaddrinfo failed)"))
HTTPSConnectionPool(host='t.me', port=443): Max retries exceeded with url: /amtmedyaduyuru/2?embed=1&mode=tme (Caused by NameResolutionError("<urllib3.connection.HTTPSConnection object at 0x0000026340B69350>: Failed to resolve 't.me' ([Errno 11001] getaddrinfo failed)"))
HTTPSConnectionPool(host='t.me', port=443): Max retries exceeded with url: /amtmedyaduyuru/2?embed=1&mode=tme (Caused by NameResolutionError("<urllib3.connection.HTTPSConnection object at 0x000002633C4560D0>: Failed to resolve 't.me' ([Errno 11001] getaddrinfo failed)"))
HTTPSConnectionPool(host='t.me', port=443): Max retries exceeded with url: /amtmedyaduyuru/2?embed=1&mode=tme (Caused by NameResolutionError("<urllib3.connection.HTTPSConnection object at 0x0000026340B89110>: Failed to resolve 't.me' ([Errno 11001] getaddrinfo failed)"))
HTTPSConnectionPool(host='t.me', port=443): Max retries exceeded with url: /amtmedyaduyuru/2?embed=1&mode=tme (Caused by NameResolutionError("<urllib3.connection.HTTPSConnection object at 0x00000263409EFE90>: Failed to resolve 't.me' ([Errno 11001] getaddrinfo failed)"))
HTTPSConnectionPool(host='t.me', port=443): Max retries exceeded with url: /amtmedyaduyuru/2?embed=1&mode=tme (Caused by NameResolutionError("<urllib3.connection.HTTPSConnection object at 0x0000026340542610>: Failed to resolve 't.me' ([Errno 11001] getaddrinfo failed)"))
HTTPSConnectionPool(host='t.me', port=443): Max retries exceeded with url: /amtmedyaduyuru/2?embed=1&mode=tme (Caused by NameResolutionError("<urllib3.connection.HTTPSConnection object at 0x000002633FAF6510>: Failed to resolve 't.me' ([Errno 11001] getaddrinfo failed)"))
HTTPSConnectionPool(host='t.me', port=443): Max retries exceeded with url: /amtmedyaduyuru/2?embed=1&mode=tme (Caused by NameResolutionError("<urllib3.connection.HTTPSConnection object at 0x0000026340B72AD0>: Failed to resolve 't.me' ([Errno 11001] getaddrinfo failed)"))
HTTPSConnectionPool(host='t.me', port=443): Max retries exceeded with url: /amtmedyaduyuru/2?embed=1&mode=tme (Caused by NameResolutionError("<urllib3.connection.HTTPSConnection object at 0x000002634064D250>: Failed to resolve 't.me' ([Errno 11001] getaddrinfo failed)"))
HTTPSConnectionPool(host='t.me', port=443): Max retries exceeded with url: /amtmedyaduyuru/2?embed=1&mode=tme (Caused by NameResolutionError("<urllib3.connection.HTTPSConnection object at 0x000002633FD00D50>: Failed to resolve 't.me' ([Errno 11001] getaddrinfo failed)"))
HTTPSConnectionPool(host='t.me', port=443): Max retries exceeded with url: /amtmedyaduyuru/2?embed=1&mode=tme (Caused by NameResolutionError("<urllib3.connection.HTTPSConnection object at 0x0000026340881990>: Failed to resolve 't.me' ([Errno 11001] getaddrinfo failed)"))
HTTPSConnectionPool(host='t.me', port=443): Max retries exceeded with url: /amtmedyaduyuru/2?embed=1&mode=tme (Caused by NameResolutionError("<urllib3.connection.HTTPSConnection object at 0x00000263408C5E10>: Failed to resolve 't.me' ([Errno 11001] getaddrinfo failed)"))
HTTPSConnectionPool(host='t.me', port=443): Max retries exceeded with url: /amtmedyaduyuru/2?embed=1&mode=tme (Caused by NameResolutionError("<urllib3.connection.HTTPSConnection object at 0x000002633FDCFD50>: Failed to resolve 't.me' ([Errno 11001] getaddrinfo failed)"))
HTTPSConnectionPool(host='t.me', port=443): Max retries exceeded with url: /amtmedyaduyuru/2?embed=1&mode=tme (Caused by NameResolutionError("<urllib3.connection.HTTPSConnection object at 0x000002633B69F8D0>: Failed to resolve 't.me' ([Errno 11001] getaddrinfo failed)"))
HTTPSConnectionPool(host='t.me', port=443): Max retries exceeded with url: /amtmedyaduyuru/2?embed=1&mode=tme (Caused by NameResolutionError("<urllib3.connection.HTTPSConnection object at 0x000002633FCD1E50>: Failed to resolve 't.me' ([Errno 11001] getaddrinfo failed)"))
HTTPSConnectionPool(host='t.me', port=443): Max retries exceeded with url: /amtmedyaduyuru/2?embed=1&mode=tme (Caused by NameResolutionError("<urllib3.connection.HTTPSConnection object at 0x00000263407E3950>: Failed to resolve 't.me' ([Errno 11001] getaddrinfo failed)"))
HTTPSConnectionPool(host='t.me', port=443): Max retries exceeded with url: /amtmedyaduyuru/2?embed=1&mode=tme (Caused by NameResolutionError("<urllib3.connection.HTTPSConnection object at 0x00000263409C3A90>: Failed to resolve 't.me' ([Errno 11001] getaddrinfo failed)"))
HTTPSConnectionPool(host='t.me', port=443): Max retries exceeded with url: /amtmedyaduyuru/2?embed=1&mode=tme (Caused by NameResolutionError("<urllib3.connection.HTTPSConnection object at 0x000002633FA02D10>: Failed to resolve 't.me' ([Errno 11001] getaddrinfo failed)"))
HTTPSConnectionPool(host='t.me', port=443): Max retries exceeded with url: /amtmedyaduyuru/2?embed=1&mode=tme (Caused by NameResolutionError("<urllib3.connection.HTTPSConnection object at 0x000002634064E410>: Failed to resolve 't.me' ([Errno 11001] getaddrinfo failed)"))
HTTPSConnectionPool(host='t.me', port=443): Max retries exceeded with url: /amtmedyaduyuru/2?embed=1&mode=tme (Caused by NameResolutionError("<urllib3.connection.HTTPSConnection object at 0x000002633FFD3E90>: Failed to resolve 't.me' ([Errno 11001] getaddrinfo failed)"))
HTTPSConnectionPool(host='t.me', port=443): Max retries exceeded with url: /amtmedyaduyuru/2?embed=1&mode=tme (Caused by NameResolutionError("<urllib3.connection.HTTPSConnection object at 0x000002633C41E150>: Failed to resolve 't.me' ([Errno 11001] getaddrinfo failed)"))
HTTPSConnectionPool(host='t.me', port=443): Max retries exceeded with url: /amtmedyaduyuru/2?embed=1&mode=tme (Caused by NameResolutionError("<urllib3.connection.HTTPSConnection object at 0x0000026340DAD350>: Failed to resolve 't.me' ([Errno 11001] getaddrinfo failed)"))
HTTPSConnectionPool(host='t.me', port=443): Max retries exceeded with url: /amtmedyaduyuru/2?embed=1&mode=tme (Caused by NameResolutionError("<urllib3.connection.HTTPSConnection object at 0x00000263409A84D0>: Failed to resolve 't.me' ([Errno 11001] getaddrinfo failed)"))
HTTPSConnectionPool(host='t.me', port=443): Max retries exceeded with url: /amtmedyaduyuru/2?embed=1&mode=tme (Caused by NameResolutionError("<urllib3.connection.HTTPSConnection object at 0x00000263402A7A10>: Failed to resolve 't.me' ([Errno 11001] getaddrinfo failed)"))
HTTPSConnectionPool(host='t.me', port=443): Max retries exceeded with url: /amtmedyaduyuru/2?embed=1&mode=tme (Caused by NameResolutionError("<urllib3.connection.HTTPSConnection object at 0x000002634025E210>: Failed to resolve 't.me' ([Errno 11001] getaddrinfo failed)"))
HTTPSConnectionPool(host='t.me', port=443): Max retries exceeded with url: /amtmedyaduyuru/2?embed=1&mode=tme (Caused by NameResolutionError("<urllib3.connection.HTTPSConnection object at 0x00000263405B17D0>: Failed to resolve 't.me' ([Errno 11001] getaddrinfo failed)"))
HTTPSConnectionPool(host='t.me', port=443): Max retries exceeded with url: /amtmedyaduyuru/2?embed=1&mode=tme (Caused by NameResolutionError("<urllib3.connection.HTTPSConnection object at 0x000002633FE07350>: Failed to resolve 't.me' ([Errno 11001] getaddrinfo failed)"))
HTTPSConnectionPool(host='t.me', port=443): Max retries exceeded with url: /amtmedyaduyuru/2?embed=1&mode=tme (Caused by NameResolutionError("<urllib3.connection.HTTPSConnection object at 0x000002633FB9FB90>: Failed to resolve 't.me' ([Errno 11001] getaddrinfo failed)"))
HTTPSConnectionPool(host='t.me', port=443): Max retries exceeded with url: /amtmedyaduyuru/2?embed=1&mode=tme (Caused by NameResolutionError("<urllib3.connection.HTTPSConnection object at 0x0000026341033A90>: Failed to resolve 't.me' ([Errno 11001] getaddrinfo failed)"))
HTTPSConnectionPool(host='t.me', port=443): Max retries exceeded with url: /amtmedyaduyuru/2?embed=1&mode=tme (Caused by NameResolutionError("<urllib3.connection.HTTPSConnection object at 0x0000026341043350>: Failed to resolve 't.me' ([Errno 11001] getaddrinfo failed)"))
HTTPSConnectionPool(host='t.me', port=443): Max retries exceeded with url: /amtmedyaduyuru/2?embed=1&mode=tme (Caused by NameResolutionError("<urllib3.connection.HTTPSConnection object at 0x0000026340309910>: Failed to resolve 't.me' ([Errno 11001] getaddrinfo failed)"))
HTTPSConnectionPool(host='t.me', port=443): Max retries exceeded with url: /amtmedyaduyuru/2?embed=1&mode=tme (Caused by NameResolutionError("<urllib3.connection.HTTPSConnection object at 0x000002633F94E390>: Failed to resolve 't.me' ([Errno 11001] getaddrinfo failed)"))
HTTPSConnectionPool(host='t.me', port=443): Max retries exceeded with url: /amtmedyaduyuru/2?embed=1&mode=tme (Caused by NameResolutionError("<urllib3.connection.HTTPSConnection object at 0x0000026340EBF5D0>: Failed to resolve 't.me' ([Errno 11001] getaddrinfo failed)"))
HTTPSConnectionPool(host='t.me', port=443): Max retries exceeded with url: /amtmedyaduyuru/2?embed=1&mode=tme (Caused by NameResolutionError("<urllib3.connection.HTTPSConnection object at 0x0000026340DAD310>: Failed to resolve 't.me' ([Errno 11001] getaddrinfo failed)"))
HTTPSConnectionPool(host='t.me', port=443): Max retries exceeded with url: /amtmedyaduyuru/2?embed=1&mode=tme (Caused by NameResolutionError("<urllib3.connection.HTTPSConnection object at 0x0000026341030610>: Failed to resolve 't.me' ([Errno 11001] getaddrinfo failed)"))
HTTPSConnectionPool(host='t.me', port=443): Max retries exceeded with url: /amtmedyaduyuru/2?embed=1&mode=tme (Caused by NameResolutionError("<urllib3.connection.HTTPSConnection object at 0x0000026341043010>: Failed to resolve 't.me' ([Errno 11001] getaddrinfo failed)"))
HTTPSConnectionPool(host='t.me', port=443): Max retries exceeded with url: /amtmedyaduyuru/2?embed=1&mode=tme (Caused by NameResolutionError("<urllib3.connection.HTTPSConnection object at 0x000002634025E210>: Failed to resolve 't.me' ([Errno 11001] getaddrinfo failed)"))
HTTPSConnectionPool(host='t.me', port=443): Max retries exceeded with url: /amtmedyaduyuru/2?embed=1&mode=tme (Caused by NameResolutionError("<urllib3.connection.HTTPSConnection object at 0x000002633E2A9590>: Failed to resolve 't.me' ([Errno 11001] getaddrinfo failed)"))
HTTPSConnectionPool(host='t.me', port=443): Max retries exceeded with url: /amtmedyaduyuru/2?embed=1&mode=tme (Caused by NameResolutionError("<urllib3.connection.HTTPSConnection object at 0x000002633DFC4190>: Failed to resolve 't.me' ([Errno 11001] getaddrinfo failed)"))
HTTPSConnectionPool(host='t.me', port=443): Max retries exceeded with url: /amtmedyaduyuru/2?embed=1&mode=tme (Caused by NameResolutionError("<urllib3.connection.HTTPSConnection object at 0x0000026340824B50>: Failed to resolve 't.me' ([Errno 11001] getaddrinfo failed)"))
HTTPSConnectionPool(host='t.me', port=443): Max retries exceeded with url: /amtmedyaduyuru/2?embed=1&mode=tme (Caused by NameResolutionError("<urllib3.connection.HTTPSConnection object at 0x000002633414C1D0>: Failed to resolve 't.me' ([Errno 11001] getaddrinfo failed)"))
HTTPSConnectionPool(host='t.me', port=443): Max retries exceeded with url: /amtmedyaduyuru/2?embed=1&mode=tme (Caused by NameResolutionError("<urllib3.connection.HTTPSConnection object at 0x00000263409ECC10>: Failed to resolve 't.me' ([Errno 11001] getaddrinfo failed)"))
HTTPSConnectionPool(host='t.me', port=443): Max retries exceeded with url: /amtmedyaduyuru/2?embed=1&mode=tme (Caused by NameResolutionError("<urllib3.connection.HTTPSConnection object at 0x0000026340659CD0>: Failed to resolve 't.me' ([Errno 11001] getaddrinfo failed)"))
HTTPSConnectionPool(host='t.me', port=443): Max retries exceeded with url: /amtmedyaduyuru/2?embed=1&mode=tme (Caused by NameResolutionError("<urllib3.connection.HTTPSConnection object at 0x00000263407E1A50>: Failed to resolve 't.me' ([Errno 11001] getaddrinfo failed)"))
HTTPSConnectionPool(host='t.me', port=443): Max retries exceeded with url: /amtmedyaduyuru/2?embed=1&mode=tme (Caused by NameResolutionError("<urllib3.connection.HTTPSConnection object at 0x000002634023CB50>: Failed to resolve 't.me' ([Errno 11001] getaddrinfo failed)"))
HTTPSConnectionPool(host='t.me', port=443): Max retries exceeded with url: /amtmedyaduyuru/2?embed=1&mode=tme (Caused by NameResolutionError("<urllib3.connection.HTTPSConnection object at 0x000002634093FC10>: Failed to resolve 't.me' ([Errno 11001] getaddrinfo failed)"))
HTTPSConnectionPool(host='t.me', port=443): Max retries exceeded with url: /amtmedyaduyuru/2?embed=1&mode=tme (Caused by NameResolutionError("<urllib3.connection.HTTPSConnection object at 0x000002634096A4D0>: Failed to resolve 't.me' ([Errno 11001] getaddrinfo failed)"))
HTTPSConnectionPool(host='t.me', port=443): Max retries exceeded with url: /amtmedyaduyuru/2?embed=1&mode=tme (Caused by NameResolutionError("<urllib3.connection.HTTPSConnection object at 0x00000263404CBCD0>: Failed to resolve 't.me' ([Errno 11001] getaddrinfo failed)"))
HTTPSConnectionPool(host='t.me', port=443): Max retries exceeded with url: /amtmedyaduyuru/2?embed=1&mode=tme (Caused by NameResolutionError("<urllib3.connection.HTTPSConnection object at 0x0000026341032C10>: Failed to resolve 't.me' ([Errno 11001] getaddrinfo failed)"))
HTTPSConnectionPool(host='t.me', port=443): Max retries exceeded with url: /amtmedyaduyuru/2?embed=1&mode=tme (Caused by NameResolutionError("<urllib3.connection.HTTPSConnection object at 0x000002633ACDF910>: Failed to resolve 't.me' ([Errno 11001] getaddrinfo failed)"))
HTTPSConnectionPool(host='t.me', port=443): Max retries exceeded with url: /amtmedyaduyuru/2?embed=1&mode=tme (Caused by NameResolutionError("<urllib3.connection.HTTPSConnection object at 0x000002633CFAC950>: Failed to resolve 't.me' ([Errno 11001] getaddrinfo failed)"))
HTTPSConnectionPool(host='t.me', port=443): Max retries exceeded with url: /amtmedyaduyuru/2?embed=1&mode=tme (Caused by NameResolutionError("<urllib3.connection.HTTPSConnection object at 0x0000026340C13490>: Failed to resolve 't.me' ([Errno 11001] getaddrinfo failed)"))
HTTPSConnectionPool(host='t.me', port=443): Max retries exceeded with url: /amtmedyaduyuru/2?embed=1&mode=tme (Caused by NameResolutionError("<urllib3.connection.HTTPSConnection object at 0x000002634008E050>: Failed to resolve 't.me' ([Errno 11001] getaddrinfo failed)"))
HTTPSConnectionPool(host='t.me', port=443): Max retries exceeded with url: /amtmedyaduyuru/2?embed=1&mode=tme (Caused by NameResolutionError("<urllib3.connection.HTTPSConnection object at 0x00000263406A6590>: Failed to resolve 't.me' ([Errno 11001] getaddrinfo failed)"))
HTTPSConnectionPool(host='t.me', port=443): Max retries exceeded with url: /amtmedyaduyuru/2?embed=1&mode=tme (Caused by NameResolutionError("<urllib3.connection.HTTPSConnection object at 0x000002633FDCFD10>: Failed to resolve 't.me' ([Errno 11001] getaddrinfo failed)"))
HTTPSConnectionPool(host='t.me', port=443): Max retries exceeded with url: /amtmedyaduyuru/2?embed=1&mode=tme (Caused by NameResolutionError("<urllib3.connection.HTTPSConnection object at 0x000002634008D590>: Failed to resolve 't.me' ([Errno 11001] getaddrinfo failed)"))
HTTPSConnectionPool(host='t.me', port=443): Max retries exceeded with url: /amtmedyaduyuru/2?embed=1&mode=tme (Caused by NameResolutionError("<urllib3.connection.HTTPSConnection object at 0x0000026340601690>: Failed to resolve 't.me' ([Errno 11001] getaddrinfo failed)"))
HTTPSConnectionPool(host='t.me', port=443): Max retries exceeded with url: /amtmedyaduyuru/2?embed=1&mode=tme (Caused by NameResolutionError("<urllib3.connection.HTTPSConnection object at 0x0000026340499450>: Failed to resolve 't.me' ([Errno 11001] getaddrinfo failed)"))
HTTPSConnectionPool(host='t.me', port=443): Max retries exceeded with url: /amtmedyaduyuru/2?embed=1&mode=tme (Caused by NameResolutionError("<urllib3.connection.HTTPSConnection object at 0x000002633C3D3E10>: Failed to resolve 't.me' ([Errno 11001] getaddrinfo failed)"))
HTTPSConnectionPool(host='t.me', port=443): Max retries exceeded with url: /amtmedyaduyuru/2?embed=1&mode=tme (Caused by NameResolutionError("<urllib3.connection.HTTPSConnection object at 0x000002633C352750>: Failed to resolve 't.me' ([Errno 11001] getaddrinfo failed)"))
HTTPSConnectionPool(host='t.me', port=443): Max retries exceeded with url: /amtmedyaduyuru/2?embed=1&mode=tme (Caused by NameResolutionError("<urllib3.connection.HTTPSConnection object at 0x0000026336680D10>: Failed to resolve 't.me' ([Errno 11001] getaddrinfo failed)"))
HTTPSConnectionPool(host='t.me', port=443): Max retries exceeded with url: /amtmedyaduyuru/2?embed=1&mode=tme (Caused by NameResolutionError("<urllib3.connection.HTTPSConnection object at 0x00000263401B2C10>: Failed to resolve 't.me' ([Errno 11001] getaddrinfo failed)"))
HTTPSConnectionPool(host='t.me', port=443): Max retries exceeded with url: /amtmedyaduyuru/2?embed=1&mode=tme (Caused by NameResolutionError("<urllib3.connection.HTTPSConnection object at 0x000002633B69F8D0>: Failed to resolve 't.me' ([Errno 11001] getaddrinfo failed)"))
HTTPSConnectionPool(host='t.me', port=443): Max retries exceeded with url: /amtmedyaduyuru/2?embed=1&mode=tme (Caused by NameResolutionError("<urllib3.connection.HTTPSConnection object at 0x0000026341009CD0>: Failed to resolve 't.me' ([Errno 11001] getaddrinfo failed)"))
HTTPSConnectionPool(host='t.me', port=443): Max retries exceeded with url: /amtmedyaduyuru/2?embed=1&mode=tme (Caused by NameResolutionError("<urllib3.connection.HTTPSConnection object at 0x0000026340ACDD90>: Failed to resolve 't.me' ([Errno 11001] getaddrinfo failed)"))
HTTPSConnectionPool(host='t.me', port=443): Max retries exceeded with url: /amtmedyaduyuru/2?embed=1&mode=tme (Caused by NameResolutionError("<urllib3.connection.HTTPSConnection object at 0x0000026341030390>: Failed to resolve 't.me' ([Errno 11001] getaddrinfo failed)"))
HTTPSConnectionPool(host='t.me', port=443): Max retries exceeded with url: /amtmedyaduyuru/2?embed=1&mode=tme (Caused by NameResolutionError("<urllib3.connection.HTTPSConnection object at 0x0000026340B6B210>: Failed to resolve 't.me' ([Errno 11001] getaddrinfo failed)"))
HTTPSConnectionPool(host='t.me', port=443): Max retries exceeded with url: /amtmedyaduyuru/2?embed=1&mode=tme (Caused by NameResolutionError("<urllib3.connection.HTTPSConnection object at 0x0000026340B72A90>: Failed to resolve 't.me' ([Errno 11001] getaddrinfo failed)"))
HTTPSConnectionPool(host='t.me', port=443): Max retries exceeded with url: /amtmedyaduyuru/2?embed=1&mode=tme (Caused by NameResolutionError("<urllib3.connection.HTTPSConnection object at 0x00000263409EC190>: Failed to resolve 't.me' ([Errno 11001] getaddrinfo failed)"))
HTTPSConnectionPool(host='t.me', port=443): Max retries exceeded with url: /amtmedyaduyuru/2?embed=1&mode=tme (Caused by NameResolutionError("<urllib3.connection.HTTPSConnection object at 0x000002633DFC6150>: Failed to resolve 't.me' ([Errno 11001] getaddrinfo failed)"))
HTTPSConnectionPool(host='t.me', port=443): Max retries exceeded with url: /amtmedyaduyuru/2?embed=1&mode=tme (Caused by NameResolutionError("<urllib3.connection.HTTPSConnection object at 0x0000026340DAF550>: Failed to resolve 't.me' ([Errno 11001] getaddrinfo failed)"))
HTTPSConnectionPool(host='t.me', port=443): Max retries exceeded with url: /amtmedyaduyuru/2?embed=1&mode=tme (Caused by NameResolutionError("<urllib3.connection.HTTPSConnection object at 0x000002633BB34A10>: Failed to resolve 't.me' ([Errno 11001] getaddrinfo failed)"))
HTTPSConnectionPool(host='t.me', port=443): Max retries exceeded with url: /amtmedyaduyuru/2?embed=1&mode=tme (Caused by NameResolutionError("<urllib3.connection.HTTPSConnection object at 0x00000263405DAB10>: Failed to resolve 't.me' ([Errno 11001] getaddrinfo failed)"))
HTTPSConnectionPool(host='t.me', port=443): Max retries exceeded with url: /amtmedyaduyuru/2?embed=1&mode=tme (Caused by NameResolutionError("<urllib3.connection.HTTPSConnection object at 0x0000026340BBDC10>: Failed to resolve 't.me' ([Errno 11001] getaddrinfo failed)"))
HTTPSConnectionPool(host='t.me', port=443): Max retries exceeded with url: /amtmedyaduyuru/2?embed=1&mode=tme (Caused by NameResolutionError("<urllib3.connection.HTTPSConnection object at 0x00000263402CD450>: Failed to resolve 't.me' ([Errno 11001] getaddrinfo failed)"))
HTTPSConnectionPool(host='t.me', port=443): Max retries exceeded with url: /amtmedyaduyuru/2?embed=1&mode=tme (Caused by NameResolutionError("<urllib3.connection.HTTPSConnection object at 0x0000026340601350>: Failed to resolve 't.me' ([Errno 11001] getaddrinfo failed)"))
HTTPSConnectionPool(host='t.me', port=443): Max retries exceeded with url: /amtmedyaduyuru/2?embed=1&mode=tme (Caused by NameResolutionError("<urllib3.connection.HTTPSConnection object at 0x0000026340B72B90>: Failed to resolve 't.me' ([Errno 11001] getaddrinfo failed)"))
HTTPSConnectionPool(host='t.me', port=443): Max retries exceeded with url: /amtmedyaduyuru/2?embed=1&mode=tme (Caused by NameResolutionError("<urllib3.connection.HTTPSConnection object at 0x00000263408DA650>: Failed to resolve 't.me' ([Errno 11001] getaddrinfo failed)"))
HTTPSConnectionPool(host='t.me', port=443): Max retries exceeded with url: /amtmedyaduyuru/2?embed=1&mode=tme (Caused by NameResolutionError("<urllib3.connection.HTTPSConnection object at 0x000002633E013FD0>: Failed to resolve 't.me' ([Errno 11001] getaddrinfo failed)"))
HTTPSConnectionPool(host='t.me', port=443): Max retries exceeded with url: /amtmedyaduyuru/2?embed=1&mode=tme (Caused by NameResolutionError("<urllib3.connection.HTTPSConnection object at 0x000002633F94DF90>: Failed to resolve 't.me' ([Errno 11001] getaddrinfo failed)"))
HTTPSConnectionPool(host='t.me', port=443): Max retries exceeded with url: /amtmedyaduyuru/2?embed=1&mode=tme (Caused by NameResolutionError("<urllib3.connection.HTTPSConnection object at 0x0000026340C01710>: Failed to resolve 't.me' ([Errno 11001] getaddrinfo failed)"))
HTTPSConnectionPool(host='t.me', port=443): Max retries exceeded with url: /amtmedyaduyuru/2?embed=1&mode=tme (Caused by NameResolutionError("<urllib3.connection.HTTPSConnection object at 0x0000026340603C50>: Failed to resolve 't.me' ([Errno 11001] getaddrinfo failed)"))
HTTPSConnectionPool(host='t.me', port=443): Max retries exceeded with url: /amtmedyaduyuru/2?embed=1&mode=tme (Caused by NameResolutionError("<urllib3.connection.HTTPSConnection object at 0x0000026340BDBB50>: Failed to resolve 't.me' ([Errno 11001] getaddrinfo failed)"))
HTTPSConnectionPool(host='t.me', port=443): Max retries exceeded with url: /amtmedyaduyuru/2?embed=1&mode=tme (Caused by NameResolutionError("<urllib3.connection.HTTPSConnection object at 0x000002633C4A5AD0>: Failed to resolve 't.me' ([Errno 11001] getaddrinfo failed)"))
HTTPSConnectionPool(host='t.me', port=443): Max retries exceeded with url: /amtmedyaduyuru/2?embed=1&mode=tme (Caused by NameResolutionError("<urllib3.connection.HTTPSConnection object at 0x0000026340DAD6D0>: Failed to resolve 't.me' ([Errno 11001] getaddrinfo failed)"))
HTTPSConnectionPool(host='t.me', port=443): Max retries exceeded with url: /amtmedyaduyuru/2?embed=1&mode=tme (Caused by NameResolutionError("<urllib3.connection.HTTPSConnection object at 0x000002633A6F4450>: Failed to resolve 't.me' ([Errno 11001] getaddrinfo failed)"))
HTTPSConnectionPool(host='t.me', port=443): Max retries exceeded with url: /amtmedyaduyuru/2?embed=1&mode=tme (Caused by NameResolutionError("<urllib3.connection.HTTPSConnection object at 0x0000026340B065D0>: Failed to resolve 't.me' ([Errno 11001] getaddrinfo failed)"))
HTTPSConnectionPool(host='t.me', port=443): Max retries exceeded with url: /amtmedyaduyuru/2?embed=1&mode=tme (Caused by NameResolutionError("<urllib3.connection.HTTPSConnection object at 0x000002633F78B090>: Failed to resolve 't.me' ([Errno 11001] getaddrinfo failed)"))
HTTPSConnectionPool(host='t.me', port=443): Max retries exceeded with url: /amtmedyaduyuru/2?embed=1&mode=tme (Caused by NameResolutionError("<urllib3.connection.HTTPSConnection object at 0x000002634096B610>: Failed to resolve 't.me' ([Errno 11001] getaddrinfo failed)"))
HTTPSConnectionPool(host='t.me', port=443): Max retries exceeded with url: /amtmedyaduyuru/2?embed=1&mode=tme (Caused by NameResolutionError("<urllib3.connection.HTTPSConnection object at 0x0000026340EE0810>: Failed to resolve 't.me' ([Errno 11001] getaddrinfo failed)"))
HTTPSConnectionPool(host='t.me', port=443): Max retries exceeded with url: /amtmedyaduyuru/2?embed=1&mode=tme (Caused by NameResolutionError("<urllib3.connection.HTTPSConnection object at 0x0000026340EE0C50>: Failed to resolve 't.me' ([Errno 11001] getaddrinfo failed)"))
HTTPSConnectionPool(host='t.me', port=443): Max retries exceeded with url: /amtmedyaduyuru/2?embed=1&mode=tme (Caused by NameResolutionError("<urllib3.connection.HTTPSConnection object at 0x0000026340ACE7D0>: Failed to resolve 't.me' ([Errno 11001] getaddrinfo failed)"))
HTTPSConnectionPool(host='t.me', port=443): Max retries exceeded with url: /amtmedyaduyuru/2?embed=1&mode=tme (Caused by NameResolutionError("<urllib3.connection.HTTPSConnection object at 0x00000263407AFA90>: Failed to resolve 't.me' ([Errno 11001] getaddrinfo failed)"))
HTTPSConnectionPool(host='t.me', port=443): Max retries exceeded with url: /amtmedyaduyuru/2?embed=1&mode=tme (Caused by NameResolutionError("<urllib3.connection.HTTPSConnection object at 0x000002633FA96210>: Failed to resolve 't.me' ([Errno 11001] getaddrinfo failed)"))
HTTPSConnectionPool(host='t.me', port=443): Max retries exceeded with url: /amtmedyaduyuru/2?embed=1&mode=tme (Caused by NameResolutionError("<urllib3.connection.HTTPSConnection object at 0x00000263401B0D90>: Failed to resolve 't.me' ([Errno 11001] getaddrinfo failed)"))
HTTPSConnectionPool(host='t.me', port=443): Max retries exceeded with url: /amtmedyaduyuru/2?embed=1&mode=tme (Caused by NameResolutionError("<urllib3.connection.HTTPSConnection object at 0x000002633FCF1010>: Failed to resolve 't.me' ([Errno 11001] getaddrinfo failed)"))
HTTPSConnectionPool(host='t.me', port=443): Max retries exceeded with url: /amtmedyaduyuru/2?embed=1&mode=tme (Caused by NameResolutionError("<urllib3.connection.HTTPSConnection object at 0x00000263407455D0>: Failed to resolve 't.me' ([Errno 11001] getaddrinfo failed)"))
HTTPSConnectionPool(host='t.me', port=443): Max retries exceeded with url: /amtmedyaduyuru/2?embed=1&mode=tme (Caused by NameResolutionError("<urllib3.connection.HTTPSConnection object at 0x0000026340AAB450>: Failed to resolve 't.me' ([Errno 11001] getaddrinfo failed)"))
HTTPSConnectionPool(host='t.me', port=443): Max retries exceeded with url: /amtmedyaduyuru/2?embed=1&mode=tme (Caused by NameResolutionError("<urllib3.connection.HTTPSConnection object at 0x00000263410324D0>: Failed to resolve 't.me' ([Errno 11001] getaddrinfo failed)"))
HTTPSConnectionPool(host='t.me', port=443): Max retries exceeded with url: /amtmedyaduyuru/2?embed=1&mode=tme (Caused by NameResolutionError("<urllib3.connection.HTTPSConnection object at 0x0000026340308390>: Failed to resolve 't.me' ([Errno 11001] getaddrinfo failed)"))
HTTPSConnectionPool(host='t.me', port=443): Max retries exceeded with url: /amtmedyaduyuru/2?embed=1&mode=tme (Caused by NameResolutionError("<urllib3.connection.HTTPSConnection object at 0x0000026341042690>: Failed to resolve 't.me' ([Errno 11001] getaddrinfo failed)"))
HTTPSConnectionPool(host='t.me', port=443): Max retries exceeded with url: /amtmedyaduyuru/2?embed=1&mode=tme (Caused by NameResolutionError("<urllib3.connection.HTTPSConnection object at 0x000002634019ECD0>: Failed to resolve 't.me' ([Errno 11001] getaddrinfo failed)"))
HTTPSConnectionPool(host='t.me', port=443): Max retries exceeded with url: /amtmedyaduyuru/2?embed=1&mode=tme (Caused by NameResolutionError("<urllib3.connection.HTTPSConnection object at 0x0000026339343C90>: Failed to resolve 't.me' ([Errno 11001] getaddrinfo failed)"))
HTTPSConnectionPool(host='t.me', port=443): Max retries exceeded with url: /amtmedyaduyuru/2?embed=1&mode=tme (Caused by NameResolutionError("<urllib3.connection.HTTPSConnection object at 0x000002633C384150>: Failed to resolve 't.me' ([Errno 11001] getaddrinfo failed)"))
HTTPSConnectionPool(host='t.me', port=443): Max retries exceeded with url: /amtmedyaduyuru/2?embed=1&mode=tme (Caused by NameResolutionError("<urllib3.connection.HTTPSConnection object at 0x0000026340378A50>: Failed to resolve 't.me' ([Errno 11001] getaddrinfo failed)"))
HTTPSConnectionPool(host='t.me', port=443): Max retries exceeded with url: /amtmedyaduyuru/2?embed=1&mode=tme (Caused by NameResolutionError("<urllib3.connection.HTTPSConnection object at 0x0000026341032C10>: Failed to resolve 't.me' ([Errno 11001] getaddrinfo failed)"))
HTTPSConnectionPool(host='t.me', port=443): Max retries exceeded with url: /amtmedyaduyuru/2?embed=1&mode=tme (Caused by NameResolutionError("<urllib3.connection.HTTPSConnection object at 0x00000263410302D0>: Failed to resolve 't.me' ([Errno 11001] getaddrinfo failed)"))
HTTPSConnectionPool(host='t.me', port=443): Max retries exceeded with url: /amtmedyaduyuru/2?embed=1&mode=tme (Caused by NameResolutionError("<urllib3.connection.HTTPSConnection object at 0x0000026340FE3A10>: Failed to resolve 't.me' ([Errno 11001] getaddrinfo failed)"))
HTTPSConnectionPool(host='t.me', port=443): Max retries exceeded with url: /amtmedyaduyuru/2?embed=1&mode=tme (Caused by NameResolutionError("<urllib3.connection.HTTPSConnection object at 0x000002633E0B5A10>: Failed to resolve 't.me' ([Errno 11001] getaddrinfo failed)"))
HTTPSConnectionPool(host='t.me', port=443): Max retries exceeded with url: /amtmedyaduyuru/2?embed=1&mode=tme (Caused by NameResolutionError("<urllib3.connection.HTTPSConnection object at 0x000002633FD03290>: Failed to resolve 't.me' ([Errno 11001] getaddrinfo failed)"))
HTTPSConnectionPool(host='t.me', port=443): Max retries exceeded with url: /amtmedyaduyuru/2?embed=1&mode=tme (Caused by NameResolutionError("<urllib3.connection.HTTPSConnection object at 0x000002633E021050>: Failed to resolve 't.me' ([Errno 11001] getaddrinfo failed)"))
HTTPSConnectionPool(host='t.me', port=443): Max retries exceeded with url: /amtmedyaduyuru/2?embed=1&mode=tme (Caused by NameResolutionError("<urllib3.connection.HTTPSConnection object at 0x0000026341042750>: Failed to resolve 't.me' ([Errno 11001] getaddrinfo failed)"))
HTTPSConnectionPool(host='t.me', port=443): Max retries exceeded with url: /amtmedyaduyuru/2?embed=1&mode=tme (Caused by NameResolutionError("<urllib3.connection.HTTPSConnection object at 0x000002633A6F6ED0>: Failed to resolve 't.me' ([Errno 11001] getaddrinfo failed)"))
HTTPSConnectionPool(host='t.me', port=443): Max retries exceeded with url: /amtmedyaduyuru/2?embed=1&mode=tme (Caused by NameResolutionError("<urllib3.connection.HTTPSConnection object at 0x00000263408D9390>: Failed to resolve 't.me' ([Errno 11001] getaddrinfo failed)"))
HTTPSConnectionPool(host='t.me', port=443): Max retries exceeded with url: /amtmedyaduyuru/2?embed=1&mode=tme (Caused by NameResolutionError("<urllib3.connection.HTTPSConnection object at 0x000002633E191150>: Failed to resolve 't.me' ([Errno 11001] getaddrinfo failed)"))
HTTPSConnectionPool(host='t.me', port=443): Max retries exceeded with url: /amtmedyaduyuru/2?embed=1&mode=tme (Caused by NameResolutionError("<urllib3.connection.HTTPSConnection object at 0x000002633B734410>: Failed to resolve 't.me' ([Errno 11001] getaddrinfo failed)"))
HTTPSConnectionPool(host='t.me', port=443): Max retries exceeded with url: /amtmedyaduyuru/2?embed=1&mode=tme (Caused by NameResolutionError("<urllib3.connection.HTTPSConnection object at 0x0000026340FE2890>: Failed to resolve 't.me' ([Errno 11001] getaddrinfo failed)"))
HTTPSConnectionPool(host='t.me', port=443): Max retries exceeded with url: /amtmedyaduyuru/2?embed=1&mode=tme (Caused by NameResolutionError("<urllib3.connection.HTTPSConnection object at 0x0000026340EE0790>: Failed to resolve 't.me' ([Errno 11001] getaddrinfo failed)"))
HTTPSConnectionPool(host='t.me', port=443): Max retries exceeded with url: /amtmedyaduyuru/2?embed=1&mode=tme (Caused by NameResolutionError("<urllib3.connection.HTTPSConnection object at 0x0000026341040090>: Failed to resolve 't.me' ([Errno 11001] getaddrinfo failed)"))
HTTPSConnectionPool(host='t.me', port=443): Max retries exceeded with url: /amtmedyaduyuru/2?embed=1&mode=tme (Caused by NameResolutionError("<urllib3.connection.HTTPSConnection object at 0x0000026340AA8C90>: Failed to resolve 't.me' ([Errno 11001] getaddrinfo failed)"))
HTTPSConnectionPool(host='t.me', port=443): Max retries exceeded with url: /amtmedyaduyuru/2?embed=1&mode=tme (Caused by NameResolutionError("<urllib3.connection.HTTPSConnection object at 0x000002633FFD3E90>: Failed to resolve 't.me' ([Errno 11001] getaddrinfo failed)"))
HTTPSConnectionPool(host='t.me', port=443): Max retries exceeded with url: /amtmedyaduyuru/2?embed=1&mode=tme (Caused by NameResolutionError("<urllib3.connection.HTTPSConnection object at 0x0000026340ECF9D0>: Failed to resolve 't.me' ([Errno 11001] getaddrinfo failed)"))
HTTPSConnectionPool(host='t.me', port=443): Max retries exceeded with url: /amtmedyaduyuru/2?embed=1&mode=tme (Caused by NameResolutionError("<urllib3.connection.HTTPSConnection object at 0x0000026340601350>: Failed to resolve 't.me' ([Errno 11001] getaddrinfo failed)"))
HTTPSConnectionPool(host='t.me', port=443): Max retries exceeded with url: /amtmedyaduyuru/2?embed=1&mode=tme (Caused by NameResolutionError("<urllib3.connection.HTTPSConnection object at 0x000002633FE9ADD0>: Failed to resolve 't.me' ([Errno 11001] getaddrinfo failed)"))
HTTPSConnectionPool(host='t.me', port=443): Max retries exceeded with url: /amtmedyaduyuru/2?embed=1&mode=tme (Caused by NameResolutionError("<urllib3.connection.HTTPSConnection object at 0x0000026341042F50>: Failed to resolve 't.me' ([Errno 11001] getaddrinfo failed)"))
HTTPSConnectionPool(host='t.me', port=443): Max retries exceeded with url: /amtmedyaduyuru/2?embed=1&mode=tme (Caused by NameResolutionError("<urllib3.connection.HTTPSConnection object at 0x0000026340B04DD0>: Failed to resolve 't.me' ([Errno 11001] getaddrinfo failed)"))
HTTPSConnectionPool(host='t.me', port=443): Max retries exceeded with url: /amtmedyaduyuru/2?embed=1&mode=tme (Caused by NameResolutionError("<urllib3.connection.HTTPSConnection object at 0x0000026340DAF650>: Failed to resolve 't.me' ([Errno 11001] getaddrinfo failed)"))
HTTPSConnectionPool(host='t.me', port=443): Max retries exceeded with url: /amtmedyaduyuru/2?embed=1&mode=tme (Caused by NameResolutionError("<urllib3.connection.HTTPSConnection object at 0x0000026340BBE8D0>: Failed to resolve 't.me' ([Errno 11001] getaddrinfo failed)"))
HTTPSConnectionPool(host='t.me', port=443): Max retries exceeded with url: /amtmedyaduyuru/2?embed=1&mode=tme (Caused by NameResolutionError("<urllib3.connection.HTTPSConnection object at 0x0000026340AD5210>: Failed to resolve 't.me' ([Errno 11001] getaddrinfo failed)"))
HTTPSConnectionPool(host='t.me', port=443): Max retries exceeded with url: /amtmedyaduyuru/2?embed=1&mode=tme (Caused by NameResolutionError("<urllib3.connection.HTTPSConnection object at 0x000002633FD38510>: Failed to resolve 't.me' ([Errno 11001] getaddrinfo failed)"))
HTTPSConnectionPool(host='t.me', port=443): Max retries exceeded with url: /amtmedyaduyuru/2?embed=1&mode=tme (Caused by NameResolutionError("<urllib3.connection.HTTPSConnection object at 0x0000026341042750>: Failed to resolve 't.me' ([Errno 11001] getaddrinfo failed)"))
HTTPSConnectionPool(host='t.me', port=443): Max retries exceeded with url: /amtmedyaduyuru/2?embed=1&mode=tme (Caused by NameResolutionError("<urllib3.connection.HTTPSConnection object at 0x0000026341041210>: Failed to resolve 't.me' ([Errno 11001] getaddrinfo failed)"))
HTTPSConnectionPool(host='t.me', port=443): Max retries exceeded with url: /amtmedyaduyuru/2?embed=1&mode=tme (Caused by NameResolutionError("<urllib3.connection.HTTPSConnection object at 0x0000026340AB3F90>: Failed to resolve 't.me' ([Errno 11001] getaddrinfo failed)"))
HTTPSConnectionPool(host='t.me', port=443): Max retries exceeded with url: /amtmedyaduyuru/2?embed=1&mode=tme (Caused by NameResolutionError("<urllib3.connection.HTTPSConnection object at 0x000002633FEAFFD0>: Failed to resolve 't.me' ([Errno 11001] getaddrinfo failed)"))
HTTPSConnectionPool(host='t.me', port=443): Max retries exceeded with url: /amtmedyaduyuru/2?embed=1&mode=tme (Caused by NameResolutionError("<urllib3.connection.HTTPSConnection object at 0x000002633C41E150>: Failed to resolve 't.me' ([Errno 11001] getaddrinfo failed)"))
HTTPSConnectionPool(host='t.me', port=443): Max retries exceeded with url: /amtmedyaduyuru/2?embed=1&mode=tme (Caused by NameResolutionError("<urllib3.connection.HTTPSConnection object at 0x0000026340DACA90>: Failed to resolve 't.me' ([Errno 11001] getaddrinfo failed)"))
HTTPSConnectionPool(host='t.me', port=443): Max retries exceeded with url: /amtmedyaduyuru/2?embed=1&mode=tme (Caused by NameResolutionError("<urllib3.connection.HTTPSConnection object at 0x0000026341042410>: Failed to resolve 't.me' ([Errno 11001] getaddrinfo failed)"))
HTTPSConnectionPool(host='t.me', port=443): Max retries exceeded with url: /amtmedyaduyuru/2?embed=1&mode=tme (Caused by NameResolutionError("<urllib3.connection.HTTPSConnection object at 0x0000026340FE2F50>: Failed to resolve 't.me' ([Errno 11001] getaddrinfo failed)"))
HTTPSConnectionPool(host='t.me', port=443): Max retries exceeded with url: /amtmedyaduyuru/2?embed=1&mode=tme (Caused by NameResolutionError("<urllib3.connection.HTTPSConnection object at 0x000002633E2BC6D0>: Failed to resolve 't.me' ([Errno 11001] getaddrinfo failed)"))
HTTPSConnectionPool(host='t.me', port=443): Max retries exceeded with url: /amtmedyaduyuru/2?embed=1&mode=tme (Caused by NameResolutionError("<urllib3.connection.HTTPSConnection object at 0x000002633FF3BC90>: Failed to resolve 't.me' ([Errno 11001] getaddrinfo failed)"))
HTTPSConnectionPool(host='t.me', port=443): Max retries exceeded with url: /amtmedyaduyuru/2?embed=1&mode=tme (Caused by NameResolutionError("<urllib3.connection.HTTPSConnection object at 0x0000026340EE10D0>: Failed to resolve 't.me' ([Errno 11001] getaddrinfo failed)"))
HTTPSConnectionPool(host='t.me', port=443): Max retries exceeded with url: /amtmedyaduyuru/2?embed=1&mode=tme (Caused by NameResolutionError("<urllib3.connection.HTTPSConnection object at 0x0000026340399490>: Failed to resolve 't.me' ([Errno 11001] getaddrinfo failed)"))
HTTPSConnectionPool(host='t.me', port=443): Max retries exceeded with url: /amtmedyaduyuru/2?embed=1&mode=tme (Caused by NameResolutionError("<urllib3.connection.HTTPSConnection object at 0x0000026340B52B90>: Failed to resolve 't.me' ([Errno 11001] getaddrinfo failed)"))
HTTPSConnectionPool(host='t.me', port=443): Max retries exceeded with url: /amtmedyaduyuru/2?embed=1&mode=tme (Caused by NameResolutionError("<urllib3.connection.HTTPSConnection object at 0x000002633B7366D0>: Failed to resolve 't.me' ([Errno 11001] getaddrinfo failed)"))
HTTPSConnectionPool(host='t.me', port=443): Max retries exceeded with url: /amtmedyaduyuru/2?embed=1&mode=tme (Caused by NameResolutionError("<urllib3.connection.HTTPSConnection object at 0x0000026340AB3F90>: Failed to resolve 't.me' ([Errno 11001] getaddrinfo failed)"))
HTTPSConnectionPool(host='t.me', port=443): Max retries exceeded with url: /amtmedyaduyuru/2?embed=1&mode=tme (Caused by NameResolutionError("<urllib3.connection.HTTPSConnection object at 0x000002633C6D7250>: Failed to resolve 't.me' ([Errno 11001] getaddrinfo failed)"))
HTTPSConnectionPool(host='t.me', port=443): Max retries exceeded with url: /amtmedyaduyuru/2?embed=1&mode=tme (Caused by NameResolutionError("<urllib3.connection.HTTPSConnection object at 0x000002633E372B50>: Failed to resolve 't.me' ([Errno 11001] getaddrinfo failed)"))
HTTPSConnectionPool(host='t.me', port=443): Max retries exceeded with url: /amtmedyaduyuru/2?embed=1&mode=tme (Caused by NameResolutionError("<urllib3.connection.HTTPSConnection object at 0x0000026340B72D50>: Failed to resolve 't.me' ([Errno 11001] getaddrinfo failed)"))
HTTPSConnectionPool(host='t.me', port=443): Max retries exceeded with url: /amtmedyaduyuru/2?embed=1&mode=tme (Caused by NameResolutionError("<urllib3.connection.HTTPSConnection object at 0x0000026341040C90>: Failed to resolve 't.me' ([Errno 11001] getaddrinfo failed)"))
HTTPSConnectionPool(host='t.me', port=443): Max retries exceeded with url: /amtmedyaduyuru/2?embed=1&mode=tme (Caused by NameResolutionError("<urllib3.connection.HTTPSConnection object at 0x000002633F8E2D50>: Failed to resolve 't.me' ([Errno 11001] getaddrinfo failed)"))
HTTPSConnectionPool(host='t.me', port=443): Max retries exceeded with url: /amtmedyaduyuru/2?embed=1&mode=tme (Caused by NameResolutionError("<urllib3.connection.HTTPSConnection object at 0x0000026340FE3B90>: Failed to resolve 't.me' ([Errno 11001] getaddrinfo failed)"))
HTTPSConnectionPool(host='t.me', port=443): Max retries exceeded with url: /amtmedyaduyuru/2?embed=1&mode=tme (Caused by NameResolutionError("<urllib3.connection.HTTPSConnection object at 0x0000026340308390>: Failed to resolve 't.me' ([Errno 11001] getaddrinfo failed)"))
HTTPSConnectionPool(host='t.me', port=443): Max retries exceeded with url: /amtmedyaduyuru/2?embed=1&mode=tme (Caused by NameResolutionError("<urllib3.connection.HTTPSConnection object at 0x00000263410427D0>: Failed to resolve 't.me' ([Errno 11001] getaddrinfo failed)"))
HTTPSConnectionPool(host='t.me', port=443): Max retries exceeded with url: /amtmedyaduyuru/2?embed=1&mode=tme (Caused by NameResolutionError("<urllib3.connection.HTTPSConnection object at 0x00000263408260D0>: Failed to resolve 't.me' ([Errno 11001] getaddrinfo failed)"))
HTTPSConnectionPool(host='t.me', port=443): Max retries exceeded with url: /amtmedyaduyuru/2?embed=1&mode=tme (Caused by NameResolutionError("<urllib3.connection.HTTPSConnection object at 0x000002634073C8D0>: Failed to resolve 't.me' ([Errno 11001] getaddrinfo failed)"))
HTTPSConnectionPool(host='t.me', port=443): Max retries exceeded with url: /amtmedyaduyuru/2?embed=1&mode=tme (Caused by NameResolutionError("<urllib3.connection.HTTPSConnection object at 0x000002633DFB5D50>: Failed to resolve 't.me' ([Errno 11001] getaddrinfo failed)"))
HTTPSConnectionPool(host='t.me', port=443): Max retries exceeded with url: /amtmedyaduyuru/2?embed=1&mode=tme (Caused by NameResolutionError("<urllib3.connection.HTTPSConnection object at 0x00000263409AB950>: Failed to resolve 't.me' ([Errno 11001] getaddrinfo failed)"))
HTTPSConnectionPool(host='t.me', port=443): Max retries exceeded with url: /amtmedyaduyuru/2?embed=1&mode=tme (Caused by NameResolutionError("<urllib3.connection.HTTPSConnection object at 0x0000026338B65290>: Failed to resolve 't.me' ([Errno 11001] getaddrinfo failed)"))
HTTPSConnectionPool(host='t.me', port=443): Max retries exceeded with url: /amtmedyaduyuru/2?embed=1&mode=tme (Caused by NameResolutionError("<urllib3.connection.HTTPSConnection object at 0x0000026340FE3A10>: Failed to resolve 't.me' ([Errno 11001] getaddrinfo failed)"))
HTTPSConnectionPool(host='t.me', port=443): Max retries exceeded with url: /amtmedyaduyuru/2?embed=1&mode=tme (Caused by NameResolutionError("<urllib3.connection.HTTPSConnection object at 0x0000026341040F10>: Failed to resolve 't.me' ([Errno 11001] getaddrinfo failed)"))
HTTPSConnectionPool(host='t.me', port=443): Max retries exceeded with url: /amtmedyaduyuru/2?embed=1&mode=tme (Caused by NameResolutionError("<urllib3.connection.HTTPSConnection object at 0x000002633E2A9490>: Failed to resolve 't.me' ([Errno 11001] getaddrinfo failed)"))
HTTPSConnectionPool(host='t.me', port=443): Max retries exceeded with url: /amtmedyaduyuru/2?embed=1&mode=tme (Caused by NameResolutionError("<urllib3.connection.HTTPSConnection object at 0x000002633B69F8D0>: Failed to resolve 't.me' ([Errno 11001] getaddrinfo failed)"))
HTTPSConnectionPool(host='t.me', port=443): Max retries exceeded with url: /amtmedyaduyuru/2?embed=1&mode=tme (Caused by NameResolutionError("<urllib3.connection.HTTPSConnection object at 0x0000026340ACDC90>: Failed to resolve 't.me' ([Errno 11001] getaddrinfo failed)"))
HTTPSConnectionPool(host='t.me', port=443): Max retries exceeded with url: /amtmedyaduyuru/2?embed=1&mode=tme (Caused by NameResolutionError("<urllib3.connection.HTTPSConnection object at 0x0000026341043890>: Failed to resolve 't.me' ([Errno 11001] getaddrinfo failed)"))
HTTPSConnectionPool(host='t.me', port=443): Max retries exceeded with url: /amtmedyaduyuru/2?embed=1&mode=tme (Caused by NameResolutionError("<urllib3.connection.HTTPSConnection object at 0x0000026340C10950>: Failed to resolve 't.me' ([Errno 11001] getaddrinfo failed)"))
HTTPSConnectionPool(host='t.me', port=443): Max retries exceeded with url: /amtmedyaduyuru/2?embed=1&mode=tme (Caused by NameResolutionError("<urllib3.connection.HTTPSConnection object at 0x000002634096B810>: Failed to resolve 't.me' ([Errno 11001] getaddrinfo failed)"))
HTTPSConnectionPool(host='t.me', port=443): Max retries exceeded with url: /amtmedyaduyuru/2?embed=1&mode=tme (Caused by NameResolutionError("<urllib3.connection.HTTPSConnection object at 0x000002634018BBD0>: Failed to resolve 't.me' ([Errno 11001] getaddrinfo failed)"))
HTTPSConnectionPool(host='t.me', port=443): Max retries exceeded with url: /amtmedyaduyuru/2?embed=1&mode=tme (Caused by NameResolutionError("<urllib3.connection.HTTPSConnection object at 0x0000026340C10D10>: Failed to resolve 't.me' ([Errno 11001] getaddrinfo failed)"))
HTTPSConnectionPool(host='t.me', port=443): Max retries exceeded with url: /amtmedyaduyuru/2?embed=1&mode=tme (Caused by NameResolutionError("<urllib3.connection.HTTPSConnection object at 0x0000026340AB3F90>: Failed to resolve 't.me' ([Errno 11001] getaddrinfo failed)"))
HTTPSConnectionPool(host='t.me', port=443): Max retries exceeded with url: /amtmedyaduyuru/2?embed=1&mode=tme (Caused by NameResolutionError("<urllib3.connection.HTTPSConnection object at 0x0000026340DB4190>: Failed to resolve 't.me' ([Errno 11001] getaddrinfo failed)"))
HTTPSConnectionPool(host='t.me', port=443): Max retries exceeded with url: /amtmedyaduyuru/2?embed=1&mode=tme (Caused by NameResolutionError("<urllib3.connection.HTTPSConnection object at 0x000002634073C410>: Failed to resolve 't.me' ([Errno 11001] getaddrinfo failed)"))
HTTPSConnectionPool(host='t.me', port=443): Max retries exceeded with url: /amtmedyaduyuru/2?embed=1&mode=tme (Caused by NameResolutionError("<urllib3.connection.HTTPSConnection object at 0x000002633BA64650>: Failed to resolve 't.me' ([Errno 11001] getaddrinfo failed)"))
HTTPSConnectionPool(host='t.me', port=443): Max retries exceeded with url: /amtmedyaduyuru/2?embed=1&mode=tme (Caused by NameResolutionError("<urllib3.connection.HTTPSConnection object at 0x0000026340B51650>: Failed to resolve 't.me' ([Errno 11001] getaddrinfo failed)"))
HTTPSConnectionPool(host='t.me', port=443): Max retries exceeded with url: /amtmedyaduyuru/2?embed=1&mode=tme (Caused by NameResolutionError("<urllib3.connection.HTTPSConnection object at 0x00000263408D9390>: Failed to resolve 't.me' ([Errno 11001] getaddrinfo failed)"))
HTTPSConnectionPool(host='t.me', port=443): Max retries exceeded with url: /amtmedyaduyuru/2?embed=1&mode=tme (Caused by NameResolutionError("<urllib3.connection.HTTPSConnection object at 0x00000263409ECF90>: Failed to resolve 't.me' ([Errno 11001] getaddrinfo failed)"))
HTTPSConnectionPool(host='t.me', port=443): Max retries exceeded with url: /amtmedyaduyuru/2?embed=1&mode=tme (Caused by NameResolutionError("<urllib3.connection.HTTPSConnection object at 0x000002633FD38510>: Failed to resolve 't.me' ([Errno 11001] getaddrinfo failed)"))
HTTPSConnectionPool(host='t.me', port=443): Max retries exceeded with url: /amtmedyaduyuru/2?embed=1&mode=tme (Caused by NameResolutionError("<urllib3.connection.HTTPSConnection object at 0x000002633657D410>: Failed to resolve 't.me' ([Errno 11001] getaddrinfo failed)"))
HTTPSConnectionPool(host='t.me', port=443): Max retries exceeded with url: /amtmedyaduyuru/2?embed=1&mode=tme (Caused by NameResolutionError("<urllib3.connection.HTTPSConnection object at 0x0000026340881590>: Failed to resolve 't.me' ([Errno 11001] getaddrinfo failed)"))
HTTPSConnectionPool(host='t.me', port=443): Max retries exceeded with url: /amtmedyaduyuru/2?embed=1&mode=tme (Caused by NameResolutionError("<urllib3.connection.HTTPSConnection object at 0x0000026340910ED0>: Failed to resolve 't.me' ([Errno 11001] getaddrinfo failed)"))
HTTPSConnectionPool(host='t.me', port=443): Max retries exceeded with url: /amtmedyaduyuru/2?embed=1&mode=tme (Caused by NameResolutionError("<urllib3.connection.HTTPSConnection object at 0x000002633C7378D0>: Failed to resolve 't.me' ([Errno 11001] getaddrinfo failed)"))
HTTPSConnectionPool(host='t.me', port=443): Max retries exceeded with url: /amtmedyaduyuru/2?embed=1&mode=tme (Caused by NameResolutionError("<urllib3.connection.HTTPSConnection object at 0x00000263402E6810>: Failed to resolve 't.me' ([Errno 11001] getaddrinfo failed)"))
HTTPSConnectionPool(host='t.me', port=443): Max retries exceeded with url: /amtmedyaduyuru/2?embed=1&mode=tme (Caused by NameResolutionError("<urllib3.connection.HTTPSConnection object at 0x000002633E191510>: Failed to resolve 't.me' ([Errno 11001] getaddrinfo failed)"))
HTTPSConnectionPool(host='t.me', port=443): Max retries exceeded with url: /amtmedyaduyuru/2?embed=1&mode=tme (Caused by NameResolutionError("<urllib3.connection.HTTPSConnection object at 0x0000026340C72CD0>: Failed to resolve 't.me' ([Errno 11001] getaddrinfo failed)"))
HTTPSConnectionPool(host='t.me', port=443): Max retries exceeded with url: /amtmedyaduyuru/2?embed=1&mode=tme (Caused by NameResolutionError("<urllib3.connection.HTTPSConnection object at 0x000002633FFD1A10>: Failed to resolve 't.me' ([Errno 11001] getaddrinfo failed)"))
HTTPSConnectionPool(host='t.me', port=443): Max retries exceeded with url: /amtmedyaduyuru/2?embed=1&mode=tme (Caused by NameResolutionError("<urllib3.connection.HTTPSConnection object at 0x0000026341043710>: Failed to resolve 't.me' ([Errno 11001] getaddrinfo failed)"))
HTTPSConnectionPool(host='t.me', port=443): Max retries exceeded with url: /amtmedyaduyuru/2?embed=1&mode=tme (Caused by NameResolutionError("<urllib3.connection.HTTPSConnection object at 0x0000026340541F90>: Failed to resolve 't.me' ([Errno 11001] getaddrinfo failed)"))
HTTPSConnectionPool(host='t.me', port=443): Max retries exceeded with url: /amtmedyaduyuru/2?embed=1&mode=tme (Caused by NameResolutionError("<urllib3.connection.HTTPSConnection object at 0x000002633659AAD0>: Failed to resolve 't.me' ([Errno 11001] getaddrinfo failed)"))
HTTPSConnectionPool(host='t.me', port=443): Max retries exceeded with url: /amtmedyaduyuru/2?embed=1&mode=tme (Caused by NameResolutionError("<urllib3.connection.HTTPSConnection object at 0x0000026340D7AA50>: Failed to resolve 't.me' ([Errno 11001] getaddrinfo failed)"))
HTTPSConnectionPool(host='t.me', port=443): Max retries exceeded with url: /amtmedyaduyuru/2?embed=1&mode=tme (Caused by NameResolutionError("<urllib3.connection.HTTPSConnection object at 0x0000026336510D10>: Failed to resolve 't.me' ([Errno 11001] getaddrinfo failed)"))
HTTPSConnectionPool(host='t.me', port=443): Max retries exceeded with url: /amtmedyaduyuru/2?embed=1&mode=tme (Caused by NameResolutionError("<urllib3.connection.HTTPSConnection object at 0x00000263401A4350>: Failed to resolve 't.me' ([Errno 11001] getaddrinfo failed)"))
HTTPSConnectionPool(host='t.me', port=443): Max retries exceeded with url: /amtmedyaduyuru/2?embed=1&mode=tme (Caused by NameResolutionError("<urllib3.connection.HTTPSConnection object at 0x0000026340880750>: Failed to resolve 't.me' ([Errno 11001] getaddrinfo failed)"))
HTTPSConnectionPool(host='t.me', port=443): Max retries exceeded with url: /amtmedyaduyuru/2?embed=1&mode=tme (Caused by NameResolutionError("<urllib3.connection.HTTPSConnection object at 0x0000026341042610>: Failed to resolve 't.me' ([Errno 11001] getaddrinfo failed)"))
HTTPSConnectionPool(host='t.me', port=443): Max retries exceeded with url: /amtmedyaduyuru/2?embed=1&mode=tme (Caused by NameResolutionError("<urllib3.connection.HTTPSConnection object at 0x00000263409EC450>: Failed to resolve 't.me' ([Errno 11001] getaddrinfo failed)"))
HTTPSConnectionPool(host='t.me', port=443): Max retries exceeded with url: /amtmedyaduyuru/2?embed=1&mode=tme (Caused by NameResolutionError("<urllib3.connection.HTTPSConnection object at 0x0000026341042790>: Failed to resolve 't.me' ([Errno 11001] getaddrinfo failed)"))
HTTPSConnectionPool(host='t.me', port=443): Max retries exceeded with url: /amtmedyaduyuru/2?embed=1&mode=tme (Caused by NameResolutionError("<urllib3.connection.HTTPSConnection object at 0x000002634008F690>: Failed to resolve 't.me' ([Errno 11001] getaddrinfo failed)"))
HTTPSConnectionPool(host='t.me', port=443): Max retries exceeded with url: /amtmedyaduyuru/2?embed=1&mode=tme (Caused by NameResolutionError("<urllib3.connection.HTTPSConnection object at 0x000002634071CB10>: Failed to resolve 't.me' ([Errno 11001] getaddrinfo failed)"))
HTTPSConnectionPool(host='t.me', port=443): Max retries exceeded with url: /amtmedyaduyuru/2?embed=1&mode=tme (Caused by NameResolutionError("<urllib3.connection.HTTPSConnection object at 0x00000263408A39D0>: Failed to resolve 't.me' ([Errno 11001] getaddrinfo failed)"))
HTTPSConnectionPool(host='t.me', port=443): Max retries exceeded with url: /amtmedyaduyuru/2?embed=1&mode=tme (Caused by NameResolutionError("<urllib3.connection.HTTPSConnection object at 0x0000026340B9F310>: Failed to resolve 't.me' ([Errno 11001] getaddrinfo failed)"))
HTTPSConnectionPool(host='t.me', port=443): Max retries exceeded with url: /amtmedyaduyuru/2?embed=1&mode=tme (Caused by NameResolutionError("<urllib3.connection.HTTPSConnection object at 0x0000026340128E90>: Failed to resolve 't.me' ([Errno 11001] getaddrinfo failed)"))
HTTPSConnectionPool(host='t.me', port=443): Max retries exceeded with url: /amtmedyaduyuru/2?embed=1&mode=tme (Caused by NameResolutionError("<urllib3.connection.HTTPSConnection object at 0x000002633657C850>: Failed to resolve 't.me' ([Errno 11001] getaddrinfo failed)"))
HTTPSConnectionPool(host='t.me', port=443): Max retries exceeded with url: /amtmedyaduyuru/2?embed=1&mode=tme (Caused by NameResolutionError("<urllib3.connection.HTTPSConnection object at 0x000002633FB6E350>: Failed to resolve 't.me' ([Errno 11001] getaddrinfo failed)"))
HTTPSConnectionPool(host='t.me', port=443): Max retries exceeded with url: /amtmedyaduyuru/2?embed=1&mode=tme (Caused by NameResolutionError("<urllib3.connection.HTTPSConnection object at 0x000002633FA71F10>: Failed to resolve 't.me' ([Errno 11001] getaddrinfo failed)"))
HTTPSConnectionPool(host='t.me', port=443): Max retries exceeded with url: /amtmedyaduyuru/2?embed=1&mode=tme (Caused by NameResolutionError("<urllib3.connection.HTTPSConnection object at 0x00000263409ED310>: Failed to resolve 't.me' ([Errno 11001] getaddrinfo failed)"))
HTTPSConnectionPool(host='t.me', port=443): Max retries exceeded with url: /amtmedyaduyuru/2?embed=1&mode=tme (Caused by NameResolutionError("<urllib3.connection.HTTPSConnection object at 0x000002633FF3A990>: Failed to resolve 't.me' ([Errno 11001] getaddrinfo failed)"))
HTTPSConnectionPool(host='t.me', port=443): Max retries exceeded with url: /amtmedyaduyuru/2?embed=1&mode=tme (Caused by NameResolutionError("<urllib3.connection.HTTPSConnection object at 0x00000263409E94D0>: Failed to resolve 't.me' ([Errno 11001] getaddrinfo failed)"))
HTTPSConnectionPool(host='t.me', port=443): Max retries exceeded with url: /amtmedyaduyuru/2?embed=1&mode=tme (Caused by NameResolutionError("<urllib3.connection.HTTPSConnection object at 0x000002633C3D2190>: Failed to resolve 't.me' ([Errno 11001] getaddrinfo failed)"))
HTTPSConnectionPool(host='t.me', port=443): Max retries exceeded with url: /amtmedyaduyuru/2?embed=1&mode=tme (Caused by NameResolutionError("<urllib3.connection.HTTPSConnection object at 0x00000263406C6510>: Failed to resolve 't.me' ([Errno 11001] getaddrinfo failed)"))
HTTPSConnectionPool(host='t.me', port=443): Max retries exceeded with url: /amtmedyaduyuru/2?embed=1&mode=tme (Caused by NameResolutionError("<urllib3.connection.HTTPSConnection object at 0x000002633FB6E350>: Failed to resolve 't.me' ([Errno 11001] getaddrinfo failed)"))
HTTPSConnectionPool(host='t.me', port=443): Max retries exceeded with url: /amtmedyaduyuru/2?embed=1&mode=tme (Caused by NameResolutionError("<urllib3.connection.HTTPSConnection object at 0x000002633657E9D0>: Failed to resolve 't.me' ([Errno 11001] getaddrinfo failed)"))
HTTPSConnectionPool(host='t.me', port=443): Max retries exceeded with url: /amtmedyaduyuru/2?embed=1&mode=tme (Caused by NameResolutionError("<urllib3.connection.HTTPSConnection object at 0x00000263410421D0>: Failed to resolve 't.me' ([Errno 11001] getaddrinfo failed)"))
HTTPSConnectionPool(host='t.me', port=443): Max retries exceeded with url: /amtmedyaduyuru/2?embed=1&mode=tme (Caused by NameResolutionError("<urllib3.connection.HTTPSConnection object at 0x000002633FE24F10>: Failed to resolve 't.me' ([Errno 11001] getaddrinfo failed)"))
HTTPSConnectionPool(host='t.me', port=443): Max retries exceeded with url: /amtmedyaduyuru/2?embed=1&mode=tme (Caused by NameResolutionError("<urllib3.connection.HTTPSConnection object at 0x000002633C699950>: Failed to resolve 't.me' ([Errno 11001] getaddrinfo failed)"))
HTTPSConnectionPool(host='t.me', port=443): Max retries exceeded with url: /amtmedyaduyuru/2?embed=1&mode=tme (Caused by NameResolutionError("<urllib3.connection.HTTPSConnection object at 0x000002633FE07710>: Failed to resolve 't.me' ([Errno 11001] getaddrinfo failed)"))
HTTPSConnectionPool(host='t.me', port=443): Max retries exceeded with url: /amtmedyaduyuru/2?embed=1&mode=tme (Caused by NameResolutionError("<urllib3.connection.HTTPSConnection object at 0x0000026338DE1990>: Failed to resolve 't.me' ([Errno 11001] getaddrinfo failed)"))
HTTPSConnectionPool(host='t.me', port=443): Max retries exceeded with url: /amtmedyaduyuru/2?embed=1&mode=tme (Caused by NameResolutionError("<urllib3.connection.HTTPSConnection object at 0x0000026341040950>: Failed to resolve 't.me' ([Errno 11001] getaddrinfo failed)"))
HTTPSConnectionPool(host='t.me', port=443): Max retries exceeded with url: /amtmedyaduyuru/2?embed=1&mode=tme (Caused by NameResolutionError("<urllib3.connection.HTTPSConnection object at 0x000002634094D350>: Failed to resolve 't.me' ([Errno 11001] getaddrinfo failed)"))
HTTPSConnectionPool(host='t.me', port=443): Max retries exceeded with url: /amtmedyaduyuru/2?embed=1&mode=tme (Caused by NameResolutionError("<urllib3.connection.HTTPSConnection object at 0x00000263405FDB10>: Failed to resolve 't.me' ([Errno 11001] getaddrinfo failed)"))
HTTPSConnectionPool(host='t.me', port=443): Max retries exceeded with url: /amtmedyaduyuru/2?embed=1&mode=tme (Caused by NameResolutionError("<urllib3.connection.HTTPSConnection object at 0x000002634003BA10>: Failed to resolve 't.me' ([Errno 11001] getaddrinfo failed)"))
HTTPSConnectionPool(host='t.me', port=443): Max retries exceeded with url: /amtmedyaduyuru/2?embed=1&mode=tme (Caused by NameResolutionError("<urllib3.connection.HTTPSConnection object at 0x000002633FDCD6D0>: Failed to resolve 't.me' ([Errno 11001] getaddrinfo failed)"))
HTTPSConnectionPool(host='t.me', port=443): Max retries exceeded with url: /amtmedyaduyuru/2?embed=1&mode=tme (Caused by NameResolutionError("<urllib3.connection.HTTPSConnection object at 0x0000026341043A90>: Failed to resolve 't.me' ([Errno 11001] getaddrinfo failed)"))
HTTPSConnectionPool(host='t.me', port=443): Max retries exceeded with url: /amtmedyaduyuru/2?embed=1&mode=tme (Caused by NameResolutionError("<urllib3.connection.HTTPSConnection object at 0x0000026340B72D90>: Failed to resolve 't.me' ([Errno 11001] getaddrinfo failed)"))
HTTPSConnectionPool(host='t.me', port=443): Max retries exceeded with url: /amtmedyaduyuru/2?embed=1&mode=tme (Caused by NameResolutionError("<urllib3.connection.HTTPSConnection object at 0x0000026340452F90>: Failed to resolve 't.me' ([Errno 11001] getaddrinfo failed)"))
HTTPSConnectionPool(host='t.me', port=443): Max retries exceeded with url: /amtmedyaduyuru/2?embed=1&mode=tme (Caused by NameResolutionError("<urllib3.connection.HTTPSConnection object at 0x000002633FC43010>: Failed to resolve 't.me' ([Errno 11001] getaddrinfo failed)"))
HTTPSConnectionPool(host='t.me', port=443): Max retries exceeded with url: /amtmedyaduyuru/2?embed=1&mode=tme (Caused by NameResolutionError("<urllib3.connection.HTTPSConnection object at 0x0000026340B68E10>: Failed to resolve 't.me' ([Errno 11001] getaddrinfo failed)"))
HTTPSConnectionPool(host='t.me', port=443): Max retries exceeded with url: /amtmedyaduyuru/2?embed=1&mode=tme (Caused by NameResolutionError("<urllib3.connection.HTTPSConnection object at 0x000002633FE07910>: Failed to resolve 't.me' ([Errno 11001] getaddrinfo failed)"))
HTTPSConnectionPool(host='t.me', port=443): Max retries exceeded with url: /amtmedyaduyuru/2?embed=1&mode=tme (Caused by NameResolutionError("<urllib3.connection.HTTPSConnection object at 0x000002633C513710>: Failed to resolve 't.me' ([Errno 11001] getaddrinfo failed)"))
HTTPSConnectionPool(host='t.me', port=443): Max retries exceeded with url: /amtmedyaduyuru/2?embed=1&mode=tme (Caused by NameResolutionError("<urllib3.connection.HTTPSConnection object at 0x0000026340989D90>: Failed to resolve 't.me' ([Errno 11001] getaddrinfo failed)"))
HTTPSConnectionPool(host='t.me', port=443): Max retries exceeded with url: /amtmedyaduyuru/2?embed=1&mode=tme (Caused by NameResolutionError("<urllib3.connection.HTTPSConnection object at 0x0000026340C6A6D0>: Failed to resolve 't.me' ([Errno 11001] getaddrinfo failed)"))
HTTPSConnectionPool(host='t.me', port=443): Max retries exceeded with url: /amtmedyaduyuru/2?embed=1&mode=tme (Caused by NameResolutionError("<urllib3.connection.HTTPSConnection object at 0x000002634071DB50>: Failed to resolve 't.me' ([Errno 11001] getaddrinfo failed)"))
HTTPSConnectionPool(host='t.me', port=443): Max retries exceeded with url: /amtmedyaduyuru/2?embed=1&mode=tme (Caused by NameResolutionError("<urllib3.connection.HTTPSConnection object at 0x0000026341040950>: Failed to resolve 't.me' ([Errno 11001] getaddrinfo failed)"))
HTTPSConnectionPool(host='t.me', port=443): Max retries exceeded with url: /amtmedyaduyuru/2?embed=1&mode=tme (Caused by NameResolutionError("<urllib3.connection.HTTPSConnection object at 0x00000263406C7BD0>: Failed to resolve 't.me' ([Errno 11001] getaddrinfo failed)"))
HTTPSConnectionPool(host='t.me', port=443): Max retries exceeded with url: /amtmedyaduyuru/2?embed=1&mode=tme (Caused by NameResolutionError("<urllib3.connection.HTTPSConnection object at 0x0000026340FE1610>: Failed to resolve 't.me' ([Errno 11001] getaddrinfo failed)"))
HTTPSConnectionPool(host='t.me', port=443): Max retries exceeded with url: /amtmedyaduyuru/2?embed=1&mode=tme (Caused by NameResolutionError("<urllib3.connection.HTTPSConnection object at 0x0000026336512610>: Failed to resolve 't.me' ([Errno 11001] getaddrinfo failed)"))
HTTPSConnectionPool(host='t.me', port=443): Max retries exceeded with url: /amtmedyaduyuru/2?embed=1&mode=tme (Caused by NameResolutionError("<urllib3.connection.HTTPSConnection object at 0x00000263409EC390>: Failed to resolve 't.me' ([Errno 11001] getaddrinfo failed)"))
HTTPSConnectionPool(host='t.me', port=443): Max retries exceeded with url: /amtmedyaduyuru/2?embed=1&mode=tme (Caused by NameResolutionError("<urllib3.connection.HTTPSConnection object at 0x0000026340C70290>: Failed to resolve 't.me' ([Errno 11001] getaddrinfo failed)"))
HTTPSConnectionPool(host='t.me', port=443): Max retries exceeded with url: /amtmedyaduyuru/2?embed=1&mode=tme (Caused by NameResolutionError("<urllib3.connection.HTTPSConnection object at 0x0000026341032590>: Failed to resolve 't.me' ([Errno 11001] getaddrinfo failed)"))
HTTPSConnectionPool(host='t.me', port=443): Max retries exceeded with url: /amtmedyaduyuru/2?embed=1&mode=tme (Caused by NameResolutionError("<urllib3.connection.HTTPSConnection object at 0x000002633FEF2B10>: Failed to resolve 't.me' ([Errno 11001] getaddrinfo failed)"))
HTTPSConnectionPool(host='t.me', port=443): Max retries exceeded with url: /amtmedyaduyuru/2?embed=1&mode=tme (Caused by NameResolutionError("<urllib3.connection.HTTPSConnection object at 0x000002633FDCE7D0>: Failed to resolve 't.me' ([Errno 11001] getaddrinfo failed)"))
HTTPSConnectionPool(host='t.me', port=443): Max retries exceeded with url: /amtmedyaduyuru/2?embed=1&mode=tme (Caused by NameResolutionError("<urllib3.connection.HTTPSConnection object at 0x00000263408FDF50>: Failed to resolve 't.me' ([Errno 11001] getaddrinfo failed)"))
HTTPSConnectionPool(host='t.me', port=443): Max retries exceeded with url: /amtmedyaduyuru/2?embed=1&mode=tme (Caused by NameResolutionError("<urllib3.connection.HTTPSConnection object at 0x0000026341031550>: Failed to resolve 't.me' ([Errno 11001] getaddrinfo failed)"))
HTTPSConnectionPool(host='t.me', port=443): Max retries exceeded with url: /amtmedyaduyuru/2?embed=1&mode=tme (Caused by NameResolutionError("<urllib3.connection.HTTPSConnection object at 0x000002633FE9ADD0>: Failed to resolve 't.me' ([Errno 11001] getaddrinfo failed)"))
HTTPSConnectionPool(host='t.me', port=443): Max retries exceeded with url: /amtmedyaduyuru/2?embed=1&mode=tme (Caused by NameResolutionError("<urllib3.connection.HTTPSConnection object at 0x00000263402B6E50>: Failed to resolve 't.me' ([Errno 11001] getaddrinfo failed)"))
HTTPSConnectionPool(host='t.me', port=443): Max retries exceeded with url: /amtmedyaduyuru/2?embed=1&mode=tme (Caused by NameResolutionError("<urllib3.connection.HTTPSConnection object at 0x0000026340746410>: Failed to resolve 't.me' ([Errno 11001] getaddrinfo failed)"))
HTTPSConnectionPool(host='t.me', port=443): Max retries exceeded with url: /amtmedyaduyuru/2?embed=1&mode=tme (Caused by NameResolutionError("<urllib3.connection.HTTPSConnection object at 0x00000263409A8E90>: Failed to resolve 't.me' ([Errno 11001] getaddrinfo failed)"))
HTTPSConnectionPool(host='t.me', port=443): Max retries exceeded with url: /amtmedyaduyuru/2?embed=1&mode=tme (Caused by NameResolutionError("<urllib3.connection.HTTPSConnection object at 0x00000263408FD6D0>: Failed to resolve 't.me' ([Errno 11001] getaddrinfo failed)"))
HTTPSConnectionPool(host='t.me', port=443): Max retries exceeded with url: /amtmedyaduyuru/2?embed=1&mode=tme (Caused by NameResolutionError("<urllib3.connection.HTTPSConnection object at 0x00000263409ED3D0>: Failed to resolve 't.me' ([Errno 11001] getaddrinfo failed)"))
HTTPSConnectionPool(host='t.me', port=443): Max retries exceeded with url: /amtmedyaduyuru/2?embed=1&mode=tme (Caused by NameResolutionError("<urllib3.connection.HTTPSConnection object at 0x000002633FB9D1D0>: Failed to resolve 't.me' ([Errno 11001] getaddrinfo failed)"))
HTTPSConnectionPool(host='t.me', port=443): Max retries exceeded with url: /amtmedyaduyuru/2?embed=1&mode=tme (Caused by NameResolutionError("<urllib3.connection.HTTPSConnection object at 0x000002633AC00D50>: Failed to resolve 't.me' ([Errno 11001] getaddrinfo failed)"))
HTTPSConnectionPool(host='t.me', port=443): Max retries exceeded with url: /amtmedyaduyuru/2?embed=1&mode=tme (Caused by NameResolutionError("<urllib3.connection.HTTPSConnection object at 0x00000263410402D0>: Failed to resolve 't.me' ([Errno 11001] getaddrinfo failed)"))
HTTPSConnectionPool(host='t.me', port=443): Max retries exceeded with url: /amtmedyaduyuru/2?embed=1&mode=tme (Caused by NameResolutionError("<urllib3.connection.HTTPSConnection object at 0x000002633FA4DC50>: Failed to resolve 't.me' ([Errno 11001] getaddrinfo failed)"))
HTTPSConnectionPool(host='t.me', port=443): Max retries exceeded with url: /amtmedyaduyuru/2?embed=1&mode=tme (Caused by NameResolutionError("<urllib3.connection.HTTPSConnection object at 0x0000026340C70250>: Failed to resolve 't.me' ([Errno 11001] getaddrinfo failed)"))
HTTPSConnectionPool(host='t.me', port=443): Max retries exceeded with url: /amtmedyaduyuru/2?embed=1&mode=tme (Caused by NameResolutionError("<urllib3.connection.HTTPSConnection object at 0x00000263401D1050>: Failed to resolve 't.me' ([Errno 11001] getaddrinfo failed)"))
HTTPSConnectionPool(host='t.me', port=443): Max retries exceeded with url: /amtmedyaduyuru/2?embed=1&mode=tme (Caused by NameResolutionError("<urllib3.connection.HTTPSConnection object at 0x0000026340567910>: Failed to resolve 't.me' ([Errno 11001] getaddrinfo failed)"))
HTTPSConnectionPool(host='t.me', port=443): Max retries exceeded with url: /amtmedyaduyuru/2?embed=1&mode=tme (Caused by NameResolutionError("<urllib3.connection.HTTPSConnection object at 0x000002633666F090>: Failed to resolve 't.me' ([Errno 11001] getaddrinfo failed)"))
HTTPSConnectionPool(host='t.me', port=443): Max retries exceeded with url: /amtmedyaduyuru/2?embed=1&mode=tme (Caused by NameResolutionError("<urllib3.connection.HTTPSConnection object at 0x000002634011ED10>: Failed to resolve 't.me' ([Errno 11001] getaddrinfo failed)"))
HTTPSConnectionPool(host='t.me', port=443): Max retries exceeded with url: /amtmedyaduyuru/2?embed=1&mode=tme (Caused by NameResolutionError("<urllib3.connection.HTTPSConnection object at 0x000002633E376110>: Failed to resolve 't.me' ([Errno 11001] getaddrinfo failed)"))
HTTPSConnectionPool(host='t.me', port=443): Max retries exceeded with url: /amtmedyaduyuru/2?embed=1&mode=tme (Caused by NameResolutionError("<urllib3.connection.HTTPSConnection object at 0x00000263408FF090>: Failed to resolve 't.me' ([Errno 11001] getaddrinfo failed)"))
HTTPSConnectionPool(host='t.me', port=443): Max retries exceeded with url: /amtmedyaduyuru/2?embed=1&mode=tme (Caused by NameResolutionError("<urllib3.connection.HTTPSConnection object at 0x0000026340D79ED0>: Failed to resolve 't.me' ([Errno 11001] getaddrinfo failed)"))
HTTPSConnectionPool(host='t.me', port=443): Max retries exceeded with url: /amtmedyaduyuru/2?embed=1&mode=tme (Caused by NameResolutionError("<urllib3.connection.HTTPSConnection object at 0x00000263407F2890>: Failed to resolve 't.me' ([Errno 11001] getaddrinfo failed)"))
HTTPSConnectionPool(host='t.me', port=443): Max retries exceeded with url: /amtmedyaduyuru/2?embed=1&mode=tme (Caused by NameResolutionError("<urllib3.connection.HTTPSConnection object at 0x0000026340C53F90>: Failed to resolve 't.me' ([Errno 11001] getaddrinfo failed)"))
HTTPSConnectionPool(host='t.me', port=443): Max retries exceeded with url: /amtmedyaduyuru/2?embed=1&mode=tme (Caused by NameResolutionError("<urllib3.connection.HTTPSConnection object at 0x000002634098B850>: Failed to resolve 't.me' ([Errno 11001] getaddrinfo failed)"))
HTTPSConnectionPool(host='t.me', port=443): Max retries exceeded with url: /amtmedyaduyuru/2?embed=1&mode=tme (Caused by NameResolutionError("<urllib3.connection.HTTPSConnection object at 0x0000026341032D90>: Failed to resolve 't.me' ([Errno 11001] getaddrinfo failed)"))
HTTPSConnectionPool(host='t.me', port=443): Max retries exceeded with url: /amtmedyaduyuru/2?embed=1&mode=tme (Caused by NameResolutionError("<urllib3.connection.HTTPSConnection object at 0x0000026340AB22D0>: Failed to resolve 't.me' ([Errno 11001] getaddrinfo failed)"))
HTTPSConnectionPool(host='t.me', port=443): Max retries exceeded with url: /amtmedyaduyuru/2?embed=1&mode=tme (Caused by NameResolutionError("<urllib3.connection.HTTPSConnection object at 0x0000026340DAE390>: Failed to resolve 't.me' ([Errno 11001] getaddrinfo failed)"))
HTTPSConnectionPool(host='t.me', port=443): Max retries exceeded with url: /amtmedyaduyuru/2?embed=1&mode=tme (Caused by NameResolutionError("<urllib3.connection.HTTPSConnection object at 0x0000026340C6A4D0>: Failed to resolve 't.me' ([Errno 11001] getaddrinfo failed)"))
HTTPSConnectionPool(host='t.me', port=443): Max retries exceeded with url: /amtmedyaduyuru/2?embed=1&mode=tme (Caused by NameResolutionError("<urllib3.connection.HTTPSConnection object at 0x000002633B7366D0>: Failed to resolve 't.me' ([Errno 11001] getaddrinfo failed)"))
HTTPSConnectionPool(host='t.me', port=443): Max retries exceeded with url: /amtmedyaduyuru/2?embed=1&mode=tme (Caused by NameResolutionError("<urllib3.connection.HTTPSConnection object at 0x0000026340665DD0>: Failed to resolve 't.me' ([Errno 11001] getaddrinfo failed)"))
HTTPSConnectionPool(host='t.me', port=443): Max retries exceeded with url: /amtmedyaduyuru/2?embed=1&mode=tme (Caused by NameResolutionError("<urllib3.connection.HTTPSConnection object at 0x000002634056E0D0>: Failed to resolve 't.me' ([Errno 11001] getaddrinfo failed)"))
HTTPSConnectionPool(host='t.me', port=443): Max retries exceeded with url: /amtmedyaduyuru/2?embed=1&mode=tme (Caused by NameResolutionError("<urllib3.connection.HTTPSConnection object at 0x0000026340665DD0>: Failed to resolve 't.me' ([Errno 11001] getaddrinfo failed)"))
HTTPSConnectionPool(host='t.me', port=443): Max retries exceeded with url: /amtmedyaduyuru/2?embed=1&mode=tme (Caused by NameResolutionError("<urllib3.connection.HTTPSConnection object at 0x00000263406BA7D0>: Failed to resolve 't.me' ([Errno 11001] getaddrinfo failed)"))
HTTPSConnectionPool(host='t.me', port=443): Max retries exceeded with url: /amtmedyaduyuru/2?embed=1&mode=tme (Caused by NameResolutionError("<urllib3.connection.HTTPSConnection object at 0x000002634018ABD0>: Failed to resolve 't.me' ([Errno 11001] getaddrinfo failed)"))
HTTPSConnectionPool(host='t.me', port=443): Max retries exceeded with url: /amtmedyaduyuru/2?embed=1&mode=tme (Caused by NameResolutionError("<urllib3.connection.HTTPSConnection object at 0x0000026340881290>: Failed to resolve 't.me' ([Errno 11001] getaddrinfo failed)"))
HTTPSConnectionPool(host='t.me', port=443): Max retries exceeded with url: /amtmedyaduyuru/2?embed=1&mode=tme (Caused by NameResolutionError("<urllib3.connection.HTTPSConnection object at 0x0000026340C5E190>: Failed to resolve 't.me' ([Errno 11001] getaddrinfo failed)"))
HTTPSConnectionPool(host='t.me', port=443): Max retries exceeded with url: /amtmedyaduyuru/2?embed=1&mode=tme (Caused by NameResolutionError("<urllib3.connection.HTTPSConnection object at 0x0000026341043990>: Failed to resolve 't.me' ([Errno 11001] getaddrinfo failed)"))
HTTPSConnectionPool(host='t.me', port=443): Max retries exceeded with url: /amtmedyaduyuru/2?embed=1&mode=tme (Caused by NameResolutionError("<urllib3.connection.HTTPSConnection object at 0x000002634082FA90>: Failed to resolve 't.me' ([Errno 11001] getaddrinfo failed)"))
HTTPSConnectionPool(host='t.me', port=443): Max retries exceeded with url: /amtmedyaduyuru/2?embed=1&mode=tme (Caused by NameResolutionError("<urllib3.connection.HTTPSConnection object at 0x000002633F8304D0>: Failed to resolve 't.me' ([Errno 11001] getaddrinfo failed)"))
HTTPSConnectionPool(host='t.me', port=443): Max retries exceeded with url: /amtmedyaduyuru/2?embed=1&mode=tme (Caused by NameResolutionError("<urllib3.connection.HTTPSConnection object at 0x0000026341042990>: Failed to resolve 't.me' ([Errno 11001] getaddrinfo failed)"))
HTTPSConnectionPool(host='t.me', port=443): Max retries exceeded with url: /amtmedyaduyuru/2?embed=1&mode=tme (Caused by NameResolutionError("<urllib3.connection.HTTPSConnection object at 0x0000026340BC77D0>: Failed to resolve 't.me' ([Errno 11001] getaddrinfo failed)"))
HTTPSConnectionPool(host='t.me', port=443): Max retries exceeded with url: /amtmedyaduyuru/2?embed=1&mode=tme (Caused by NameResolutionError("<urllib3.connection.HTTPSConnection object at 0x000002633FCD3F10>: Failed to resolve 't.me' ([Errno 11001] getaddrinfo failed)"))
HTTPSConnectionPool(host='t.me', port=443): Max retries exceeded with url: /amtmedyaduyuru/2?embed=1&mode=tme (Caused by NameResolutionError("<urllib3.connection.HTTPSConnection object at 0x000002633FAEEB50>: Failed to resolve 't.me' ([Errno 11001] getaddrinfo failed)"))
HTTPSConnectionPool(host='t.me', port=443): Max retries exceeded with url: /amtmedyaduyuru/2?embed=1&mode=tme (Caused by NameResolutionError("<urllib3.connection.HTTPSConnection object at 0x000002633E175F50>: Failed to resolve 't.me' ([Errno 11001] getaddrinfo failed)"))
HTTPSConnectionPool(host='t.me', port=443): Max retries exceeded with url: /amtmedyaduyuru/2?embed=1&mode=tme (Caused by NameResolutionError("<urllib3.connection.HTTPSConnection object at 0x000002633C4A5D50>: Failed to resolve 't.me' ([Errno 11001] getaddrinfo failed)"))
HTTPSConnectionPool(host='t.me', port=443): Max retries exceeded with url: /amtmedyaduyuru/2?embed=1&mode=tme (Caused by NameResolutionError("<urllib3.connection.HTTPSConnection object at 0x000002633C51BF50>: Failed to resolve 't.me' ([Errno 11001] getaddrinfo failed)"))
HTTPSConnectionPool(host='t.me', port=443): Max retries exceeded with url: /amtmedyaduyuru/2?embed=1&mode=tme (Caused by NameResolutionError("<urllib3.connection.HTTPSConnection object at 0x0000026340C680D0>: Failed to resolve 't.me' ([Errno 11001] getaddrinfo failed)"))
HTTPSConnectionPool(host='t.me', port=443): Max retries exceeded with url: /amtmedyaduyuru/2?embed=1&mode=tme (Caused by NameResolutionError("<urllib3.connection.HTTPSConnection object at 0x00000263402E4810>: Failed to resolve 't.me' ([Errno 11001] getaddrinfo failed)"))
HTTPSConnectionPool(host='t.me', port=443): Max retries exceeded with url: /amtmedyaduyuru/2?embed=1&mode=tme (Caused by NameResolutionError("<urllib3.connection.HTTPSConnection object at 0x0000026341043990>: Failed to resolve 't.me' ([Errno 11001] getaddrinfo failed)"))
HTTPSConnectionPool(host='t.me', port=443): Max retries exceeded with url: /amtmedyaduyuru/2?embed=1&mode=tme (Caused by NameResolutionError("<urllib3.connection.HTTPSConnection object at 0x000002633FEFB410>: Failed to resolve 't.me' ([Errno 11001] getaddrinfo failed)"))
HTTPSConnectionPool(host='t.me', port=443): Max retries exceeded with url: /amtmedyaduyuru/2?embed=1&mode=tme (Caused by NameResolutionError("<urllib3.connection.HTTPSConnection object at 0x00000263402F2910>: Failed to resolve 't.me' ([Errno 11001] getaddrinfo failed)"))
HTTPSConnectionPool(host='t.me', port=443): Max retries exceeded with url: /amtmedyaduyuru/2?embed=1&mode=tme (Caused by NameResolutionError("<urllib3.connection.HTTPSConnection object at 0x0000026338A0ED50>: Failed to resolve 't.me' ([Errno 11001] getaddrinfo failed)"))
HTTPSConnectionPool(host='t.me', port=443): Max retries exceeded with url: /amtmedyaduyuru/2?embed=1&mode=tme (Caused by NameResolutionError("<urllib3.connection.HTTPSConnection object at 0x00000263402B4750>: Failed to resolve 't.me' ([Errno 11001] getaddrinfo failed)"))
HTTPSConnectionPool(host='t.me', port=443): Max retries exceeded with url: /amtmedyaduyuru/2?embed=1&mode=tme (Caused by NameResolutionError("<urllib3.connection.HTTPSConnection object at 0x000002634050A2D0>: Failed to resolve 't.me' ([Errno 11001] getaddrinfo failed)"))
HTTPSConnectionPool(host='t.me', port=443): Max retries exceeded with url: /amtmedyaduyuru/2?embed=1&mode=tme (Caused by NameResolutionError("<urllib3.connection.HTTPSConnection object at 0x0000026341058290>: Failed to resolve 't.me' ([Errno 11001] getaddrinfo failed)"))
HTTPSConnectionPool(host='t.me', port=443): Max retries exceeded with url: /amtmedyaduyuru/2?embed=1&mode=tme (Caused by NameResolutionError("<urllib3.connection.HTTPSConnection object at 0x00000263409C2950>: Failed to resolve 't.me' ([Errno 11001] getaddrinfo failed)"))
HTTPSConnectionPool(host='t.me', port=443): Max retries exceeded with url: /amtmedyaduyuru/2?embed=1&mode=tme (Caused by NameResolutionError("<urllib3.connection.HTTPSConnection object at 0x0000026340420310>: Failed to resolve 't.me' ([Errno 11001] getaddrinfo failed)"))
HTTPSConnectionPool(host='t.me', port=443): Max retries exceeded with url: /amtmedyaduyuru/2?embed=1&mode=tme (Caused by NameResolutionError("<urllib3.connection.HTTPSConnection object at 0x00000263402B6390>: Failed to resolve 't.me' ([Errno 11001] getaddrinfo failed)"))
HTTPSConnectionPool(host='t.me', port=443): Max retries exceeded with url: /amtmedyaduyuru/2?embed=1&mode=tme (Caused by NameResolutionError("<urllib3.connection.HTTPSConnection object at 0x0000026340868250>: Failed to resolve 't.me' ([Errno 11001] getaddrinfo failed)"))
HTTPSConnectionPool(host='t.me', port=443): Max retries exceeded with url: /amtmedyaduyuru/2?embed=1&mode=tme (Caused by NameResolutionError("<urllib3.connection.HTTPSConnection object at 0x00000263406CB350>: Failed to resolve 't.me' ([Errno 11001] getaddrinfo failed)"))
HTTPSConnectionPool(host='t.me', port=443): Max retries exceeded with url: /amtmedyaduyuru/2?embed=1&mode=tme (Caused by NameResolutionError("<urllib3.connection.HTTPSConnection object at 0x0000026340A59750>: Failed to resolve 't.me' ([Errno 11001] getaddrinfo failed)"))
HTTPSConnectionPool(host='t.me', port=443): Max retries exceeded with url: /amtmedyaduyuru/2?embed=1&mode=tme (Caused by NameResolutionError("<urllib3.connection.HTTPSConnection object at 0x000002633FBBE450>: Failed to resolve 't.me' ([Errno 11001] getaddrinfo failed)"))
HTTPSConnectionPool(host='t.me', port=443): Max retries exceeded with url: /amtmedyaduyuru/2?embed=1&mode=tme (Caused by NameResolutionError("<urllib3.connection.HTTPSConnection object at 0x0000026340689E10>: Failed to resolve 't.me' ([Errno 11001] getaddrinfo failed)"))
HTTPSConnectionPool(host='t.me', port=443): Max retries exceeded with url: /amtmedyaduyuru/2?embed=1&mode=tme (Caused by NameResolutionError("<urllib3.connection.HTTPSConnection object at 0x0000026340702B50>: Failed to resolve 't.me' ([Errno 11001] getaddrinfo failed)"))
HTTPSConnectionPool(host='t.me', port=443): Max retries exceeded with url: /amtmedyaduyuru/2?embed=1&mode=tme (Caused by NameResolutionError("<urllib3.connection.HTTPSConnection object at 0x00000263409C19D0>: Failed to resolve 't.me' ([Errno 11001] getaddrinfo failed)"))
HTTPSConnectionPool(host='t.me', port=443): Max retries exceeded with url: /amtmedyaduyuru/2?embed=1&mode=tme (Caused by NameResolutionError("<urllib3.connection.HTTPSConnection object at 0x00000263409C2550>: Failed to resolve 't.me' ([Errno 11001] getaddrinfo failed)"))
HTTPSConnectionPool(host='t.me', port=443): Max retries exceeded with url: /amtmedyaduyuru/2?embed=1&mode=tme (Caused by NameResolutionError("<urllib3.connection.HTTPSConnection object at 0x000002634050AB90>: Failed to resolve 't.me' ([Errno 11001] getaddrinfo failed)"))
HTTPSConnectionPool(host='t.me', port=443): Max retries exceeded with url: /amtmedyaduyuru/2?embed=1&mode=tme (Caused by NameResolutionError("<urllib3.connection.HTTPSConnection object at 0x0000026340179410>: Failed to resolve 't.me' ([Errno 11001] getaddrinfo failed)"))
HTTPSConnectionPool(host='t.me', port=443): Max retries exceeded with url: /amtmedyaduyuru/2?embed=1&mode=tme (Caused by NameResolutionError("<urllib3.connection.HTTPSConnection object at 0x000002633FF52790>: Failed to resolve 't.me' ([Errno 11001] getaddrinfo failed)"))
HTTPSConnectionPool(host='t.me', port=443): Max retries exceeded with url: /amtmedyaduyuru/2?embed=1&mode=tme (Caused by NameResolutionError("<urllib3.connection.HTTPSConnection object at 0x00000263401A5C50>: Failed to resolve 't.me' ([Errno 11001] getaddrinfo failed)"))
HTTPSConnectionPool(host='t.me', port=443): Max retries exceeded with url: /amtmedyaduyuru/2?embed=1&mode=tme (Caused by NameResolutionError("<urllib3.connection.HTTPSConnection object at 0x00000263402F23D0>: Failed to resolve 't.me' ([Errno 11001] getaddrinfo failed)"))
HTTPSConnectionPool(host='t.me', port=443): Max retries exceeded with url: /amtmedyaduyuru/2?embed=1&mode=tme (Caused by NameResolutionError("<urllib3.connection.HTTPSConnection object at 0x000002634105A050>: Failed to resolve 't.me' ([Errno 11001] getaddrinfo failed)"))
HTTPSConnectionPool(host='t.me', port=443): Max retries exceeded with url: /amtmedyaduyuru/2?embed=1&mode=tme (Caused by NameResolutionError("<urllib3.connection.HTTPSConnection object at 0x0000026337E71050>: Failed to resolve 't.me' ([Errno 11001] getaddrinfo failed)"))
HTTPSConnectionPool(host='t.me', port=443): Max retries exceeded with url: /amtmedyaduyuru/2?embed=1&mode=tme (Caused by NameResolutionError("<urllib3.connection.HTTPSConnection object at 0x0000026340EBFB50>: Failed to resolve 't.me' ([Errno 11001] getaddrinfo failed)"))
HTTPSConnectionPool(host='t.me', port=443): Max retries exceeded with url: /amtmedyaduyuru/2?embed=1&mode=tme (Caused by NameResolutionError("<urllib3.connection.HTTPSConnection object at 0x00000263409C2C50>: Failed to resolve 't.me' ([Errno 11001] getaddrinfo failed)"))
HTTPSConnectionPool(host='t.me', port=443): Max retries exceeded with url: /amtmedyaduyuru/2?embed=1&mode=tme (Caused by NameResolutionError("<urllib3.connection.HTTPSConnection object at 0x00000263401A4390>: Failed to resolve 't.me' ([Errno 11001] getaddrinfo failed)"))
HTTPSConnectionPool(host='t.me', port=443): Max retries exceeded with url: /amtmedyaduyuru/2?embed=1&mode=tme (Caused by NameResolutionError("<urllib3.connection.HTTPSConnection object at 0x000002634100A150>: Failed to resolve 't.me' ([Errno 11001] getaddrinfo failed)"))
HTTPSConnectionPool(host='t.me', port=443): Max retries exceeded with url: /amtmedyaduyuru/2?embed=1&mode=tme (Caused by NameResolutionError("<urllib3.connection.HTTPSConnection object at 0x0000026340042910>: Failed to resolve 't.me' ([Errno 11001] getaddrinfo failed)"))
HTTPSConnectionPool(host='t.me', port=443): Max retries exceeded with url: /amtmedyaduyuru/2?embed=1&mode=tme (Caused by NameResolutionError("<urllib3.connection.HTTPSConnection object at 0x00000263406C5410>: Failed to resolve 't.me' ([Errno 11001] getaddrinfo failed)"))
HTTPSConnectionPool(host='t.me', port=443): Max retries exceeded with url: /amtmedyaduyuru/2?embed=1&mode=tme (Caused by NameResolutionError("<urllib3.connection.HTTPSConnection object at 0x000002634065B2D0>: Failed to resolve 't.me' ([Errno 11001] getaddrinfo failed)"))
HTTPSConnectionPool(host='t.me', port=443): Max retries exceeded with url: /amtmedyaduyuru/2?embed=1&mode=tme (Caused by NameResolutionError("<urllib3.connection.HTTPSConnection object at 0x000002634085ED10>: Failed to resolve 't.me' ([Errno 11001] getaddrinfo failed)"))
HTTPSConnectionPool(host='t.me', port=443): Max retries exceeded with url: /amtmedyaduyuru/2?embed=1&mode=tme (Caused by NameResolutionError("<urllib3.connection.HTTPSConnection object at 0x00000263405FDB10>: Failed to resolve 't.me' ([Errno 11001] getaddrinfo failed)"))
HTTPSConnectionPool(host='t.me', port=443): Max retries exceeded with url: /amtmedyaduyuru/2?embed=1&mode=tme (Caused by NameResolutionError("<urllib3.connection.HTTPSConnection object at 0x00000263404CBE90>: Failed to resolve 't.me' ([Errno 11001] getaddrinfo failed)"))
HTTPSConnectionPool(host='t.me', port=443): Max retries exceeded with url: /amtmedyaduyuru/2?embed=1&mode=tme (Caused by NameResolutionError("<urllib3.connection.HTTPSConnection object at 0x0000026340E89ED0>: Failed to resolve 't.me' ([Errno 11001] getaddrinfo failed)"))
HTTPSConnectionPool(host='t.me', port=443): Max retries exceeded with url: /amtmedyaduyuru/2?embed=1&mode=tme (Caused by NameResolutionError("<urllib3.connection.HTTPSConnection object at 0x0000026340746150>: Failed to resolve 't.me' ([Errno 11001] getaddrinfo failed)"))
HTTPSConnectionPool(host='t.me', port=443): Max retries exceeded with url: /amtmedyaduyuru/2?embed=1&mode=tme (Caused by NameResolutionError("<urllib3.connection.HTTPSConnection object at 0x0000026334D2DB90>: Failed to resolve 't.me' ([Errno 11001] getaddrinfo failed)"))
HTTPSConnectionPool(host='t.me', port=443): Max retries exceeded with url: /amtmedyaduyuru/2?embed=1&mode=tme (Caused by NameResolutionError("<urllib3.connection.HTTPSConnection object at 0x0000026340287690>: Failed to resolve 't.me' ([Errno 11001] getaddrinfo failed)"))
HTTPSConnectionPool(host='t.me', port=443): Max retries exceeded with url: /amtmedyaduyuru/2?embed=1&mode=tme (Caused by NameResolutionError("<urllib3.connection.HTTPSConnection object at 0x0000026340C13050>: Failed to resolve 't.me' ([Errno 11001] getaddrinfo failed)"))
HTTPSConnectionPool(host='t.me', port=443): Max retries exceeded with url: /amtmedyaduyuru/2?embed=1&mode=tme (Caused by NameResolutionError("<urllib3.connection.HTTPSConnection object at 0x000002634085FA10>: Failed to resolve 't.me' ([Errno 11001] getaddrinfo failed)"))
HTTPSConnectionPool(host='t.me', port=443): Max retries exceeded with url: /amtmedyaduyuru/2?embed=1&mode=tme (Caused by NameResolutionError("<urllib3.connection.HTTPSConnection object at 0x00000263409C1B50>: Failed to resolve 't.me' ([Errno 11001] getaddrinfo failed)"))
HTTPSConnectionPool(host='t.me', port=443): Max retries exceeded with url: /amtmedyaduyuru/2?embed=1&mode=tme (Caused by NameResolutionError("<urllib3.connection.HTTPSConnection object at 0x00000263404CA3D0>: Failed to resolve 't.me' ([Errno 11001] getaddrinfo failed)"))
HTTPSConnectionPool(host='t.me', port=443): Max retries exceeded with url: /amtmedyaduyuru/2?embed=1&mode=tme (Caused by NameResolutionError("<urllib3.connection.HTTPSConnection object at 0x00000263409EAED0>: Failed to resolve 't.me' ([Errno 11001] getaddrinfo failed)"))
HTTPSConnectionPool(host='t.me', port=443): Max retries exceeded with url: /amtmedyaduyuru/2?embed=1&mode=tme (Caused by NameResolutionError("<urllib3.connection.HTTPSConnection object at 0x0000026340179350>: Failed to resolve 't.me' ([Errno 11001] getaddrinfo failed)"))
HTTPSConnectionPool(host='t.me', port=443): Max retries exceeded with url: /amtmedyaduyuru/2?embed=1&mode=tme (Caused by NameResolutionError("<urllib3.connection.HTTPSConnection object at 0x0000026340C11A90>: Failed to resolve 't.me' ([Errno 11001] getaddrinfo failed)"))
HTTPSConnectionPool(host='t.me', port=443): Max retries exceeded with url: /amtmedyaduyuru/2?embed=1&mode=tme (Caused by NameResolutionError("<urllib3.connection.HTTPSConnection object at 0x000002634068A6D0>: Failed to resolve 't.me' ([Errno 11001] getaddrinfo failed)"))
HTTPSConnectionPool(host='t.me', port=443): Max retries exceeded with url: /amtmedyaduyuru/2?embed=1&mode=tme (Caused by NameResolutionError("<urllib3.connection.HTTPSConnection object at 0x0000026341043890>: Failed to resolve 't.me' ([Errno 11001] getaddrinfo failed)"))
HTTPSConnectionPool(host='t.me', port=443): Max retries exceeded with url: /amtmedyaduyuru/2?embed=1&mode=tme (Caused by NameResolutionError("<urllib3.connection.HTTPSConnection object at 0x0000026340C70B10>: Failed to resolve 't.me' ([Errno 11001] getaddrinfo failed)"))
HTTPSConnectionPool(host='t.me', port=443): Max retries exceeded with url: /amtmedyaduyuru/2?embed=1&mode=tme (Caused by NameResolutionError("<urllib3.connection.HTTPSConnection object at 0x0000026340A5B890>: Failed to resolve 't.me' ([Errno 11001] getaddrinfo failed)"))
HTTPSConnectionPool(host='t.me', port=443): Max retries exceeded with url: /amtmedyaduyuru/2?embed=1&mode=tme (Caused by NameResolutionError("<urllib3.connection.HTTPSConnection object at 0x000002633C403D10>: Failed to resolve 't.me' ([Errno 11001] getaddrinfo failed)"))
HTTPSConnectionPool(host='t.me', port=443): Max retries exceeded with url: /amtmedyaduyuru/2?embed=1&mode=tme (Caused by NameResolutionError("<urllib3.connection.HTTPSConnection object at 0x0000026340AD4E10>: Failed to resolve 't.me' ([Errno 11001] getaddrinfo failed)"))
HTTPSConnectionPool(host='t.me', port=443): Max retries exceeded with url: /amtmedyaduyuru/2?embed=1&mode=tme (Caused by NameResolutionError("<urllib3.connection.HTTPSConnection object at 0x00000263405FF910>: Failed to resolve 't.me' ([Errno 11001] getaddrinfo failed)"))
HTTPSConnectionPool(host='t.me', port=443): Max retries exceeded with url: /amtmedyaduyuru/2?embed=1&mode=tme (Caused by NameResolutionError("<urllib3.connection.HTTPSConnection object at 0x0000026340713710>: Failed to resolve 't.me' ([Errno 11001] getaddrinfo failed)"))
HTTPSConnectionPool(host='t.me', port=443): Max retries exceeded with url: /amtmedyaduyuru/2?embed=1&mode=tme (Caused by NameResolutionError("<urllib3.connection.HTTPSConnection object at 0x00000263408A1E90>: Failed to resolve 't.me' ([Errno 11001] getaddrinfo failed)"))
HTTPSConnectionPool(host='t.me', port=443): Max retries exceeded with url: /amtmedyaduyuru/2?embed=1&mode=tme (Caused by NameResolutionError("<urllib3.connection.HTTPSConnection object at 0x00000263405FE590>: Failed to resolve 't.me' ([Errno 11001] getaddrinfo failed)"))
HTTPSConnectionPool(host='t.me', port=443): Max retries exceeded with url: /amtmedyaduyuru/2?embed=1&mode=tme (Caused by NameResolutionError("<urllib3.connection.HTTPSConnection object at 0x000002633E376890>: Failed to resolve 't.me' ([Errno 11001] getaddrinfo failed)"))
HTTPSConnectionPool(host='t.me', port=443): Max retries exceeded with url: /amtmedyaduyuru/2?embed=1&mode=tme (Caused by NameResolutionError("<urllib3.connection.HTTPSConnection object at 0x000002634085E710>: Failed to resolve 't.me' ([Errno 11001] getaddrinfo failed)"))
HTTPSConnectionPool(host='t.me', port=443): Max retries exceeded with url: /amtmedyaduyuru/2?embed=1&mode=tme (Caused by NameResolutionError("<urllib3.connection.HTTPSConnection object at 0x00000263405E5ED0>: Failed to resolve 't.me' ([Errno 11001] getaddrinfo failed)"))
HTTPSConnectionPool(host='t.me', port=443): Max retries exceeded with url: /amtmedyaduyuru/2?embed=1&mode=tme (Caused by NameResolutionError("<urllib3.connection.HTTPSConnection object at 0x00000263409C2050>: Failed to resolve 't.me' ([Errno 11001] getaddrinfo failed)"))
HTTPSConnectionPool(host='t.me', port=443): Max retries exceeded with url: /amtmedyaduyuru/2?embed=1&mode=tme (Caused by NameResolutionError("<urllib3.connection.HTTPSConnection object at 0x00000263402F04D0>: Failed to resolve 't.me' ([Errno 11001] getaddrinfo failed)"))
HTTPSConnectionPool(host='t.me', port=443): Max retries exceeded with url: /amtmedyaduyuru/2?embed=1&mode=tme (Caused by NameResolutionError("<urllib3.connection.HTTPSConnection object at 0x000002633B887A50>: Failed to resolve 't.me' ([Errno 11001] getaddrinfo failed)"))
HTTPSConnectionPool(host='t.me', port=443): Max retries exceeded with url: /amtmedyaduyuru/2?embed=1&mode=tme (Caused by NameResolutionError("<urllib3.connection.HTTPSConnection object at 0x000002633F790A10>: Failed to resolve 't.me' ([Errno 11001] getaddrinfo failed)"))
HTTPSConnectionPool(host='t.me', port=443): Max retries exceeded with url: /amtmedyaduyuru/2?embed=1&mode=tme (Caused by NameResolutionError("<urllib3.connection.HTTPSConnection object at 0x0000026340EBF7D0>: Failed to resolve 't.me' ([Errno 11001] getaddrinfo failed)"))
HTTPSConnectionPool(host='t.me', port=443): Max retries exceeded with url: /amtmedyaduyuru/2?embed=1&mode=tme (Caused by NameResolutionError("<urllib3.connection.HTTPSConnection object at 0x0000026340AD6210>: Failed to resolve 't.me' ([Errno 11001] getaddrinfo failed)"))
HTTPSConnectionPool(host='t.me', port=443): Max retries exceeded with url: /amtmedyaduyuru/2?embed=1&mode=tme (Caused by NameResolutionError("<urllib3.connection.HTTPSConnection object at 0x00000263404C8B50>: Failed to resolve 't.me' ([Errno 11001] getaddrinfo failed)"))
HTTPSConnectionPool(host='t.me', port=443): Max retries exceeded with url: /amtmedyaduyuru/2?embed=1&mode=tme (Caused by NameResolutionError("<urllib3.connection.HTTPSConnection object at 0x0000026340276B10>: Failed to resolve 't.me' ([Errno 11001] getaddrinfo failed)"))
HTTPSConnectionPool(host='t.me', port=443): Max retries exceeded with url: /amtmedyaduyuru/2?embed=1&mode=tme (Caused by NameResolutionError("<urllib3.connection.HTTPSConnection object at 0x00000263404CAFD0>: Failed to resolve 't.me' ([Errno 11001] getaddrinfo failed)"))
HTTPSConnectionPool(host='t.me', port=443): Max retries exceeded with url: /amtmedyaduyuru/2?embed=1&mode=tme (Caused by NameResolutionError("<urllib3.connection.HTTPSConnection object at 0x0000026340C71210>: Failed to resolve 't.me' ([Errno 11001] getaddrinfo failed)"))
HTTPSConnectionPool(host='t.me', port=443): Max retries exceeded with url: /amtmedyaduyuru/2?embed=1&mode=tme (Caused by NameResolutionError("<urllib3.connection.HTTPSConnection object at 0x000002633FB83C10>: Failed to resolve 't.me' ([Errno 11001] getaddrinfo failed)"))
HTTPSConnectionPool(host='t.me', port=443): Max retries exceeded with url: /amtmedyaduyuru/2?embed=1&mode=tme (Caused by NameResolutionError("<urllib3.connection.HTTPSConnection object at 0x000002633C44B8D0>: Failed to resolve 't.me' ([Errno 11001] getaddrinfo failed)"))
HTTPSConnectionPool(host='t.me', port=443): Max retries exceeded with url: /amtmedyaduyuru/2?embed=1&mode=tme (Caused by NameResolutionError("<urllib3.connection.HTTPSConnection object at 0x00000263402B74D0>: Failed to resolve 't.me' ([Errno 11001] getaddrinfo failed)"))
HTTPSConnectionPool(host='t.me', port=443): Max retries exceeded with url: /amtmedyaduyuru/2?embed=1&mode=tme (Caused by NameResolutionError("<urllib3.connection.HTTPSConnection object at 0x000002633FC96450>: Failed to resolve 't.me' ([Errno 11001] getaddrinfo failed)"))
HTTPSConnectionPool(host='t.me', port=443): Max retries exceeded with url: /amtmedyaduyuru/2?embed=1&mode=tme (Caused by NameResolutionError("<urllib3.connection.HTTPSConnection object at 0x0000026340659A50>: Failed to resolve 't.me' ([Errno 11001] getaddrinfo failed)"))
HTTPSConnectionPool(host='t.me', port=443): Max retries exceeded with url: /amtmedyaduyuru/2?embed=1&mode=tme (Caused by NameResolutionError("<urllib3.connection.HTTPSConnection object at 0x0000026340AB0250>: Failed to resolve 't.me' ([Errno 11001] getaddrinfo failed)"))
HTTPSConnectionPool(host='t.me', port=443): Max retries exceeded with url: /amtmedyaduyuru/2?embed=1&mode=tme (Caused by NameResolutionError("<urllib3.connection.HTTPSConnection object at 0x0000026341058850>: Failed to resolve 't.me' ([Errno 11001] getaddrinfo failed)"))
HTTPSConnectionPool(host='t.me', port=443): Max retries exceeded with url: /amtmedyaduyuru/2?embed=1&mode=tme (Caused by NameResolutionError("<urllib3.connection.HTTPSConnection object at 0x0000026340C69350>: Failed to resolve 't.me' ([Errno 11001] getaddrinfo failed)"))
HTTPSConnectionPool(host='t.me', port=443): Max retries exceeded with url: /amtmedyaduyuru/2?embed=1&mode=tme (Caused by NameResolutionError("<urllib3.connection.HTTPSConnection object at 0x00000263408169D0>: Failed to resolve 't.me' ([Errno 11001] getaddrinfo failed)"))
HTTPSConnectionPool(host='t.me', port=443): Max retries exceeded with url: /amtmedyaduyuru/2?embed=1&mode=tme (Caused by NameResolutionError("<urllib3.connection.HTTPSConnection object at 0x00000263409C0510>: Failed to resolve 't.me' ([Errno 11001] getaddrinfo failed)"))
HTTPSConnectionPool(host='t.me', port=443): Max retries exceeded with url: /amtmedyaduyuru/2?embed=1&mode=tme (Caused by NameResolutionError("<urllib3.connection.HTTPSConnection object at 0x0000026340C5D810>: Failed to resolve 't.me' ([Errno 11001] getaddrinfo failed)"))
HTTPSConnectionPool(host='t.me', port=443): Max retries exceeded with url: /amtmedyaduyuru/2?embed=1&mode=tme (Caused by NameResolutionError("<urllib3.connection.HTTPSConnection object at 0x0000026340A5B510>: Failed to resolve 't.me' ([Errno 11001] getaddrinfo failed)"))
HTTPSConnectionPool(host='t.me', port=443): Max retries exceeded with url: /amtmedyaduyuru/2?embed=1&mode=tme (Caused by NameResolutionError("<urllib3.connection.HTTPSConnection object at 0x00000263401D3A10>: Failed to resolve 't.me' ([Errno 11001] getaddrinfo failed)"))
HTTPSConnectionPool(host='t.me', port=443): Max retries exceeded with url: /amtmedyaduyuru/2?embed=1&mode=tme (Caused by NameResolutionError("<urllib3.connection.HTTPSConnection object at 0x0000026340493B50>: Failed to resolve 't.me' ([Errno 11001] getaddrinfo failed)"))
HTTPSConnectionPool(host='t.me', port=443): Max retries exceeded with url: /amtmedyaduyuru/2?embed=1&mode=tme (Caused by NameResolutionError("<urllib3.connection.HTTPSConnection object at 0x000002633FC96450>: Failed to resolve 't.me' ([Errno 11001] getaddrinfo failed)"))
HTTPSConnectionPool(host='t.me', port=443): Max retries exceeded with url: /amtmedyaduyuru/2?embed=1&mode=tme (Caused by NameResolutionError("<urllib3.connection.HTTPSConnection object at 0x00000263402B5550>: Failed to resolve 't.me' ([Errno 11001] getaddrinfo failed)"))
HTTPSConnectionPool(host='t.me', port=443): Max retries exceeded with url: /amtmedyaduyuru/2?embed=1&mode=tme (Caused by NameResolutionError("<urllib3.connection.HTTPSConnection object at 0x0000026340E8AA10>: Failed to resolve 't.me' ([Errno 11001] getaddrinfo failed)"))
HTTPSConnectionPool(host='t.me', port=443): Max retries exceeded with url: /amtmedyaduyuru/2?embed=1&mode=tme (Caused by NameResolutionError("<urllib3.connection.HTTPSConnection object at 0x00000263406A5950>: Failed to resolve 't.me' ([Errno 11001] getaddrinfo failed)"))
HTTPSConnectionPool(host='t.me', port=443): Max retries exceeded with url: /amtmedyaduyuru/2?embed=1&mode=tme (Caused by NameResolutionError("<urllib3.connection.HTTPSConnection object at 0x00000263402F05D0>: Failed to resolve 't.me' ([Errno 11001] getaddrinfo failed)"))
HTTPSConnectionPool(host='t.me', port=443): Max retries exceeded with url: /amtmedyaduyuru/2?embed=1&mode=tme (Caused by NameResolutionError("<urllib3.connection.HTTPSConnection object at 0x000002633FE07910>: Failed to resolve 't.me' ([Errno 11001] getaddrinfo failed)"))
HTTPSConnectionPool(host='t.me', port=443): Max retries exceeded with url: /amtmedyaduyuru/2?embed=1&mode=tme (Caused by NameResolutionError("<urllib3.connection.HTTPSConnection object at 0x00000263405B0B50>: Failed to resolve 't.me' ([Errno 11001] getaddrinfo failed)"))
HTTPSConnectionPool(host='t.me', port=443): Max retries exceeded with url: /amtmedyaduyuru/2?embed=1&mode=tme (Caused by NameResolutionError("<urllib3.connection.HTTPSConnection object at 0x000002633FC2B7D0>: Failed to resolve 't.me' ([Errno 11001] getaddrinfo failed)"))
HTTPSConnectionPool(host='t.me', port=443): Max retries exceeded with url: /amtmedyaduyuru/2?embed=1&mode=tme (Caused by NameResolutionError("<urllib3.connection.HTTPSConnection object at 0x0000026340D7A890>: Failed to resolve 't.me' ([Errno 11001] getaddrinfo failed)"))
HTTPSConnectionPool(host='t.me', port=443): Max retries exceeded with url: /amtmedyaduyuru/2?embed=1&mode=tme (Caused by NameResolutionError("<urllib3.connection.HTTPSConnection object at 0x00000263404C8750>: Failed to resolve 't.me' ([Errno 11001] getaddrinfo failed)"))
HTTPSConnectionPool(host='t.me', port=443): Max retries exceeded with url: /amtmedyaduyuru/2?embed=1&mode=tme (Caused by NameResolutionError("<urllib3.connection.HTTPSConnection object at 0x00000263408A0250>: Failed to resolve 't.me' ([Errno 11001] getaddrinfo failed)"))
HTTPSConnectionPool(host='t.me', port=443): Max retries exceeded with url: /amtmedyaduyuru/2?embed=1&mode=tme (Caused by NameResolutionError("<urllib3.connection.HTTPSConnection object at 0x000002634099AF50>: Failed to resolve 't.me' ([Errno 11001] getaddrinfo failed)"))
HTTPSConnectionPool(host='t.me', port=443): Max retries exceeded with url: /amtmedyaduyuru/2?embed=1&mode=tme (Caused by NameResolutionError("<urllib3.connection.HTTPSConnection object at 0x0000026340AD61D0>: Failed to resolve 't.me' ([Errno 11001] getaddrinfo failed)"))
HTTPSConnectionPool(host='t.me', port=443): Max retries exceeded with url: /amtmedyaduyuru/2?embed=1&mode=tme (Caused by NameResolutionError("<urllib3.connection.HTTPSConnection object at 0x0000026340D7AAD0>: Failed to resolve 't.me' ([Errno 11001] getaddrinfo failed)"))
HTTPSConnectionPool(host='t.me', port=443): Max retries exceeded with url: /amtmedyaduyuru/2?embed=1&mode=tme (Caused by NameResolutionError("<urllib3.connection.HTTPSConnection object at 0x0000026340AB2510>: Failed to resolve 't.me' ([Errno 11001] getaddrinfo failed)"))
HTTPSConnectionPool(host='t.me', port=443): Max retries exceeded with url: /amtmedyaduyuru/2?embed=1&mode=tme (Caused by NameResolutionError("<urllib3.connection.HTTPSConnection object at 0x00000263402A5BD0>: Failed to resolve 't.me' ([Errno 11001] getaddrinfo failed)"))
HTTPSConnectionPool(host='t.me', port=443): Max retries exceeded with url: /amtmedyaduyuru/2?embed=1&mode=tme (Caused by NameResolutionError("<urllib3.connection.HTTPSConnection object at 0x000002634008DF50>: Failed to resolve 't.me' ([Errno 11001] getaddrinfo failed)"))
HTTPSConnectionPool(host='t.me', port=443): Max retries exceeded with url: /amtmedyaduyuru/2?embed=1&mode=tme (Caused by NameResolutionError("<urllib3.connection.HTTPSConnection object at 0x0000026340B69810>: Failed to resolve 't.me' ([Errno 11001] getaddrinfo failed)"))
HTTPSConnectionPool(host='t.me', port=443): Max retries exceeded with url: /amtmedyaduyuru/2?embed=1&mode=tme (Caused by NameResolutionError("<urllib3.connection.HTTPSConnection object at 0x00000263409C2810>: Failed to resolve 't.me' ([Errno 11001] getaddrinfo failed)"))
HTTPSConnectionPool(host='t.me', port=443): Max retries exceeded with url: /amtmedyaduyuru/2?embed=1&mode=tme (Caused by NameResolutionError("<urllib3.connection.HTTPSConnection object at 0x000002633C6CAE90>: Failed to resolve 't.me' ([Errno 11001] getaddrinfo failed)"))
HTTPSConnectionPool(host='t.me', port=443): Max retries exceeded with url: /amtmedyaduyuru/2?embed=1&mode=tme (Caused by NameResolutionError("<urllib3.connection.HTTPSConnection object at 0x0000026340BC6190>: Failed to resolve 't.me' ([Errno 11001] getaddrinfo failed)"))
HTTPSConnectionPool(host='t.me', port=443): Max retries exceeded with url: /amtmedyaduyuru/2?embed=1&mode=tme (Caused by NameResolutionError("<urllib3.connection.HTTPSConnection object at 0x0000026341041450>: Failed to resolve 't.me' ([Errno 11001] getaddrinfo failed)"))
HTTPSConnectionPool(host='t.me', port=443): Max retries exceeded with url: /amtmedyaduyuru/2?embed=1&mode=tme (Caused by NameResolutionError("<urllib3.connection.HTTPSConnection object at 0x0000026340C72D10>: Failed to resolve 't.me' ([Errno 11001] getaddrinfo failed)"))
HTTPSConnectionPool(host='t.me', port=443): Max retries exceeded with url: /amtmedyaduyuru/2?embed=1&mode=tme (Caused by NameResolutionError("<urllib3.connection.HTTPSConnection object at 0x00000263409EA3D0>: Failed to resolve 't.me' ([Errno 11001] getaddrinfo failed)"))
HTTPSConnectionPool(host='t.me', port=443): Max retries exceeded with url: /amtmedyaduyuru/2?embed=1&mode=tme (Caused by NameResolutionError("<urllib3.connection.HTTPSConnection object at 0x0000026340AB0D90>: Failed to resolve 't.me' ([Errno 11001] getaddrinfo failed)"))
HTTPSConnectionPool(host='t.me', port=443): Max retries exceeded with url: /amtmedyaduyuru/2?embed=1&mode=tme (Caused by NameResolutionError("<urllib3.connection.HTTPSConnection object at 0x0000026340587610>: Failed to resolve 't.me' ([Errno 11001] getaddrinfo failed)"))
HTTPSConnectionPool(host='t.me', port=443): Max retries exceeded with url: /amtmedyaduyuru/2?embed=1&mode=tme (Caused by NameResolutionError("<urllib3.connection.HTTPSConnection object at 0x00000263409C0B90>: Failed to resolve 't.me' ([Errno 11001] getaddrinfo failed)"))
HTTPSConnectionPool(host='t.me', port=443): Max retries exceeded with url: /amtmedyaduyuru/2?embed=1&mode=tme (Caused by NameResolutionError("<urllib3.connection.HTTPSConnection object at 0x0000026340DB5410>: Failed to resolve 't.me' ([Errno 11001] getaddrinfo failed)"))
HTTPSConnectionPool(host='t.me', port=443): Max retries exceeded with url: /amtmedyaduyuru/2?embed=1&mode=tme (Caused by NameResolutionError("<urllib3.connection.HTTPSConnection object at 0x00000263402B5550>: Failed to resolve 't.me' ([Errno 11001] getaddrinfo failed)"))
HTTPSConnectionPool(host='t.me', port=443): Max retries exceeded with url: /amtmedyaduyuru/2?embed=1&mode=tme (Caused by NameResolutionError("<urllib3.connection.HTTPSConnection object at 0x0000026340C13550>: Failed to resolve 't.me' ([Errno 11001] getaddrinfo failed)"))
HTTPSConnectionPool(host='t.me', port=443): Max retries exceeded with url: /amtmedyaduyuru/2?embed=1&mode=tme (Caused by NameResolutionError("<urllib3.connection.HTTPSConnection object at 0x000002634099AB90>: Failed to resolve 't.me' ([Errno 11001] getaddrinfo failed)"))
HTTPSConnectionPool(host='t.me', port=443): Max retries exceeded with url: /amtmedyaduyuru/2?embed=1&mode=tme (Caused by NameResolutionError("<urllib3.connection.HTTPSConnection object at 0x000002633CF9E110>: Failed to resolve 't.me' ([Errno 11001] getaddrinfo failed)"))
HTTPSConnectionPool(host='t.me', port=443): Max retries exceeded with url: /amtmedyaduyuru/2?embed=1&mode=tme (Caused by NameResolutionError("<urllib3.connection.HTTPSConnection object at 0x0000026340BC7090>: Failed to resolve 't.me' ([Errno 11001] getaddrinfo failed)"))
HTTPSConnectionPool(host='t.me', port=443): Max retries exceeded with url: /amtmedyaduyuru/2?embed=1&mode=tme (Caused by NameResolutionError("<urllib3.connection.HTTPSConnection object at 0x0000026340DB6990>: Failed to resolve 't.me' ([Errno 11001] getaddrinfo failed)"))
HTTPSConnectionPool(host='t.me', port=443): Max retries exceeded with url: /amtmedyaduyuru/2?embed=1&mode=tme (Caused by NameResolutionError("<urllib3.connection.HTTPSConnection object at 0x0000026340079950>: Failed to resolve 't.me' ([Errno 11001] getaddrinfo failed)"))
HTTPSConnectionPool(host='t.me', port=443): Max retries exceeded with url: /amtmedyaduyuru/2?embed=1&mode=tme (Caused by NameResolutionError("<urllib3.connection.HTTPSConnection object at 0x0000026340587550>: Failed to resolve 't.me' ([Errno 11001] getaddrinfo failed)"))
HTTPSConnectionPool(host='t.me', port=443): Max retries exceeded with url: /amtmedyaduyuru/2?embed=1&mode=tme (Caused by NameResolutionError("<urllib3.connection.HTTPSConnection object at 0x0000026340381F50>: Failed to resolve 't.me' ([Errno 11001] getaddrinfo failed)"))
HTTPSConnectionPool(host='t.me', port=443): Max retries exceeded with url: /amtmedyaduyuru/2?embed=1&mode=tme (Caused by NameResolutionError("<urllib3.connection.HTTPSConnection object at 0x00000263407CBF50>: Failed to resolve 't.me' ([Errno 11001] getaddrinfo failed)"))
HTTPSConnectionPool(host='t.me', port=443): Max retries exceeded with url: /amtmedyaduyuru/2?embed=1&mode=tme (Caused by NameResolutionError("<urllib3.connection.HTTPSConnection object at 0x000002634096AD90>: Failed to resolve 't.me' ([Errno 11001] getaddrinfo failed)"))
HTTPSConnectionPool(host='t.me', port=443): Max retries exceeded with url: /amtmedyaduyuru/2?embed=1&mode=tme (Caused by NameResolutionError("<urllib3.connection.HTTPSConnection object at 0x0000026340189510>: Failed to resolve 't.me' ([Errno 11001] getaddrinfo failed)"))
HTTPSConnectionPool(host='t.me', port=443): Max retries exceeded with url: /amtmedyaduyuru/2?embed=1&mode=tme (Caused by NameResolutionError("<urllib3.connection.HTTPSConnection object at 0x000002634071CD90>: Failed to resolve 't.me' ([Errno 11001] getaddrinfo failed)"))
HTTPSConnectionPool(host='t.me', port=443): Max retries exceeded with url: /amtmedyaduyuru/2?embed=1&mode=tme (Caused by NameResolutionError("<urllib3.connection.HTTPSConnection object at 0x0000026340C6A410>: Failed to resolve 't.me' ([Errno 11001] getaddrinfo failed)"))
HTTPSConnectionPool(host='t.me', port=443): Max retries exceeded with url: /amtmedyaduyuru/2?embed=1&mode=tme (Caused by NameResolutionError("<urllib3.connection.HTTPSConnection object at 0x000002633F92E810>: Failed to resolve 't.me' ([Errno 11001] getaddrinfo failed)"))
HTTPSConnectionPool(host='t.me', port=443): Max retries exceeded with url: /amtmedyaduyuru/2?embed=1&mode=tme (Caused by NameResolutionError("<urllib3.connection.HTTPSConnection object at 0x00000263409C0510>: Failed to resolve 't.me' ([Errno 11001] getaddrinfo failed)"))
HTTPSConnectionPool(host='t.me', port=443): Max retries exceeded with url: /amtmedyaduyuru/2?embed=1&mode=tme (Caused by NameResolutionError("<urllib3.connection.HTTPSConnection object at 0x000002633FE82C90>: Failed to resolve 't.me' ([Errno 11001] getaddrinfo failed)"))
HTTPSConnectionPool(host='t.me', port=443): Max retries exceeded with url: /amtmedyaduyuru/2?embed=1&mode=tme (Caused by NameResolutionError("<urllib3.connection.HTTPSConnection object at 0x000002633FEDD2D0>: Failed to resolve 't.me' ([Errno 11001] getaddrinfo failed)"))
HTTPSConnectionPool(host='t.me', port=443): Max retries exceeded with url: /amtmedyaduyuru/2?embed=1&mode=tme (Caused by NameResolutionError("<urllib3.connection.HTTPSConnection object at 0x000002633FFC5250>: Failed to resolve 't.me' ([Errno 11001] getaddrinfo failed)"))
HTTPSConnectionPool(host='t.me', port=443): Max retries exceeded with url: /amtmedyaduyuru/2?embed=1&mode=tme (Caused by NameResolutionError("<urllib3.connection.HTTPSConnection object at 0x0000026341059A90>: Failed to resolve 't.me' ([Errno 11001] getaddrinfo failed)"))
HTTPSConnectionPool(host='t.me', port=443): Max retries exceeded with url: /amtmedyaduyuru/2?embed=1&mode=tme (Caused by NameResolutionError("<urllib3.connection.HTTPSConnection object at 0x000002633C6D6490>: Failed to resolve 't.me' ([Errno 11001] getaddrinfo failed)"))
HTTPSConnectionPool(host='t.me', port=443): Max retries exceeded with url: /amtmedyaduyuru/2?embed=1&mode=tme (Caused by NameResolutionError("<urllib3.connection.HTTPSConnection object at 0x000002633FBE68D0>: Failed to resolve 't.me' ([Errno 11001] getaddrinfo failed)"))
HTTPSConnectionPool(host='t.me', port=443): Max retries exceeded with url: /amtmedyaduyuru/2?embed=1&mode=tme (Caused by NameResolutionError("<urllib3.connection.HTTPSConnection object at 0x0000026340C13ED0>: Failed to resolve 't.me' ([Errno 11001] getaddrinfo failed)"))
HTTPSConnectionPool(host='t.me', port=443): Max retries exceeded with url: /amtmedyaduyuru/2?embed=1&mode=tme (Caused by NameResolutionError("<urllib3.connection.HTTPSConnection object at 0x000002634022C810>: Failed to resolve 't.me' ([Errno 11001] getaddrinfo failed)"))
HTTPSConnectionPool(host='t.me', port=443): Max retries exceeded with url: /amtmedyaduyuru/2?embed=1&mode=tme (Caused by NameResolutionError("<urllib3.connection.HTTPSConnection object at 0x000002633AC1A510>: Failed to resolve 't.me' ([Errno 11001] getaddrinfo failed)"))
HTTPSConnectionPool(host='t.me', port=443): Max retries exceeded with url: /amtmedyaduyuru/2?embed=1&mode=tme (Caused by NameResolutionError("<urllib3.connection.HTTPSConnection object at 0x000002634099AF50>: Failed to resolve 't.me' ([Errno 11001] getaddrinfo failed)"))
HTTPSConnectionPool(host='t.me', port=443): Max retries exceeded with url: /amtmedyaduyuru/2?embed=1&mode=tme (Caused by NameResolutionError("<urllib3.connection.HTTPSConnection object at 0x000002634105AA10>: Failed to resolve 't.me' ([Errno 11001] getaddrinfo failed)"))
HTTPSConnectionPool(host='t.me', port=443): Max retries exceeded with url: /amtmedyaduyuru/2?embed=1&mode=tme (Caused by NameResolutionError("<urllib3.connection.HTTPSConnection object at 0x0000026341060550>: Failed to resolve 't.me' ([Errno 11001] getaddrinfo failed)"))
HTTPSConnectionPool(host='t.me', port=443): Max retries exceeded with url: /amtmedyaduyuru/2?embed=1&mode=tme (Caused by NameResolutionError("<urllib3.connection.HTTPSConnection object at 0x000002633C4A74D0>: Failed to resolve 't.me' ([Errno 11001] getaddrinfo failed)"))
HTTPSConnectionPool(host='t.me', port=443): Max retries exceeded with url: /amtmedyaduyuru/2?embed=1&mode=tme (Caused by NameResolutionError("<urllib3.connection.HTTPSConnection object at 0x0000026340DC0650>: Failed to resolve 't.me' ([Errno 11001] getaddrinfo failed)"))
HTTPSConnectionPool(host='t.me', port=443): Max retries exceeded with url: /amtmedyaduyuru/2?embed=1&mode=tme (Caused by NameResolutionError("<urllib3.connection.HTTPSConnection object at 0x000002633CF9FA50>: Failed to resolve 't.me' ([Errno 11001] getaddrinfo failed)"))
HTTPSConnectionPool(host='t.me', port=443): Max retries exceeded with url: /amtmedyaduyuru/2?embed=1&mode=tme (Caused by NameResolutionError("<urllib3.connection.HTTPSConnection object at 0x0000026341059D90>: Failed to resolve 't.me' ([Errno 11001] getaddrinfo failed)"))
HTTPSConnectionPool(host='t.me', port=443): Max retries exceeded with url: /amtmedyaduyuru/2?embed=1&mode=tme (Caused by NameResolutionError("<urllib3.connection.HTTPSConnection object at 0x00000263410621D0>: Failed to resolve 't.me' ([Errno 11001] getaddrinfo failed)"))
HTTPSConnectionPool(host='t.me', port=443): Max retries exceeded with url: /amtmedyaduyuru/2?embed=1&mode=tme (Caused by NameResolutionError("<urllib3.connection.HTTPSConnection object at 0x0000026341063BD0>: Failed to resolve 't.me' ([Errno 11001] getaddrinfo failed)"))
HTTPSConnectionPool(host='t.me', port=443): Max retries exceeded with url: /amtmedyaduyuru/2?embed=1&mode=tme (Caused by NameResolutionError("<urllib3.connection.HTTPSConnection object at 0x000002633F791F50>: Failed to resolve 't.me' ([Errno 11001] getaddrinfo failed)"))
HTTPSConnectionPool(host='t.me', port=443): Max retries exceeded with url: /amtmedyaduyuru/2?embed=1&mode=tme (Caused by NameResolutionError("<urllib3.connection.HTTPSConnection object at 0x0000026340635E10>: Failed to resolve 't.me' ([Errno 11001] getaddrinfo failed)"))
HTTPSConnectionPool(host='t.me', port=443): Max retries exceeded with url: /amtmedyaduyuru/2?embed=1&mode=tme (Caused by NameResolutionError("<urllib3.connection.HTTPSConnection object at 0x0000026341062710>: Failed to resolve 't.me' ([Errno 11001] getaddrinfo failed)"))
HTTPSConnectionPool(host='t.me', port=443): Max retries exceeded with url: /amtmedyaduyuru/2?embed=1&mode=tme (Caused by NameResolutionError("<urllib3.connection.HTTPSConnection object at 0x0000026341061190>: Failed to resolve 't.me' ([Errno 11001] getaddrinfo failed)"))
HTTPSConnectionPool(host='t.me', port=443): Max retries exceeded with url: /amtmedyaduyuru/2?embed=1&mode=tme (Caused by NameResolutionError("<urllib3.connection.HTTPSConnection object at 0x00000263410590D0>: Failed to resolve 't.me' ([Errno 11001] getaddrinfo failed)"))
HTTPSConnectionPool(host='t.me', port=443): Max retries exceeded with url: /amtmedyaduyuru/2?embed=1&mode=tme (Caused by NameResolutionError("<urllib3.connection.HTTPSConnection object at 0x00000263365ABB10>: Failed to resolve 't.me' ([Errno 11001] getaddrinfo failed)"))
HTTPSConnectionPool(host='t.me', port=443): Max retries exceeded with url: /amtmedyaduyuru/2?embed=1&mode=tme (Caused by NameResolutionError("<urllib3.connection.HTTPSConnection object at 0x000002633FA73D10>: Failed to resolve 't.me' ([Errno 11001] getaddrinfo failed)"))
HTTPSConnectionPool(host='t.me', port=443): Max retries exceeded with url: /amtmedyaduyuru/2?embed=1&mode=tme (Caused by NameResolutionError("<urllib3.connection.HTTPSConnection object at 0x000002633F852F10>: Failed to resolve 't.me' ([Errno 11001] getaddrinfo failed)"))
HTTPSConnectionPool(host='t.me', port=443): Max retries exceeded with url: /amtmedyaduyuru/2?embed=1&mode=tme (Caused by NameResolutionError("<urllib3.connection.HTTPSConnection object at 0x0000026341062890>: Failed to resolve 't.me' ([Errno 11001] getaddrinfo failed)"))
HTTPSConnectionPool(host='t.me', port=443): Max retries exceeded with url: /amtmedyaduyuru/2?embed=1&mode=tme (Caused by NameResolutionError("<urllib3.connection.HTTPSConnection object at 0x0000026341062850>: Failed to resolve 't.me' ([Errno 11001] getaddrinfo failed)"))
HTTPSConnectionPool(host='t.me', port=443): Max retries exceeded with url: /amtmedyaduyuru/2?embed=1&mode=tme (Caused by NameResolutionError("<urllib3.connection.HTTPSConnection object at 0x000002633B982190>: Failed to resolve 't.me' ([Errno 11001] getaddrinfo failed)"))
HTTPSConnectionPool(host='t.me', port=443): Max retries exceeded with url: /amtmedyaduyuru/2?embed=1&mode=tme (Caused by NameResolutionError("<urllib3.connection.HTTPSConnection object at 0x000002634105BE10>: Failed to resolve 't.me' ([Errno 11001] getaddrinfo failed)"))
HTTPSConnectionPool(host='t.me', port=443): Max retries exceeded with url: /amtmedyaduyuru/2?embed=1&mode=tme (Caused by NameResolutionError("<urllib3.connection.HTTPSConnection object at 0x0000026340814990>: Failed to resolve 't.me' ([Errno 11001] getaddrinfo failed)"))
HTTPSConnectionPool(host='t.me', port=443): Max retries exceeded with url: /amtmedyaduyuru/2?embed=1&mode=tme (Caused by NameResolutionError("<urllib3.connection.HTTPSConnection object at 0x000002633F851C90>: Failed to resolve 't.me' ([Errno 11001] getaddrinfo failed)"))
HTTPSConnectionPool(host='t.me', port=443): Max retries exceeded with url: /amtmedyaduyuru/2?embed=1&mode=tme (Caused by NameResolutionError("<urllib3.connection.HTTPSConnection object at 0x0000026341063850>: Failed to resolve 't.me' ([Errno 11001] getaddrinfo failed)"))
HTTPSConnectionPool(host='t.me', port=443): Max retries exceeded with url: /amtmedyaduyuru/2?embed=1&mode=tme (Caused by NameResolutionError("<urllib3.connection.HTTPSConnection object at 0x0000026340DC0590>: Failed to resolve 't.me' ([Errno 11001] getaddrinfo failed)"))
HTTPSConnectionPool(host='t.me', port=443): Max retries exceeded with url: /amtmedyaduyuru/2?embed=1&mode=tme (Caused by NameResolutionError("<urllib3.connection.HTTPSConnection object at 0x000002634105B8D0>: Failed to resolve 't.me' ([Errno 11001] getaddrinfo failed)"))
HTTPSConnectionPool(host='t.me', port=443): Max retries exceeded with url: /amtmedyaduyuru/2?embed=1&mode=tme (Caused by NameResolutionError("<urllib3.connection.HTTPSConnection object at 0x0000026340C69ED0>: Failed to resolve 't.me' ([Errno 11001] getaddrinfo failed)"))
HTTPSConnectionPool(host='t.me', port=443): Max retries exceeded with url: /amtmedyaduyuru/2?embed=1&mode=tme (Caused by NameResolutionError("<urllib3.connection.HTTPSConnection object at 0x00000263403CBC50>: Failed to resolve 't.me' ([Errno 11001] getaddrinfo failed)"))
HTTPSConnectionPool(host='t.me', port=443): Max retries exceeded with url: /amtmedyaduyuru/2?embed=1&mode=tme (Caused by NameResolutionError("<urllib3.connection.HTTPSConnection object at 0x0000026340C6A490>: Failed to resolve 't.me' ([Errno 11001] getaddrinfo failed)"))
HTTPSConnectionPool(host='t.me', port=443): Max retries exceeded with url: /amtmedyaduyuru/2?embed=1&mode=tme (Caused by NameResolutionError("<urllib3.connection.HTTPSConnection object at 0x0000026340C95950>: Failed to resolve 't.me' ([Errno 11001] getaddrinfo failed)"))
HTTPSConnectionPool(host='t.me', port=443): Max retries exceeded with url: /amtmedyaduyuru/2?embed=1&mode=tme (Caused by NameResolutionError("<urllib3.connection.HTTPSConnection object at 0x0000026341058390>: Failed to resolve 't.me' ([Errno 11001] getaddrinfo failed)"))
HTTPSConnectionPool(host='t.me', port=443): Max retries exceeded with url: /amtmedyaduyuru/2?embed=1&mode=tme (Caused by NameResolutionError("<urllib3.connection.HTTPSConnection object at 0x0000026340C11010>: Failed to resolve 't.me' ([Errno 11001] getaddrinfo failed)"))
HTTPSConnectionPool(host='t.me', port=443): Max retries exceeded with url: /amtmedyaduyuru/2?embed=1&mode=tme (Caused by NameResolutionError("<urllib3.connection.HTTPSConnection object at 0x000002633FCBE4D0>: Failed to resolve 't.me' ([Errno 11001] getaddrinfo failed)"))
HTTPSConnectionPool(host='t.me', port=443): Max retries exceeded with url: /amtmedyaduyuru/2?embed=1&mode=tme (Caused by NameResolutionError("<urllib3.connection.HTTPSConnection object at 0x000002633C747ED0>: Failed to resolve 't.me' ([Errno 11001] getaddrinfo failed)"))
HTTPSConnectionPool(host='t.me', port=443): Max retries exceeded with url: /amtmedyaduyuru/2?embed=1&mode=tme (Caused by NameResolutionError("<urllib3.connection.HTTPSConnection object at 0x000002633B7A0310>: Failed to resolve 't.me' ([Errno 11001] getaddrinfo failed)"))
HTTPSConnectionPool(host='t.me', port=443): Max retries exceeded with url: /amtmedyaduyuru/2?embed=1&mode=tme (Caused by NameResolutionError("<urllib3.connection.HTTPSConnection object at 0x0000026340C12990>: Failed to resolve 't.me' ([Errno 11001] getaddrinfo failed)"))
HTTPSConnectionPool(host='t.me', port=443): Max retries exceeded with url: /amtmedyaduyuru/2?embed=1&mode=tme (Caused by NameResolutionError("<urllib3.connection.HTTPSConnection object at 0x0000026340AA9D90>: Failed to resolve 't.me' ([Errno 11001] getaddrinfo failed)"))
HTTPSConnectionPool(host='t.me', port=443): Max retries exceeded with url: /amtmedyaduyuru/2?embed=1&mode=tme (Caused by NameResolutionError("<urllib3.connection.HTTPSConnection object at 0x0000026340C97F90>: Failed to resolve 't.me' ([Errno 11001] getaddrinfo failed)"))
HTTPSConnectionPool(host='t.me', port=443): Max retries exceeded with url: /amtmedyaduyuru/2?embed=1&mode=tme (Caused by NameResolutionError("<urllib3.connection.HTTPSConnection object at 0x0000026340746410>: Failed to resolve 't.me' ([Errno 11001] getaddrinfo failed)"))
HTTPSConnectionPool(host='t.me', port=443): Max retries exceeded with url: /amtmedyaduyuru/2?embed=1&mode=tme (Caused by NameResolutionError("<urllib3.connection.HTTPSConnection object at 0x00000263400BC210>: Failed to resolve 't.me' ([Errno 11001] getaddrinfo failed)"))
HTTPSConnectionPool(host='t.me', port=443): Max retries exceeded with url: /amtmedyaduyuru/2?embed=1&mode=tme (Caused by NameResolutionError("<urllib3.connection.HTTPSConnection object at 0x000002634082C1D0>: Failed to resolve 't.me' ([Errno 11001] getaddrinfo failed)"))
HTTPSConnectionPool(host='t.me', port=443): Max retries exceeded with url: /amtmedyaduyuru/2?embed=1&mode=tme (Caused by NameResolutionError("<urllib3.connection.HTTPSConnection object at 0x000002634082D0D0>: Failed to resolve 't.me' ([Errno 11001] getaddrinfo failed)"))
HTTPSConnectionPool(host='t.me', port=443): Max retries exceeded with url: /amtmedyaduyuru/2?embed=1&mode=tme (Caused by NameResolutionError("<urllib3.connection.HTTPSConnection object at 0x00000263400BF750>: Failed to resolve 't.me' ([Errno 11001] getaddrinfo failed)"))
HTTPSConnectionPool(host='t.me', port=443): Max retries exceeded with url: /amtmedyaduyuru/2?embed=1&mode=tme (Caused by NameResolutionError("<urllib3.connection.HTTPSConnection object at 0x00000263404F6650>: Failed to resolve 't.me' ([Errno 11001] getaddrinfo failed)"))
HTTPSConnectionPool(host='t.me', port=443): Max retries exceeded with url: /amtmedyaduyuru/2?embed=1&mode=tme (Caused by NameResolutionError("<urllib3.connection.HTTPSConnection object at 0x0000026340584310>: Failed to resolve 't.me' ([Errno 11001] getaddrinfo failed)"))
HTTPSConnectionPool(host='t.me', port=443): Max retries exceeded with url: /amtmedyaduyuru/2?embed=1&mode=tme (Caused by NameResolutionError("<urllib3.connection.HTTPSConnection object at 0x0000026340B17A50>: Failed to resolve 't.me' ([Errno 11001] getaddrinfo failed)"))
HTTPSConnectionPool(host='t.me', port=443): Max retries exceeded with url: /amtmedyaduyuru/2?embed=1&mode=tme (Caused by NameResolutionError("<urllib3.connection.HTTPSConnection object at 0x0000026340C72990>: Failed to resolve 't.me' ([Errno 11001] getaddrinfo failed)"))
HTTPSConnectionPool(host='t.me', port=443): Max retries exceeded with url: /amtmedyaduyuru/2?embed=1&mode=tme (Caused by NameResolutionError("<urllib3.connection.HTTPSConnection object at 0x000002633FCD3590>: Failed to resolve 't.me' ([Errno 11001] getaddrinfo failed)"))
HTTPSConnectionPool(host='t.me', port=443): Max retries exceeded with url: /amtmedyaduyuru/2?embed=1&mode=tme (Caused by NameResolutionError("<urllib3.connection.HTTPSConnection object at 0x00000263405FDD10>: Failed to resolve 't.me' ([Errno 11001] getaddrinfo failed)"))
HTTPSConnectionPool(host='t.me', port=443): Max retries exceeded with url: /amtmedyaduyuru/2?embed=1&mode=tme (Caused by NameResolutionError("<urllib3.connection.HTTPSConnection object at 0x000002634071CA50>: Failed to resolve 't.me' ([Errno 11001] getaddrinfo failed)"))
HTTPSConnectionPool(host='t.me', port=443): Max retries exceeded with url: /amtmedyaduyuru/2?embed=1&mode=tme (Caused by NameResolutionError("<urllib3.connection.HTTPSConnection object at 0x0000026340D89690>: Failed to resolve 't.me' ([Errno 11001] getaddrinfo failed)"))
HTTPSConnectionPool(host='t.me', port=443): Max retries exceeded with url: /amtmedyaduyuru/2?embed=1&mode=tme (Caused by NameResolutionError("<urllib3.connection.HTTPSConnection object at 0x000002634085FF90>: Failed to resolve 't.me' ([Errno 11001] getaddrinfo failed)"))
HTTPSConnectionPool(host='t.me', port=443): Max retries exceeded with url: /amtmedyaduyuru/2?embed=1&mode=tme (Caused by NameResolutionError("<urllib3.connection.HTTPSConnection object at 0x0000026341060D90>: Failed to resolve 't.me' ([Errno 11001] getaddrinfo failed)"))
HTTPSConnectionPool(host='t.me', port=443): Max retries exceeded with url: /amtmedyaduyuru/2?embed=1&mode=tme (Caused by NameResolutionError("<urllib3.connection.HTTPSConnection object at 0x000002634071C850>: Failed to resolve 't.me' ([Errno 11001] getaddrinfo failed)"))
HTTPSConnectionPool(host='t.me', port=443): Max retries exceeded with url: /amtmedyaduyuru/2?embed=1&mode=tme (Caused by NameResolutionError("<urllib3.connection.HTTPSConnection object at 0x000002634050ED50>: Failed to resolve 't.me' ([Errno 11001] getaddrinfo failed)"))
HTTPSConnectionPool(host='t.me', port=443): Max retries exceeded with url: /amtmedyaduyuru/2?embed=1&mode=tme (Caused by NameResolutionError("<urllib3.connection.HTTPSConnection object at 0x0000026340539E90>: Failed to resolve 't.me' ([Errno 11001] getaddrinfo failed)"))
HTTPSConnectionPool(host='t.me', port=443): Max retries exceeded with url: /amtmedyaduyuru/2?embed=1&mode=tme (Caused by NameResolutionError("<urllib3.connection.HTTPSConnection object at 0x0000026340BDA4D0>: Failed to resolve 't.me' ([Errno 11001] getaddrinfo failed)"))
HTTPSConnectionPool(host='t.me', port=443): Max retries exceeded with url: /amtmedyaduyuru/2?embed=1&mode=tme (Caused by NameResolutionError("<urllib3.connection.HTTPSConnection object at 0x0000026340C68C90>: Failed to resolve 't.me' ([Errno 11001] getaddrinfo failed)"))
HTTPSConnectionPool(host='t.me', port=443): Max retries exceeded with url: /amtmedyaduyuru/2?embed=1&mode=tme (Caused by NameResolutionError("<urllib3.connection.HTTPSConnection object at 0x00000263405FF910>: Failed to resolve 't.me' ([Errno 11001] getaddrinfo failed)"))
HTTPSConnectionPool(host='t.me', port=443): Max retries exceeded with url: /amtmedyaduyuru/2?embed=1&mode=tme (Caused by NameResolutionError("<urllib3.connection.HTTPSConnection object at 0x0000026340EE1850>: Failed to resolve 't.me' ([Errno 11001] getaddrinfo failed)"))
HTTPSConnectionPool(host='t.me', port=443): Max retries exceeded with url: /amtmedyaduyuru/2?embed=1&mode=tme (Caused by NameResolutionError("<urllib3.connection.HTTPSConnection object at 0x00000263409C19D0>: Failed to resolve 't.me' ([Errno 11001] getaddrinfo failed)"))
HTTPSConnectionPool(host='t.me', port=443): Max retries exceeded with url: /amtmedyaduyuru/2?embed=1&mode=tme (Caused by NameResolutionError("<urllib3.connection.HTTPSConnection object at 0x00000263410590D0>: Failed to resolve 't.me' ([Errno 11001] getaddrinfo failed)"))
HTTPSConnectionPool(host='t.me', port=443): Max retries exceeded with url: /amtmedyaduyuru/2?embed=1&mode=tme (Caused by NameResolutionError("<urllib3.connection.HTTPSConnection object at 0x000002634079A710>: Failed to resolve 't.me' ([Errno 11001] getaddrinfo failed)"))
HTTPSConnectionPool(host='t.me', port=443): Max retries exceeded with url: /amtmedyaduyuru/2?embed=1&mode=tme (Caused by NameResolutionError("<urllib3.connection.HTTPSConnection object at 0x00000263410637D0>: Failed to resolve 't.me' ([Errno 11001] getaddrinfo failed)"))
HTTPSConnectionPool(host='t.me', port=443): Max retries exceeded with url: /amtmedyaduyuru/2?embed=1&mode=tme (Caused by NameResolutionError("<urllib3.connection.HTTPSConnection object at 0x0000026340AB2BD0>: Failed to resolve 't.me' ([Errno 11001] getaddrinfo failed)"))
HTTPSConnectionPool(host='t.me', port=443): Max retries exceeded with url: /amtmedyaduyuru/2?embed=1&mode=tme (Caused by NameResolutionError("<urllib3.connection.HTTPSConnection object at 0x0000026336510D10>: Failed to resolve 't.me' ([Errno 11001] getaddrinfo failed)"))
HTTPSConnectionPool(host='t.me', port=443): Max retries exceeded with url: /amtmedyaduyuru/2?embed=1&mode=tme (Caused by NameResolutionError("<urllib3.connection.HTTPSConnection object at 0x0000026340178690>: Failed to resolve 't.me' ([Errno 11001] getaddrinfo failed)"))
HTTPSConnectionPool(host='t.me', port=443): Max retries exceeded with url: /amtmedyaduyuru/2?embed=1&mode=tme (Caused by NameResolutionError("<urllib3.connection.HTTPSConnection object at 0x0000026341061290>: Failed to resolve 't.me' ([Errno 11001] getaddrinfo failed)"))
HTTPSConnectionPool(host='t.me', port=443): Max retries exceeded with url: /amtmedyaduyuru/2?embed=1&mode=tme (Caused by NameResolutionError("<urllib3.connection.HTTPSConnection object at 0x0000026340E8ABD0>: Failed to resolve 't.me' ([Errno 11001] getaddrinfo failed)"))
HTTPSConnectionPool(host='t.me', port=443): Max retries exceeded with url: /amtmedyaduyuru/2?embed=1&mode=tme (Caused by NameResolutionError("<urllib3.connection.HTTPSConnection object at 0x000002633FDD7FD0>: Failed to resolve 't.me' ([Errno 11001] getaddrinfo failed)"))
HTTPSConnectionPool(host='t.me', port=443): Max retries exceeded with url: /amtmedyaduyuru/2?embed=1&mode=tme (Caused by NameResolutionError("<urllib3.connection.HTTPSConnection object at 0x000002633C3EB890>: Failed to resolve 't.me' ([Errno 11001] getaddrinfo failed)"))
HTTPSConnectionPool(host='t.me', port=443): Max retries exceeded with url: /amtmedyaduyuru/2?embed=1&mode=tme (Caused by NameResolutionError("<urllib3.connection.HTTPSConnection object at 0x0000026340B063D0>: Failed to resolve 't.me' ([Errno 11001] getaddrinfo failed)"))
HTTPSConnectionPool(host='t.me', port=443): Max retries exceeded with url: /amtmedyaduyuru/2?embed=1&mode=tme (Caused by NameResolutionError("<urllib3.connection.HTTPSConnection object at 0x000002633FEFA810>: Failed to resolve 't.me' ([Errno 11001] getaddrinfo failed)"))
HTTPSConnectionPool(host='t.me', port=443): Max retries exceeded with url: /amtmedyaduyuru/2?embed=1&mode=tme (Caused by NameResolutionError("<urllib3.connection.HTTPSConnection object at 0x0000026340C10CD0>: Failed to resolve 't.me' ([Errno 11001] getaddrinfo failed)"))
HTTPSConnectionPool(host='t.me', port=443): Max retries exceeded with url: /amtmedyaduyuru/2?embed=1&mode=tme (Caused by NameResolutionError("<urllib3.connection.HTTPSConnection object at 0x0000026340286890>: Failed to resolve 't.me' ([Errno 11001] getaddrinfo failed)"))
HTTPSConnectionPool(host='t.me', port=443): Max retries exceeded with url: /amtmedyaduyuru/2?embed=1&mode=tme (Caused by NameResolutionError("<urllib3.connection.HTTPSConnection object at 0x000002634096B710>: Failed to resolve 't.me' ([Errno 11001] getaddrinfo failed)"))
HTTPSConnectionPool(host='t.me', port=443): Max retries exceeded with url: /amtmedyaduyuru/2?embed=1&mode=tme (Caused by NameResolutionError("<urllib3.connection.HTTPSConnection object at 0x0000026340DC02D0>: Failed to resolve 't.me' ([Errno 11001] getaddrinfo failed)"))
HTTPSConnectionPool(host='t.me', port=443): Max retries exceeded with url: /amtmedyaduyuru/2?embed=1&mode=tme (Caused by NameResolutionError("<urllib3.connection.HTTPSConnection object at 0x000002633F86C990>: Failed to resolve 't.me' ([Errno 11001] getaddrinfo failed)"))
HTTPSConnectionPool(host='t.me', port=443): Max retries exceeded with url: /amtmedyaduyuru/2?embed=1&mode=tme (Caused by NameResolutionError("<urllib3.connection.HTTPSConnection object at 0x0000026341058950>: Failed to resolve 't.me' ([Errno 11001] getaddrinfo failed)"))
HTTPSConnectionPool(host='t.me', port=443): Max retries exceeded with url: /amtmedyaduyuru/2?embed=1&mode=tme (Caused by NameResolutionError("<urllib3.connection.HTTPSConnection object at 0x0000026340C117D0>: Failed to resolve 't.me' ([Errno 11001] getaddrinfo failed)"))
HTTPSConnectionPool(host='t.me', port=443): Max retries exceeded with url: /amtmedyaduyuru/2?embed=1&mode=tme (Caused by NameResolutionError("<urllib3.connection.HTTPSConnection object at 0x0000026340E89F10>: Failed to resolve 't.me' ([Errno 11001] getaddrinfo failed)"))
HTTPSConnectionPool(host='t.me', port=443): Max retries exceeded with url: /amtmedyaduyuru/2?embed=1&mode=tme (Caused by NameResolutionError("<urllib3.connection.HTTPSConnection object at 0x00000263406DC890>: Failed to resolve 't.me' ([Errno 11001] getaddrinfo failed)"))
HTTPSConnectionPool(host='t.me', port=443): Max retries exceeded with url: /amtmedyaduyuru/2?embed=1&mode=tme (Caused by NameResolutionError("<urllib3.connection.HTTPSConnection object at 0x0000026336510D10>: Failed to resolve 't.me' ([Errno 11001] getaddrinfo failed)"))
HTTPSConnectionPool(host='t.me', port=443): Max retries exceeded with url: /amtmedyaduyuru/2?embed=1&mode=tme (Caused by NameResolutionError("<urllib3.connection.HTTPSConnection object at 0x0000026336504A50>: Failed to resolve 't.me' ([Errno 11001] getaddrinfo failed)"))
HTTPSConnectionPool(host='t.me', port=443): Max retries exceeded with url: /amtmedyaduyuru/2?embed=1&mode=tme (Caused by NameResolutionError("<urllib3.connection.HTTPSConnection object at 0x000002634105A6D0>: Failed to resolve 't.me' ([Errno 11001] getaddrinfo failed)"))
HTTPSConnectionPool(host='t.me', port=443): Max retries exceeded with url: /amtmedyaduyuru/2?embed=1&mode=tme (Caused by NameResolutionError("<urllib3.connection.HTTPSConnection object at 0x0000026340421CD0>: Failed to resolve 't.me' ([Errno 11001] getaddrinfo failed)"))
HTTPSConnectionPool(host='t.me', port=443): Max retries exceeded with url: /amtmedyaduyuru/2?embed=1&mode=tme (Caused by NameResolutionError("<urllib3.connection.HTTPSConnection object at 0x0000026341061FD0>: Failed to resolve 't.me' ([Errno 11001] getaddrinfo failed)"))
HTTPSConnectionPool(host='t.me', port=443): Max retries exceeded with url: /amtmedyaduyuru/2?embed=1&mode=tme (Caused by NameResolutionError("<urllib3.connection.HTTPSConnection object at 0x000002633FFC6290>: Failed to resolve 't.me' ([Errno 11001] getaddrinfo failed)"))
HTTPSConnectionPool(host='t.me', port=443): Max retries exceeded with url: /amtmedyaduyuru/2?embed=1&mode=tme (Caused by NameResolutionError("<urllib3.connection.HTTPSConnection object at 0x0000026341063010>: Failed to resolve 't.me' ([Errno 11001] getaddrinfo failed)"))
HTTPSConnectionPool(host='t.me', port=443): Max retries exceeded with url: /amtmedyaduyuru/2?embed=1&mode=tme (Caused by NameResolutionError("<urllib3.connection.HTTPSConnection object at 0x0000026340B16B90>: Failed to resolve 't.me' ([Errno 11001] getaddrinfo failed)"))
HTTPSConnectionPool(host='t.me', port=443): Max retries exceeded with url: /amtmedyaduyuru/2?embed=1&mode=tme (Caused by NameResolutionError("<urllib3.connection.HTTPSConnection object at 0x000002633FDFE0D0>: Failed to resolve 't.me' ([Errno 11001] getaddrinfo failed)"))
HTTPSConnectionPool(host='t.me', port=443): Max retries exceeded with url: /amtmedyaduyuru/2?embed=1&mode=tme (Caused by NameResolutionError("<urllib3.connection.HTTPSConnection object at 0x0000026340B14210>: Failed to resolve 't.me' ([Errno 11001] getaddrinfo failed)"))
HTTPSConnectionPool(host='t.me', port=443): Max retries exceeded with url: /amtmedyaduyuru/2?embed=1&mode=tme (Caused by NameResolutionError("<urllib3.connection.HTTPSConnection object at 0x000002634025DB90>: Failed to resolve 't.me' ([Errno 11001] getaddrinfo failed)"))
HTTPSConnectionPool(host='t.me', port=443): Max retries exceeded with url: /amtmedyaduyuru/2?embed=1&mode=tme (Caused by NameResolutionError("<urllib3.connection.HTTPSConnection object at 0x000002633C319210>: Failed to resolve 't.me' ([Errno 11001] getaddrinfo failed)"))
HTTPSConnectionPool(host='t.me', port=443): Max retries exceeded with url: /amtmedyaduyuru/2?embed=1&mode=tme (Caused by NameResolutionError("<urllib3.connection.HTTPSConnection object at 0x00000263400BCC90>: Failed to resolve 't.me' ([Errno 11001] getaddrinfo failed)"))
HTTPSConnectionPool(host='t.me', port=443): Max retries exceeded with url: /amtmedyaduyuru/2?embed=1&mode=tme (Caused by NameResolutionError("<urllib3.connection.HTTPSConnection object at 0x0000026340C13ED0>: Failed to resolve 't.me' ([Errno 11001] getaddrinfo failed)"))
HTTPSConnectionPool(host='t.me', port=443): Max retries exceeded with url: /amtmedyaduyuru/2?embed=1&mode=tme (Caused by NameResolutionError("<urllib3.connection.HTTPSConnection object at 0x0000026340C96810>: Failed to resolve 't.me' ([Errno 11001] getaddrinfo failed)"))
HTTPSConnectionPool(host='t.me', port=443): Max retries exceeded with url: /amtmedyaduyuru/2?embed=1&mode=tme (Caused by NameResolutionError("<urllib3.connection.HTTPSConnection object at 0x000002633FFC45D0>: Failed to resolve 't.me' ([Errno 11001] getaddrinfo failed)"))
HTTPSConnectionPool(host='t.me', port=443): Max retries exceeded with url: /amtmedyaduyuru/2?embed=1&mode=tme (Caused by NameResolutionError("<urllib3.connection.HTTPSConnection object at 0x000002633FAF7850>: Failed to resolve 't.me' ([Errno 11001] getaddrinfo failed)"))
HTTPSConnectionPool(host='t.me', port=443): Max retries exceeded with url: /amtmedyaduyuru/2?embed=1&mode=tme (Caused by NameResolutionError("<urllib3.connection.HTTPSConnection object at 0x000002633B6EF9D0>: Failed to resolve 't.me' ([Errno 11001] getaddrinfo failed)"))
HTTPSConnectionPool(host='t.me', port=443): Max retries exceeded with url: /amtmedyaduyuru/2?embed=1&mode=tme (Caused by NameResolutionError("<urllib3.connection.HTTPSConnection object at 0x000002633FDFC190>: Failed to resolve 't.me' ([Errno 11001] getaddrinfo failed)"))
HTTPSConnectionPool(host='t.me', port=443): Max retries exceeded with url: /amtmedyaduyuru/2?embed=1&mode=tme (Caused by NameResolutionError("<urllib3.connection.HTTPSConnection object at 0x0000026336511110>: Failed to resolve 't.me' ([Errno 11001] getaddrinfo failed)"))
HTTPSConnectionPool(host='t.me', port=443): Max retries exceeded with url: /amtmedyaduyuru/2?embed=1&mode=tme (Caused by NameResolutionError("<urllib3.connection.HTTPSConnection object at 0x00000263404D7410>: Failed to resolve 't.me' ([Errno 11001] getaddrinfo failed)"))
HTTPSConnectionPool(host='t.me', port=443): Max retries exceeded with url: /amtmedyaduyuru/2?embed=1&mode=tme (Caused by NameResolutionError("<urllib3.connection.HTTPSConnection object at 0x0000026340C94350>: Failed to resolve 't.me' ([Errno 11001] getaddrinfo failed)"))
HTTPSConnectionPool(host='t.me', port=443): Max retries exceeded with url: /amtmedyaduyuru/2?embed=1&mode=tme (Caused by NameResolutionError("<urllib3.connection.HTTPSConnection object at 0x00000263405FC550>: Failed to resolve 't.me' ([Errno 11001] getaddrinfo failed)"))
HTTPSConnectionPool(host='t.me', port=443): Max retries exceeded with url: /amtmedyaduyuru/2?embed=1&mode=tme (Caused by NameResolutionError("<urllib3.connection.HTTPSConnection object at 0x0000026340C71DD0>: Failed to resolve 't.me' ([Errno 11001] getaddrinfo failed)"))
HTTPSConnectionPool(host='t.me', port=443): Max retries exceeded with url: /amtmedyaduyuru/2?embed=1&mode=tme (Caused by NameResolutionError("<urllib3.connection.HTTPSConnection object at 0x0000026340C96850>: Failed to resolve 't.me' ([Errno 11001] getaddrinfo failed)"))
HTTPSConnectionPool(host='t.me', port=443): Max retries exceeded with url: /amtmedyaduyuru/2?embed=1&mode=tme (Caused by NameResolutionError("<urllib3.connection.HTTPSConnection object at 0x000002633FB58F50>: Failed to resolve 't.me' ([Errno 11001] getaddrinfo failed)"))
HTTPSConnectionPool(host='t.me', port=443): Max retries exceeded with url: /amtmedyaduyuru/2?embed=1&mode=tme (Caused by NameResolutionError("<urllib3.connection.HTTPSConnection object at 0x0000026340674ED0>: Failed to resolve 't.me' ([Errno 11001] getaddrinfo failed)"))
HTTPSConnectionPool(host='t.me', port=443): Max retries exceeded with url: /amtmedyaduyuru/2?embed=1&mode=tme (Caused by NameResolutionError("<urllib3.connection.HTTPSConnection object at 0x000002633FDFC4D0>: Failed to resolve 't.me' ([Errno 11001] getaddrinfo failed)"))
HTTPSConnectionPool(host='t.me', port=443): Max retries exceeded with url: /amtmedyaduyuru/2?embed=1&mode=tme (Caused by NameResolutionError("<urllib3.connection.HTTPSConnection object at 0x0000026340AB2910>: Failed to resolve 't.me' ([Errno 11001] getaddrinfo failed)"))
HTTPSConnectionPool(host='t.me', port=443): Max retries exceeded with url: /amtmedyaduyuru/2?embed=1&mode=tme (Caused by NameResolutionError("<urllib3.connection.HTTPSConnection object at 0x000002633FAE1F50>: Failed to resolve 't.me' ([Errno 11001] getaddrinfo failed)"))
HTTPSConnectionPool(host='t.me', port=443): Max retries exceeded with url: /amtmedyaduyuru/2?embed=1&mode=tme (Caused by NameResolutionError("<urllib3.connection.HTTPSConnection object at 0x000002633FEDF9D0>: Failed to resolve 't.me' ([Errno 11001] getaddrinfo failed)"))
HTTPSConnectionPool(host='t.me', port=443): Max retries exceeded with url: /amtmedyaduyuru/2?embed=1&mode=tme (Caused by NameResolutionError("<urllib3.connection.HTTPSConnection object at 0x000002633B6CF790>: Failed to resolve 't.me' ([Errno 11001] getaddrinfo failed)"))
HTTPSConnectionPool(host='t.me', port=443): Max retries exceeded with url: /amtmedyaduyuru/2?embed=1&mode=tme (Caused by NameResolutionError("<urllib3.connection.HTTPSConnection object at 0x0000026340C94350>: Failed to resolve 't.me' ([Errno 11001] getaddrinfo failed)"))
HTTPSConnectionPool(host='t.me', port=443): Max retries exceeded with url: /amtmedyaduyuru/2?embed=1&mode=tme (Caused by NameResolutionError("<urllib3.connection.HTTPSConnection object at 0x000002633FAED1D0>: Failed to resolve 't.me' ([Errno 11001] getaddrinfo failed)"))
HTTPSConnectionPool(host='t.me', port=443): Max retries exceeded with url: /amtmedyaduyuru/2?embed=1&mode=tme (Caused by NameResolutionError("<urllib3.connection.HTTPSConnection object at 0x000002633C3DE4D0>: Failed to resolve 't.me' ([Errno 11001] getaddrinfo failed)"))
HTTPSConnectionPool(host='t.me', port=443): Max retries exceeded with url: /amtmedyaduyuru/2?embed=1&mode=tme (Caused by NameResolutionError("<urllib3.connection.HTTPSConnection object at 0x000002633E193FD0>: Failed to resolve 't.me' ([Errno 11001] getaddrinfo failed)"))
HTTPSConnectionPool(host='t.me', port=443): Max retries exceeded with url: /amtmedyaduyuru/2?embed=1&mode=tme (Caused by NameResolutionError("<urllib3.connection.HTTPSConnection object at 0x000002633E1CD810>: Failed to resolve 't.me' ([Errno 11001] getaddrinfo failed)"))
HTTPSConnectionPool(host='t.me', port=443): Max retries exceeded with url: /amtmedyaduyuru/2?embed=1&mode=tme (Caused by NameResolutionError("<urllib3.connection.HTTPSConnection object at 0x000002633FBF8D90>: Failed to resolve 't.me' ([Errno 11001] getaddrinfo failed)"))
HTTPSConnectionPool(host='t.me', port=443): Max retries exceeded with url: /amtmedyaduyuru/2?embed=1&mode=tme (Caused by NameResolutionError("<urllib3.connection.HTTPSConnection object at 0x0000026340C94790>: Failed to resolve 't.me' ([Errno 11001] getaddrinfo failed)"))
HTTPSConnectionPool(host='t.me', port=443): Max retries exceeded with url: /amtmedyaduyuru/2?embed=1&mode=tme (Caused by NameResolutionError("<urllib3.connection.HTTPSConnection object at 0x0000026340600FD0>: Failed to resolve 't.me' ([Errno 11001] getaddrinfo failed)"))
HTTPSConnectionPool(host='t.me', port=443): Max retries exceeded with url: /amtmedyaduyuru/2?embed=1&mode=tme (Caused by NameResolutionError("<urllib3.connection.HTTPSConnection object at 0x0000026340051E90>: Failed to resolve 't.me' ([Errno 11001] getaddrinfo failed)"))
HTTPSConnectionPool(host='t.me', port=443): Max retries exceeded with url: /amtmedyaduyuru/2?embed=1&mode=tme (Caused by NameResolutionError("<urllib3.connection.HTTPSConnection object at 0x0000026340AB1690>: Failed to resolve 't.me' ([Errno 11001] getaddrinfo failed)"))
HTTPSConnectionPool(host='t.me', port=443): Max retries exceeded with url: /amtmedyaduyuru/2?embed=1&mode=tme (Caused by NameResolutionError("<urllib3.connection.HTTPSConnection object at 0x0000026340C73510>: Failed to resolve 't.me' ([Errno 11001] getaddrinfo failed)"))
HTTPSConnectionPool(host='t.me', port=443): Max retries exceeded with url: /amtmedyaduyuru/2?embed=1&mode=tme (Caused by NameResolutionError("<urllib3.connection.HTTPSConnection object at 0x000002633C3DE4D0>: Failed to resolve 't.me' ([Errno 11001] getaddrinfo failed)"))
HTTPSConnectionPool(host='t.me', port=443): Max retries exceeded with url: /amtmedyaduyuru/2?embed=1&mode=tme (Caused by NameResolutionError("<urllib3.connection.HTTPSConnection object at 0x0000026340747B10>: Failed to resolve 't.me' ([Errno 11001] getaddrinfo failed)"))
HTTPSConnectionPool(host='t.me', port=443): Max retries exceeded with url: /amtmedyaduyuru/2?embed=1&mode=tme (Caused by NameResolutionError("<urllib3.connection.HTTPSConnection object at 0x00000263406A7090>: Failed to resolve 't.me' ([Errno 11001] getaddrinfo failed)"))
HTTPSConnectionPool(host='t.me', port=443): Max retries exceeded with url: /amtmedyaduyuru/2?embed=1&mode=tme (Caused by NameResolutionError("<urllib3.connection.HTTPSConnection object at 0x000002633E159F10>: Failed to resolve 't.me' ([Errno 11001] getaddrinfo failed)"))
HTTPSConnectionPool(host='t.me', port=443): Max retries exceeded with url: /amtmedyaduyuru/2?embed=1&mode=tme (Caused by NameResolutionError("<urllib3.connection.HTTPSConnection object at 0x0000026340989E90>: Failed to resolve 't.me' ([Errno 11001] getaddrinfo failed)"))
HTTPSConnectionPool(host='t.me', port=443): Max retries exceeded with url: /amtmedyaduyuru/2?embed=1&mode=tme (Caused by NameResolutionError("<urllib3.connection.HTTPSConnection object at 0x000002634085D310>: Failed to resolve 't.me' ([Errno 11001] getaddrinfo failed)"))
HTTPSConnectionPool(host='t.me', port=443): Max retries exceeded with url: /amtmedyaduyuru/2?embed=1&mode=tme (Caused by NameResolutionError("<urllib3.connection.HTTPSConnection object at 0x00000263409C0ED0>: Failed to resolve 't.me' ([Errno 11001] getaddrinfo failed)"))
HTTPSConnectionPool(host='t.me', port=443): Max retries exceeded with url: /amtmedyaduyuru/2?embed=1&mode=tme (Caused by NameResolutionError("<urllib3.connection.HTTPSConnection object at 0x000002633FC30D50>: Failed to resolve 't.me' ([Errno 11001] getaddrinfo failed)"))
HTTPSConnectionPool(host='t.me', port=443): Max retries exceeded with url: /amtmedyaduyuru/2?embed=1&mode=tme (Caused by NameResolutionError("<urllib3.connection.HTTPSConnection object at 0x00000263406B8A50>: Failed to resolve 't.me' ([Errno 11001] getaddrinfo failed)"))
HTTPSConnectionPool(host='t.me', port=443): Max retries exceeded with url: /amtmedyaduyuru/2?embed=1&mode=tme (Caused by NameResolutionError("<urllib3.connection.HTTPSConnection object at 0x000002633F831750>: Failed to resolve 't.me' ([Errno 11001] getaddrinfo failed)"))
HTTPSConnectionPool(host='t.me', port=443): Max retries exceeded with url: /amtmedyaduyuru/2?embed=1&mode=tme (Caused by NameResolutionError("<urllib3.connection.HTTPSConnection object at 0x000002633C2A3C50>: Failed to resolve 't.me' ([Errno 11001] getaddrinfo failed)"))
HTTPSConnectionPool(host='t.me', port=443): Max retries exceeded with url: /amtmedyaduyuru/2?embed=1&mode=tme (Caused by NameResolutionError("<urllib3.connection.HTTPSConnection object at 0x0000026340D04A10>: Failed to resolve 't.me' ([Errno 11001] getaddrinfo failed)"))
HTTPSConnectionPool(host='t.me', port=443): Max retries exceeded with url: /amtmedyaduyuru/2?embed=1&mode=tme (Caused by NameResolutionError("<urllib3.connection.HTTPSConnection object at 0x000002633FEC3690>: Failed to resolve 't.me' ([Errno 11001] getaddrinfo failed)"))
HTTPSConnectionPool(host='t.me', port=443): Max retries exceeded with url: /amtmedyaduyuru/2?embed=1&mode=tme (Caused by NameResolutionError("<urllib3.connection.HTTPSConnection object at 0x000002633F792210>: Failed to resolve 't.me' ([Errno 11001] getaddrinfo failed)"))
HTTPSConnectionPool(host='t.me', port=443): Max retries exceeded with url: /amtmedyaduyuru/2?embed=1&mode=tme (Caused by NameResolutionError("<urllib3.connection.HTTPSConnection object at 0x0000026340D077D0>: Failed to resolve 't.me' ([Errno 11001] getaddrinfo failed)"))
HTTPSConnectionPool(host='t.me', port=443): Max retries exceeded with url: /amtmedyaduyuru/2?embed=1&mode=tme (Caused by NameResolutionError("<urllib3.connection.HTTPSConnection object at 0x00000263406B8A50>: Failed to resolve 't.me' ([Errno 11001] getaddrinfo failed)"))
HTTPSConnectionPool(host='t.me', port=443): Max retries exceeded with url: /amtmedyaduyuru/2?embed=1&mode=tme (Caused by NameResolutionError("<urllib3.connection.HTTPSConnection object at 0x0000026340C5DD50>: Failed to resolve 't.me' ([Errno 11001] getaddrinfo failed)"))
HTTPSConnectionPool(host='t.me', port=443): Max retries exceeded with url: /amtmedyaduyuru/2?embed=1&mode=tme (Caused by NameResolutionError("<urllib3.connection.HTTPSConnection object at 0x0000026340EBF390>: Failed to resolve 't.me' ([Errno 11001] getaddrinfo failed)"))
HTTPSConnectionPool(host='t.me', port=443): Max retries exceeded with url: /amtmedyaduyuru/2?embed=1&mode=tme (Caused by NameResolutionError("<urllib3.connection.HTTPSConnection object at 0x000002634085C990>: Failed to resolve 't.me' ([Errno 11001] getaddrinfo failed)"))
HTTPSConnectionPool(host='t.me', port=443): Max retries exceeded with url: /amtmedyaduyuru/2?embed=1&mode=tme (Caused by NameResolutionError("<urllib3.connection.HTTPSConnection object at 0x0000026340C70290>: Failed to resolve 't.me' ([Errno 11001] getaddrinfo failed)"))
HTTPSConnectionPool(host='t.me', port=443): Max retries exceeded with url: /amtmedyaduyuru/2?embed=1&mode=tme (Caused by NameResolutionError("<urllib3.connection.HTTPSConnection object at 0x0000026340C942D0>: Failed to resolve 't.me' ([Errno 11001] getaddrinfo failed)"))
HTTPSConnectionPool(host='t.me', port=443): Max retries exceeded with url: /amtmedyaduyuru/2?embed=1&mode=tme (Caused by NameResolutionError("<urllib3.connection.HTTPSConnection object at 0x0000026336584D10>: Failed to resolve 't.me' ([Errno 11001] getaddrinfo failed)"))
HTTPSConnectionPool(host='t.me', port=443): Max retries exceeded with url: /amtmedyaduyuru/2?embed=1&mode=tme (Caused by NameResolutionError("<urllib3.connection.HTTPSConnection object at 0x0000026341062C50>: Failed to resolve 't.me' ([Errno 11001] getaddrinfo failed)"))
HTTPSConnectionPool(host='t.me', port=443): Max retries exceeded with url: /amtmedyaduyuru/2?embed=1&mode=tme (Caused by NameResolutionError("<urllib3.connection.HTTPSConnection object at 0x00000263407A10D0>: Failed to resolve 't.me' ([Errno 11001] getaddrinfo failed)"))
HTTPSConnectionPool(host='t.me', port=443): Max retries exceeded with url: /amtmedyaduyuru/2?embed=1&mode=tme (Caused by NameResolutionError("<urllib3.connection.HTTPSConnection object at 0x000002633F9DB110>: Failed to resolve 't.me' ([Errno 11001] getaddrinfo failed)"))
HTTPSConnectionPool(host='t.me', port=443): Max retries exceeded with url: /amtmedyaduyuru/2?embed=1&mode=tme (Caused by NameResolutionError("<urllib3.connection.HTTPSConnection object at 0x0000026340EE18D0>: Failed to resolve 't.me' ([Errno 11001] getaddrinfo failed)"))
HTTPSConnectionPool(host='t.me', port=443): Max retries exceeded with url: /amtmedyaduyuru/2?embed=1&mode=tme (Caused by NameResolutionError("<urllib3.connection.HTTPSConnection object at 0x0000026340C97110>: Failed to resolve 't.me' ([Errno 11001] getaddrinfo failed)"))
HTTPSConnectionPool(host='t.me', port=443): Max retries exceeded with url: /amtmedyaduyuru/2?embed=1&mode=tme (Caused by NameResolutionError("<urllib3.connection.HTTPSConnection object at 0x000002634015C450>: Failed to resolve 't.me' ([Errno 11001] getaddrinfo failed)"))
HTTPSConnectionPool(host='t.me', port=443): Max retries exceeded with url: /amtmedyaduyuru/2?embed=1&mode=tme (Caused by NameResolutionError("<urllib3.connection.HTTPSConnection object at 0x0000026340A05610>: Failed to resolve 't.me' ([Errno 11001] getaddrinfo failed)"))
HTTPSConnectionPool(host='t.me', port=443): Max retries exceeded with url: /amtmedyaduyuru/2?embed=1&mode=tme (Caused by NameResolutionError("<urllib3.connection.HTTPSConnection object at 0x000002633FC43650>: Failed to resolve 't.me' ([Errno 11001] getaddrinfo failed)"))
HTTPSConnectionPool(host='t.me', port=443): Max retries exceeded with url: /amtmedyaduyuru/2?embed=1&mode=tme (Caused by NameResolutionError("<urllib3.connection.HTTPSConnection object at 0x0000026340C95110>: Failed to resolve 't.me' ([Errno 11001] getaddrinfo failed)"))
HTTPSConnectionPool(host='t.me', port=443): Max retries exceeded with url: /amtmedyaduyuru/2?embed=1&mode=tme (Caused by NameResolutionError("<urllib3.connection.HTTPSConnection object at 0x0000026341061FD0>: Failed to resolve 't.me' ([Errno 11001] getaddrinfo failed)"))
HTTPSConnectionPool(host='t.me', port=443): Max retries exceeded with url: /amtmedyaduyuru/2?embed=1&mode=tme (Caused by NameResolutionError("<urllib3.connection.HTTPSConnection object at 0x0000026341059650>: Failed to resolve 't.me' ([Errno 11001] getaddrinfo failed)"))
HTTPSConnectionPool(host='t.me', port=443): Max retries exceeded with url: /amtmedyaduyuru/2?embed=1&mode=tme (Caused by NameResolutionError("<urllib3.connection.HTTPSConnection object at 0x000002633A9AA550>: Failed to resolve 't.me' ([Errno 11001] getaddrinfo failed)"))
HTTPSConnectionPool(host='t.me', port=443): Max retries exceeded with url: /amtmedyaduyuru/2?embed=1&mode=tme (Caused by NameResolutionError("<urllib3.connection.HTTPSConnection object at 0x0000026340A8D5D0>: Failed to resolve 't.me' ([Errno 11001] getaddrinfo failed)"))
HTTPSConnectionPool(host='t.me', port=443): Max retries exceeded with url: /amtmedyaduyuru/2?embed=1&mode=tme (Caused by NameResolutionError("<urllib3.connection.HTTPSConnection object at 0x000002633A4EAB90>: Failed to resolve 't.me' ([Errno 11001] getaddrinfo failed)"))
HTTPSConnectionPool(host='t.me', port=443): Max retries exceeded with url: /amtmedyaduyuru/2?embed=1&mode=tme (Caused by NameResolutionError("<urllib3.connection.HTTPSConnection object at 0x000002633C2EF7D0>: Failed to resolve 't.me' ([Errno 11001] getaddrinfo failed)"))
HTTPSConnectionPool(host='t.me', port=443): Max retries exceeded with url: /amtmedyaduyuru/2?embed=1&mode=tme (Caused by NameResolutionError("<urllib3.connection.HTTPSConnection object at 0x0000026340C5E450>: Failed to resolve 't.me' ([Errno 11001] getaddrinfo failed)"))
HTTPSConnectionPool(host='t.me', port=443): Max retries exceeded with url: /amtmedyaduyuru/2?embed=1&mode=tme (Caused by NameResolutionError("<urllib3.connection.HTTPSConnection object at 0x0000026340EE3090>: Failed to resolve 't.me' ([Errno 11001] getaddrinfo failed)"))
HTTPSConnectionPool(host='t.me', port=443): Max retries exceeded with url: /amtmedyaduyuru/2?embed=1&mode=tme (Caused by NameResolutionError("<urllib3.connection.HTTPSConnection object at 0x000002633E2D96D0>: Failed to resolve 't.me' ([Errno 11001] getaddrinfo failed)"))
HTTPSConnectionPool(host='t.me', port=443): Max retries exceeded with url: /amtmedyaduyuru/2?embed=1&mode=tme (Caused by NameResolutionError("<urllib3.connection.HTTPSConnection object at 0x00000263405FE550>: Failed to resolve 't.me' ([Errno 11001] getaddrinfo failed)"))
HTTPSConnectionPool(host='t.me', port=443): Max retries exceeded with url: /amtmedyaduyuru/2?embed=1&mode=tme (Caused by NameResolutionError("<urllib3.connection.HTTPSConnection object at 0x00000263410630D0>: Failed to resolve 't.me' ([Errno 11001] getaddrinfo failed)"))
HTTPSConnectionPool(host='t.me', port=443): Max retries exceeded with url: /amtmedyaduyuru/2?embed=1&mode=tme (Caused by NameResolutionError("<urllib3.connection.HTTPSConnection object at 0x000002633CFBFF50>: Failed to resolve 't.me' ([Errno 11001] getaddrinfo failed)"))
HTTPSConnectionPool(host='t.me', port=443): Max retries exceeded with url: /amtmedyaduyuru/2?embed=1&mode=tme (Caused by NameResolutionError("<urllib3.connection.HTTPSConnection object at 0x00000263405FCA50>: Failed to resolve 't.me' ([Errno 11001] getaddrinfo failed)"))
HTTPSConnectionPool(host='t.me', port=443): Max retries exceeded with url: /amtmedyaduyuru/2?embed=1&mode=tme (Caused by NameResolutionError("<urllib3.connection.HTTPSConnection object at 0x000002633C2F56D0>: Failed to resolve 't.me' ([Errno 11001] getaddrinfo failed)"))
HTTPSConnectionPool(host='t.me', port=443): Max retries exceeded with url: /amtmedyaduyuru/2?embed=1&mode=tme (Caused by NameResolutionError("<urllib3.connection.HTTPSConnection object at 0x0000026340EE3910>: Failed to resolve 't.me' ([Errno 11001] getaddrinfo failed)"))
HTTPSConnectionPool(host='t.me', port=443): Max retries exceeded with url: /amtmedyaduyuru/2?embed=1&mode=tme (Caused by NameResolutionError("<urllib3.connection.HTTPSConnection object at 0x000002634018AF90>: Failed to resolve 't.me' ([Errno 11001] getaddrinfo failed)"))
HTTPSConnectionPool(host='t.me', port=443): Max retries exceeded with url: /amtmedyaduyuru/2?embed=1&mode=tme (Caused by NameResolutionError("<urllib3.connection.HTTPSConnection object at 0x0000026340AD5290>: Failed to resolve 't.me' ([Errno 11001] getaddrinfo failed)"))
HTTPSConnectionPool(host='t.me', port=443): Max retries exceeded with url: /amtmedyaduyuru/2?embed=1&mode=tme (Caused by NameResolutionError("<urllib3.connection.HTTPSConnection object at 0x0000026340AD6850>: Failed to resolve 't.me' ([Errno 11001] getaddrinfo failed)"))
HTTPSConnectionPool(host='t.me', port=443): Max retries exceeded with url: /amtmedyaduyuru/2?embed=1&mode=tme (Caused by NameResolutionError("<urllib3.connection.HTTPSConnection object at 0x00000263401B0A10>: Failed to resolve 't.me' ([Errno 11001] getaddrinfo failed)"))
HTTPSConnectionPool(host='t.me', port=443): Max retries exceeded with url: /amtmedyaduyuru/2?embed=1&mode=tme (Caused by NameResolutionError("<urllib3.connection.HTTPSConnection object at 0x000002633DF9FE90>: Failed to resolve 't.me' ([Errno 11001] getaddrinfo failed)"))
HTTPSConnectionPool(host='t.me', port=443): Max retries exceeded with url: /amtmedyaduyuru/2?embed=1&mode=tme (Caused by NameResolutionError("<urllib3.connection.HTTPSConnection object at 0x000002633FEF8D50>: Failed to resolve 't.me' ([Errno 11001] getaddrinfo failed)"))
HTTPSConnectionPool(host='t.me', port=443): Max retries exceeded with url: /amtmedyaduyuru/2?embed=1&mode=tme (Caused by NameResolutionError("<urllib3.connection.HTTPSConnection object at 0x0000026340DC22D0>: Failed to resolve 't.me' ([Errno 11001] getaddrinfo failed)"))
HTTPSConnectionPool(host='t.me', port=443): Max retries exceeded with url: /amtmedyaduyuru/2?embed=1&mode=tme (Caused by NameResolutionError("<urllib3.connection.HTTPSConnection object at 0x0000026340EE2F50>: Failed to resolve 't.me' ([Errno 11001] getaddrinfo failed)"))
HTTPSConnectionPool(host='t.me', port=443): Max retries exceeded with url: /amtmedyaduyuru/2?embed=1&mode=tme (Caused by NameResolutionError("<urllib3.connection.HTTPSConnection object at 0x000002634096B2D0>: Failed to resolve 't.me' ([Errno 11001] getaddrinfo failed)"))
HTTPSConnectionPool(host='t.me', port=443): Max retries exceeded with url: /amtmedyaduyuru/2?embed=1&mode=tme (Caused by NameResolutionError("<urllib3.connection.HTTPSConnection object at 0x0000026336513790>: Failed to resolve 't.me' ([Errno 11001] getaddrinfo failed)"))
HTTPSConnectionPool(host='t.me', port=443): Max retries exceeded with url: /amtmedyaduyuru/2?embed=1&mode=tme (Caused by NameResolutionError("<urllib3.connection.HTTPSConnection object at 0x000002633FCF35D0>: Failed to resolve 't.me' ([Errno 11001] getaddrinfo failed)"))
HTTPSConnectionPool(host='t.me', port=443): Max retries exceeded with url: /amtmedyaduyuru/2?embed=1&mode=tme (Caused by NameResolutionError("<urllib3.connection.HTTPSConnection object at 0x000002633C42DB90>: Failed to resolve 't.me' ([Errno 11001] getaddrinfo failed)"))
HTTPSConnectionPool(host='t.me', port=443): Max retries exceeded with url: /amtmedyaduyuru/2?embed=1&mode=tme (Caused by NameResolutionError("<urllib3.connection.HTTPSConnection object at 0x000002633C2EAC90>: Failed to resolve 't.me' ([Errno 11001] getaddrinfo failed)"))
HTTPSConnectionPool(host='t.me', port=443): Max retries exceeded with url: /amtmedyaduyuru/2?embed=1&mode=tme (Caused by NameResolutionError("<urllib3.connection.HTTPSConnection object at 0x000002633E2DAF90>: Failed to resolve 't.me' ([Errno 11001] getaddrinfo failed)"))
HTTPSConnectionPool(host='t.me', port=443): Max retries exceeded with url: /amtmedyaduyuru/2?embed=1&mode=tme (Caused by NameResolutionError("<urllib3.connection.HTTPSConnection object at 0x000002633C2F8BD0>: Failed to resolve 't.me' ([Errno 11001] getaddrinfo failed)"))
HTTPSConnectionPool(host='t.me', port=443): Max retries exceeded with url: /amtmedyaduyuru/2?embed=1&mode=tme (Caused by NameResolutionError("<urllib3.connection.HTTPSConnection object at 0x0000026340042B50>: Failed to resolve 't.me' ([Errno 11001] getaddrinfo failed)"))
HTTPSConnectionPool(host='t.me', port=443): Max retries exceeded with url: /amtmedyaduyuru/2?embed=1&mode=tme (Caused by NameResolutionError("<urllib3.connection.HTTPSConnection object at 0x0000026340EE2950>: Failed to resolve 't.me' ([Errno 11001] getaddrinfo failed)"))
HTTPSConnectionPool(host='t.me', port=443): Max retries exceeded with url: /amtmedyaduyuru/2?embed=1&mode=tme (Caused by NameResolutionError("<urllib3.connection.HTTPSConnection object at 0x0000026340052DD0>: Failed to resolve 't.me' ([Errno 11001] getaddrinfo failed)"))
HTTPSConnectionPool(host='t.me', port=443): Max retries exceeded with url: /amtmedyaduyuru/2?embed=1&mode=tme (Caused by NameResolutionError("<urllib3.connection.HTTPSConnection object at 0x0000026340D90450>: Failed to resolve 't.me' ([Errno 11001] getaddrinfo failed)"))
HTTPSConnectionPool(host='t.me', port=443): Max retries exceeded with url: /amtmedyaduyuru/2?embed=1&mode=tme (Caused by NameResolutionError("<urllib3.connection.HTTPSConnection object at 0x0000026340757D50>: Failed to resolve 't.me' ([Errno 11001] getaddrinfo failed)"))
HTTPSConnectionPool(host='t.me', port=443): Max retries exceeded with url: /amtmedyaduyuru/2?embed=1&mode=tme (Caused by NameResolutionError("<urllib3.connection.HTTPSConnection object at 0x0000026340C117D0>: Failed to resolve 't.me' ([Errno 11001] getaddrinfo failed)"))
HTTPSConnectionPool(host='t.me', port=443): Max retries exceeded with url: /amtmedyaduyuru/2?embed=1&mode=tme (Caused by NameResolutionError("<urllib3.connection.HTTPSConnection object at 0x000002633C403B90>: Failed to resolve 't.me' ([Errno 11001] getaddrinfo failed)"))
HTTPSConnectionPool(host='t.me', port=443): Max retries exceeded with url: /amtmedyaduyuru/2?embed=1&mode=tme (Caused by NameResolutionError("<urllib3.connection.HTTPSConnection object at 0x000002634018AF90>: Failed to resolve 't.me' ([Errno 11001] getaddrinfo failed)"))
HTTPSConnectionPool(host='t.me', port=443): Max retries exceeded with url: /amtmedyaduyuru/2?embed=1&mode=tme (Caused by NameResolutionError("<urllib3.connection.HTTPSConnection object at 0x0000026340868E50>: Failed to resolve 't.me' ([Errno 11001] getaddrinfo failed)"))
HTTPSConnectionPool(host='t.me', port=443): Max retries exceeded with url: /amtmedyaduyuru/2?embed=1&mode=tme (Caused by NameResolutionError("<urllib3.connection.HTTPSConnection object at 0x000002633FFF9750>: Failed to resolve 't.me' ([Errno 11001] getaddrinfo failed)"))
HTTPSConnectionPool(host='t.me', port=443): Max retries exceeded with url: /amtmedyaduyuru/2?embed=1&mode=tme (Caused by NameResolutionError("<urllib3.connection.HTTPSConnection object at 0x000002633E0AAFD0>: Failed to resolve 't.me' ([Errno 11001] getaddrinfo failed)"))
HTTPSConnectionPool(host='t.me', port=443): Max retries exceeded with url: /amtmedyaduyuru/2?embed=1&mode=tme (Caused by NameResolutionError("<urllib3.connection.HTTPSConnection object at 0x000002633B77E790>: Failed to resolve 't.me' ([Errno 11001] getaddrinfo failed)"))
HTTPSConnectionPool(host='t.me', port=443): Max retries exceeded with url: /amtmedyaduyuru/2?embed=1&mode=tme (Caused by NameResolutionError("<urllib3.connection.HTTPSConnection object at 0x00000263406BAC90>: Failed to resolve 't.me' ([Errno 11001] getaddrinfo failed)"))
HTTPSConnectionPool(host='t.me', port=443): Max retries exceeded with url: /amtmedyaduyuru/2?embed=1&mode=tme (Caused by NameResolutionError("<urllib3.connection.HTTPSConnection object at 0x0000026340C5F450>: Failed to resolve 't.me' ([Errno 11001] getaddrinfo failed)"))
HTTPSConnectionPool(host='t.me', port=443): Max retries exceeded with url: /amtmedyaduyuru/2?embed=1&mode=tme (Caused by NameResolutionError("<urllib3.connection.HTTPSConnection object at 0x0000026340880390>: Failed to resolve 't.me' ([Errno 11001] getaddrinfo failed)"))
HTTPSConnectionPool(host='t.me', port=443): Max retries exceeded with url: /amtmedyaduyuru/2?embed=1&mode=tme (Caused by NameResolutionError("<urllib3.connection.HTTPSConnection object at 0x000002633C56F4D0>: Failed to resolve 't.me' ([Errno 11001] getaddrinfo failed)"))
HTTPSConnectionPool(host='t.me', port=443): Max retries exceeded with url: /amtmedyaduyuru/2?embed=1&mode=tme (Caused by NameResolutionError("<urllib3.connection.HTTPSConnection object at 0x0000026340C119D0>: Failed to resolve 't.me' ([Errno 11001] getaddrinfo failed)"))
HTTPSConnectionPool(host='t.me', port=443): Max retries exceeded with url: /amtmedyaduyuru/2?embed=1&mode=tme (Caused by NameResolutionError("<urllib3.connection.HTTPSConnection object at 0x000002634068AD50>: Failed to resolve 't.me' ([Errno 11001] getaddrinfo failed)"))
HTTPSConnectionPool(host='t.me', port=443): Max retries exceeded with url: /amtmedyaduyuru/2?embed=1&mode=tme (Caused by NameResolutionError("<urllib3.connection.HTTPSConnection object at 0x000002633FB3A8D0>: Failed to resolve 't.me' ([Errno 11001] getaddrinfo failed)"))
HTTPSConnectionPool(host='t.me', port=443): Max retries exceeded with url: /amtmedyaduyuru/2?embed=1&mode=tme (Caused by NameResolutionError("<urllib3.connection.HTTPSConnection object at 0x0000026340DC1DD0>: Failed to resolve 't.me' ([Errno 11001] getaddrinfo failed)"))
HTTPSConnectionPool(host='t.me', port=443): Max retries exceeded with url: /amtmedyaduyuru/2?embed=1&mode=tme (Caused by NameResolutionError("<urllib3.connection.HTTPSConnection object at 0x0000026340C68A50>: Failed to resolve 't.me' ([Errno 11001] getaddrinfo failed)"))
HTTPSConnectionPool(host='t.me', port=443): Max retries exceeded with url: /amtmedyaduyuru/2?embed=1&mode=tme (Caused by NameResolutionError("<urllib3.connection.HTTPSConnection object at 0x0000026340C70D10>: Failed to resolve 't.me' ([Errno 11001] getaddrinfo failed)"))
HTTPSConnectionPool(host='t.me', port=443): Max retries exceeded with url: /amtmedyaduyuru/2?embed=1&mode=tme (Caused by NameResolutionError("<urllib3.connection.HTTPSConnection object at 0x0000026340EBD0D0>: Failed to resolve 't.me' ([Errno 11001] getaddrinfo failed)"))
HTTPSConnectionPool(host='t.me', port=443): Max retries exceeded with url: /amtmedyaduyuru/2?embed=1&mode=tme (Caused by NameResolutionError("<urllib3.connection.HTTPSConnection object at 0x00000263405FF4D0>: Failed to resolve 't.me' ([Errno 11001] getaddrinfo failed)"))
HTTPSConnectionPool(host='t.me', port=443): Max retries exceeded with url: /amtmedyaduyuru/2?embed=1&mode=tme (Caused by NameResolutionError("<urllib3.connection.HTTPSConnection object at 0x0000026340C11BD0>: Failed to resolve 't.me' ([Errno 11001] getaddrinfo failed)"))
HTTPSConnectionPool(host='t.me', port=443): Max retries exceeded with url: /amtmedyaduyuru/2?embed=1&mode=tme (Caused by NameResolutionError("<urllib3.connection.HTTPSConnection object at 0x0000026340DC25D0>: Failed to resolve 't.me' ([Errno 11001] getaddrinfo failed)"))
HTTPSConnectionPool(host='t.me', port=443): Max retries exceeded with url: /amtmedyaduyuru/2?embed=1&mode=tme (Caused by NameResolutionError("<urllib3.connection.HTTPSConnection object at 0x0000026340882A50>: Failed to resolve 't.me' ([Errno 11001] getaddrinfo failed)"))
HTTPSConnectionPool(host='t.me', port=443): Max retries exceeded with url: /amtmedyaduyuru/2?embed=1&mode=tme (Caused by NameResolutionError("<urllib3.connection.HTTPSConnection object at 0x00000263408C5490>: Failed to resolve 't.me' ([Errno 11001] getaddrinfo failed)"))
HTTPSConnectionPool(host='t.me', port=443): Max retries exceeded with url: /amtmedyaduyuru/2?embed=1&mode=tme (Caused by NameResolutionError("<urllib3.connection.HTTPSConnection object at 0x000002633C54D810>: Failed to resolve 't.me' ([Errno 11001] getaddrinfo failed)"))
HTTPSConnectionPool(host='t.me', port=443): Max retries exceeded with url: /amtmedyaduyuru/2?embed=1&mode=tme (Caused by NameResolutionError("<urllib3.connection.HTTPSConnection object at 0x000002633FFC6550>: Failed to resolve 't.me' ([Errno 11001] getaddrinfo failed)"))
HTTPSConnectionPool(host='t.me', port=443): Max retries exceeded with url: /amtmedyaduyuru/2?embed=1&mode=tme (Caused by NameResolutionError("<urllib3.connection.HTTPSConnection object at 0x0000026341058310>: Failed to resolve 't.me' ([Errno 11001] getaddrinfo failed)"))
HTTPSConnectionPool(host='t.me', port=443): Max retries exceeded with url: /amtmedyaduyuru/2?embed=1&mode=tme (Caused by NameResolutionError("<urllib3.connection.HTTPSConnection object at 0x000002633B9FAD10>: Failed to resolve 't.me' ([Errno 11001] getaddrinfo failed)"))
HTTPSConnectionPool(host='t.me', port=443): Max retries exceeded with url: /amtmedyaduyuru/2?embed=1&mode=tme (Caused by NameResolutionError("<urllib3.connection.HTTPSConnection object at 0x0000026340BDB590>: Failed to resolve 't.me' ([Errno 11001] getaddrinfo failed)"))
HTTPSConnectionPool(host='t.me', port=443): Max retries exceeded with url: /amtmedyaduyuru/2?embed=1&mode=tme (Caused by NameResolutionError("<urllib3.connection.HTTPSConnection object at 0x0000026340EBCF50>: Failed to resolve 't.me' ([Errno 11001] getaddrinfo failed)"))
HTTPSConnectionPool(host='t.me', port=443): Max retries exceeded with url: /amtmedyaduyuru/2?embed=1&mode=tme (Caused by NameResolutionError("<urllib3.connection.HTTPSConnection object at 0x000002633B9FAD10>: Failed to resolve 't.me' ([Errno 11001] getaddrinfo failed)"))
HTTPSConnectionPool(host='t.me', port=443): Max retries exceeded with url: /amtmedyaduyuru/2?embed=1&mode=tme (Caused by NameResolutionError("<urllib3.connection.HTTPSConnection object at 0x000002633C486E90>: Failed to resolve 't.me' ([Errno 11001] getaddrinfo failed)"))
HTTPSConnectionPool(host='t.me', port=443): Max retries exceeded with url: /amtmedyaduyuru/2?embed=1&mode=tme (Caused by NameResolutionError("<urllib3.connection.HTTPSConnection object at 0x000002633BA649D0>: Failed to resolve 't.me' ([Errno 11001] getaddrinfo failed)"))
HTTPSConnectionPool(host='t.me', port=443): Max retries exceeded with url: /amtmedyaduyuru/2?embed=1&mode=tme (Caused by NameResolutionError("<urllib3.connection.HTTPSConnection object at 0x000002633CF8D110>: Failed to resolve 't.me' ([Errno 11001] getaddrinfo failed)"))
HTTPSConnectionPool(host='t.me', port=443): Max retries exceeded with url: /amtmedyaduyuru/2?embed=1&mode=tme (Caused by NameResolutionError("<urllib3.connection.HTTPSConnection object at 0x0000026340EF8490>: Failed to resolve 't.me' ([Errno 11001] getaddrinfo failed)"))
HTTPSConnectionPool(host='t.me', port=443): Max retries exceeded with url: /amtmedyaduyuru/2?embed=1&mode=tme (Caused by NameResolutionError("<urllib3.connection.HTTPSConnection object at 0x000002633E33A950>: Failed to resolve 't.me' ([Errno 11001] getaddrinfo failed)"))
HTTPSConnectionPool(host='t.me', port=443): Max retries exceeded with url: /amtmedyaduyuru/2?embed=1&mode=tme (Caused by NameResolutionError("<urllib3.connection.HTTPSConnection object at 0x0000026340C11A90>: Failed to resolve 't.me' ([Errno 11001] getaddrinfo failed)"))
HTTPSConnectionPool(host='t.me', port=443): Max retries exceeded with url: /amtmedyaduyuru/2?embed=1&mode=tme (Caused by NameResolutionError("<urllib3.connection.HTTPSConnection object at 0x000002633F8667D0>: Failed to resolve 't.me' ([Errno 11001] getaddrinfo failed)"))
HTTPSConnectionPool(host='t.me', port=443): Max retries exceeded with url: /amtmedyaduyuru/2?embed=1&mode=tme (Caused by NameResolutionError("<urllib3.connection.HTTPSConnection object at 0x000002633F996250>: Failed to resolve 't.me' ([Errno 11001] getaddrinfo failed)"))
HTTPSConnectionPool(host='t.me', port=443): Max retries exceeded with url: /amtmedyaduyuru/2?embed=1&mode=tme (Caused by NameResolutionError("<urllib3.connection.HTTPSConnection object at 0x0000026339365A10>: Failed to resolve 't.me' ([Errno 11001] getaddrinfo failed)"))
HTTPSConnectionPool(host='t.me', port=443): Max retries exceeded with url: /amtmedyaduyuru/2?embed=1&mode=tme (Caused by NameResolutionError("<urllib3.connection.HTTPSConnection object at 0x0000026340C96750>: Failed to resolve 't.me' ([Errno 11001] getaddrinfo failed)"))
HTTPSConnectionPool(host='t.me', port=443): Max retries exceeded with url: /amtmedyaduyuru/2?embed=1&mode=tme (Caused by NameResolutionError("<urllib3.connection.HTTPSConnection object at 0x0000026340C96190>: Failed to resolve 't.me' ([Errno 11001] getaddrinfo failed)"))
HTTPSConnectionPool(host='t.me', port=443): Max retries exceeded with url: /amtmedyaduyuru/2?embed=1&mode=tme (Caused by NameResolutionError("<urllib3.connection.HTTPSConnection object at 0x0000026340AD5410>: Failed to resolve 't.me' ([Errno 11001] getaddrinfo failed)"))
HTTPSConnectionPool(host='t.me', port=443): Max retries exceeded with url: /amtmedyaduyuru/2?embed=1&mode=tme (Caused by NameResolutionError("<urllib3.connection.HTTPSConnection object at 0x000002633B658110>: Failed to resolve 't.me' ([Errno 11001] getaddrinfo failed)"))
HTTPSConnectionPool(host='t.me', port=443): Max retries exceeded with url: /amtmedyaduyuru/2?embed=1&mode=tme (Caused by NameResolutionError("<urllib3.connection.HTTPSConnection object at 0x0000026340B16450>: Failed to resolve 't.me' ([Errno 11001] getaddrinfo failed)"))
HTTPSConnectionPool(host='t.me', port=443): Max retries exceeded with url: /amtmedyaduyuru/2?embed=1&mode=tme (Caused by NameResolutionError("<urllib3.connection.HTTPSConnection object at 0x000002633739BB90>: Failed to resolve 't.me' ([Errno 11001] getaddrinfo failed)"))
HTTPSConnectionPool(host='t.me', port=443): Max retries exceeded with url: /amtmedyaduyuru/2?embed=1&mode=tme (Caused by NameResolutionError("<urllib3.connection.HTTPSConnection object at 0x000002633C297790>: Failed to resolve 't.me' ([Errno 11001] getaddrinfo failed)"))
HTTPSConnectionPool(host='t.me', port=443): Max retries exceeded with url: /amtmedyaduyuru/2?embed=1&mode=tme (Caused by NameResolutionError("<urllib3.connection.HTTPSConnection object at 0x000002633F830A10>: Failed to resolve 't.me' ([Errno 11001] getaddrinfo failed)"))
HTTPSConnectionPool(host='t.me', port=443): Max retries exceeded with url: /amtmedyaduyuru/2?embed=1&mode=tme (Caused by NameResolutionError("<urllib3.connection.HTTPSConnection object at 0x000002633FAA3590>: Failed to resolve 't.me' ([Errno 11001] getaddrinfo failed)"))
HTTPSConnectionPool(host='t.me', port=443): Max retries exceeded with url: /amtmedyaduyuru/2?embed=1&mode=tme (Caused by NameResolutionError("<urllib3.connection.HTTPSConnection object at 0x000002633FD10ED0>: Failed to resolve 't.me' ([Errno 11001] getaddrinfo failed)"))
HTTPSConnectionPool(host='t.me', port=443): Max retries exceeded with url: /amtmedyaduyuru/2?embed=1&mode=tme (Caused by NameResolutionError("<urllib3.connection.HTTPSConnection object at 0x0000026340C96D10>: Failed to resolve 't.me' ([Errno 11001] getaddrinfo failed)"))
HTTPSConnectionPool(host='t.me', port=443): Max retries exceeded with url: /amtmedyaduyuru/2?embed=1&mode=tme (Caused by NameResolutionError("<urllib3.connection.HTTPSConnection object at 0x0000026341061050>: Failed to resolve 't.me' ([Errno 11001] getaddrinfo failed)"))
HTTPSConnectionPool(host='t.me', port=443): Max retries exceeded with url: /amtmedyaduyuru/2?embed=1&mode=tme (Caused by NameResolutionError("<urllib3.connection.HTTPSConnection object at 0x00000263365DC390>: Failed to resolve 't.me' ([Errno 11001] getaddrinfo failed)"))
HTTPSConnectionPool(host='t.me', port=443): Max retries exceeded with url: /amtmedyaduyuru/2?embed=1&mode=tme (Caused by NameResolutionError("<urllib3.connection.HTTPSConnection object at 0x0000026340C97110>: Failed to resolve 't.me' ([Errno 11001] getaddrinfo failed)"))
HTTPSConnectionPool(host='t.me', port=443): Max retries exceeded with url: /amtmedyaduyuru/2?embed=1&mode=tme (Caused by NameResolutionError("<urllib3.connection.HTTPSConnection object at 0x00000263407CA050>: Failed to resolve 't.me' ([Errno 11001] getaddrinfo failed)"))
HTTPSConnectionPool(host='t.me', port=443): Max retries exceeded with url: /amtmedyaduyuru/2?embed=1&mode=tme (Caused by NameResolutionError("<urllib3.connection.HTTPSConnection object at 0x000002633E2AD910>: Failed to resolve 't.me' ([Errno 11001] getaddrinfo failed)"))
HTTPSConnectionPool(host='t.me', port=443): Max retries exceeded with url: /amtmedyaduyuru/2?embed=1&mode=tme (Caused by NameResolutionError("<urllib3.connection.HTTPSConnection object at 0x0000026340AAA2D0>: Failed to resolve 't.me' ([Errno 11001] getaddrinfo failed)"))
HTTPSConnectionPool(host='t.me', port=443): Max retries exceeded with url: /amtmedyaduyuru/2?embed=1&mode=tme (Caused by NameResolutionError("<urllib3.connection.HTTPSConnection object at 0x0000026340DF1D50>: Failed to resolve 't.me' ([Errno 11001] getaddrinfo failed)"))
HTTPSConnectionPool(host='t.me', port=443): Max retries exceeded with url: /amtmedyaduyuru/2?embed=1&mode=tme (Caused by NameResolutionError("<urllib3.connection.HTTPSConnection object at 0x0000026336541750>: Failed to resolve 't.me' ([Errno 11001] getaddrinfo failed)"))
HTTPSConnectionPool(host='t.me', port=443): Max retries exceeded with url: /amtmedyaduyuru/2?embed=1&mode=tme (Caused by NameResolutionError("<urllib3.connection.HTTPSConnection object at 0x0000026340AD7950>: Failed to resolve 't.me' ([Errno 11001] getaddrinfo failed)"))
HTTPSConnectionPool(host='t.me', port=443): Max retries exceeded with url: /amtmedyaduyuru/2?embed=1&mode=tme (Caused by NameResolutionError("<urllib3.connection.HTTPSConnection object at 0x00000263407C9B90>: Failed to resolve 't.me' ([Errno 11001] getaddrinfo failed)"))
HTTPSConnectionPool(host='t.me', port=443): Max retries exceeded with url: /amtmedyaduyuru/2?embed=1&mode=tme (Caused by NameResolutionError("<urllib3.connection.HTTPSConnection object at 0x000002633B746650>: Failed to resolve 't.me' ([Errno 11001] getaddrinfo failed)"))
HTTPSConnectionPool(host='t.me', port=443): Max retries exceeded with url: /amtmedyaduyuru/2?embed=1&mode=tme (Caused by NameResolutionError("<urllib3.connection.HTTPSConnection object at 0x000002634056CE90>: Failed to resolve 't.me' ([Errno 11001] getaddrinfo failed)"))
HTTPSConnectionPool(host='t.me', port=443): Max retries exceeded with url: /amtmedyaduyuru/2?embed=1&mode=tme (Caused by NameResolutionError("<urllib3.connection.HTTPSConnection object at 0x0000026340538AD0>: Failed to resolve 't.me' ([Errno 11001] getaddrinfo failed)"))
HTTPSConnectionPool(host='t.me', port=443): Max retries exceeded with url: /amtmedyaduyuru/2?embed=1&mode=tme (Caused by NameResolutionError("<urllib3.connection.HTTPSConnection object at 0x00000263406DC250>: Failed to resolve 't.me' ([Errno 11001] getaddrinfo failed)"))
HTTPSConnectionPool(host='t.me', port=443): Max retries exceeded with url: /amtmedyaduyuru/2?embed=1&mode=tme (Caused by NameResolutionError("<urllib3.connection.HTTPSConnection object at 0x000002634086A350>: Failed to resolve 't.me' ([Errno 11001] getaddrinfo failed)"))
HTTPSConnectionPool(host='t.me', port=443): Max retries exceeded with url: /amtmedyaduyuru/2?embed=1&mode=tme (Caused by NameResolutionError("<urllib3.connection.HTTPSConnection object at 0x0000026340C94F10>: Failed to resolve 't.me' ([Errno 11001] getaddrinfo failed)"))
HTTPSConnectionPool(host='t.me', port=443): Max retries exceeded with url: /amtmedyaduyuru/2?embed=1&mode=tme (Caused by NameResolutionError("<urllib3.connection.HTTPSConnection object at 0x00000263366301D0>: Failed to resolve 't.me' ([Errno 11001] getaddrinfo failed)"))
HTTPSConnectionPool(host='t.me', port=443): Max retries exceeded with url: /amtmedyaduyuru/2?embed=1&mode=tme (Caused by NameResolutionError("<urllib3.connection.HTTPSConnection object at 0x000002633AEF2550>: Failed to resolve 't.me' ([Errno 11001] getaddrinfo failed)"))
HTTPSConnectionPool(host='t.me', port=443): Max retries exceeded with url: /amtmedyaduyuru/2?embed=1&mode=tme (Caused by NameResolutionError("<urllib3.connection.HTTPSConnection object at 0x000002633FA2B310>: Failed to resolve 't.me' ([Errno 11001] getaddrinfo failed)"))
HTTPSConnectionPool(host='t.me', port=443): Max retries exceeded with url: /amtmedyaduyuru/2?embed=1&mode=tme (Caused by NameResolutionError("<urllib3.connection.HTTPSConnection object at 0x000002633657FF50>: Failed to resolve 't.me' ([Errno 11001] getaddrinfo failed)"))
HTTPSConnectionPool(host='t.me', port=443): Max retries exceeded with url: /amtmedyaduyuru/2?embed=1&mode=tme (Caused by NameResolutionError("<urllib3.connection.HTTPSConnection object at 0x0000026340C97450>: Failed to resolve 't.me' ([Errno 11001] getaddrinfo failed)"))
HTTPSConnectionPool(host='t.me', port=443): Max retries exceeded with url: /amtmedyaduyuru/2?embed=1&mode=tme (Caused by NameResolutionError("<urllib3.connection.HTTPSConnection object at 0x000002633B9FAD10>: Failed to resolve 't.me' ([Errno 11001] getaddrinfo failed)"))
HTTPSConnectionPool(host='t.me', port=443): Max retries exceeded with url: /amtmedyaduyuru/2?embed=1&mode=tme (Caused by NameResolutionError("<urllib3.connection.HTTPSConnection object at 0x000002633F7FB550>: Failed to resolve 't.me' ([Errno 11001] getaddrinfo failed)"))
HTTPSConnectionPool(host='t.me', port=443): Max retries exceeded with url: /amtmedyaduyuru/2?embed=1&mode=tme (Caused by NameResolutionError("<urllib3.connection.HTTPSConnection object at 0x0000026336598ED0>: Failed to resolve 't.me' ([Errno 11001] getaddrinfo failed)"))
HTTPSConnectionPool(host='t.me', port=443): Max retries exceeded with url: /amtmedyaduyuru/2?embed=1&mode=tme (Caused by NameResolutionError("<urllib3.connection.HTTPSConnection object at 0x0000026341060A10>: Failed to resolve 't.me' ([Errno 11001] getaddrinfo failed)"))
HTTPSConnectionPool(host='t.me', port=443): Max retries exceeded with url: /amtmedyaduyuru/2?embed=1&mode=tme (Caused by NameResolutionError("<urllib3.connection.HTTPSConnection object at 0x00000263365DE510>: Failed to resolve 't.me' ([Errno 11001] getaddrinfo failed)"))
HTTPSConnectionPool(host='t.me', port=443): Max retries exceeded with url: /amtmedyaduyuru/2?embed=1&mode=tme (Caused by NameResolutionError("<urllib3.connection.HTTPSConnection object at 0x0000026340EE3CD0>: Failed to resolve 't.me' ([Errno 11001] getaddrinfo failed)"))
HTTPSConnectionPool(host='t.me', port=443): Max retries exceeded with url: /amtmedyaduyuru/2?embed=1&mode=tme (Caused by NameResolutionError("<urllib3.connection.HTTPSConnection object at 0x0000026340043C90>: Failed to resolve 't.me' ([Errno 11001] getaddrinfo failed)"))
HTTPSConnectionPool(host='t.me', port=443): Max retries exceeded with url: /amtmedyaduyuru/2?embed=1&mode=tme (Caused by NameResolutionError("<urllib3.connection.HTTPSConnection object at 0x0000026340B2F7D0>: Failed to resolve 't.me' ([Errno 11001] getaddrinfo failed)"))
HTTPSConnectionPool(host='t.me', port=443): Max retries exceeded with url: /amtmedyaduyuru/2?embed=1&mode=tme (Caused by NameResolutionError("<urllib3.connection.HTTPSConnection object at 0x0000026340A5AC50>: Failed to resolve 't.me' ([Errno 11001] getaddrinfo failed)"))
HTTPSConnectionPool(host='t.me', port=443): Max retries exceeded with url: /amtmedyaduyuru/2?embed=1&mode=tme (Caused by NameResolutionError("<urllib3.connection.HTTPSConnection object at 0x00000263371AA4D0>: Failed to resolve 't.me' ([Errno 11001] getaddrinfo failed)"))
HTTPSConnectionPool(host='t.me', port=443): Max retries exceeded with url: /amtmedyaduyuru/2?embed=1&mode=tme (Caused by NameResolutionError("<urllib3.connection.HTTPSConnection object at 0x000002633AB9A310>: Failed to resolve 't.me' ([Errno 11001] getaddrinfo failed)"))
HTTPSConnectionPool(host='t.me', port=443): Max retries exceeded with url: /amtmedyaduyuru/2?embed=1&mode=tme (Caused by NameResolutionError("<urllib3.connection.HTTPSConnection object at 0x00000263407CA810>: Failed to resolve 't.me' ([Errno 11001] getaddrinfo failed)"))
HTTPSConnectionPool(host='t.me', port=443): Max retries exceeded with url: /amtmedyaduyuru/2?embed=1&mode=tme (Caused by NameResolutionError("<urllib3.connection.HTTPSConnection object at 0x000002633C449BD0>: Failed to resolve 't.me' ([Errno 11001] getaddrinfo failed)"))
HTTPSConnectionPool(host='t.me', port=443): Max retries exceeded with url: /amtmedyaduyuru/2?embed=1&mode=tme (Caused by NameResolutionError("<urllib3.connection.HTTPSConnection object at 0x0000026340A5BD50>: Failed to resolve 't.me' ([Errno 11001] getaddrinfo failed)"))
HTTPSConnectionPool(host='t.me', port=443): Max retries exceeded with url: /amtmedyaduyuru/2?embed=1&mode=tme (Caused by NameResolutionError("<urllib3.connection.HTTPSConnection object at 0x00000263406C6F90>: Failed to resolve 't.me' ([Errno 11001] getaddrinfo failed)"))
HTTPSConnectionPool(host='t.me', port=443): Max retries exceeded with url: /amtmedyaduyuru/2?embed=1&mode=tme (Caused by NameResolutionError("<urllib3.connection.HTTPSConnection object at 0x0000026340EF8490>: Failed to resolve 't.me' ([Errno 11001] getaddrinfo failed)"))
HTTPSConnectionPool(host='t.me', port=443): Max retries exceeded with url: /amtmedyaduyuru/2?embed=1&mode=tme (Caused by NameResolutionError("<urllib3.connection.HTTPSConnection object at 0x000002633F7893D0>: Failed to resolve 't.me' ([Errno 11001] getaddrinfo failed)"))
HTTPSConnectionPool(host='t.me', port=443): Max retries exceeded with url: /amtmedyaduyuru/2?embed=1&mode=tme (Caused by NameResolutionError("<urllib3.connection.HTTPSConnection object at 0x00000263405FF290>: Failed to resolve 't.me' ([Errno 11001] getaddrinfo failed)"))
HTTPSConnectionPool(host='t.me', port=443): Max retries exceeded with url: /amtmedyaduyuru/2?embed=1&mode=tme (Caused by NameResolutionError("<urllib3.connection.HTTPSConnection object at 0x000002633C403510>: Failed to resolve 't.me' ([Errno 11001] getaddrinfo failed)"))
HTTPSConnectionPool(host='t.me', port=443): Max retries exceeded with url: /amtmedyaduyuru/2?embed=1&mode=tme (Caused by NameResolutionError("<urllib3.connection.HTTPSConnection object at 0x000002633FB8ABD0>: Failed to resolve 't.me' ([Errno 11001] getaddrinfo failed)"))
HTTPSConnectionPool(host='t.me', port=443): Max retries exceeded with url: /amtmedyaduyuru/2?embed=1&mode=tme (Caused by NameResolutionError("<urllib3.connection.HTTPSConnection object at 0x0000026340E8A390>: Failed to resolve 't.me' ([Errno 11001] getaddrinfo failed)"))
HTTPSConnectionPool(host='t.me', port=443): Max retries exceeded with url: /amtmedyaduyuru/2?embed=1&mode=tme (Caused by NameResolutionError("<urllib3.connection.HTTPSConnection object at 0x000002633C69A0D0>: Failed to resolve 't.me' ([Errno 11001] getaddrinfo failed)"))
HTTPSConnectionPool(host='t.me', port=443): Max retries exceeded with url: /amtmedyaduyuru/2?embed=1&mode=tme (Caused by NameResolutionError("<urllib3.connection.HTTPSConnection object at 0x000002633C3F77D0>: Failed to resolve 't.me' ([Errno 11001] getaddrinfo failed)"))
HTTPSConnectionPool(host='t.me', port=443): Max retries exceeded with url: /amtmedyaduyuru/2?embed=1&mode=tme (Caused by NameResolutionError("<urllib3.connection.HTTPSConnection object at 0x00000263407CA810>: Failed to resolve 't.me' ([Errno 11001] getaddrinfo failed)"))
HTTPSConnectionPool(host='t.me', port=443): Max retries exceeded with url: /amtmedyaduyuru/2?embed=1&mode=tme (Caused by NameResolutionError("<urllib3.connection.HTTPSConnection object at 0x0000026340C96DD0>: Failed to resolve 't.me' ([Errno 11001] getaddrinfo failed)"))
HTTPSConnectionPool(host='t.me', port=443): Max retries exceeded with url: /amtmedyaduyuru/2?embed=1&mode=tme (Caused by NameResolutionError("<urllib3.connection.HTTPSConnection object at 0x0000026340DC0D10>: Failed to resolve 't.me' ([Errno 11001] getaddrinfo failed)"))
HTTPSConnectionPool(host='t.me', port=443): Max retries exceeded with url: /amtmedyaduyuru/2?embed=1&mode=tme (Caused by NameResolutionError("<urllib3.connection.HTTPSConnection object at 0x0000026340DC3E10>: Failed to resolve 't.me' ([Errno 11001] getaddrinfo failed)"))
HTTPSConnectionPool(host='t.me', port=443): Max retries exceeded with url: /amtmedyaduyuru/2?embed=1&mode=tme (Caused by NameResolutionError("<urllib3.connection.HTTPSConnection object at 0x0000026340C95D50>: Failed to resolve 't.me' ([Errno 11001] getaddrinfo failed)"))
HTTPSConnectionPool(host='t.me', port=443): Max retries exceeded with url: /amtmedyaduyuru/2?embed=1&mode=tme (Caused by NameResolutionError("<urllib3.connection.HTTPSConnection object at 0x00000263404F7190>: Failed to resolve 't.me' ([Errno 11001] getaddrinfo failed)"))
HTTPSConnectionPool(host='t.me', port=443): Max retries exceeded with url: /amtmedyaduyuru/2?embed=1&mode=tme (Caused by NameResolutionError("<urllib3.connection.HTTPSConnection object at 0x000002633FFEDC50>: Failed to resolve 't.me' ([Errno 11001] getaddrinfo failed)"))
HTTPSConnectionPool(host='t.me', port=443): Max retries exceeded with url: /amtmedyaduyuru/2?embed=1&mode=tme (Caused by NameResolutionError("<urllib3.connection.HTTPSConnection object at 0x000002634085FE50>: Failed to resolve 't.me' ([Errno 11001] getaddrinfo failed)"))
HTTPSConnectionPool(host='t.me', port=443): Max retries exceeded with url: /amtmedyaduyuru/2?embed=1&mode=tme (Caused by NameResolutionError("<urllib3.connection.HTTPSConnection object at 0x0000026340BD8210>: Failed to resolve 't.me' ([Errno 11001] getaddrinfo failed)"))
HTTPSConnectionPool(host='t.me', port=443): Max retries exceeded with url: /amtmedyaduyuru/2?embed=1&mode=tme (Caused by NameResolutionError("<urllib3.connection.HTTPSConnection object at 0x00000263365986D0>: Failed to resolve 't.me' ([Errno 11001] getaddrinfo failed)"))
HTTPSConnectionPool(host='t.me', port=443): Max retries exceeded with url: /amtmedyaduyuru/2?embed=1&mode=tme (Caused by NameResolutionError("<urllib3.connection.HTTPSConnection object at 0x0000026340DFC850>: Failed to resolve 't.me' ([Errno 11001] getaddrinfo failed)"))
HTTPSConnectionPool(host='t.me', port=443): Max retries exceeded with url: /amtmedyaduyuru/2?embed=1&mode=tme (Caused by NameResolutionError("<urllib3.connection.HTTPSConnection object at 0x0000026340B2D3D0>: Failed to resolve 't.me' ([Errno 11001] getaddrinfo failed)"))
HTTPSConnectionPool(host='t.me', port=443): Max retries exceeded with url: /amtmedyaduyuru/2?embed=1&mode=tme (Caused by NameResolutionError("<urllib3.connection.HTTPSConnection object at 0x000002633E31F450>: Failed to resolve 't.me' ([Errno 11001] getaddrinfo failed)"))
HTTPSConnectionPool(host='t.me', port=443): Max retries exceeded with url: /amtmedyaduyuru/2?embed=1&mode=tme (Caused by NameResolutionError("<urllib3.connection.HTTPSConnection object at 0x0000026340DC32D0>: Failed to resolve 't.me' ([Errno 11001] getaddrinfo failed)"))
HTTPSConnectionPool(host='t.me', port=443): Max retries exceeded with url: /amtmedyaduyuru/2?embed=1&mode=tme (Caused by NameResolutionError("<urllib3.connection.HTTPSConnection object at 0x0000026340DF3410>: Failed to resolve 't.me' ([Errno 11001] getaddrinfo failed)"))
HTTPSConnectionPool(host='t.me', port=443): Max retries exceeded with url: /amtmedyaduyuru/2?embed=1&mode=tme (Caused by NameResolutionError("<urllib3.connection.HTTPSConnection object at 0x0000026340276B90>: Failed to resolve 't.me' ([Errno 11001] getaddrinfo failed)"))
HTTPSConnectionPool(host='t.me', port=443): Max retries exceeded with url: /amtmedyaduyuru/2?embed=1&mode=tme (Caused by NameResolutionError("<urllib3.connection.HTTPSConnection object at 0x000002633FF64310>: Failed to resolve 't.me' ([Errno 11001] getaddrinfo failed)"))
HTTPSConnectionPool(host='t.me', port=443): Max retries exceeded with url: /amtmedyaduyuru/2?embed=1&mode=tme (Caused by NameResolutionError("<urllib3.connection.HTTPSConnection object at 0x00000263401A7F10>: Failed to resolve 't.me' ([Errno 11001] getaddrinfo failed)"))
HTTPSConnectionPool(host='t.me', port=443): Max retries exceeded with url: /amtmedyaduyuru/2?embed=1&mode=tme (Caused by NameResolutionError("<urllib3.connection.HTTPSConnection object at 0x0000026340499050>: Failed to resolve 't.me' ([Errno 11001] getaddrinfo failed)"))
HTTPSConnectionPool(host='t.me', port=443): Max retries exceeded with url: /amtmedyaduyuru/2?embed=1&mode=tme (Caused by NameResolutionError("<urllib3.connection.HTTPSConnection object at 0x000002634106CC10>: Failed to resolve 't.me' ([Errno 11001] getaddrinfo failed)"))
HTTPSConnectionPool(host='t.me', port=443): Max retries exceeded with url: /amtmedyaduyuru/2?embed=1&mode=tme (Caused by NameResolutionError("<urllib3.connection.HTTPSConnection object at 0x000002634106E7D0>: Failed to resolve 't.me' ([Errno 11001] getaddrinfo failed)"))
HTTPSConnectionPool(host='t.me', port=443): Max retries exceeded with url: /amtmedyaduyuru/2?embed=1&mode=tme (Caused by NameResolutionError("<urllib3.connection.HTTPSConnection object at 0x0000026340DB42D0>: Failed to resolve 't.me' ([Errno 11001] getaddrinfo failed)"))
HTTPSConnectionPool(host='t.me', port=443): Max retries exceeded with url: /amtmedyaduyuru/2?embed=1&mode=tme (Caused by NameResolutionError("<urllib3.connection.HTTPSConnection object at 0x000002633E09F1D0>: Failed to resolve 't.me' ([Errno 11001] getaddrinfo failed)"))
HTTPSConnectionPool(host='t.me', port=443): Max retries exceeded with url: /amtmedyaduyuru/2?embed=1&mode=tme (Caused by NameResolutionError("<urllib3.connection.HTTPSConnection object at 0x000002634012BF90>: Failed to resolve 't.me' ([Errno 11001] getaddrinfo failed)"))
HTTPSConnectionPool(host='t.me', port=443): Max retries exceeded with url: /amtmedyaduyuru/2?embed=1&mode=tme (Caused by NameResolutionError("<urllib3.connection.HTTPSConnection object at 0x0000026340C97E50>: Failed to resolve 't.me' ([Errno 11001] getaddrinfo failed)"))
HTTPSConnectionPool(host='t.me', port=443): Max retries exceeded with url: /amtmedyaduyuru/2?embed=1&mode=tme (Caused by NameResolutionError("<urllib3.connection.HTTPSConnection object at 0x000002633E0F1CD0>: Failed to resolve 't.me' ([Errno 11001] getaddrinfo failed)"))
HTTPSConnectionPool(host='t.me', port=443): Max retries exceeded with url: /amtmedyaduyuru/2?embed=1&mode=tme (Caused by NameResolutionError("<urllib3.connection.HTTPSConnection object at 0x000002634106D5D0>: Failed to resolve 't.me' ([Errno 11001] getaddrinfo failed)"))
HTTPSConnectionPool(host='t.me', port=443): Max retries exceeded with url: /amtmedyaduyuru/2?embed=1&mode=tme (Caused by NameResolutionError("<urllib3.connection.HTTPSConnection object at 0x0000026340DC3650>: Failed to resolve 't.me' ([Errno 11001] getaddrinfo failed)"))
HTTPSConnectionPool(host='t.me', port=443): Max retries exceeded with url: /amtmedyaduyuru/2?embed=1&mode=tme (Caused by NameResolutionError("<urllib3.connection.HTTPSConnection object at 0x00000263409C2890>: Failed to resolve 't.me' ([Errno 11001] getaddrinfo failed)"))
HTTPSConnectionPool(host='t.me', port=443): Max retries exceeded with url: /amtmedyaduyuru/2?embed=1&mode=tme (Caused by NameResolutionError("<urllib3.connection.HTTPSConnection object at 0x00000263405083D0>: Failed to resolve 't.me' ([Errno 11001] getaddrinfo failed)"))
HTTPSConnectionPool(host='t.me', port=443): Max retries exceeded with url: /amtmedyaduyuru/2?embed=1&mode=tme (Caused by NameResolutionError("<urllib3.connection.HTTPSConnection object at 0x0000026340DF3790>: Failed to resolve 't.me' ([Errno 11001] getaddrinfo failed)"))
HTTPSConnectionPool(host='t.me', port=443): Max retries exceeded with url: /amtmedyaduyuru/2?embed=1&mode=tme (Caused by NameResolutionError("<urllib3.connection.HTTPSConnection object at 0x0000026340C96610>: Failed to resolve 't.me' ([Errno 11001] getaddrinfo failed)"))
HTTPSConnectionPool(host='t.me', port=443): Max retries exceeded with url: /amtmedyaduyuru/2?embed=1&mode=tme (Caused by NameResolutionError("<urllib3.connection.HTTPSConnection object at 0x000002633E0B4590>: Failed to resolve 't.me' ([Errno 11001] getaddrinfo failed)"))
HTTPSConnectionPool(host='t.me', port=443): Max retries exceeded with url: /amtmedyaduyuru/2?embed=1&mode=tme (Caused by NameResolutionError("<urllib3.connection.HTTPSConnection object at 0x000002633E1B14D0>: Failed to resolve 't.me' ([Errno 11001] getaddrinfo failed)"))
HTTPSConnectionPool(host='t.me', port=443): Max retries exceeded with url: /amtmedyaduyuru/2?embed=1&mode=tme (Caused by NameResolutionError("<urllib3.connection.HTTPSConnection object at 0x00000263407A05D0>: Failed to resolve 't.me' ([Errno 11001] getaddrinfo failed)"))
HTTPSConnectionPool(host='t.me', port=443): Max retries exceeded with url: /amtmedyaduyuru/2?embed=1&mode=tme (Caused by NameResolutionError("<urllib3.connection.HTTPSConnection object at 0x0000026340C95F50>: Failed to resolve 't.me' ([Errno 11001] getaddrinfo failed)"))
HTTPSConnectionPool(host='t.me', port=443): Max retries exceeded with url: /amtmedyaduyuru/2?embed=1&mode=tme (Caused by NameResolutionError("<urllib3.connection.HTTPSConnection object at 0x0000026340DF1250>: Failed to resolve 't.me' ([Errno 11001] getaddrinfo failed)"))
HTTPSConnectionPool(host='t.me', port=443): Max retries exceeded with url: /amtmedyaduyuru/2?embed=1&mode=tme (Caused by NameResolutionError("<urllib3.connection.HTTPSConnection object at 0x000002633F9CF950>: Failed to resolve 't.me' ([Errno 11001] getaddrinfo failed)"))
HTTPSConnectionPool(host='t.me', port=443): Max retries exceeded with url: /amtmedyaduyuru/2?embed=1&mode=tme (Caused by NameResolutionError("<urllib3.connection.HTTPSConnection object at 0x000002633F8236D0>: Failed to resolve 't.me' ([Errno 11001] getaddrinfo failed)"))
HTTPSConnectionPool(host='t.me', port=443): Max retries exceeded with url: /amtmedyaduyuru/2?embed=1&mode=tme (Caused by NameResolutionError("<urllib3.connection.HTTPSConnection object at 0x000002633668DDD0>: Failed to resolve 't.me' ([Errno 11001] getaddrinfo failed)"))
HTTPSConnectionPool(host='t.me', port=443): Max retries exceeded with url: /amtmedyaduyuru/2?embed=1&mode=tme (Caused by NameResolutionError("<urllib3.connection.HTTPSConnection object at 0x000002633AC456D0>: Failed to resolve 't.me' ([Errno 11001] getaddrinfo failed)"))
HTTPSConnectionPool(host='t.me', port=443): Max retries exceeded with url: /amtmedyaduyuru/2?embed=1&mode=tme (Caused by NameResolutionError("<urllib3.connection.HTTPSConnection object at 0x00000263407558D0>: Failed to resolve 't.me' ([Errno 11001] getaddrinfo failed)"))
HTTPSConnectionPool(host='t.me', port=443): Max retries exceeded with url: /amtmedyaduyuru/2?embed=1&mode=tme (Caused by NameResolutionError("<urllib3.connection.HTTPSConnection object at 0x000002633AF37450>: Failed to resolve 't.me' ([Errno 11001] getaddrinfo failed)"))
HTTPSConnectionPool(host='t.me', port=443): Max retries exceeded with url: /amtmedyaduyuru/2?embed=1&mode=tme (Caused by NameResolutionError("<urllib3.connection.HTTPSConnection object at 0x0000026340B22BD0>: Failed to resolve 't.me' ([Errno 11001] getaddrinfo failed)"))
HTTPSConnectionPool(host='t.me', port=443): Max retries exceeded with url: /amtmedyaduyuru/2?embed=1&mode=tme (Caused by NameResolutionError("<urllib3.connection.HTTPSConnection object at 0x000002634011E610>: Failed to resolve 't.me' ([Errno 11001] getaddrinfo failed)"))
HTTPSConnectionPool(host='t.me', port=443): Max retries exceeded with url: /amtmedyaduyuru/2?embed=1&mode=tme (Caused by NameResolutionError("<urllib3.connection.HTTPSConnection object at 0x0000026340869BD0>: Failed to resolve 't.me' ([Errno 11001] getaddrinfo failed)"))
HTTPSConnectionPool(host='t.me', port=443): Max retries exceeded with url: /amtmedyaduyuru/2?embed=1&mode=tme (Caused by NameResolutionError("<urllib3.connection.HTTPSConnection object at 0x000002633FD2E8D0>: Failed to resolve 't.me' ([Errno 11001] getaddrinfo failed)"))
HTTPSConnectionPool(host='t.me', port=443): Max retries exceeded with url: /amtmedyaduyuru/2?embed=1&mode=tme (Caused by NameResolutionError("<urllib3.connection.HTTPSConnection object at 0x0000026340DFDD90>: Failed to resolve 't.me' ([Errno 11001] getaddrinfo failed)"))
HTTPSConnectionPool(host='t.me', port=443): Max retries exceeded with url: /amtmedyaduyuru/2?embed=1&mode=tme (Caused by NameResolutionError("<urllib3.connection.HTTPSConnection object at 0x0000026340CA2CD0>: Failed to resolve 't.me' ([Errno 11001] getaddrinfo failed)"))
HTTPSConnectionPool(host='t.me', port=443): Max retries exceeded with url: /amtmedyaduyuru/2?embed=1&mode=tme (Caused by NameResolutionError("<urllib3.connection.HTTPSConnection object at 0x000002633FAEC350>: Failed to resolve 't.me' ([Errno 11001] getaddrinfo failed)"))
HTTPSConnectionPool(host='t.me', port=443): Max retries exceeded with url: /amtmedyaduyuru/2?embed=1&mode=tme (Caused by NameResolutionError("<urllib3.connection.HTTPSConnection object at 0x0000026340042410>: Failed to resolve 't.me' ([Errno 11001] getaddrinfo failed)"))
HTTPSConnectionPool(host='t.me', port=443): Max retries exceeded with url: /amtmedyaduyuru/2?embed=1&mode=tme (Caused by NameResolutionError("<urllib3.connection.HTTPSConnection object at 0x0000026340CA1E50>: Failed to resolve 't.me' ([Errno 11001] getaddrinfo failed)"))
HTTPSConnectionPool(host='t.me', port=443): Max retries exceeded with url: /amtmedyaduyuru/2?embed=1&mode=tme (Caused by NameResolutionError("<urllib3.connection.HTTPSConnection object at 0x000002633B975C90>: Failed to resolve 't.me' ([Errno 11001] getaddrinfo failed)"))
HTTPSConnectionPool(host='t.me', port=443): Max retries exceeded with url: /amtmedyaduyuru/2?embed=1&mode=tme (Caused by NameResolutionError("<urllib3.connection.HTTPSConnection object at 0x0000026340DF2190>: Failed to resolve 't.me' ([Errno 11001] getaddrinfo failed)"))
HTTPSConnectionPool(host='t.me', port=443): Max retries exceeded with url: /amtmedyaduyuru/2?embed=1&mode=tme (Caused by NameResolutionError("<urllib3.connection.HTTPSConnection object at 0x00000263403B9490>: Failed to resolve 't.me' ([Errno 11001] getaddrinfo failed)"))
HTTPSConnectionPool(host='t.me', port=443): Max retries exceeded with url: /amtmedyaduyuru/2?embed=1&mode=tme (Caused by NameResolutionError("<urllib3.connection.HTTPSConnection object at 0x000002633FD57610>: Failed to resolve 't.me' ([Errno 11001] getaddrinfo failed)"))
HTTPSConnectionPool(host='t.me', port=443): Max retries exceeded with url: /amtmedyaduyuru/2?embed=1&mode=tme (Caused by NameResolutionError("<urllib3.connection.HTTPSConnection object at 0x00000263408776D0>: Failed to resolve 't.me' ([Errno 11001] getaddrinfo failed)"))
HTTPSConnectionPool(host='t.me', port=443): Max retries exceeded with url: /amtmedyaduyuru/2?embed=1&mode=tme (Caused by NameResolutionError("<urllib3.connection.HTTPSConnection object at 0x0000026340DC3B50>: Failed to resolve 't.me' ([Errno 11001] getaddrinfo failed)"))
HTTPSConnectionPool(host='t.me', port=443): Max retries exceeded with url: /amtmedyaduyuru/2?embed=1&mode=tme (Caused by NameResolutionError("<urllib3.connection.HTTPSConnection object at 0x0000026340EE3D50>: Failed to resolve 't.me' ([Errno 11001] getaddrinfo failed)"))
HTTPSConnectionPool(host='t.me', port=443): Max retries exceeded with url: /amtmedyaduyuru/2?embed=1&mode=tme (Caused by NameResolutionError("<urllib3.connection.HTTPSConnection object at 0x0000026340B23E10>: Failed to resolve 't.me' ([Errno 11001] getaddrinfo failed)"))
HTTPSConnectionPool(host='t.me', port=443): Max retries exceeded with url: /amtmedyaduyuru/2?embed=1&mode=tme (Caused by NameResolutionError("<urllib3.connection.HTTPSConnection object at 0x000002633C71AE50>: Failed to resolve 't.me' ([Errno 11001] getaddrinfo failed)"))
HTTPSConnectionPool(host='t.me', port=443): Max retries exceeded with url: /amtmedyaduyuru/2?embed=1&mode=tme (Caused by NameResolutionError("<urllib3.connection.HTTPSConnection object at 0x000002633DFA8A90>: Failed to resolve 't.me' ([Errno 11001] getaddrinfo failed)"))
HTTPSConnectionPool(host='t.me', port=443): Max retries exceeded with url: /amtmedyaduyuru/2?embed=1&mode=tme (Caused by NameResolutionError("<urllib3.connection.HTTPSConnection object at 0x000002633FFC6F90>: Failed to resolve 't.me' ([Errno 11001] getaddrinfo failed)"))
HTTPSConnectionPool(host='t.me', port=443): Max retries exceeded with url: /amtmedyaduyuru/2?embed=1&mode=tme (Caused by NameResolutionError("<urllib3.connection.HTTPSConnection object at 0x000002634086B610>: Failed to resolve 't.me' ([Errno 11001] getaddrinfo failed)"))
HTTPSConnectionPool(host='t.me', port=443): Max retries exceeded with url: /amtmedyaduyuru/2?embed=1&mode=tme (Caused by NameResolutionError("<urllib3.connection.HTTPSConnection object at 0x0000026340DF0D10>: Failed to resolve 't.me' ([Errno 11001] getaddrinfo failed)"))
HTTPSConnectionPool(host='t.me', port=443): Max retries exceeded with url: /amtmedyaduyuru/2?embed=1&mode=tme (Caused by NameResolutionError("<urllib3.connection.HTTPSConnection object at 0x0000026338A8A4D0>: Failed to resolve 't.me' ([Errno 11001] getaddrinfo failed)"))
HTTPSConnectionPool(host='t.me', port=443): Max retries exceeded with url: /amtmedyaduyuru/2?embed=1&mode=tme (Caused by NameResolutionError("<urllib3.connection.HTTPSConnection object at 0x0000026340E8A850>: Failed to resolve 't.me' ([Errno 11001] getaddrinfo failed)"))
HTTPSConnectionPool(host='t.me', port=443): Max retries exceeded with url: /amtmedyaduyuru/2?embed=1&mode=tme (Caused by NameResolutionError("<urllib3.connection.HTTPSConnection object at 0x0000026340C5CA50>: Failed to resolve 't.me' ([Errno 11001] getaddrinfo failed)"))
HTTPSConnectionPool(host='t.me', port=443): Max retries exceeded with url: /amtmedyaduyuru/2?embed=1&mode=tme (Caused by NameResolutionError("<urllib3.connection.HTTPSConnection object at 0x0000026340635BD0>: Failed to resolve 't.me' ([Errno 11001] getaddrinfo failed)"))
HTTPSConnectionPool(host='t.me', port=443): Max retries exceeded with url: /amtmedyaduyuru/2?embed=1&mode=tme (Caused by NameResolutionError("<urllib3.connection.HTTPSConnection object at 0x0000026340DF06D0>: Failed to resolve 't.me' ([Errno 11001] getaddrinfo failed)"))
HTTPSConnectionPool(host='t.me', port=443): Max retries exceeded with url: /amtmedyaduyuru/2?embed=1&mode=tme (Caused by NameResolutionError("<urllib3.connection.HTTPSConnection object at 0x00000263366CD510>: Failed to resolve 't.me' ([Errno 11001] getaddrinfo failed)"))
HTTPSConnectionPool(host='t.me', port=443): Max retries exceeded with url: /amtmedyaduyuru/2?embed=1&mode=tme (Caused by NameResolutionError("<urllib3.connection.HTTPSConnection object at 0x0000026340BBCA90>: Failed to resolve 't.me' ([Errno 11001] getaddrinfo failed)"))
HTTPSConnectionPool(host='t.me', port=443): Max retries exceeded with url: /amtmedyaduyuru/2?embed=1&mode=tme (Caused by NameResolutionError("<urllib3.connection.HTTPSConnection object at 0x0000026340659210>: Failed to resolve 't.me' ([Errno 11001] getaddrinfo failed)"))
HTTPSConnectionPool(host='t.me', port=443): Max retries exceeded with url: /amtmedyaduyuru/2?embed=1&mode=tme (Caused by NameResolutionError("<urllib3.connection.HTTPSConnection object at 0x000002633C53BC50>: Failed to resolve 't.me' ([Errno 11001] getaddrinfo failed)"))
HTTPSConnectionPool(host='t.me', port=443): Max retries exceeded with url: /amtmedyaduyuru/2?embed=1&mode=tme (Caused by NameResolutionError("<urllib3.connection.HTTPSConnection object at 0x000002633F86EAD0>: Failed to resolve 't.me' ([Errno 11001] getaddrinfo failed)"))
HTTPSConnectionPool(host='t.me', port=443): Max retries exceeded with url: /amtmedyaduyuru/2?embed=1&mode=tme (Caused by NameResolutionError("<urllib3.connection.HTTPSConnection object at 0x0000026340CC8E10>: Failed to resolve 't.me' ([Errno 11001] getaddrinfo failed)"))
HTTPSConnectionPool(host='t.me', port=443): Max retries exceeded with url: /amtmedyaduyuru/2?embed=1&mode=tme (Caused by NameResolutionError("<urllib3.connection.HTTPSConnection object at 0x0000026340B22C50>: Failed to resolve 't.me' ([Errno 11001] getaddrinfo failed)"))
HTTPSConnectionPool(host='t.me', port=443): Max retries exceeded with url: /amtmedyaduyuru/2?embed=1&mode=tme (Caused by NameResolutionError("<urllib3.connection.HTTPSConnection object at 0x0000026340AB3F50>: Failed to resolve 't.me' ([Errno 11001] getaddrinfo failed)"))
HTTPSConnectionPool(host='t.me', port=443): Max retries exceeded with url: /amtmedyaduyuru/2?embed=1&mode=tme (Caused by NameResolutionError("<urllib3.connection.HTTPSConnection object at 0x0000026340CA2990>: Failed to resolve 't.me' ([Errno 11001] getaddrinfo failed)"))
HTTPSConnectionPool(host='t.me', port=443): Max retries exceeded with url: /amtmedyaduyuru/2?embed=1&mode=tme (Caused by NameResolutionError("<urllib3.connection.HTTPSConnection object at 0x000002633FDA0DD0>: Failed to resolve 't.me' ([Errno 11001] getaddrinfo failed)"))
HTTPSConnectionPool(host='t.me', port=443): Max retries exceeded with url: /amtmedyaduyuru/2?embed=1&mode=tme (Caused by NameResolutionError("<urllib3.connection.HTTPSConnection object at 0x0000026340C11850>: Failed to resolve 't.me' ([Errno 11001] getaddrinfo failed)"))
HTTPSConnectionPool(host='t.me', port=443): Max retries exceeded with url: /amtmedyaduyuru/2?embed=1&mode=tme (Caused by NameResolutionError("<urllib3.connection.HTTPSConnection object at 0x0000026340635E50>: Failed to resolve 't.me' ([Errno 11001] getaddrinfo failed)"))
HTTPSConnectionPool(host='t.me', port=443): Max retries exceeded with url: /amtmedyaduyuru/2?embed=1&mode=tme (Caused by NameResolutionError("<urllib3.connection.HTTPSConnection object at 0x000002633FFC6F90>: Failed to resolve 't.me' ([Errno 11001] getaddrinfo failed)"))
HTTPSConnectionPool(host='t.me', port=443): Max retries exceeded with url: /amtmedyaduyuru/2?embed=1&mode=tme (Caused by NameResolutionError("<urllib3.connection.HTTPSConnection object at 0x0000026340AB3C10>: Failed to resolve 't.me' ([Errno 11001] getaddrinfo failed)"))
HTTPSConnectionPool(host='t.me', port=443): Max retries exceeded with url: /amtmedyaduyuru/2?embed=1&mode=tme (Caused by NameResolutionError("<urllib3.connection.HTTPSConnection object at 0x0000026340C5C150>: Failed to resolve 't.me' ([Errno 11001] getaddrinfo failed)"))
HTTPSConnectionPool(host='t.me', port=443): Max retries exceeded with url: /amtmedyaduyuru/2?embed=1&mode=tme (Caused by NameResolutionError("<urllib3.connection.HTTPSConnection object at 0x000002633FF02090>: Failed to resolve 't.me' ([Errno 11001] getaddrinfo failed)"))
HTTPSConnectionPool(host='t.me', port=443): Max retries exceeded with url: /amtmedyaduyuru/2?embed=1&mode=tme (Caused by NameResolutionError("<urllib3.connection.HTTPSConnection object at 0x0000026340934E10>: Failed to resolve 't.me' ([Errno 11001] getaddrinfo failed)"))
HTTPSConnectionPool(host='t.me', port=443): Max retries exceeded with url: /amtmedyaduyuru/2?embed=1&mode=tme (Caused by NameResolutionError("<urllib3.connection.HTTPSConnection object at 0x0000026340909810>: Failed to resolve 't.me' ([Errno 11001] getaddrinfo failed)"))
HTTPSConnectionPool(host='t.me', port=443): Max retries exceeded with url: /amtmedyaduyuru/2?embed=1&mode=tme (Caused by NameResolutionError("<urllib3.connection.HTTPSConnection object at 0x000002633C744650>: Failed to resolve 't.me' ([Errno 11001] getaddrinfo failed)"))
HTTPSConnectionPool(host='t.me', port=443): Max retries exceeded with url: /amtmedyaduyuru/2?embed=1&mode=tme (Caused by NameResolutionError("<urllib3.connection.HTTPSConnection object at 0x0000026340DC3390>: Failed to resolve 't.me' ([Errno 11001] getaddrinfo failed)"))
HTTPSConnectionPool(host='t.me', port=443): Max retries exceeded with url: /amtmedyaduyuru/2?embed=1&mode=tme (Caused by NameResolutionError("<urllib3.connection.HTTPSConnection object at 0x000002633E302E50>: Failed to resolve 't.me' ([Errno 11001] getaddrinfo failed)"))
HTTPSConnectionPool(host='t.me', port=443): Max retries exceeded with url: /amtmedyaduyuru/2?embed=1&mode=tme (Caused by NameResolutionError("<urllib3.connection.HTTPSConnection object at 0x000002633C2A2F90>: Failed to resolve 't.me' ([Errno 11001] getaddrinfo failed)"))
HTTPSConnectionPool(host='t.me', port=443): Max retries exceeded with url: /amtmedyaduyuru/2?embed=1&mode=tme (Caused by NameResolutionError("<urllib3.connection.HTTPSConnection object at 0x0000026340178850>: Failed to resolve 't.me' ([Errno 11001] getaddrinfo failed)"))
HTTPSConnectionPool(host='t.me', port=443): Max retries exceeded with url: /amtmedyaduyuru/2?embed=1&mode=tme (Caused by NameResolutionError("<urllib3.connection.HTTPSConnection object at 0x000002633AB5AE90>: Failed to resolve 't.me' ([Errno 11001] getaddrinfo failed)"))
HTTPSConnectionPool(host='t.me', port=443): Max retries exceeded with url: /amtmedyaduyuru/2?embed=1&mode=tme (Caused by NameResolutionError("<urllib3.connection.HTTPSConnection object at 0x0000026340DF14D0>: Failed to resolve 't.me' ([Errno 11001] getaddrinfo failed)"))
HTTPSConnectionPool(host='t.me', port=443): Max retries exceeded with url: /amtmedyaduyuru/2?embed=1&mode=tme (Caused by NameResolutionError("<urllib3.connection.HTTPSConnection object at 0x000002634106E6D0>: Failed to resolve 't.me' ([Errno 11001] getaddrinfo failed)"))
HTTPSConnectionPool(host='t.me', port=443): Max retries exceeded with url: /amtmedyaduyuru/2?embed=1&mode=tme (Caused by NameResolutionError("<urllib3.connection.HTTPSConnection object at 0x0000026340B2DAD0>: Failed to resolve 't.me' ([Errno 11001] getaddrinfo failed)"))
HTTPSConnectionPool(host='t.me', port=443): Max retries exceeded with url: /amtmedyaduyuru/2?embed=1&mode=tme (Caused by NameResolutionError("<urllib3.connection.HTTPSConnection object at 0x000002633FBBDA10>: Failed to resolve 't.me' ([Errno 11001] getaddrinfo failed)"))
HTTPSConnectionPool(host='t.me', port=443): Max retries exceeded with url: /amtmedyaduyuru/2?embed=1&mode=tme (Caused by NameResolutionError("<urllib3.connection.HTTPSConnection object at 0x000002634011D010>: Failed to resolve 't.me' ([Errno 11001] getaddrinfo failed)"))
HTTPSConnectionPool(host='t.me', port=443): Max retries exceeded with url: /amtmedyaduyuru/2?embed=1&mode=tme (Caused by NameResolutionError("<urllib3.connection.HTTPSConnection object at 0x0000026340B07ED0>: Failed to resolve 't.me' ([Errno 11001] getaddrinfo failed)"))
HTTPSConnectionPool(host='t.me', port=443): Max retries exceeded with url: /amtmedyaduyuru/2?embed=1&mode=tme (Caused by NameResolutionError("<urllib3.connection.HTTPSConnection object at 0x0000026340DFC2D0>: Failed to resolve 't.me' ([Errno 11001] getaddrinfo failed)"))
HTTPSConnectionPool(host='t.me', port=443): Max retries exceeded with url: /amtmedyaduyuru/2?embed=1&mode=tme (Caused by NameResolutionError("<urllib3.connection.HTTPSConnection object at 0x0000026340880F90>: Failed to resolve 't.me' ([Errno 11001] getaddrinfo failed)"))
HTTPSConnectionPool(host='t.me', port=443): Max retries exceeded with url: /amtmedyaduyuru/2?embed=1&mode=tme (Caused by NameResolutionError("<urllib3.connection.HTTPSConnection object at 0x000002633E2AB050>: Failed to resolve 't.me' ([Errno 11001] getaddrinfo failed)"))
HTTPSConnectionPool(host='t.me', port=443): Max retries exceeded with url: /amtmedyaduyuru/2?embed=1&mode=tme (Caused by NameResolutionError("<urllib3.connection.HTTPSConnection object at 0x000002633F903150>: Failed to resolve 't.me' ([Errno 11001] getaddrinfo failed)"))
HTTPSConnectionPool(host='t.me', port=443): Max retries exceeded with url: /amtmedyaduyuru/2?embed=1&mode=tme (Caused by NameResolutionError("<urllib3.connection.HTTPSConnection object at 0x0000026340DB6DD0>: Failed to resolve 't.me' ([Errno 11001] getaddrinfo failed)"))
HTTPSConnectionPool(host='t.me', port=443): Max retries exceeded with url: /amtmedyaduyuru/2?embed=1&mode=tme (Caused by NameResolutionError("<urllib3.connection.HTTPSConnection object at 0x0000026340419D50>: Failed to resolve 't.me' ([Errno 11001] getaddrinfo failed)"))
HTTPSConnectionPool(host='t.me', port=443): Max retries exceeded with url: /amtmedyaduyuru/2?embed=1&mode=tme (Caused by NameResolutionError("<urllib3.connection.HTTPSConnection object at 0x00000263409EFAD0>: Failed to resolve 't.me' ([Errno 11001] getaddrinfo failed)"))
HTTPSConnectionPool(host='t.me', port=443): Max retries exceeded with url: /amtmedyaduyuru/2?embed=1&mode=tme (Caused by NameResolutionError("<urllib3.connection.HTTPSConnection object at 0x000002634050C910>: Failed to resolve 't.me' ([Errno 11001] getaddrinfo failed)"))
HTTPSConnectionPool(host='t.me', port=443): Max retries exceeded with url: /amtmedyaduyuru/2?embed=1&mode=tme (Caused by NameResolutionError("<urllib3.connection.HTTPSConnection object at 0x000002633E2A8E90>: Failed to resolve 't.me' ([Errno 11001] getaddrinfo failed)"))
HTTPSConnectionPool(host='t.me', port=443): Max retries exceeded with url: /amtmedyaduyuru/2?embed=1&mode=tme (Caused by NameResolutionError("<urllib3.connection.HTTPSConnection object at 0x000002634106E050>: Failed to resolve 't.me' ([Errno 11001] getaddrinfo failed)"))
HTTPSConnectionPool(host='t.me', port=443): Max retries exceeded with url: /amtmedyaduyuru/2?embed=1&mode=tme (Caused by NameResolutionError("<urllib3.connection.HTTPSConnection object at 0x000002634106CD10>: Failed to resolve 't.me' ([Errno 11001] getaddrinfo failed)"))
HTTPSConnectionPool(host='t.me', port=443): Max retries exceeded with url: /amtmedyaduyuru/2?embed=1&mode=tme (Caused by NameResolutionError("<urllib3.connection.HTTPSConnection object at 0x000002633C294FD0>: Failed to resolve 't.me' ([Errno 11001] getaddrinfo failed)"))
HTTPSConnectionPool(host='t.me', port=443): Max retries exceeded with url: /amtmedyaduyuru/2?embed=1&mode=tme (Caused by NameResolutionError("<urllib3.connection.HTTPSConnection object at 0x000002634106DF50>: Failed to resolve 't.me' ([Errno 11001] getaddrinfo failed)"))
HTTPSConnectionPool(host='t.me', port=443): Max retries exceeded with url: /amtmedyaduyuru/2?embed=1&mode=tme (Caused by NameResolutionError("<urllib3.connection.HTTPSConnection object at 0x000002634106CA10>: Failed to resolve 't.me' ([Errno 11001] getaddrinfo failed)"))
HTTPSConnectionPool(host='t.me', port=443): Max retries exceeded with url: /amtmedyaduyuru/2?embed=1&mode=tme (Caused by NameResolutionError("<urllib3.connection.HTTPSConnection object at 0x0000026340883410>: Failed to resolve 't.me' ([Errno 11001] getaddrinfo failed)"))
HTTPSConnectionPool(host='t.me', port=443): Max retries exceeded with url: /amtmedyaduyuru/2?embed=1&mode=tme (Caused by NameResolutionError("<urllib3.connection.HTTPSConnection object at 0x0000026340C12690>: Failed to resolve 't.me' ([Errno 11001] getaddrinfo failed)"))
HTTPSConnectionPool(host='t.me', port=443): Max retries exceeded with url: /amtmedyaduyuru/2?embed=1&mode=tme (Caused by NameResolutionError("<urllib3.connection.HTTPSConnection object at 0x0000026340B5D1D0>: Failed to resolve 't.me' ([Errno 11001] getaddrinfo failed)"))
HTTPSConnectionPool(host='t.me', port=443): Max retries exceeded with url: /amtmedyaduyuru/2?embed=1&mode=tme (Caused by NameResolutionError("<urllib3.connection.HTTPSConnection object at 0x000002634108C410>: Failed to resolve 't.me' ([Errno 11001] getaddrinfo failed)"))
HTTPSConnectionPool(host='t.me', port=443): Max retries exceeded with url: /amtmedyaduyuru/2?embed=1&mode=tme (Caused by NameResolutionError("<urllib3.connection.HTTPSConnection object at 0x000002633FA02AD0>: Failed to resolve 't.me' ([Errno 11001] getaddrinfo failed)"))
HTTPSConnectionPool(host='t.me', port=443): Max retries exceeded with url: /amtmedyaduyuru/2?embed=1&mode=tme (Caused by NameResolutionError("<urllib3.connection.HTTPSConnection object at 0x00000263404AD590>: Failed to resolve 't.me' ([Errno 11001] getaddrinfo failed)"))
HTTPSConnectionPool(host='t.me', port=443): Max retries exceeded with url: /amtmedyaduyuru/2?embed=1&mode=tme (Caused by NameResolutionError("<urllib3.connection.HTTPSConnection object at 0x000002634106F690>: Failed to resolve 't.me' ([Errno 11001] getaddrinfo failed)"))
HTTPSConnectionPool(host='t.me', port=443): Max retries exceeded with url: /amtmedyaduyuru/2?embed=1&mode=tme (Caused by NameResolutionError("<urllib3.connection.HTTPSConnection object at 0x00000263407F1410>: Failed to resolve 't.me' ([Errno 11001] getaddrinfo failed)"))
HTTPSConnectionPool(host='t.me', port=443): Max retries exceeded with url: /amtmedyaduyuru/2?embed=1&mode=tme (Caused by NameResolutionError("<urllib3.connection.HTTPSConnection object at 0x000002633A4E2110>: Failed to resolve 't.me' ([Errno 11001] getaddrinfo failed)"))
HTTPSConnectionPool(host='t.me', port=443): Max retries exceeded with url: /amtmedyaduyuru/2?embed=1&mode=tme (Caused by NameResolutionError("<urllib3.connection.HTTPSConnection object at 0x00000263407AE950>: Failed to resolve 't.me' ([Errno 11001] getaddrinfo failed)"))
HTTPSConnectionPool(host='t.me', port=443): Max retries exceeded with url: /amtmedyaduyuru/2?embed=1&mode=tme (Caused by NameResolutionError("<urllib3.connection.HTTPSConnection object at 0x000002634108D290>: Failed to resolve 't.me' ([Errno 11001] getaddrinfo failed)"))
HTTPSConnectionPool(host='t.me', port=443): Max retries exceeded with url: /amtmedyaduyuru/2?embed=1&mode=tme (Caused by NameResolutionError("<urllib3.connection.HTTPSConnection object at 0x000002634108EDD0>: Failed to resolve 't.me' ([Errno 11001] getaddrinfo failed)"))
HTTPSConnectionPool(host='t.me', port=443): Max retries exceeded with url: /amtmedyaduyuru/2?embed=1&mode=tme (Caused by NameResolutionError("<urllib3.connection.HTTPSConnection object at 0x0000026341094B10>: Failed to resolve 't.me' ([Errno 11001] getaddrinfo failed)"))
HTTPSConnectionPool(host='t.me', port=443): Max retries exceeded with url: /amtmedyaduyuru/2?embed=1&mode=tme (Caused by NameResolutionError("<urllib3.connection.HTTPSConnection object at 0x000002634108E2D0>: Failed to resolve 't.me' ([Errno 11001] getaddrinfo failed)"))
HTTPSConnectionPool(host='t.me', port=443): Max retries exceeded with url: /amtmedyaduyuru/2?embed=1&mode=tme (Caused by NameResolutionError("<urllib3.connection.HTTPSConnection object at 0x000002634108E190>: Failed to resolve 't.me' ([Errno 11001] getaddrinfo failed)"))
HTTPSConnectionPool(host='t.me', port=443): Max retries exceeded with url: /amtmedyaduyuru/2?embed=1&mode=tme (Caused by NameResolutionError("<urllib3.connection.HTTPSConnection object at 0x000002634108C950>: Failed to resolve 't.me' ([Errno 11001] getaddrinfo failed)"))
HTTPSConnectionPool(host='t.me', port=443): Max retries exceeded with url: /amtmedyaduyuru/2?embed=1&mode=tme (Caused by NameResolutionError("<urllib3.connection.HTTPSConnection object at 0x0000026340E087D0>: Failed to resolve 't.me' ([Errno 11001] getaddrinfo failed)"))
HTTPSConnectionPool(host='t.me', port=443): Max retries exceeded with url: /amtmedyaduyuru/2?embed=1&mode=tme (Caused by NameResolutionError("<urllib3.connection.HTTPSConnection object at 0x0000026340154190>: Failed to resolve 't.me' ([Errno 11001] getaddrinfo failed)"))
HTTPSConnectionPool(host='t.me', port=443): Max retries exceeded with url: /amtmedyaduyuru/2?embed=1&mode=tme (Caused by NameResolutionError("<urllib3.connection.HTTPSConnection object at 0x0000026341094610>: Failed to resolve 't.me' ([Errno 11001] getaddrinfo failed)"))
HTTPSConnectionPool(host='t.me', port=443): Max retries exceeded with url: /amtmedyaduyuru/2?embed=1&mode=tme (Caused by NameResolutionError("<urllib3.connection.HTTPSConnection object at 0x000002633FE99B10>: Failed to resolve 't.me' ([Errno 11001] getaddrinfo failed)"))
HTTPSConnectionPool(host='t.me', port=443): Max retries exceeded with url: /amtmedyaduyuru/2?embed=1&mode=tme (Caused by NameResolutionError("<urllib3.connection.HTTPSConnection object at 0x00000263408C3510>: Failed to resolve 't.me' ([Errno 11001] getaddrinfo failed)"))
HTTPSConnectionPool(host='t.me', port=443): Max retries exceeded with url: /amtmedyaduyuru/2?embed=1&mode=tme (Caused by NameResolutionError("<urllib3.connection.HTTPSConnection object at 0x0000026340406050>: Failed to resolve 't.me' ([Errno 11001] getaddrinfo failed)"))
HTTPSConnectionPool(host='t.me', port=443): Max retries exceeded with url: /amtmedyaduyuru/2?embed=1&mode=tme (Caused by NameResolutionError("<urllib3.connection.HTTPSConnection object at 0x0000026340E083D0>: Failed to resolve 't.me' ([Errno 11001] getaddrinfo failed)"))
HTTPSConnectionPool(host='t.me', port=443): Max retries exceeded with url: /amtmedyaduyuru/2?embed=1&mode=tme (Caused by NameResolutionError("<urllib3.connection.HTTPSConnection object at 0x000002634108C990>: Failed to resolve 't.me' ([Errno 11001] getaddrinfo failed)"))
HTTPSConnectionPool(host='t.me', port=443): Max retries exceeded with url: /amtmedyaduyuru/2?embed=1&mode=tme (Caused by NameResolutionError("<urllib3.connection.HTTPSConnection object at 0x000002634108F390>: Failed to resolve 't.me' ([Errno 11001] getaddrinfo failed)"))
HTTPSConnectionPool(host='t.me', port=443): Max retries exceeded with url: /amtmedyaduyuru/2?embed=1&mode=tme (Caused by NameResolutionError("<urllib3.connection.HTTPSConnection object at 0x0000026340129790>: Failed to resolve 't.me' ([Errno 11001] getaddrinfo failed)"))
HTTPSConnectionPool(host='t.me', port=443): Max retries exceeded with url: /amtmedyaduyuru/2?embed=1&mode=tme (Caused by NameResolutionError("<urllib3.connection.HTTPSConnection object at 0x000002634108E350>: Failed to resolve 't.me' ([Errno 11001] getaddrinfo failed)"))
HTTPSConnectionPool(host='t.me', port=443): Max retries exceeded with url: /amtmedyaduyuru/2?embed=1&mode=tme (Caused by NameResolutionError("<urllib3.connection.HTTPSConnection object at 0x000002634108C550>: Failed to resolve 't.me' ([Errno 11001] getaddrinfo failed)"))
HTTPSConnectionPool(host='t.me', port=443): Max retries exceeded with url: /amtmedyaduyuru/2?embed=1&mode=tme (Caused by NameResolutionError("<urllib3.connection.HTTPSConnection object at 0x0000026340E09E10>: Failed to resolve 't.me' ([Errno 11001] getaddrinfo failed)"))
HTTPSConnectionPool(host='t.me', port=443): Max retries exceeded with url: /amtmedyaduyuru/2?embed=1&mode=tme (Caused by NameResolutionError("<urllib3.connection.HTTPSConnection object at 0x0000026340EF9350>: Failed to resolve 't.me' ([Errno 11001] getaddrinfo failed)"))
HTTPSConnectionPool(host='t.me', port=443): Max retries exceeded with url: /amtmedyaduyuru/2?embed=1&mode=tme (Caused by NameResolutionError("<urllib3.connection.HTTPSConnection object at 0x000002633A4E2C50>: Failed to resolve 't.me' ([Errno 11001] getaddrinfo failed)"))
HTTPSConnectionPool(host='t.me', port=443): Max retries exceeded with url: /amtmedyaduyuru/2?embed=1&mode=tme (Caused by NameResolutionError("<urllib3.connection.HTTPSConnection object at 0x000002633FEF0750>: Failed to resolve 't.me' ([Errno 11001] getaddrinfo failed)"))
HTTPSConnectionPool(host='t.me', port=443): Max retries exceeded with url: /amtmedyaduyuru/2?embed=1&mode=tme (Caused by NameResolutionError("<urllib3.connection.HTTPSConnection object at 0x0000026340DFF290>: Failed to resolve 't.me' ([Errno 11001] getaddrinfo failed)"))
HTTPSConnectionPool(host='t.me', port=443): Max retries exceeded with url: /amtmedyaduyuru/2?embed=1&mode=tme (Caused by NameResolutionError("<urllib3.connection.HTTPSConnection object at 0x00000263409C2D90>: Failed to resolve 't.me' ([Errno 11001] getaddrinfo failed)"))
HTTPSConnectionPool(host='t.me', port=443): Max retries exceeded with url: /amtmedyaduyuru/2?embed=1&mode=tme (Caused by NameResolutionError("<urllib3.connection.HTTPSConnection object at 0x000002633FE06650>: Failed to resolve 't.me' ([Errno 11001] getaddrinfo failed)"))
HTTPSConnectionPool(host='t.me', port=443): Max retries exceeded with url: /amtmedyaduyuru/2?embed=1&mode=tme (Caused by NameResolutionError("<urllib3.connection.HTTPSConnection object at 0x000002633FE80490>: Failed to resolve 't.me' ([Errno 11001] getaddrinfo failed)"))
HTTPSConnectionPool(host='t.me', port=443): Max retries exceeded with url: /amtmedyaduyuru/2?embed=1&mode=tme (Caused by NameResolutionError("<urllib3.connection.HTTPSConnection object at 0x000002634108CD90>: Failed to resolve 't.me' ([Errno 11001] getaddrinfo failed)"))
HTTPSConnectionPool(host='t.me', port=443): Max retries exceeded with url: /amtmedyaduyuru/2?embed=1&mode=tme (Caused by NameResolutionError("<urllib3.connection.HTTPSConnection object at 0x0000026340827F10>: Failed to resolve 't.me' ([Errno 11001] getaddrinfo failed)"))
HTTPSConnectionPool(host='t.me', port=443): Max retries exceeded with url: /amtmedyaduyuru/2?embed=1&mode=tme (Caused by NameResolutionError("<urllib3.connection.HTTPSConnection object at 0x0000026340E09950>: Failed to resolve 't.me' ([Errno 11001] getaddrinfo failed)"))
HTTPSConnectionPool(host='t.me', port=443): Max retries exceeded with url: /amtmedyaduyuru/2?embed=1&mode=tme (Caused by NameResolutionError("<urllib3.connection.HTTPSConnection object at 0x000002633E121D50>: Failed to resolve 't.me' ([Errno 11001] getaddrinfo failed)"))
HTTPSConnectionPool(host='t.me', port=443): Max retries exceeded with url: /amtmedyaduyuru/2?embed=1&mode=tme (Caused by NameResolutionError("<urllib3.connection.HTTPSConnection object at 0x000002633BB4AD50>: Failed to resolve 't.me' ([Errno 11001] getaddrinfo failed)"))
HTTPSConnectionPool(host='t.me', port=443): Max retries exceeded with url: /amtmedyaduyuru/2?embed=1&mode=tme (Caused by NameResolutionError("<urllib3.connection.HTTPSConnection object at 0x0000026340584310>: Failed to resolve 't.me' ([Errno 11001] getaddrinfo failed)"))
HTTPSConnectionPool(host='t.me', port=443): Max retries exceeded with url: /amtmedyaduyuru/2?embed=1&mode=tme (Caused by NameResolutionError("<urllib3.connection.HTTPSConnection object at 0x00000263366DDDD0>: Failed to resolve 't.me' ([Errno 11001] getaddrinfo failed)"))
HTTPSConnectionPool(host='t.me', port=443): Max retries exceeded with url: /amtmedyaduyuru/2?embed=1&mode=tme (Caused by NameResolutionError("<urllib3.connection.HTTPSConnection object at 0x000002633FB5BE90>: Failed to resolve 't.me' ([Errno 11001] getaddrinfo failed)"))
HTTPSConnectionPool(host='t.me', port=443): Max retries exceeded with url: /amtmedyaduyuru/2?embed=1&mode=tme (Caused by NameResolutionError("<urllib3.connection.HTTPSConnection object at 0x0000026340A5A910>: Failed to resolve 't.me' ([Errno 11001] getaddrinfo failed)"))
HTTPSConnectionPool(host='t.me', port=443): Max retries exceeded with url: /amtmedyaduyuru/2?embed=1&mode=tme (Caused by NameResolutionError("<urllib3.connection.HTTPSConnection object at 0x00000263409C3F50>: Failed to resolve 't.me' ([Errno 11001] getaddrinfo failed)"))
HTTPSConnectionPool(host='t.me', port=443): Max retries exceeded with url: /amtmedyaduyuru/2?embed=1&mode=tme (Caused by NameResolutionError("<urllib3.connection.HTTPSConnection object at 0x000002633F7C0710>: Failed to resolve 't.me' ([Errno 11001] getaddrinfo failed)"))
HTTPSConnectionPool(host='t.me', port=443): Max retries exceeded with url: /amtmedyaduyuru/2?embed=1&mode=tme (Caused by NameResolutionError("<urllib3.connection.HTTPSConnection object at 0x0000026340405F10>: Failed to resolve 't.me' ([Errno 11001] getaddrinfo failed)"))
HTTPSConnectionPool(host='t.me', port=443): Max retries exceeded with url: /amtmedyaduyuru/2?embed=1&mode=tme (Caused by NameResolutionError("<urllib3.connection.HTTPSConnection object at 0x0000026340E09010>: Failed to resolve 't.me' ([Errno 11001] getaddrinfo failed)"))
HTTPSConnectionPool(host='t.me', port=443): Max retries exceeded with url: /amtmedyaduyuru/2?embed=1&mode=tme (Caused by NameResolutionError("<urllib3.connection.HTTPSConnection object at 0x000002634108D990>: Failed to resolve 't.me' ([Errno 11001] getaddrinfo failed)"))
HTTPSConnectionPool(host='t.me', port=443): Max retries exceeded with url: /amtmedyaduyuru/2?embed=1&mode=tme (Caused by NameResolutionError("<urllib3.connection.HTTPSConnection object at 0x0000026340E08A50>: Failed to resolve 't.me' ([Errno 11001] getaddrinfo failed)"))
HTTPSConnectionPool(host='t.me', port=443): Max retries exceeded with url: /amtmedyaduyuru/2?embed=1&mode=tme (Caused by NameResolutionError("<urllib3.connection.HTTPSConnection object at 0x000002633F852A10>: Failed to resolve 't.me' ([Errno 11001] getaddrinfo failed)"))
HTTPSConnectionPool(host='t.me', port=443): Max retries exceeded with url: /amtmedyaduyuru/2?embed=1&mode=tme (Caused by NameResolutionError("<urllib3.connection.HTTPSConnection object at 0x00000263409C3090>: Failed to resolve 't.me' ([Errno 11001] getaddrinfo failed)"))
HTTPSConnectionPool(host='t.me', port=443): Max retries exceeded with url: /amtmedyaduyuru/2?embed=1&mode=tme (Caused by NameResolutionError("<urllib3.connection.HTTPSConnection object at 0x0000026340DFE150>: Failed to resolve 't.me' ([Errno 11001] getaddrinfo failed)"))
HTTPSConnectionPool(host='t.me', port=443): Max retries exceeded with url: /amtmedyaduyuru/2?embed=1&mode=tme (Caused by NameResolutionError("<urllib3.connection.HTTPSConnection object at 0x000002633AEA2A90>: Failed to resolve 't.me' ([Errno 11001] getaddrinfo failed)"))
HTTPSConnectionPool(host='t.me', port=443): Max retries exceeded with url: /amtmedyaduyuru/2?embed=1&mode=tme (Caused by NameResolutionError("<urllib3.connection.HTTPSConnection object at 0x00000263409C1CD0>: Failed to resolve 't.me' ([Errno 11001] getaddrinfo failed)"))
HTTPSConnectionPool(host='t.me', port=443): Max retries exceeded with url: /amtmedyaduyuru/2?embed=1&mode=tme (Caused by NameResolutionError("<urllib3.connection.HTTPSConnection object at 0x000002633AEE3550>: Failed to resolve 't.me' ([Errno 11001] getaddrinfo failed)"))
HTTPSConnectionPool(host='t.me', port=443): Max retries exceeded with url: /amtmedyaduyuru/2?embed=1&mode=tme (Caused by NameResolutionError("<urllib3.connection.HTTPSConnection object at 0x00000263407F1410>: Failed to resolve 't.me' ([Errno 11001] getaddrinfo failed)"))
HTTPSConnectionPool(host='t.me', port=443): Max retries exceeded with url: /amtmedyaduyuru/2?embed=1&mode=tme (Caused by NameResolutionError("<urllib3.connection.HTTPSConnection object at 0x000002634108E150>: Failed to resolve 't.me' ([Errno 11001] getaddrinfo failed)"))
HTTPSConnectionPool(host='t.me', port=443): Max retries exceeded with url: /amtmedyaduyuru/2?embed=1&mode=tme (Caused by NameResolutionError("<urllib3.connection.HTTPSConnection object at 0x000002634106C6D0>: Failed to resolve 't.me' ([Errno 11001] getaddrinfo failed)"))
HTTPSConnectionPool(host='t.me', port=443): Max retries exceeded with url: /amtmedyaduyuru/2?embed=1&mode=tme (Caused by NameResolutionError("<urllib3.connection.HTTPSConnection object at 0x000002634106E890>: Failed to resolve 't.me' ([Errno 11001] getaddrinfo failed)"))
HTTPSConnectionPool(host='t.me', port=443): Max retries exceeded with url: /amtmedyaduyuru/2?embed=1&mode=tme (Caused by NameResolutionError("<urllib3.connection.HTTPSConnection object at 0x000002633B6B46D0>: Failed to resolve 't.me' ([Errno 11001] getaddrinfo failed)"))
HTTPSConnectionPool(host='t.me', port=443): Max retries exceeded with url: /amtmedyaduyuru/2?embed=1&mode=tme (Caused by NameResolutionError("<urllib3.connection.HTTPSConnection object at 0x0000026340F10C10>: Failed to resolve 't.me' ([Errno 11001] getaddrinfo failed)"))
HTTPSConnectionPool(host='t.me', port=443): Max retries exceeded with url: /amtmedyaduyuru/2?embed=1&mode=tme (Caused by NameResolutionError("<urllib3.connection.HTTPSConnection object at 0x0000026340F11D10>: Failed to resolve 't.me' ([Errno 11001] getaddrinfo failed)"))
HTTPSConnectionPool(host='t.me', port=443): Max retries exceeded with url: /amtmedyaduyuru/2?embed=1&mode=tme (Caused by NameResolutionError("<urllib3.connection.HTTPSConnection object at 0x000002633FA73890>: Failed to resolve 't.me' ([Errno 11001] getaddrinfo failed)"))
HTTPSConnectionPool(host='t.me', port=443): Max retries exceeded with url: /amtmedyaduyuru/2?embed=1&mode=tme (Caused by NameResolutionError("<urllib3.connection.HTTPSConnection object at 0x0000026340827F10>: Failed to resolve 't.me' ([Errno 11001] getaddrinfo failed)"))
HTTPSConnectionPool(host='t.me', port=443): Max retries exceeded with url: /amtmedyaduyuru/2?embed=1&mode=tme (Caused by NameResolutionError("<urllib3.connection.HTTPSConnection object at 0x000002633FE9B550>: Failed to resolve 't.me' ([Errno 11001] getaddrinfo failed)"))
HTTPSConnectionPool(host='t.me', port=443): Max retries exceeded with url: /amtmedyaduyuru/2?embed=1&mode=tme (Caused by NameResolutionError("<urllib3.connection.HTTPSConnection object at 0x000002634108E990>: Failed to resolve 't.me' ([Errno 11001] getaddrinfo failed)"))
HTTPSConnectionPool(host='t.me', port=443): Max retries exceeded with url: /amtmedyaduyuru/2?embed=1&mode=tme (Caused by NameResolutionError("<urllib3.connection.HTTPSConnection object at 0x000002634108C190>: Failed to resolve 't.me' ([Errno 11001] getaddrinfo failed)"))
HTTPSConnectionPool(host='t.me', port=443): Max retries exceeded with url: /amtmedyaduyuru/2?embed=1&mode=tme (Caused by NameResolutionError("<urllib3.connection.HTTPSConnection object at 0x0000026340B2C3D0>: Failed to resolve 't.me' ([Errno 11001] getaddrinfo failed)"))
HTTPSConnectionPool(host='t.me', port=443): Max retries exceeded with url: /amtmedyaduyuru/2?embed=1&mode=tme (Caused by NameResolutionError("<urllib3.connection.HTTPSConnection object at 0x000002633DFDBFD0>: Failed to resolve 't.me' ([Errno 11001] getaddrinfo failed)"))
HTTPSConnectionPool(host='t.me', port=443): Max retries exceeded with url: /amtmedyaduyuru/2?embed=1&mode=tme (Caused by NameResolutionError("<urllib3.connection.HTTPSConnection object at 0x000002633DFB7CD0>: Failed to resolve 't.me' ([Errno 11001] getaddrinfo failed)"))
HTTPSConnectionPool(host='t.me', port=443): Max retries exceeded with url: /amtmedyaduyuru/2?embed=1&mode=tme (Caused by NameResolutionError("<urllib3.connection.HTTPSConnection object at 0x000002634108EF10>: Failed to resolve 't.me' ([Errno 11001] getaddrinfo failed)"))
HTTPSConnectionPool(host='t.me', port=443): Max retries exceeded with url: /amtmedyaduyuru/2?embed=1&mode=tme (Caused by NameResolutionError("<urllib3.connection.HTTPSConnection object at 0x000002634106CAD0>: Failed to resolve 't.me' ([Errno 11001] getaddrinfo failed)"))
HTTPSConnectionPool(host='t.me', port=443): Max retries exceeded with url: /amtmedyaduyuru/2?embed=1&mode=tme (Caused by NameResolutionError("<urllib3.connection.HTTPSConnection object at 0x0000026338DE9C50>: Failed to resolve 't.me' ([Errno 11001] getaddrinfo failed)"))
HTTPSConnectionPool(host='t.me', port=443): Max retries exceeded with url: /amtmedyaduyuru/2?embed=1&mode=tme (Caused by NameResolutionError("<urllib3.connection.HTTPSConnection object at 0x0000026340B70510>: Failed to resolve 't.me' ([Errno 11001] getaddrinfo failed)"))
HTTPSConnectionPool(host='t.me', port=443): Max retries exceeded with url: /amtmedyaduyuru/2?embed=1&mode=tme (Caused by NameResolutionError("<urllib3.connection.HTTPSConnection object at 0x000002633FC17C90>: Failed to resolve 't.me' ([Errno 11001] getaddrinfo failed)"))
HTTPSConnectionPool(host='t.me', port=443): Max retries exceeded with url: /amtmedyaduyuru/2?embed=1&mode=tme (Caused by NameResolutionError("<urllib3.connection.HTTPSConnection object at 0x000002634106E6D0>: Failed to resolve 't.me' ([Errno 11001] getaddrinfo failed)"))
HTTPSConnectionPool(host='t.me', port=443): Max retries exceeded with url: /amtmedyaduyuru/2?embed=1&mode=tme (Caused by NameResolutionError("<urllib3.connection.HTTPSConnection object at 0x000002634108E650>: Failed to resolve 't.me' ([Errno 11001] getaddrinfo failed)"))
HTTPSConnectionPool(host='t.me', port=443): Max retries exceeded with url: /amtmedyaduyuru/2?embed=1&mode=tme (Caused by NameResolutionError("<urllib3.connection.HTTPSConnection object at 0x000002633A78F3D0>: Failed to resolve 't.me' ([Errno 11001] getaddrinfo failed)"))
HTTPSConnectionPool(host='t.me', port=443): Max retries exceeded with url: /amtmedyaduyuru/2?embed=1&mode=tme (Caused by NameResolutionError("<urllib3.connection.HTTPSConnection object at 0x000002634011E210>: Failed to resolve 't.me' ([Errno 11001] getaddrinfo failed)"))
HTTPSConnectionPool(host='t.me', port=443): Max retries exceeded with url: /amtmedyaduyuru/2?embed=1&mode=tme (Caused by NameResolutionError("<urllib3.connection.HTTPSConnection object at 0x0000026340F10A10>: Failed to resolve 't.me' ([Errno 11001] getaddrinfo failed)"))
HTTPSConnectionPool(host='t.me', port=443): Max retries exceeded with url: /amtmedyaduyuru/2?embed=1&mode=tme (Caused by NameResolutionError("<urllib3.connection.HTTPSConnection object at 0x0000026340877E50>: Failed to resolve 't.me' ([Errno 11001] getaddrinfo failed)"))
HTTPSConnectionPool(host='t.me', port=443): Max retries exceeded with url: /amtmedyaduyuru/2?embed=1&mode=tme (Caused by NameResolutionError("<urllib3.connection.HTTPSConnection object at 0x00000263409A9990>: Failed to resolve 't.me' ([Errno 11001] getaddrinfo failed)"))
HTTPSConnectionPool(host='t.me', port=443): Max retries exceeded with url: /amtmedyaduyuru/2?embed=1&mode=tme (Caused by NameResolutionError("<urllib3.connection.HTTPSConnection object at 0x000002633716F7D0>: Failed to resolve 't.me' ([Errno 11001] getaddrinfo failed)"))
HTTPSConnectionPool(host='t.me', port=443): Max retries exceeded with url: /amtmedyaduyuru/2?embed=1&mode=tme (Caused by NameResolutionError("<urllib3.connection.HTTPSConnection object at 0x000002633FAA1990>: Failed to resolve 't.me' ([Errno 11001] getaddrinfo failed)"))
HTTPSConnectionPool(host='t.me', port=443): Max retries exceeded with url: /amtmedyaduyuru/2?embed=1&mode=tme (Caused by NameResolutionError("<urllib3.connection.HTTPSConnection object at 0x000002634108D3D0>: Failed to resolve 't.me' ([Errno 11001] getaddrinfo failed)"))
HTTPSConnectionPool(host='t.me', port=443): Max retries exceeded with url: /amtmedyaduyuru/2?embed=1&mode=tme (Caused by NameResolutionError("<urllib3.connection.HTTPSConnection object at 0x000002634106CD90>: Failed to resolve 't.me' ([Errno 11001] getaddrinfo failed)"))
HTTPSConnectionPool(host='t.me', port=443): Max retries exceeded with url: /amtmedyaduyuru/2?embed=1&mode=tme (Caused by NameResolutionError("<urllib3.connection.HTTPSConnection object at 0x00000263403C8D90>: Failed to resolve 't.me' ([Errno 11001] getaddrinfo failed)"))
HTTPSConnectionPool(host='t.me', port=443): Max retries exceeded with url: /amtmedyaduyuru/2?embed=1&mode=tme (Caused by NameResolutionError("<urllib3.connection.HTTPSConnection object at 0x00000263408A3490>: Failed to resolve 't.me' ([Errno 11001] getaddrinfo failed)"))
HTTPSConnectionPool(host='t.me', port=443): Max retries exceeded with url: /amtmedyaduyuru/2?embed=1&mode=tme (Caused by NameResolutionError("<urllib3.connection.HTTPSConnection object at 0x000002633E0D1710>: Failed to resolve 't.me' ([Errno 11001] getaddrinfo failed)"))
HTTPSConnectionPool(host='t.me', port=443): Max retries exceeded with url: /amtmedyaduyuru/2?embed=1&mode=tme (Caused by NameResolutionError("<urllib3.connection.HTTPSConnection object at 0x000002633FF57A10>: Failed to resolve 't.me' ([Errno 11001] getaddrinfo failed)"))
HTTPSConnectionPool(host='t.me', port=443): Max retries exceeded with url: /amtmedyaduyuru/2?embed=1&mode=tme (Caused by NameResolutionError("<urllib3.connection.HTTPSConnection object at 0x0000026340E09D50>: Failed to resolve 't.me' ([Errno 11001] getaddrinfo failed)"))
HTTPSConnectionPool(host='t.me', port=443): Max retries exceeded with url: /amtmedyaduyuru/2?embed=1&mode=tme (Caused by NameResolutionError("<urllib3.connection.HTTPSConnection object at 0x0000026340DFE6D0>: Failed to resolve 't.me' ([Errno 11001] getaddrinfo failed)"))
HTTPSConnectionPool(host='t.me', port=443): Max retries exceeded with url: /amtmedyaduyuru/2?embed=1&mode=tme (Caused by NameResolutionError("<urllib3.connection.HTTPSConnection object at 0x000002633FEF8190>: Failed to resolve 't.me' ([Errno 11001] getaddrinfo failed)"))
HTTPSConnectionPool(host='t.me', port=443): Max retries exceeded with url: /amtmedyaduyuru/2?embed=1&mode=tme (Caused by NameResolutionError("<urllib3.connection.HTTPSConnection object at 0x0000026340B17810>: Failed to resolve 't.me' ([Errno 11001] getaddrinfo failed)"))
HTTPSConnectionPool(host='t.me', port=443): Max retries exceeded with url: /amtmedyaduyuru/2?embed=1&mode=tme (Caused by NameResolutionError("<urllib3.connection.HTTPSConnection object at 0x000002634106C750>: Failed to resolve 't.me' ([Errno 11001] getaddrinfo failed)"))
HTTPSConnectionPool(host='t.me', port=443): Max retries exceeded with url: /amtmedyaduyuru/2?embed=1&mode=tme (Caused by NameResolutionError("<urllib3.connection.HTTPSConnection object at 0x000002634108C650>: Failed to resolve 't.me' ([Errno 11001] getaddrinfo failed)"))
HTTPSConnectionPool(host='t.me', port=443): Max retries exceeded with url: /amtmedyaduyuru/2?embed=1&mode=tme (Caused by NameResolutionError("<urllib3.connection.HTTPSConnection object at 0x00000263407E01D0>: Failed to resolve 't.me' ([Errno 11001] getaddrinfo failed)"))
HTTPSConnectionPool(host='t.me', port=443): Max retries exceeded with url: /amtmedyaduyuru/2?embed=1&mode=tme (Caused by NameResolutionError("<urllib3.connection.HTTPSConnection object at 0x0000026340C504D0>: Failed to resolve 't.me' ([Errno 11001] getaddrinfo failed)"))
HTTPSConnectionPool(host='t.me', port=443): Max retries exceeded with url: /amtmedyaduyuru/2?embed=1&mode=tme (Caused by NameResolutionError("<urllib3.connection.HTTPSConnection object at 0x000002634011CA10>: Failed to resolve 't.me' ([Errno 11001] getaddrinfo failed)"))
HTTPSConnectionPool(host='t.me', port=443): Max retries exceeded with url: /amtmedyaduyuru/2?embed=1&mode=tme (Caused by NameResolutionError("<urllib3.connection.HTTPSConnection object at 0x00000263408A2A50>: Failed to resolve 't.me' ([Errno 11001] getaddrinfo failed)"))
HTTPSConnectionPool(host='t.me', port=443): Max retries exceeded with url: /amtmedyaduyuru/2?embed=1&mode=tme (Caused by NameResolutionError("<urllib3.connection.HTTPSConnection object at 0x0000026340490C10>: Failed to resolve 't.me' ([Errno 11001] getaddrinfo failed)"))
HTTPSConnectionPool(host='t.me', port=443): Max retries exceeded with url: /amtmedyaduyuru/2?embed=1&mode=tme (Caused by NameResolutionError("<urllib3.connection.HTTPSConnection object at 0x000002634106D0D0>: Failed to resolve 't.me' ([Errno 11001] getaddrinfo failed)"))
HTTPSConnectionPool(host='t.me', port=443): Max retries exceeded with url: /amtmedyaduyuru/2?embed=1&mode=tme (Caused by NameResolutionError("<urllib3.connection.HTTPSConnection object at 0x000002634039AD90>: Failed to resolve 't.me' ([Errno 11001] getaddrinfo failed)"))
HTTPSConnectionPool(host='t.me', port=443): Max retries exceeded with url: /amtmedyaduyuru/2?embed=1&mode=tme (Caused by NameResolutionError("<urllib3.connection.HTTPSConnection object at 0x0000026340452CD0>: Failed to resolve 't.me' ([Errno 11001] getaddrinfo failed)"))
HTTPSConnectionPool(host='t.me', port=443): Max retries exceeded with url: /amtmedyaduyuru/2?embed=1&mode=tme (Caused by NameResolutionError("<urllib3.connection.HTTPSConnection object at 0x0000026340880690>: Failed to resolve 't.me' ([Errno 11001] getaddrinfo failed)"))
HTTPSConnectionPool(host='t.me', port=443): Max retries exceeded with url: /amtmedyaduyuru/2?embed=1&mode=tme (Caused by NameResolutionError("<urllib3.connection.HTTPSConnection object at 0x000002633FB82950>: Failed to resolve 't.me' ([Errno 11001] getaddrinfo failed)"))
HTTPSConnectionPool(host='t.me', port=443): Max retries exceeded with url: /amtmedyaduyuru/2?embed=1&mode=tme (Caused by NameResolutionError("<urllib3.connection.HTTPSConnection object at 0x000002634108DD50>: Failed to resolve 't.me' ([Errno 11001] getaddrinfo failed)"))
HTTPSConnectionPool(host='t.me', port=443): Max retries exceeded with url: /amtmedyaduyuru/2?embed=1&mode=tme (Caused by NameResolutionError("<urllib3.connection.HTTPSConnection object at 0x000002634108F050>: Failed to resolve 't.me' ([Errno 11001] getaddrinfo failed)"))
HTTPSConnectionPool(host='t.me', port=443): Max retries exceeded with url: /amtmedyaduyuru/2?embed=1&mode=tme (Caused by NameResolutionError("<urllib3.connection.HTTPSConnection object at 0x00000263405FF490>: Failed to resolve 't.me' ([Errno 11001] getaddrinfo failed)"))
HTTPSConnectionPool(host='t.me', port=443): Max retries exceeded with url: /amtmedyaduyuru/2?embed=1&mode=tme (Caused by NameResolutionError("<urllib3.connection.HTTPSConnection object at 0x000002634064C890>: Failed to resolve 't.me' ([Errno 11001] getaddrinfo failed)"))
HTTPSConnectionPool(host='t.me', port=443): Max retries exceeded with url: /amtmedyaduyuru/2?embed=1&mode=tme (Caused by NameResolutionError("<urllib3.connection.HTTPSConnection object at 0x000002633E028E50>: Failed to resolve 't.me' ([Errno 11001] getaddrinfo failed)"))
HTTPSConnectionPool(host='t.me', port=443): Max retries exceeded with url: /amtmedyaduyuru/2?embed=1&mode=tme (Caused by NameResolutionError("<urllib3.connection.HTTPSConnection object at 0x000002634094C690>: Failed to resolve 't.me' ([Errno 11001] getaddrinfo failed)"))
HTTPSConnectionPool(host='t.me', port=443): Max retries exceeded with url: /amtmedyaduyuru/2?embed=1&mode=tme (Caused by NameResolutionError("<urllib3.connection.HTTPSConnection object at 0x000002633E370210>: Failed to resolve 't.me' ([Errno 11001] getaddrinfo failed)"))
HTTPSConnectionPool(host='t.me', port=443): Max retries exceeded with url: /amtmedyaduyuru/2?embed=1&mode=tme (Caused by NameResolutionError("<urllib3.connection.HTTPSConnection object at 0x0000026340ACD010>: Failed to resolve 't.me' ([Errno 11001] getaddrinfo failed)"))
HTTPSConnectionPool(host='t.me', port=443): Max retries exceeded with url: /amtmedyaduyuru/2?embed=1&mode=tme (Caused by NameResolutionError("<urllib3.connection.HTTPSConnection object at 0x000002633FF666D0>: Failed to resolve 't.me' ([Errno 11001] getaddrinfo failed)"))
HTTPSConnectionPool(host='t.me', port=443): Max retries exceeded with url: /amtmedyaduyuru/2?embed=1&mode=tme (Caused by NameResolutionError("<urllib3.connection.HTTPSConnection object at 0x000002633F821750>: Failed to resolve 't.me' ([Errno 11001] getaddrinfo failed)"))
HTTPSConnectionPool(host='t.me', port=443): Max retries exceeded with url: /amtmedyaduyuru/2?embed=1&mode=tme (Caused by NameResolutionError("<urllib3.connection.HTTPSConnection object at 0x000002634071CC10>: Failed to resolve 't.me' ([Errno 11001] getaddrinfo failed)"))
HTTPSConnectionPool(host='t.me', port=443): Max retries exceeded with url: /amtmedyaduyuru/2?embed=1&mode=tme (Caused by NameResolutionError("<urllib3.connection.HTTPSConnection object at 0x0000026340908910>: Failed to resolve 't.me' ([Errno 11001] getaddrinfo failed)"))
HTTPSConnectionPool(host='t.me', port=443): Max retries exceeded with url: /amtmedyaduyuru/2?embed=1&mode=tme (Caused by NameResolutionError("<urllib3.connection.HTTPSConnection object at 0x0000026340F115D0>: Failed to resolve 't.me' ([Errno 11001] getaddrinfo failed)"))
HTTPSConnectionPool(host='t.me', port=443): Max retries exceeded with url: /amtmedyaduyuru/2?embed=1&mode=tme (Caused by NameResolutionError("<urllib3.connection.HTTPSConnection object at 0x0000026340C5C0D0>: Failed to resolve 't.me' ([Errno 11001] getaddrinfo failed)"))
HTTPSConnectionPool(host='t.me', port=443): Max retries exceeded with url: /amtmedyaduyuru/2?embed=1&mode=tme (Caused by NameResolutionError("<urllib3.connection.HTTPSConnection object at 0x0000026340B724D0>: Failed to resolve 't.me' ([Errno 11001] getaddrinfo failed)"))
HTTPSConnectionPool(host='t.me', port=443): Max retries exceeded with url: /amtmedyaduyuru/2?embed=1&mode=tme (Caused by NameResolutionError("<urllib3.connection.HTTPSConnection object at 0x0000026340566ED0>: Failed to resolve 't.me' ([Errno 11001] getaddrinfo failed)"))
HTTPSConnectionPool(host='t.me', port=443): Max retries exceeded with url: /amtmedyaduyuru/2?embed=1&mode=tme (Caused by NameResolutionError("<urllib3.connection.HTTPSConnection object at 0x00000263372B8E10>: Failed to resolve 't.me' ([Errno 11001] getaddrinfo failed)"))
HTTPSConnectionPool(host='t.me', port=443): Max retries exceeded with url: /amtmedyaduyuru/2?embed=1&mode=tme (Caused by NameResolutionError("<urllib3.connection.HTTPSConnection object at 0x0000026340CA2B10>: Failed to resolve 't.me' ([Errno 11001] getaddrinfo failed)"))
HTTPSConnectionPool(host='t.me', port=443): Max retries exceeded with url: /amtmedyaduyuru/2?embed=1&mode=tme (Caused by NameResolutionError("<urllib3.connection.HTTPSConnection object at 0x00000263405B1CD0>: Failed to resolve 't.me' ([Errno 11001] getaddrinfo failed)"))
HTTPSConnectionPool(host='t.me', port=443): Max retries exceeded with url: /amtmedyaduyuru/2?embed=1&mode=tme (Caused by NameResolutionError("<urllib3.connection.HTTPSConnection object at 0x0000026340C5C810>: Failed to resolve 't.me' ([Errno 11001] getaddrinfo failed)"))
HTTPSConnectionPool(host='t.me', port=443): Max retries exceeded with url: /amtmedyaduyuru/2?embed=1&mode=tme (Caused by NameResolutionError("<urllib3.connection.HTTPSConnection object at 0x0000026340F12690>: Failed to resolve 't.me' ([Errno 11001] getaddrinfo failed)"))
HTTPSConnectionPool(host='t.me', port=443): Max retries exceeded with url: /amtmedyaduyuru/2?embed=1&mode=tme (Caused by NameResolutionError("<urllib3.connection.HTTPSConnection object at 0x0000026340775B50>: Failed to resolve 't.me' ([Errno 11001] getaddrinfo failed)"))
HTTPSConnectionPool(host='t.me', port=443): Max retries exceeded with url: /amtmedyaduyuru/2?embed=1&mode=tme (Caused by NameResolutionError("<urllib3.connection.HTTPSConnection object at 0x0000026340DF3050>: Failed to resolve 't.me' ([Errno 11001] getaddrinfo failed)"))
HTTPSConnectionPool(host='t.me', port=443): Max retries exceeded with url: /amtmedyaduyuru/2?embed=1&mode=tme (Caused by NameResolutionError("<urllib3.connection.HTTPSConnection object at 0x0000026340C5C3D0>: Failed to resolve 't.me' ([Errno 11001] getaddrinfo failed)"))
HTTPSConnectionPool(host='t.me', port=443): Max retries exceeded with url: /amtmedyaduyuru/2?embed=1&mode=tme (Caused by NameResolutionError("<urllib3.connection.HTTPSConnection object at 0x0000026340F13990>: Failed to resolve 't.me' ([Errno 11001] getaddrinfo failed)"))
HTTPSConnectionPool(host='t.me', port=443): Max retries exceeded with url: /amtmedyaduyuru/2?embed=1&mode=tme (Caused by NameResolutionError("<urllib3.connection.HTTPSConnection object at 0x0000026340F12C10>: Failed to resolve 't.me' ([Errno 11001] getaddrinfo failed)"))
HTTPSConnectionPool(host='t.me', port=443): Max retries exceeded with url: /amtmedyaduyuru/2?embed=1&mode=tme (Caused by NameResolutionError("<urllib3.connection.HTTPSConnection object at 0x0000026340CA2FD0>: Failed to resolve 't.me' ([Errno 11001] getaddrinfo failed)"))
HTTPSConnectionPool(host='t.me', port=443): Max retries exceeded with url: /amtmedyaduyuru/2?embed=1&mode=tme (Caused by NameResolutionError("<urllib3.connection.HTTPSConnection object at 0x000002633E1CF310>: Failed to resolve 't.me' ([Errno 11001] getaddrinfo failed)"))
HTTPSConnectionPool(host='t.me', port=443): Max retries exceeded with url: /amtmedyaduyuru/2?embed=1&mode=tme (Caused by NameResolutionError("<urllib3.connection.HTTPSConnection object at 0x000002634010EF90>: Failed to resolve 't.me' ([Errno 11001] getaddrinfo failed)"))
HTTPSConnectionPool(host='t.me', port=443): Max retries exceeded with url: /amtmedyaduyuru/2?embed=1&mode=tme (Caused by NameResolutionError("<urllib3.connection.HTTPSConnection object at 0x0000026340CA1010>: Failed to resolve 't.me' ([Errno 11001] getaddrinfo failed)"))
HTTPSConnectionPool(host='t.me', port=443): Max retries exceeded with url: /amtmedyaduyuru/2?embed=1&mode=tme (Caused by NameResolutionError("<urllib3.connection.HTTPSConnection object at 0x0000026340F10290>: Failed to resolve 't.me' ([Errno 11001] getaddrinfo failed)"))
HTTPSConnectionPool(host='t.me', port=443): Max retries exceeded with url: /amtmedyaduyuru/2?embed=1&mode=tme (Caused by NameResolutionError("<urllib3.connection.HTTPSConnection object at 0x0000026340F13110>: Failed to resolve 't.me' ([Errno 11001] getaddrinfo failed)"))
HTTPSConnectionPool(host='t.me', port=443): Max retries exceeded with url: /amtmedyaduyuru/2?embed=1&mode=tme (Caused by NameResolutionError("<urllib3.connection.HTTPSConnection object at 0x000002633FF56D50>: Failed to resolve 't.me' ([Errno 11001] getaddrinfo failed)"))
HTTPSConnectionPool(host='t.me', port=443): Max retries exceeded with url: /amtmedyaduyuru/2?embed=1&mode=tme (Caused by NameResolutionError("<urllib3.connection.HTTPSConnection object at 0x0000026340EBE650>: Failed to resolve 't.me' ([Errno 11001] getaddrinfo failed)"))
HTTPSConnectionPool(host='t.me', port=443): Max retries exceeded with url: /amtmedyaduyuru/2?embed=1&mode=tme (Caused by NameResolutionError("<urllib3.connection.HTTPSConnection object at 0x000002633FF536D0>: Failed to resolve 't.me' ([Errno 11001] getaddrinfo failed)"))
HTTPSConnectionPool(host='t.me', port=443): Max retries exceeded with url: /amtmedyaduyuru/2?embed=1&mode=tme (Caused by NameResolutionError("<urllib3.connection.HTTPSConnection object at 0x00000263406C9610>: Failed to resolve 't.me' ([Errno 11001] getaddrinfo failed)"))
HTTPSConnectionPool(host='t.me', port=443): Max retries exceeded with url: /amtmedyaduyuru/2?embed=1&mode=tme (Caused by NameResolutionError("<urllib3.connection.HTTPSConnection object at 0x000002633BB8D890>: Failed to resolve 't.me' ([Errno 11001] getaddrinfo failed)"))
HTTPSConnectionPool(host='t.me', port=443): Max retries exceeded with url: /amtmedyaduyuru/2?embed=1&mode=tme (Caused by NameResolutionError("<urllib3.connection.HTTPSConnection object at 0x000002633FD2E610>: Failed to resolve 't.me' ([Errno 11001] getaddrinfo failed)"))
HTTPSConnectionPool(host='t.me', port=443): Max retries exceeded with url: /amtmedyaduyuru/2?embed=1&mode=tme (Caused by NameResolutionError("<urllib3.connection.HTTPSConnection object at 0x000002633CF9EA10>: Failed to resolve 't.me' ([Errno 11001] getaddrinfo failed)"))
HTTPSConnectionPool(host='t.me', port=443): Max retries exceeded with url: /amtmedyaduyuru/2?embed=1&mode=tme (Caused by NameResolutionError("<urllib3.connection.HTTPSConnection object at 0x0000026340C734D0>: Failed to resolve 't.me' ([Errno 11001] getaddrinfo failed)"))
HTTPSConnectionPool(host='t.me', port=443): Max retries exceeded with url: /amtmedyaduyuru/2?embed=1&mode=tme (Caused by NameResolutionError("<urllib3.connection.HTTPSConnection object at 0x000002633F92E610>: Failed to resolve 't.me' ([Errno 11001] getaddrinfo failed)"))
HTTPSConnectionPool(host='t.me', port=443): Max retries exceeded with url: /amtmedyaduyuru/2?embed=1&mode=tme (Caused by NameResolutionError("<urllib3.connection.HTTPSConnection object at 0x0000026340EFAE10>: Failed to resolve 't.me' ([Errno 11001] getaddrinfo failed)"))
HTTPSConnectionPool(host='t.me', port=443): Max retries exceeded with url: /amtmedyaduyuru/2?embed=1&mode=tme (Caused by NameResolutionError("<urllib3.connection.HTTPSConnection object at 0x000002633FEC37D0>: Failed to resolve 't.me' ([Errno 11001] getaddrinfo failed)"))
HTTPSConnectionPool(host='t.me', port=443): Max retries exceeded with url: /amtmedyaduyuru/2?embed=1&mode=tme (Caused by NameResolutionError("<urllib3.connection.HTTPSConnection object at 0x000002633FC14A10>: Failed to resolve 't.me' ([Errno 11001] getaddrinfo failed)"))
HTTPSConnectionPool(host='t.me', port=443): Max retries exceeded with url: /amtmedyaduyuru/2?embed=1&mode=tme (Caused by NameResolutionError("<urllib3.connection.HTTPSConnection object at 0x0000026340998F90>: Failed to resolve 't.me' ([Errno 11001] getaddrinfo failed)"))
HTTPSConnectionPool(host='t.me', port=443): Max retries exceeded with url: /amtmedyaduyuru/2?embed=1&mode=tme (Caused by NameResolutionError("<urllib3.connection.HTTPSConnection object at 0x0000026340EBD8D0>: Failed to resolve 't.me' ([Errno 11001] getaddrinfo failed)"))
HTTPSConnectionPool(host='t.me', port=443): Max retries exceeded with url: /amtmedyaduyuru/2?embed=1&mode=tme (Caused by NameResolutionError("<urllib3.connection.HTTPSConnection object at 0x0000026340F101D0>: Failed to resolve 't.me' ([Errno 11001] getaddrinfo failed)"))
HTTPSConnectionPool(host='t.me', port=443): Max retries exceeded with url: /amtmedyaduyuru/2?embed=1&mode=tme (Caused by NameResolutionError("<urllib3.connection.HTTPSConnection object at 0x000002633FD62410>: Failed to resolve 't.me' ([Errno 11001] getaddrinfo failed)"))
HTTPSConnectionPool(host='t.me', port=443): Max retries exceeded with url: /amtmedyaduyuru/2?embed=1&mode=tme (Caused by NameResolutionError("<urllib3.connection.HTTPSConnection object at 0x000002633FD60610>: Failed to resolve 't.me' ([Errno 11001] getaddrinfo failed)"))
HTTPSConnectionPool(host='t.me', port=443): Max retries exceeded with url: /amtmedyaduyuru/2?embed=1&mode=tme (Caused by NameResolutionError("<urllib3.connection.HTTPSConnection object at 0x00000263402AC7D0>: Failed to resolve 't.me' ([Errno 11001] getaddrinfo failed)"))
HTTPSConnectionPool(host='t.me', port=443): Max retries exceeded with url: /amtmedyaduyuru/2?embed=1&mode=tme (Caused by NameResolutionError("<urllib3.connection.HTTPSConnection object at 0x000002633B585210>: Failed to resolve 't.me' ([Errno 11001] getaddrinfo failed)"))
HTTPSConnectionPool(host='t.me', port=443): Max retries exceeded with url: /amtmedyaduyuru/2?embed=1&mode=tme (Caused by NameResolutionError("<urllib3.connection.HTTPSConnection object at 0x0000026340EBED90>: Failed to resolve 't.me' ([Errno 11001] getaddrinfo failed)"))
HTTPSConnectionPool(host='t.me', port=443): Max retries exceeded with url: /amtmedyaduyuru/2?embed=1&mode=tme (Caused by NameResolutionError("<urllib3.connection.HTTPSConnection object at 0x0000026340DFF090>: Failed to resolve 't.me' ([Errno 11001] getaddrinfo failed)"))
HTTPSConnectionPool(host='t.me', port=443): Max retries exceeded with url: /amtmedyaduyuru/2?embed=1&mode=tme (Caused by NameResolutionError("<urllib3.connection.HTTPSConnection object at 0x0000026340D06850>: Failed to resolve 't.me' ([Errno 11001] getaddrinfo failed)"))
HTTPSConnectionPool(host='t.me', port=443): Max retries exceeded with url: /amtmedyaduyuru/2?embed=1&mode=tme (Caused by NameResolutionError("<urllib3.connection.HTTPSConnection object at 0x000002633B8AA290>: Failed to resolve 't.me' ([Errno 11001] getaddrinfo failed)"))
HTTPSConnectionPool(host='t.me', port=443): Max retries exceeded with url: /amtmedyaduyuru/2?embed=1&mode=tme (Caused by NameResolutionError("<urllib3.connection.HTTPSConnection object at 0x000002633F92E610>: Failed to resolve 't.me' ([Errno 11001] getaddrinfo failed)"))
HTTPSConnectionPool(host='t.me', port=443): Max retries exceeded with url: /amtmedyaduyuru/2?embed=1&mode=tme (Caused by NameResolutionError("<urllib3.connection.HTTPSConnection object at 0x0000026340E08F90>: Failed to resolve 't.me' ([Errno 11001] getaddrinfo failed)"))
HTTPSConnectionPool(host='t.me', port=443): Max retries exceeded with url: /amtmedyaduyuru/2?embed=1&mode=tme (Caused by NameResolutionError("<urllib3.connection.HTTPSConnection object at 0x00000263366B7B50>: Failed to resolve 't.me' ([Errno 11001] getaddrinfo failed)"))
HTTPSConnectionPool(host='t.me', port=443): Max retries exceeded with url: /amtmedyaduyuru/2?embed=1&mode=tme (Caused by NameResolutionError("<urllib3.connection.HTTPSConnection object at 0x00000263404066D0>: Failed to resolve 't.me' ([Errno 11001] getaddrinfo failed)"))
HTTPSConnectionPool(host='t.me', port=443): Max retries exceeded with url: /amtmedyaduyuru/2?embed=1&mode=tme (Caused by NameResolutionError("<urllib3.connection.HTTPSConnection object at 0x00000263402F1E90>: Failed to resolve 't.me' ([Errno 11001] getaddrinfo failed)"))
HTTPSConnectionPool(host='t.me', port=443): Max retries exceeded with url: /amtmedyaduyuru/2?embed=1&mode=tme (Caused by NameResolutionError("<urllib3.connection.HTTPSConnection object at 0x000002634012A4D0>: Failed to resolve 't.me' ([Errno 11001] getaddrinfo failed)"))
HTTPSConnectionPool(host='t.me', port=443): Max retries exceeded with url: /amtmedyaduyuru/2?embed=1&mode=tme (Caused by NameResolutionError("<urllib3.connection.HTTPSConnection object at 0x0000026340CA2BD0>: Failed to resolve 't.me' ([Errno 11001] getaddrinfo failed)"))
HTTPSConnectionPool(host='t.me', port=443): Max retries exceeded with url: /amtmedyaduyuru/2?embed=1&mode=tme (Caused by NameResolutionError("<urllib3.connection.HTTPSConnection object at 0x00000263402CF090>: Failed to resolve 't.me' ([Errno 11001] getaddrinfo failed)"))
HTTPSConnectionPool(host='t.me', port=443): Max retries exceeded with url: /amtmedyaduyuru/2?embed=1&mode=tme (Caused by NameResolutionError("<urllib3.connection.HTTPSConnection object at 0x00000263401A5090>: Failed to resolve 't.me' ([Errno 11001] getaddrinfo failed)"))
HTTPSConnectionPool(host='t.me', port=443): Max retries exceeded with url: /amtmedyaduyuru/2?embed=1&mode=tme (Caused by NameResolutionError("<urllib3.connection.HTTPSConnection object at 0x0000026340D883D0>: Failed to resolve 't.me' ([Errno 11001] getaddrinfo failed)"))
HTTPSConnectionPool(host='t.me', port=443): Max retries exceeded with url: /amtmedyaduyuru/2?embed=1&mode=tme (Caused by NameResolutionError("<urllib3.connection.HTTPSConnection object at 0x0000026340BDBB10>: Failed to resolve 't.me' ([Errno 11001] getaddrinfo failed)"))
HTTPSConnectionPool(host='t.me', port=443): Max retries exceeded with url: /amtmedyaduyuru/2?embed=1&mode=tme (Caused by NameResolutionError("<urllib3.connection.HTTPSConnection object at 0x000002634086A250>: Failed to resolve 't.me' ([Errno 11001] getaddrinfo failed)"))
HTTPSConnectionPool(host='t.me', port=443): Max retries exceeded with url: /amtmedyaduyuru/2?embed=1&mode=tme (Caused by NameResolutionError("<urllib3.connection.HTTPSConnection object at 0x00000263407A07D0>: Failed to resolve 't.me' ([Errno 11001] getaddrinfo failed)"))
HTTPSConnectionPool(host='t.me', port=443): Max retries exceeded with url: /amtmedyaduyuru/2?embed=1&mode=tme (Caused by NameResolutionError("<urllib3.connection.HTTPSConnection object at 0x0000026340EFB310>: Failed to resolve 't.me' ([Errno 11001] getaddrinfo failed)"))
HTTPSConnectionPool(host='t.me', port=443): Max retries exceeded with url: /amtmedyaduyuru/2?embed=1&mode=tme (Caused by NameResolutionError("<urllib3.connection.HTTPSConnection object at 0x000002633FD13950>: Failed to resolve 't.me' ([Errno 11001] getaddrinfo failed)"))
HTTPSConnectionPool(host='t.me', port=443): Max retries exceeded with url: /amtmedyaduyuru/2?embed=1&mode=tme (Caused by NameResolutionError("<urllib3.connection.HTTPSConnection object at 0x00000263402AFD90>: Failed to resolve 't.me' ([Errno 11001] getaddrinfo failed)"))
HTTPSConnectionPool(host='t.me', port=443): Max retries exceeded with url: /amtmedyaduyuru/2?embed=1&mode=tme (Caused by NameResolutionError("<urllib3.connection.HTTPSConnection object at 0x00000263409B5390>: Failed to resolve 't.me' ([Errno 11001] getaddrinfo failed)"))
HTTPSConnectionPool(host='t.me', port=443): Max retries exceeded with url: /amtmedyaduyuru/2?embed=1&mode=tme (Caused by NameResolutionError("<urllib3.connection.HTTPSConnection object at 0x0000026340CA2E50>: Failed to resolve 't.me' ([Errno 11001] getaddrinfo failed)"))
HTTPSConnectionPool(host='t.me', port=443): Max retries exceeded with url: /amtmedyaduyuru/2?embed=1&mode=tme (Caused by NameResolutionError("<urllib3.connection.HTTPSConnection object at 0x0000026340CA0E10>: Failed to resolve 't.me' ([Errno 11001] getaddrinfo failed)"))
HTTPSConnectionPool(host='t.me', port=443): Max retries exceeded with url: /amtmedyaduyuru/2?embed=1&mode=tme (Caused by NameResolutionError("<urllib3.connection.HTTPSConnection object at 0x000002633F924DD0>: Failed to resolve 't.me' ([Errno 11001] getaddrinfo failed)"))
HTTPSConnectionPool(host='t.me', port=443): Max retries exceeded with url: /amtmedyaduyuru/2?embed=1&mode=tme (Caused by NameResolutionError("<urllib3.connection.HTTPSConnection object at 0x000002634106E010>: Failed to resolve 't.me' ([Errno 11001] getaddrinfo failed)"))
HTTPSConnectionPool(host='t.me', port=443): Max retries exceeded with url: /amtmedyaduyuru/2?embed=1&mode=tme (Caused by NameResolutionError("<urllib3.connection.HTTPSConnection object at 0x0000026340492910>: Failed to resolve 't.me' ([Errno 11001] getaddrinfo failed)"))
HTTPSConnectionPool(host='t.me', port=443): Max retries exceeded with url: /amtmedyaduyuru/2?embed=1&mode=tme (Caused by NameResolutionError("<urllib3.connection.HTTPSConnection object at 0x0000026340F126D0>: Failed to resolve 't.me' ([Errno 11001] getaddrinfo failed)"))
HTTPSConnectionPool(host='t.me', port=443): Max retries exceeded with url: /amtmedyaduyuru/2?embed=1&mode=tme (Caused by NameResolutionError("<urllib3.connection.HTTPSConnection object at 0x0000026340EFA610>: Failed to resolve 't.me' ([Errno 11001] getaddrinfo failed)"))
HTTPSConnectionPool(host='t.me', port=443): Max retries exceeded with url: /amtmedyaduyuru/2?embed=1&mode=tme (Caused by NameResolutionError("<urllib3.connection.HTTPSConnection object at 0x0000026340277990>: Failed to resolve 't.me' ([Errno 11001] getaddrinfo failed)"))
HTTPSConnectionPool(host='t.me', port=443): Max retries exceeded with url: /amtmedyaduyuru/2?embed=1&mode=tme (Caused by NameResolutionError("<urllib3.connection.HTTPSConnection object at 0x000002634049BFD0>: Failed to resolve 't.me' ([Errno 11001] getaddrinfo failed)"))
HTTPSConnectionPool(host='t.me', port=443): Max retries exceeded with url: /amtmedyaduyuru/2?embed=1&mode=tme (Caused by NameResolutionError("<urllib3.connection.HTTPSConnection object at 0x000002633665FFD0>: Failed to resolve 't.me' ([Errno 11001] getaddrinfo failed)"))
HTTPSConnectionPool(host='t.me', port=443): Max retries exceeded with url: /amtmedyaduyuru/2?embed=1&mode=tme (Caused by NameResolutionError("<urllib3.connection.HTTPSConnection object at 0x0000026340B16D10>: Failed to resolve 't.me' ([Errno 11001] getaddrinfo failed)"))
HTTPSConnectionPool(host='t.me', port=443): Max retries exceeded with url: /amtmedyaduyuru/2?embed=1&mode=tme (Caused by NameResolutionError("<urllib3.connection.HTTPSConnection object at 0x0000026340774990>: Failed to resolve 't.me' ([Errno 11001] getaddrinfo failed)"))
HTTPSConnectionPool(host='t.me', port=443): Max retries exceeded with url: /amtmedyaduyuru/2?embed=1&mode=tme (Caused by NameResolutionError("<urllib3.connection.HTTPSConnection object at 0x000002634106CD90>: Failed to resolve 't.me' ([Errno 11001] getaddrinfo failed)"))
HTTPSConnectionPool(host='t.me', port=443): Max retries exceeded with url: /amtmedyaduyuru/2?embed=1&mode=tme (Caused by NameResolutionError("<urllib3.connection.HTTPSConnection object at 0x0000026340F107D0>: Failed to resolve 't.me' ([Errno 11001] getaddrinfo failed)"))
HTTPSConnectionPool(host='t.me', port=443): Max retries exceeded with url: /amtmedyaduyuru/2?embed=1&mode=tme (Caused by NameResolutionError("<urllib3.connection.HTTPSConnection object at 0x0000026340129250>: Failed to resolve 't.me' ([Errno 11001] getaddrinfo failed)"))
HTTPSConnectionPool(host='t.me', port=443): Max retries exceeded with url: /amtmedyaduyuru/2?embed=1&mode=tme (Caused by NameResolutionError("<urllib3.connection.HTTPSConnection object at 0x000002633FFEFB10>: Failed to resolve 't.me' ([Errno 11001] getaddrinfo failed)"))
HTTPSConnectionPool(host='t.me', port=443): Max retries exceeded with url: /amtmedyaduyuru/2?embed=1&mode=tme (Caused by NameResolutionError("<urllib3.connection.HTTPSConnection object at 0x0000026340BD93D0>: Failed to resolve 't.me' ([Errno 11001] getaddrinfo failed)"))
HTTPSConnectionPool(host='t.me', port=443): Max retries exceeded with url: /amtmedyaduyuru/2?embed=1&mode=tme (Caused by NameResolutionError("<urllib3.connection.HTTPSConnection object at 0x000002634071E250>: Failed to resolve 't.me' ([Errno 11001] getaddrinfo failed)"))
HTTPSConnectionPool(host='t.me', port=443): Max retries exceeded with url: /amtmedyaduyuru/2?embed=1&mode=tme (Caused by NameResolutionError("<urllib3.connection.HTTPSConnection object at 0x0000026340CC8950>: Failed to resolve 't.me' ([Errno 11001] getaddrinfo failed)"))
HTTPSConnectionPool(host='t.me', port=443): Max retries exceeded with url: /amtmedyaduyuru/2?embed=1&mode=tme (Caused by NameResolutionError("<urllib3.connection.HTTPSConnection object at 0x0000026340CA1B10>: Failed to resolve 't.me' ([Errno 11001] getaddrinfo failed)"))
HTTPSConnectionPool(host='t.me', port=443): Max retries exceeded with url: /amtmedyaduyuru/2?embed=1&mode=tme (Caused by NameResolutionError("<urllib3.connection.HTTPSConnection object at 0x000002634108C890>: Failed to resolve 't.me' ([Errno 11001] getaddrinfo failed)"))
HTTPSConnectionPool(host='t.me', port=443): Max retries exceeded with url: /amtmedyaduyuru/2?embed=1&mode=tme (Caused by NameResolutionError("<urllib3.connection.HTTPSConnection object at 0x0000026340CA3A50>: Failed to resolve 't.me' ([Errno 11001] getaddrinfo failed)"))
HTTPSConnectionPool(host='t.me', port=443): Max retries exceeded with url: /amtmedyaduyuru/2?embed=1&mode=tme (Caused by NameResolutionError("<urllib3.connection.HTTPSConnection object at 0x0000026340B2D290>: Failed to resolve 't.me' ([Errno 11001] getaddrinfo failed)"))
HTTPSConnectionPool(host='t.me', port=443): Max retries exceeded with url: /amtmedyaduyuru/2?embed=1&mode=tme (Caused by NameResolutionError("<urllib3.connection.HTTPSConnection object at 0x000002633C42F0D0>: Failed to resolve 't.me' ([Errno 11001] getaddrinfo failed)"))
HTTPSConnectionPool(host='t.me', port=443): Max retries exceeded with url: /amtmedyaduyuru/2?embed=1&mode=tme (Caused by NameResolutionError("<urllib3.connection.HTTPSConnection object at 0x000002634082CE50>: Failed to resolve 't.me' ([Errno 11001] getaddrinfo failed)"))
HTTPSConnectionPool(host='t.me', port=443): Max retries exceeded with url: /amtmedyaduyuru/2?embed=1&mode=tme (Caused by NameResolutionError("<urllib3.connection.HTTPSConnection object at 0x000002634023E450>: Failed to resolve 't.me' ([Errno 11001] getaddrinfo failed)"))
HTTPSConnectionPool(host='t.me', port=443): Max retries exceeded with url: /amtmedyaduyuru/2?embed=1&mode=tme (Caused by NameResolutionError("<urllib3.connection.HTTPSConnection object at 0x000002633F7C3D90>: Failed to resolve 't.me' ([Errno 11001] getaddrinfo failed)"))
HTTPSConnectionPool(host='t.me', port=443): Max retries exceeded with url: /amtmedyaduyuru/2?embed=1&mode=tme (Caused by NameResolutionError("<urllib3.connection.HTTPSConnection object at 0x000002633FDCCF50>: Failed to resolve 't.me' ([Errno 11001] getaddrinfo failed)"))
HTTPSConnectionPool(host='t.me', port=443): Max retries exceeded with url: /amtmedyaduyuru/2?embed=1&mode=tme (Caused by NameResolutionError("<urllib3.connection.HTTPSConnection object at 0x0000026340EF9AD0>: Failed to resolve 't.me' ([Errno 11001] getaddrinfo failed)"))
HTTPSConnectionPool(host='t.me', port=443): Max retries exceeded with url: /amtmedyaduyuru/2?embed=1&mode=tme (Caused by NameResolutionError("<urllib3.connection.HTTPSConnection object at 0x0000026340CCA350>: Failed to resolve 't.me' ([Errno 11001] getaddrinfo failed)"))
HTTPSConnectionPool(host='t.me', port=443): Max retries exceeded with url: /amtmedyaduyuru/2?embed=1&mode=tme (Caused by NameResolutionError("<urllib3.connection.HTTPSConnection object at 0x0000026340C5C150>: Failed to resolve 't.me' ([Errno 11001] getaddrinfo failed)"))
HTTPSConnectionPool(host='t.me', port=443): Max retries exceeded with url: /amtmedyaduyuru/2?embed=1&mode=tme (Caused by NameResolutionError("<urllib3.connection.HTTPSConnection object at 0x000002633FAF4790>: Failed to resolve 't.me' ([Errno 11001] getaddrinfo failed)"))
HTTPSConnectionPool(host='t.me', port=443): Max retries exceeded with url: /amtmedyaduyuru/2?embed=1&mode=tme (Caused by NameResolutionError("<urllib3.connection.HTTPSConnection object at 0x00000263408C2790>: Failed to resolve 't.me' ([Errno 11001] getaddrinfo failed)"))
HTTPSConnectionPool(host='t.me', port=443): Max retries exceeded with url: /amtmedyaduyuru/2?embed=1&mode=tme (Caused by NameResolutionError("<urllib3.connection.HTTPSConnection object at 0x000002633C392790>: Failed to resolve 't.me' ([Errno 11001] getaddrinfo failed)"))
HTTPSConnectionPool(host='t.me', port=443): Max retries exceeded with url: /amtmedyaduyuru/2?embed=1&mode=tme (Caused by NameResolutionError("<urllib3.connection.HTTPSConnection object at 0x0000026340C5CC90>: Failed to resolve 't.me' ([Errno 11001] getaddrinfo failed)"))
HTTPSConnectionPool(host='t.me', port=443): Max retries exceeded with url: /amtmedyaduyuru/2?embed=1&mode=tme (Caused by NameResolutionError("<urllib3.connection.HTTPSConnection object at 0x0000026340CC9690>: Failed to resolve 't.me' ([Errno 11001] getaddrinfo failed)"))
HTTPSConnectionPool(host='t.me', port=443): Max retries exceeded with url: /amtmedyaduyuru/2?embed=1&mode=tme (Caused by NameResolutionError("<urllib3.connection.HTTPSConnection object at 0x0000026340EFB690>: Failed to resolve 't.me' ([Errno 11001] getaddrinfo failed)"))
HTTPSConnectionPool(host='t.me', port=443): Max retries exceeded with url: /amtmedyaduyuru/2?embed=1&mode=tme (Caused by NameResolutionError("<urllib3.connection.HTTPSConnection object at 0x0000026340B70CD0>: Failed to resolve 't.me' ([Errno 11001] getaddrinfo failed)"))
HTTPSConnectionPool(host='t.me', port=443): Max retries exceeded with url: /amtmedyaduyuru/2?embed=1&mode=tme (Caused by NameResolutionError("<urllib3.connection.HTTPSConnection object at 0x000002633C2B20D0>: Failed to resolve 't.me' ([Errno 11001] getaddrinfo failed)"))
HTTPSConnectionPool(host='t.me', port=443): Max retries exceeded with url: /amtmedyaduyuru/2?embed=1&mode=tme (Caused by NameResolutionError("<urllib3.connection.HTTPSConnection object at 0x000002634008CB50>: Failed to resolve 't.me' ([Errno 11001] getaddrinfo failed)"))
HTTPSConnectionPool(host='t.me', port=443): Max retries exceeded with url: /amtmedyaduyuru/2?embed=1&mode=tme (Caused by NameResolutionError("<urllib3.connection.HTTPSConnection object at 0x000002633F788ED0>: Failed to resolve 't.me' ([Errno 11001] getaddrinfo failed)"))
HTTPSConnectionPool(host='t.me', port=443): Max retries exceeded with url: /amtmedyaduyuru/2?embed=1&mode=tme (Caused by NameResolutionError("<urllib3.connection.HTTPSConnection object at 0x00000263403D57D0>: Failed to resolve 't.me' ([Errno 11001] getaddrinfo failed)"))
HTTPSConnectionPool(host='t.me', port=443): Max retries exceeded with url: /amtmedyaduyuru/2?embed=1&mode=tme (Caused by NameResolutionError("<urllib3.connection.HTTPSConnection object at 0x0000026336632E90>: Failed to resolve 't.me' ([Errno 11001] getaddrinfo failed)"))
HTTPSConnectionPool(host='t.me', port=443): Max retries exceeded with url: /amtmedyaduyuru/2?embed=1&mode=tme (Caused by NameResolutionError("<urllib3.connection.HTTPSConnection object at 0x000002634072C110>: Failed to resolve 't.me' ([Errno 11001] getaddrinfo failed)"))
HTTPSConnectionPool(host='t.me', port=443): Max retries exceeded with url: /amtmedyaduyuru/2?embed=1&mode=tme (Caused by NameResolutionError("<urllib3.connection.HTTPSConnection object at 0x0000026340CA2390>: Failed to resolve 't.me' ([Errno 11001] getaddrinfo failed)"))
HTTPSConnectionPool(host='t.me', port=443): Max retries exceeded with url: /amtmedyaduyuru/2?embed=1&mode=tme (Caused by NameResolutionError("<urllib3.connection.HTTPSConnection object at 0x0000026340F12F10>: Failed to resolve 't.me' ([Errno 11001] getaddrinfo failed)"))
HTTPSConnectionPool(host='t.me', port=443): Max retries exceeded with url: /amtmedyaduyuru/2?embed=1&mode=tme (Caused by NameResolutionError("<urllib3.connection.HTTPSConnection object at 0x000002634108D210>: Failed to resolve 't.me' ([Errno 11001] getaddrinfo failed)"))
HTTPSConnectionPool(host='t.me', port=443): Max retries exceeded with url: /amtmedyaduyuru/2?embed=1&mode=tme (Caused by NameResolutionError("<urllib3.connection.HTTPSConnection object at 0x00000263401A5C10>: Failed to resolve 't.me' ([Errno 11001] getaddrinfo failed)"))
HTTPSConnectionPool(host='t.me', port=443): Max retries exceeded with url: /amtmedyaduyuru/2?embed=1&mode=tme (Caused by NameResolutionError("<urllib3.connection.HTTPSConnection object at 0x00000263409AB4D0>: Failed to resolve 't.me' ([Errno 11001] getaddrinfo failed)"))
HTTPSConnectionPool(host='t.me', port=443): Max retries exceeded with url: /amtmedyaduyuru/2?embed=1&mode=tme (Caused by NameResolutionError("<urllib3.connection.HTTPSConnection object at 0x000002634072CB90>: Failed to resolve 't.me' ([Errno 11001] getaddrinfo failed)"))
HTTPSConnectionPool(host='t.me', port=443): Max retries exceeded with url: /amtmedyaduyuru/2?embed=1&mode=tme (Caused by NameResolutionError("<urllib3.connection.HTTPSConnection object at 0x000002633FB82990>: Failed to resolve 't.me' ([Errno 11001] getaddrinfo failed)"))
HTTPSConnectionPool(host='t.me', port=443): Max retries exceeded with url: /amtmedyaduyuru/2?embed=1&mode=tme (Caused by NameResolutionError("<urllib3.connection.HTTPSConnection object at 0x000002634108CFD0>: Failed to resolve 't.me' ([Errno 11001] getaddrinfo failed)"))
HTTPSConnectionPool(host='t.me', port=443): Max retries exceeded with url: /amtmedyaduyuru/2?embed=1&mode=tme (Caused by NameResolutionError("<urllib3.connection.HTTPSConnection object at 0x000002633C385650>: Failed to resolve 't.me' ([Errno 11001] getaddrinfo failed)"))
HTTPSConnectionPool(host='t.me', port=443): Max retries exceeded with url: /amtmedyaduyuru/2?embed=1&mode=tme (Caused by NameResolutionError("<urllib3.connection.HTTPSConnection object at 0x0000026340CC9650>: Failed to resolve 't.me' ([Errno 11001] getaddrinfo failed)"))
HTTPSConnectionPool(host='t.me', port=443): Max retries exceeded with url: /amtmedyaduyuru/2?embed=1&mode=tme (Caused by NameResolutionError("<urllib3.connection.HTTPSConnection object at 0x000002634072F590>: Failed to resolve 't.me' ([Errno 11001] getaddrinfo failed)"))
HTTPSConnectionPool(host='t.me', port=443): Max retries exceeded with url: /amtmedyaduyuru/2?embed=1&mode=tme (Caused by NameResolutionError("<urllib3.connection.HTTPSConnection object at 0x000002634085FD10>: Failed to resolve 't.me' ([Errno 11001] getaddrinfo failed)"))
HTTPSConnectionPool(host='t.me', port=443): Max retries exceeded with url: /amtmedyaduyuru/2?embed=1&mode=tme (Caused by NameResolutionError("<urllib3.connection.HTTPSConnection object at 0x000002633FFEF4D0>: Failed to resolve 't.me' ([Errno 11001] getaddrinfo failed)"))
HTTPSConnectionPool(host='t.me', port=443): Max retries exceeded with url: /amtmedyaduyuru/2?embed=1&mode=tme (Caused by NameResolutionError("<urllib3.connection.HTTPSConnection object at 0x000002634106C350>: Failed to resolve 't.me' ([Errno 11001] getaddrinfo failed)"))
HTTPSConnectionPool(host='t.me', port=443): Max retries exceeded with url: /amtmedyaduyuru/2?embed=1&mode=tme (Caused by NameResolutionError("<urllib3.connection.HTTPSConnection object at 0x000002634108ED10>: Failed to resolve 't.me' ([Errno 11001] getaddrinfo failed)"))
HTTPSConnectionPool(host='t.me', port=443): Max retries exceeded with url: /amtmedyaduyuru/2?embed=1&mode=tme (Caused by NameResolutionError("<urllib3.connection.HTTPSConnection object at 0x0000026340CA2F10>: Failed to resolve 't.me' ([Errno 11001] getaddrinfo failed)"))
HTTPSConnectionPool(host='t.me', port=443): Max retries exceeded with url: /amtmedyaduyuru/2?embed=1&mode=tme (Caused by NameResolutionError("<urllib3.connection.HTTPSConnection object at 0x0000026340F13990>: Failed to resolve 't.me' ([Errno 11001] getaddrinfo failed)"))
HTTPSConnectionPool(host='t.me', port=443): Max retries exceeded with url: /amtmedyaduyuru/2?embed=1&mode=tme (Caused by NameResolutionError("<urllib3.connection.HTTPSConnection object at 0x0000026341094DD0>: Failed to resolve 't.me' ([Errno 11001] getaddrinfo failed)"))
HTTPSConnectionPool(host='t.me', port=443): Max retries exceeded with url: /amtmedyaduyuru/2?embed=1&mode=tme (Caused by NameResolutionError("<urllib3.connection.HTTPSConnection object at 0x000002633FDF6190>: Failed to resolve 't.me' ([Errno 11001] getaddrinfo failed)"))
HTTPSConnectionPool(host='t.me', port=443): Max retries exceeded with url: /amtmedyaduyuru/2?embed=1&mode=tme (Caused by NameResolutionError("<urllib3.connection.HTTPSConnection object at 0x000002633E373D50>: Failed to resolve 't.me' ([Errno 11001] getaddrinfo failed)"))
HTTPSConnectionPool(host='t.me', port=443): Max retries exceeded with url: /amtmedyaduyuru/2?embed=1&mode=tme (Caused by NameResolutionError("<urllib3.connection.HTTPSConnection object at 0x000002634082C690>: Failed to resolve 't.me' ([Errno 11001] getaddrinfo failed)"))
HTTPSConnectionPool(host='t.me', port=443): Max retries exceeded with url: /amtmedyaduyuru/2?embed=1&mode=tme (Caused by NameResolutionError("<urllib3.connection.HTTPSConnection object at 0x0000026340F25590>: Failed to resolve 't.me' ([Errno 11001] getaddrinfo failed)"))
HTTPSConnectionPool(host='t.me', port=443): Max retries exceeded with url: /amtmedyaduyuru/2?embed=1&mode=tme (Caused by NameResolutionError("<urllib3.connection.HTTPSConnection object at 0x0000026341096110>: Failed to resolve 't.me' ([Errno 11001] getaddrinfo failed)"))
HTTPSConnectionPool(host='t.me', port=443): Max retries exceeded with url: /amtmedyaduyuru/2?embed=1&mode=tme (Caused by NameResolutionError("<urllib3.connection.HTTPSConnection object at 0x0000026341097810>: Failed to resolve 't.me' ([Errno 11001] getaddrinfo failed)"))
HTTPSConnectionPool(host='t.me', port=443): Max retries exceeded with url: /amtmedyaduyuru/2?embed=1&mode=tme (Caused by NameResolutionError("<urllib3.connection.HTTPSConnection object at 0x00000263374E8090>: Failed to resolve 't.me' ([Errno 11001] getaddrinfo failed)"))
HTTPSConnectionPool(host='t.me', port=443): Max retries exceeded with url: /amtmedyaduyuru/2?embed=1&mode=tme (Caused by NameResolutionError("<urllib3.connection.HTTPSConnection object at 0x000002634106EC90>: Failed to resolve 't.me' ([Errno 11001] getaddrinfo failed)"))
HTTPSConnectionPool(host='t.me', port=443): Max retries exceeded with url: /amtmedyaduyuru/2?embed=1&mode=tme (Caused by NameResolutionError("<urllib3.connection.HTTPSConnection object at 0x0000026340E20550>: Failed to resolve 't.me' ([Errno 11001] getaddrinfo failed)"))
HTTPSConnectionPool(host='t.me', port=443): Max retries exceeded with url: /amtmedyaduyuru/2?embed=1&mode=tme (Caused by NameResolutionError("<urllib3.connection.HTTPSConnection object at 0x00000263410961D0>: Failed to resolve 't.me' ([Errno 11001] getaddrinfo failed)"))
HTTPSConnectionPool(host='t.me', port=443): Max retries exceeded with url: /amtmedyaduyuru/2?embed=1&mode=tme (Caused by NameResolutionError("<urllib3.connection.HTTPSConnection object at 0x000002634108D890>: Failed to resolve 't.me' ([Errno 11001] getaddrinfo failed)"))
HTTPSConnectionPool(host='t.me', port=443): Max retries exceeded with url: /amtmedyaduyuru/2?embed=1&mode=tme (Caused by NameResolutionError("<urllib3.connection.HTTPSConnection object at 0x00000263401A7490>: Failed to resolve 't.me' ([Errno 11001] getaddrinfo failed)"))
HTTPSConnectionPool(host='t.me', port=443): Max retries exceeded with url: /amtmedyaduyuru/2?embed=1&mode=tme (Caused by NameResolutionError("<urllib3.connection.HTTPSConnection object at 0x00000263401A41D0>: Failed to resolve 't.me' ([Errno 11001] getaddrinfo failed)"))
HTTPSConnectionPool(host='t.me', port=443): Max retries exceeded with url: /amtmedyaduyuru/2?embed=1&mode=tme (Caused by NameResolutionError("<urllib3.connection.HTTPSConnection object at 0x0000026340B2C490>: Failed to resolve 't.me' ([Errno 11001] getaddrinfo failed)"))
HTTPSConnectionPool(host='t.me', port=443): Max retries exceeded with url: /amtmedyaduyuru/2?embed=1&mode=tme (Caused by NameResolutionError("<urllib3.connection.HTTPSConnection object at 0x0000026336549750>: Failed to resolve 't.me' ([Errno 11001] getaddrinfo failed)"))
HTTPSConnectionPool(host='t.me', port=443): Max retries exceeded with url: /amtmedyaduyuru/2?embed=1&mode=tme (Caused by NameResolutionError("<urllib3.connection.HTTPSConnection object at 0x0000026340B06C10>: Failed to resolve 't.me' ([Errno 11001] getaddrinfo failed)"))
HTTPSConnectionPool(host='t.me', port=443): Max retries exceeded with url: /amtmedyaduyuru/2?embed=1&mode=tme (Caused by NameResolutionError("<urllib3.connection.HTTPSConnection object at 0x0000026340419D50>: Failed to resolve 't.me' ([Errno 11001] getaddrinfo failed)"))
HTTPSConnectionPool(host='t.me', port=443): Max retries exceeded with url: /amtmedyaduyuru/2?embed=1&mode=tme (Caused by NameResolutionError("<urllib3.connection.HTTPSConnection object at 0x00000263409C24D0>: Failed to resolve 't.me' ([Errno 11001] getaddrinfo failed)"))
HTTPSConnectionPool(host='t.me', port=443): Max retries exceeded with url: /amtmedyaduyuru/2?embed=1&mode=tme (Caused by NameResolutionError("<urllib3.connection.HTTPSConnection object at 0x0000026341097950>: Failed to resolve 't.me' ([Errno 11001] getaddrinfo failed)"))
HTTPSConnectionPool(host='t.me', port=443): Max retries exceeded with url: /amtmedyaduyuru/2?embed=1&mode=tme (Caused by NameResolutionError("<urllib3.connection.HTTPSConnection object at 0x0000026340B72E90>: Failed to resolve 't.me' ([Errno 11001] getaddrinfo failed)"))
HTTPSConnectionPool(host='t.me', port=443): Max retries exceeded with url: /amtmedyaduyuru/2?embed=1&mode=tme (Caused by NameResolutionError("<urllib3.connection.HTTPSConnection object at 0x000002633FB83A10>: Failed to resolve 't.me' ([Errno 11001] getaddrinfo failed)"))
HTTPSConnectionPool(host='t.me', port=443): Max retries exceeded with url: /amtmedyaduyuru/2?embed=1&mode=tme (Caused by NameResolutionError("<urllib3.connection.HTTPSConnection object at 0x000002633CFA7710>: Failed to resolve 't.me' ([Errno 11001] getaddrinfo failed)"))
HTTPSConnectionPool(host='t.me', port=443): Max retries exceeded with url: /amtmedyaduyuru/2?embed=1&mode=tme (Caused by NameResolutionError("<urllib3.connection.HTTPSConnection object at 0x00000263408FF7D0>: Failed to resolve 't.me' ([Errno 11001] getaddrinfo failed)"))
HTTPSConnectionPool(host='t.me', port=443): Max retries exceeded with url: /amtmedyaduyuru/2?embed=1&mode=tme (Caused by NameResolutionError("<urllib3.connection.HTTPSConnection object at 0x0000026340F13750>: Failed to resolve 't.me' ([Errno 11001] getaddrinfo failed)"))
HTTPSConnectionPool(host='t.me', port=443): Max retries exceeded with url: /amtmedyaduyuru/2?embed=1&mode=tme (Caused by NameResolutionError("<urllib3.connection.HTTPSConnection object at 0x0000026340D576D0>: Failed to resolve 't.me' ([Errno 11001] getaddrinfo failed)"))
HTTPSConnectionPool(host='t.me', port=443): Max retries exceeded with url: /amtmedyaduyuru/2?embed=1&mode=tme (Caused by NameResolutionError("<urllib3.connection.HTTPSConnection object at 0x000002633FC280D0>: Failed to resolve 't.me' ([Errno 11001] getaddrinfo failed)"))
HTTPSConnectionPool(host='t.me', port=443): Max retries exceeded with url: /amtmedyaduyuru/2?embed=1&mode=tme (Caused by NameResolutionError("<urllib3.connection.HTTPSConnection object at 0x000002633B748D10>: Failed to resolve 't.me' ([Errno 11001] getaddrinfo failed)"))
HTTPSConnectionPool(host='t.me', port=443): Max retries exceeded with url: /amtmedyaduyuru/2?embed=1&mode=tme (Caused by NameResolutionError("<urllib3.connection.HTTPSConnection object at 0x00000263410972D0>: Failed to resolve 't.me' ([Errno 11001] getaddrinfo failed)"))
HTTPSConnectionPool(host='t.me', port=443): Max retries exceeded with url: /amtmedyaduyuru/2?embed=1&mode=tme (Caused by NameResolutionError("<urllib3.connection.HTTPSConnection object at 0x00000263410AD0D0>: Failed to resolve 't.me' ([Errno 11001] getaddrinfo failed)"))
HTTPSConnectionPool(host='t.me', port=443): Max retries exceeded with url: /amtmedyaduyuru/2?embed=1&mode=tme (Caused by NameResolutionError("<urllib3.connection.HTTPSConnection object at 0x000002633B748D10>: Failed to resolve 't.me' ([Errno 11001] getaddrinfo failed)"))
HTTPSConnectionPool(host='t.me', port=443): Max retries exceeded with url: /amtmedyaduyuru/2?embed=1&mode=tme (Caused by NameResolutionError("<urllib3.connection.HTTPSConnection object at 0x000002633FFFA650>: Failed to resolve 't.me' ([Errno 11001] getaddrinfo failed)"))
HTTPSConnectionPool(host='t.me', port=443): Max retries exceeded with url: /amtmedyaduyuru/2?embed=1&mode=tme (Caused by NameResolutionError("<urllib3.connection.HTTPSConnection object at 0x000002633F7C3D90>: Failed to resolve 't.me' ([Errno 11001] getaddrinfo failed)"))
HTTPSConnectionPool(host='t.me', port=443): Max retries exceeded with url: /amtmedyaduyuru/2?embed=1&mode=tme (Caused by NameResolutionError("<urllib3.connection.HTTPSConnection object at 0x0000026340F2E690>: Failed to resolve 't.me' ([Errno 11001] getaddrinfo failed)"))
HTTPSConnectionPool(host='t.me', port=443): Max retries exceeded with url: /amtmedyaduyuru/2?embed=1&mode=tme (Caused by NameResolutionError("<urllib3.connection.HTTPSConnection object at 0x0000026341096610>: Failed to resolve 't.me' ([Errno 11001] getaddrinfo failed)"))
HTTPSConnectionPool(host='t.me', port=443): Max retries exceeded with url: /amtmedyaduyuru/2?embed=1&mode=tme (Caused by NameResolutionError("<urllib3.connection.HTTPSConnection object at 0x0000026341095790>: Failed to resolve 't.me' ([Errno 11001] getaddrinfo failed)"))
HTTPSConnectionPool(host='t.me', port=443): Max retries exceeded with url: /amtmedyaduyuru/2?embed=1&mode=tme (Caused by NameResolutionError("<urllib3.connection.HTTPSConnection object at 0x0000026340DFD210>: Failed to resolve 't.me' ([Errno 11001] getaddrinfo failed)"))
HTTPSConnectionPool(host='t.me', port=443): Max retries exceeded with url: /amtmedyaduyuru/2?embed=1&mode=tme (Caused by NameResolutionError("<urllib3.connection.HTTPSConnection object at 0x000002634071E010>: Failed to resolve 't.me' ([Errno 11001] getaddrinfo failed)"))
HTTPSConnectionPool(host='t.me', port=443): Max retries exceeded with url: /amtmedyaduyuru/2?embed=1&mode=tme (Caused by NameResolutionError("<urllib3.connection.HTTPSConnection object at 0x00000263402B55D0>: Failed to resolve 't.me' ([Errno 11001] getaddrinfo failed)"))
HTTPSConnectionPool(host='t.me', port=443): Max retries exceeded with url: /amtmedyaduyuru/2?embed=1&mode=tme (Caused by NameResolutionError("<urllib3.connection.HTTPSConnection object at 0x000002633CFBC2D0>: Failed to resolve 't.me' ([Errno 11001] getaddrinfo failed)"))
HTTPSConnectionPool(host='t.me', port=443): Max retries exceeded with url: /amtmedyaduyuru/2?embed=1&mode=tme (Caused by NameResolutionError("<urllib3.connection.HTTPSConnection object at 0x0000026340F108D0>: Failed to resolve 't.me' ([Errno 11001] getaddrinfo failed)"))
HTTPSConnectionPool(host='t.me', port=443): Max retries exceeded with url: /amtmedyaduyuru/2?embed=1&mode=tme (Caused by NameResolutionError("<urllib3.connection.HTTPSConnection object at 0x000002633653FA50>: Failed to resolve 't.me' ([Errno 11001] getaddrinfo failed)"))
HTTPSConnectionPool(host='t.me', port=443): Max retries exceeded with url: /amtmedyaduyuru/2?embed=1&mode=tme (Caused by NameResolutionError("<urllib3.connection.HTTPSConnection object at 0x0000026340713D50>: Failed to resolve 't.me' ([Errno 11001] getaddrinfo failed)"))
HTTPSConnectionPool(host='t.me', port=443): Max retries exceeded with url: /amtmedyaduyuru/2?embed=1&mode=tme (Caused by NameResolutionError("<urllib3.connection.HTTPSConnection object at 0x0000026340B8A690>: Failed to resolve 't.me' ([Errno 11001] getaddrinfo failed)"))
HTTPSConnectionPool(host='t.me', port=443): Max retries exceeded with url: /amtmedyaduyuru/2?embed=1&mode=tme (Caused by NameResolutionError("<urllib3.connection.HTTPSConnection object at 0x0000026340421250>: Failed to resolve 't.me' ([Errno 11001] getaddrinfo failed)"))
HTTPSConnectionPool(host='t.me', port=443): Max retries exceeded with url: /amtmedyaduyuru/2?embed=1&mode=tme (Caused by NameResolutionError("<urllib3.connection.HTTPSConnection object at 0x000002633F78AF10>: Failed to resolve 't.me' ([Errno 11001] getaddrinfo failed)"))
HTTPSConnectionPool(host='t.me', port=443): Max retries exceeded with url: /amtmedyaduyuru/2?embed=1&mode=tme (Caused by NameResolutionError("<urllib3.connection.HTTPSConnection object at 0x000002633CFBC2D0>: Failed to resolve 't.me' ([Errno 11001] getaddrinfo failed)"))
HTTPSConnectionPool(host='t.me', port=443): Max retries exceeded with url: /amtmedyaduyuru/2?embed=1&mode=tme (Caused by NameResolutionError("<urllib3.connection.HTTPSConnection object at 0x000002633E121D50>: Failed to resolve 't.me' ([Errno 11001] getaddrinfo failed)"))
HTTPSConnectionPool(host='t.me', port=443): Max retries exceeded with url: /amtmedyaduyuru/2?embed=1&mode=tme (Caused by NameResolutionError("<urllib3.connection.HTTPSConnection object at 0x0000026341095A10>: Failed to resolve 't.me' ([Errno 11001] getaddrinfo failed)"))
HTTPSConnectionPool(host='t.me', port=443): Max retries exceeded with url: /amtmedyaduyuru/2?embed=1&mode=tme (Caused by NameResolutionError("<urllib3.connection.HTTPSConnection object at 0x0000026340DC2A50>: Failed to resolve 't.me' ([Errno 11001] getaddrinfo failed)"))
HTTPSConnectionPool(host='t.me', port=443): Max retries exceeded with url: /amtmedyaduyuru/2?embed=1&mode=tme (Caused by NameResolutionError("<urllib3.connection.HTTPSConnection object at 0x000002633FA4F110>: Failed to resolve 't.me' ([Errno 11001] getaddrinfo failed)"))
HTTPSConnectionPool(host='t.me', port=443): Max retries exceeded with url: /amtmedyaduyuru/2?embed=1&mode=tme (Caused by NameResolutionError("<urllib3.connection.HTTPSConnection object at 0x000002633AAC6610>: Failed to resolve 't.me' ([Errno 11001] getaddrinfo failed)"))
HTTPSConnectionPool(host='t.me', port=443): Max retries exceeded with url: /amtmedyaduyuru/2?embed=1&mode=tme (Caused by NameResolutionError("<urllib3.connection.HTTPSConnection object at 0x0000026340A067D0>: Failed to resolve 't.me' ([Errno 11001] getaddrinfo failed)"))
HTTPSConnectionPool(host='t.me', port=443): Max retries exceeded with url: /amtmedyaduyuru/2?embed=1&mode=tme (Caused by NameResolutionError("<urllib3.connection.HTTPSConnection object at 0x000002633F789050>: Failed to resolve 't.me' ([Errno 11001] getaddrinfo failed)"))
HTTPSConnectionPool(host='t.me', port=443): Max retries exceeded with url: /amtmedyaduyuru/2?embed=1&mode=tme (Caused by NameResolutionError("<urllib3.connection.HTTPSConnection object at 0x000002633FC94790>: Failed to resolve 't.me' ([Errno 11001] getaddrinfo failed)"))
HTTPSConnectionPool(host='t.me', port=443): Max retries exceeded with url: /amtmedyaduyuru/2?embed=1&mode=tme (Caused by NameResolutionError("<urllib3.connection.HTTPSConnection object at 0x000002633FA29550>: Failed to resolve 't.me' ([Errno 11001] getaddrinfo failed)"))
HTTPSConnectionPool(host='t.me', port=443): Max retries exceeded with url: /amtmedyaduyuru/2?embed=1&mode=tme (Caused by NameResolutionError("<urllib3.connection.HTTPSConnection object at 0x00000263406C8B90>: Failed to resolve 't.me' ([Errno 11001] getaddrinfo failed)"))
HTTPSConnectionPool(host='t.me', port=443): Max retries exceeded with url: /amtmedyaduyuru/2?embed=1&mode=tme (Caused by NameResolutionError("<urllib3.connection.HTTPSConnection object at 0x000002634073EDD0>: Failed to resolve 't.me' ([Errno 11001] getaddrinfo failed)"))
HTTPSConnectionPool(host='t.me', port=443): Max retries exceeded with url: /amtmedyaduyuru/2?embed=1&mode=tme (Caused by NameResolutionError("<urllib3.connection.HTTPSConnection object at 0x00000263408C6850>: Failed to resolve 't.me' ([Errno 11001] getaddrinfo failed)"))
HTTPSConnectionPool(host='t.me', port=443): Max retries exceeded with url: /amtmedyaduyuru/2?embed=1&mode=tme (Caused by NameResolutionError("<urllib3.connection.HTTPSConnection object at 0x000002634082C310>: Failed to resolve 't.me' ([Errno 11001] getaddrinfo failed)"))
HTTPSConnectionPool(host='t.me', port=443): Max retries exceeded with url: /amtmedyaduyuru/2?embed=1&mode=tme (Caused by NameResolutionError("<urllib3.connection.HTTPSConnection object at 0x0000026340079510>: Failed to resolve 't.me' ([Errno 11001] getaddrinfo failed)"))
HTTPSConnectionPool(host='t.me', port=443): Max retries exceeded with url: /amtmedyaduyuru/2?embed=1&mode=tme (Caused by NameResolutionError("<urllib3.connection.HTTPSConnection object at 0x000002633AC5BE50>: Failed to resolve 't.me' ([Errno 11001] getaddrinfo failed)"))
HTTPSConnectionPool(host='t.me', port=443): Max retries exceeded with url: /amtmedyaduyuru/2?embed=1&mode=tme (Caused by NameResolutionError("<urllib3.connection.HTTPSConnection object at 0x0000026340CD67D0>: Failed to resolve 't.me' ([Errno 11001] getaddrinfo failed)"))
HTTPSConnectionPool(host='t.me', port=443): Max retries exceeded with url: /amtmedyaduyuru/2?embed=1&mode=tme (Caused by NameResolutionError("<urllib3.connection.HTTPSConnection object at 0x000002634108EC90>: Failed to resolve 't.me' ([Errno 11001] getaddrinfo failed)"))
HTTPSConnectionPool(host='t.me', port=443): Max retries exceeded with url: /amtmedyaduyuru/2?embed=1&mode=tme (Caused by NameResolutionError("<urllib3.connection.HTTPSConnection object at 0x0000026341097650>: Failed to resolve 't.me' ([Errno 11001] getaddrinfo failed)"))
HTTPSConnectionPool(host='t.me', port=443): Max retries exceeded with url: /amtmedyaduyuru/2?embed=1&mode=tme (Caused by NameResolutionError("<urllib3.connection.HTTPSConnection object at 0x000002633FA3D910>: Failed to resolve 't.me' ([Errno 11001] getaddrinfo failed)"))
HTTPSConnectionPool(host='t.me', port=443): Max retries exceeded with url: /amtmedyaduyuru/2?embed=1&mode=tme (Caused by NameResolutionError("<urllib3.connection.HTTPSConnection object at 0x000002634094C410>: Failed to resolve 't.me' ([Errno 11001] getaddrinfo failed)"))
HTTPSConnectionPool(host='t.me', port=443): Max retries exceeded with url: /amtmedyaduyuru/2?embed=1&mode=tme (Caused by NameResolutionError("<urllib3.connection.HTTPSConnection object at 0x0000026340F12DD0>: Failed to resolve 't.me' ([Errno 11001] getaddrinfo failed)"))
HTTPSConnectionPool(host='t.me', port=443): Max retries exceeded with url: /amtmedyaduyuru/2?embed=1&mode=tme (Caused by NameResolutionError("<urllib3.connection.HTTPSConnection object at 0x0000026340CCA350>: Failed to resolve 't.me' ([Errno 11001] getaddrinfo failed)"))
HTTPSConnectionPool(host='t.me', port=443): Max retries exceeded with url: /amtmedyaduyuru/2?embed=1&mode=tme (Caused by NameResolutionError("<urllib3.connection.HTTPSConnection object at 0x000002633FDF7990>: Failed to resolve 't.me' ([Errno 11001] getaddrinfo failed)"))
HTTPSConnectionPool(host='t.me', port=443): Max retries exceeded with url: /amtmedyaduyuru/2?embed=1&mode=tme (Caused by NameResolutionError("<urllib3.connection.HTTPSConnection object at 0x000002633F8649D0>: Failed to resolve 't.me' ([Errno 11001] getaddrinfo failed)"))
HTTPSConnectionPool(host='t.me', port=443): Max retries exceeded with url: /amtmedyaduyuru/2?embed=1&mode=tme (Caused by NameResolutionError("<urllib3.connection.HTTPSConnection object at 0x0000026340C70910>: Failed to resolve 't.me' ([Errno 11001] getaddrinfo failed)"))
HTTPSConnectionPool(host='t.me', port=443): Max retries exceeded with url: /amtmedyaduyuru/2?embed=1&mode=tme (Caused by NameResolutionError("<urllib3.connection.HTTPSConnection object at 0x0000026340F24950>: Failed to resolve 't.me' ([Errno 11001] getaddrinfo failed)"))
HTTPSConnectionPool(host='t.me', port=443): Max retries exceeded with url: /amtmedyaduyuru/2?embed=1&mode=tme (Caused by NameResolutionError("<urllib3.connection.HTTPSConnection object at 0x0000026340826090>: Failed to resolve 't.me' ([Errno 11001] getaddrinfo failed)"))
HTTPSConnectionPool(host='t.me', port=443): Max retries exceeded with url: /amtmedyaduyuru/2?embed=1&mode=tme (Caused by NameResolutionError("<urllib3.connection.HTTPSConnection object at 0x000002633659AE50>: Failed to resolve 't.me' ([Errno 11001] getaddrinfo failed)"))
HTTPSConnectionPool(host='t.me', port=443): Max retries exceeded with url: /amtmedyaduyuru/2?embed=1&mode=tme (Caused by NameResolutionError("<urllib3.connection.HTTPSConnection object at 0x0000026340F24690>: Failed to resolve 't.me' ([Errno 11001] getaddrinfo failed)"))
HTTPSConnectionPool(host='t.me', port=443): Max retries exceeded with url: /amtmedyaduyuru/2?embed=1&mode=tme (Caused by NameResolutionError("<urllib3.connection.HTTPSConnection object at 0x00000263408683D0>: Failed to resolve 't.me' ([Errno 11001] getaddrinfo failed)"))
HTTPSConnectionPool(host='t.me', port=443): Max retries exceeded with url: /amtmedyaduyuru/2?embed=1&mode=tme (Caused by NameResolutionError("<urllib3.connection.HTTPSConnection object at 0x000002633FEAED90>: Failed to resolve 't.me' ([Errno 11001] getaddrinfo failed)"))
HTTPSConnectionPool(host='t.me', port=443): Max retries exceeded with url: /amtmedyaduyuru/2?embed=1&mode=tme (Caused by NameResolutionError("<urllib3.connection.HTTPSConnection object at 0x000002634108EE10>: Failed to resolve 't.me' ([Errno 11001] getaddrinfo failed)"))
HTTPSConnectionPool(host='t.me', port=443): Max retries exceeded with url: /amtmedyaduyuru/2?embed=1&mode=tme (Caused by NameResolutionError("<urllib3.connection.HTTPSConnection object at 0x000002633FBBE090>: Failed to resolve 't.me' ([Errno 11001] getaddrinfo failed)"))
HTTPSConnectionPool(host='t.me', port=443): Max retries exceeded with url: /amtmedyaduyuru/2?embed=1&mode=tme (Caused by NameResolutionError("<urllib3.connection.HTTPSConnection object at 0x0000026340935BD0>: Failed to resolve 't.me' ([Errno 11001] getaddrinfo failed)"))
HTTPSConnectionPool(host='t.me', port=443): Max retries exceeded with url: /amtmedyaduyuru/2?embed=1&mode=tme (Caused by NameResolutionError("<urllib3.connection.HTTPSConnection object at 0x0000026340CD7090>: Failed to resolve 't.me' ([Errno 11001] getaddrinfo failed)"))
HTTPSConnectionPool(host='t.me', port=443): Max retries exceeded with url: /amtmedyaduyuru/2?embed=1&mode=tme (Caused by NameResolutionError("<urllib3.connection.HTTPSConnection object at 0x0000026337E2D1D0>: Failed to resolve 't.me' ([Errno 11001] getaddrinfo failed)"))
HTTPSConnectionPool(host='t.me', port=443): Max retries exceeded with url: /amtmedyaduyuru/2?embed=1&mode=tme (Caused by NameResolutionError("<urllib3.connection.HTTPSConnection object at 0x0000026341096FD0>: Failed to resolve 't.me' ([Errno 11001] getaddrinfo failed)"))
HTTPSConnectionPool(host='t.me', port=443): Max retries exceeded with url: /amtmedyaduyuru/2?embed=1&mode=tme (Caused by NameResolutionError("<urllib3.connection.HTTPSConnection object at 0x0000026340F27910>: Failed to resolve 't.me' ([Errno 11001] getaddrinfo failed)"))
HTTPSConnectionPool(host='t.me', port=443): Max retries exceeded with url: /amtmedyaduyuru/2?embed=1&mode=tme (Caused by NameResolutionError("<urllib3.connection.HTTPSConnection object at 0x0000026340CCB7D0>: Failed to resolve 't.me' ([Errno 11001] getaddrinfo failed)"))
HTTPSConnectionPool(host='t.me', port=443): Max retries exceeded with url: /amtmedyaduyuru/2?embed=1&mode=tme (Caused by NameResolutionError("<urllib3.connection.HTTPSConnection object at 0x0000026340508E10>: Failed to resolve 't.me' ([Errno 11001] getaddrinfo failed)"))
HTTPSConnectionPool(host='t.me', port=443): Max retries exceeded with url: /amtmedyaduyuru/2?embed=1&mode=tme (Caused by NameResolutionError("<urllib3.connection.HTTPSConnection object at 0x0000026340713D10>: Failed to resolve 't.me' ([Errno 11001] getaddrinfo failed)"))
HTTPSConnectionPool(host='t.me', port=443): Max retries exceeded with url: /amtmedyaduyuru/2?embed=1&mode=tme (Caused by NameResolutionError("<urllib3.connection.HTTPSConnection object at 0x000002633FC94ED0>: Failed to resolve 't.me' ([Errno 11001] getaddrinfo failed)"))
HTTPSConnectionPool(host='t.me', port=443): Max retries exceeded with url: /amtmedyaduyuru/2?embed=1&mode=tme (Caused by NameResolutionError("<urllib3.connection.HTTPSConnection object at 0x0000026340CD6A50>: Failed to resolve 't.me' ([Errno 11001] getaddrinfo failed)"))
HTTPSConnectionPool(host='t.me', port=443): Max retries exceeded with url: /amtmedyaduyuru/2?embed=1&mode=tme (Caused by NameResolutionError("<urllib3.connection.HTTPSConnection object at 0x000002634085C590>: Failed to resolve 't.me' ([Errno 11001] getaddrinfo failed)"))
HTTPSConnectionPool(host='t.me', port=443): Max retries exceeded with url: /amtmedyaduyuru/2?embed=1&mode=tme (Caused by NameResolutionError("<urllib3.connection.HTTPSConnection object at 0x00000263410ADC10>: Failed to resolve 't.me' ([Errno 11001] getaddrinfo failed)"))
HTTPSConnectionPool(host='t.me', port=443): Max retries exceeded with url: /amtmedyaduyuru/2?embed=1&mode=tme (Caused by NameResolutionError("<urllib3.connection.HTTPSConnection object at 0x000002633FFF9850>: Failed to resolve 't.me' ([Errno 11001] getaddrinfo failed)"))
HTTPSConnectionPool(host='t.me', port=443): Max retries exceeded with url: /amtmedyaduyuru/2?embed=1&mode=tme (Caused by NameResolutionError("<urllib3.connection.HTTPSConnection object at 0x000002633C332C10>: Failed to resolve 't.me' ([Errno 11001] getaddrinfo failed)"))
HTTPSConnectionPool(host='t.me', port=443): Max retries exceeded with url: /amtmedyaduyuru/2?embed=1&mode=tme (Caused by NameResolutionError("<urllib3.connection.HTTPSConnection object at 0x000002633FD39790>: Failed to resolve 't.me' ([Errno 11001] getaddrinfo failed)"))
HTTPSConnectionPool(host='t.me', port=443): Max retries exceeded with url: /amtmedyaduyuru/2?embed=1&mode=tme (Caused by NameResolutionError("<urllib3.connection.HTTPSConnection object at 0x0000026340B715D0>: Failed to resolve 't.me' ([Errno 11001] getaddrinfo failed)"))
HTTPSConnectionPool(host='t.me', port=443): Max retries exceeded with url: /amtmedyaduyuru/2?embed=1&mode=tme (Caused by NameResolutionError("<urllib3.connection.HTTPSConnection object at 0x000002633FE80890>: Failed to resolve 't.me' ([Errno 11001] getaddrinfo failed)"))
HTTPSConnectionPool(host='t.me', port=443): Max retries exceeded with url: /amtmedyaduyuru/2?embed=1&mode=tme (Caused by NameResolutionError("<urllib3.connection.HTTPSConnection object at 0x000002633DFC7850>: Failed to resolve 't.me' ([Errno 11001] getaddrinfo failed)"))
HTTPSConnectionPool(host='t.me', port=443): Max retries exceeded with url: /amtmedyaduyuru/2?embed=1&mode=tme (Caused by NameResolutionError("<urllib3.connection.HTTPSConnection object at 0x0000026340B73190>: Failed to resolve 't.me' ([Errno 11001] getaddrinfo failed)"))
HTTPSConnectionPool(host='t.me', port=443): Max retries exceeded with url: /amtmedyaduyuru/2?embed=1&mode=tme (Caused by NameResolutionError("<urllib3.connection.HTTPSConnection object at 0x000002633FDD72D0>: Failed to resolve 't.me' ([Errno 11001] getaddrinfo failed)"))
HTTPSConnectionPool(host='t.me', port=443): Max retries exceeded with url: /amtmedyaduyuru/2?embed=1&mode=tme (Caused by NameResolutionError("<urllib3.connection.HTTPSConnection object at 0x00000263406C4C10>: Failed to resolve 't.me' ([Errno 11001] getaddrinfo failed)"))
HTTPSConnectionPool(host='t.me', port=443): Max retries exceeded with url: /amtmedyaduyuru/2?embed=1&mode=tme (Caused by NameResolutionError("<urllib3.connection.HTTPSConnection object at 0x000002634108D4D0>: Failed to resolve 't.me' ([Errno 11001] getaddrinfo failed)"))
HTTPSConnectionPool(host='t.me', port=443): Max retries exceeded with url: /amtmedyaduyuru/2?embed=1&mode=tme (Caused by NameResolutionError("<urllib3.connection.HTTPSConnection object at 0x0000026340CC9AD0>: Failed to resolve 't.me' ([Errno 11001] getaddrinfo failed)"))
HTTPSConnectionPool(host='t.me', port=443): Max retries exceeded with url: /amtmedyaduyuru/2?embed=1&mode=tme (Caused by NameResolutionError("<urllib3.connection.HTTPSConnection object at 0x000002633AA5AC50>: Failed to resolve 't.me' ([Errno 11001] getaddrinfo failed)"))
HTTPSConnectionPool(host='t.me', port=443): Max retries exceeded with url: /amtmedyaduyuru/2?embed=1&mode=tme (Caused by NameResolutionError("<urllib3.connection.HTTPSConnection object at 0x00000263409108D0>: Failed to resolve 't.me' ([Errno 11001] getaddrinfo failed)"))
HTTPSConnectionPool(host='t.me', port=443): Max retries exceeded with url: /amtmedyaduyuru/2?embed=1&mode=tme (Caused by NameResolutionError("<urllib3.connection.HTTPSConnection object at 0x000002633FFED250>: Failed to resolve 't.me' ([Errno 11001] getaddrinfo failed)"))
HTTPSConnectionPool(host='t.me', port=443): Max retries exceeded with url: /amtmedyaduyuru/2?embed=1&mode=tme (Caused by NameResolutionError("<urllib3.connection.HTTPSConnection object at 0x000002633FA03410>: Failed to resolve 't.me' ([Errno 11001] getaddrinfo failed)"))
HTTPSConnectionPool(host='t.me', port=443): Max retries exceeded with url: /amtmedyaduyuru/2?embed=1&mode=tme (Caused by NameResolutionError("<urllib3.connection.HTTPSConnection object at 0x000002633C32C210>: Failed to resolve 't.me' ([Errno 11001] getaddrinfo failed)"))
HTTPSConnectionPool(host='t.me', port=443): Max retries exceeded with url: /amtmedyaduyuru/2?embed=1&mode=tme (Caused by NameResolutionError("<urllib3.connection.HTTPSConnection object at 0x0000026340CC9B90>: Failed to resolve 't.me' ([Errno 11001] getaddrinfo failed)"))
HTTPSConnectionPool(host='t.me', port=443): Max retries exceeded with url: /amtmedyaduyuru/2?embed=1&mode=tme (Caused by NameResolutionError("<urllib3.connection.HTTPSConnection object at 0x000002634086A290>: Failed to resolve 't.me' ([Errno 11001] getaddrinfo failed)"))
HTTPSConnectionPool(host='t.me', port=443): Max retries exceeded with url: /amtmedyaduyuru/2?embed=1&mode=tme (Caused by NameResolutionError("<urllib3.connection.HTTPSConnection object at 0x000002634108D710>: Failed to resolve 't.me' ([Errno 11001] getaddrinfo failed)"))
HTTPSConnectionPool(host='t.me', port=443): Max retries exceeded with url: /amtmedyaduyuru/2?embed=1&mode=tme (Caused by NameResolutionError("<urllib3.connection.HTTPSConnection object at 0x000002633A87CD90>: Failed to resolve 't.me' ([Errno 11001] getaddrinfo failed)"))
HTTPSConnectionPool(host='t.me', port=443): Max retries exceeded with url: /amtmedyaduyuru/2?embed=1&mode=tme (Caused by NameResolutionError("<urllib3.connection.HTTPSConnection object at 0x0000026340CD6590>: Failed to resolve 't.me' ([Errno 11001] getaddrinfo failed)"))
HTTPSConnectionPool(host='t.me', port=443): Max retries exceeded with url: /amtmedyaduyuru/2?embed=1&mode=tme (Caused by NameResolutionError("<urllib3.connection.HTTPSConnection object at 0x000002633FC6BCD0>: Failed to resolve 't.me' ([Errno 11001] getaddrinfo failed)"))
HTTPSConnectionPool(host='t.me', port=443): Max retries exceeded with url: /amtmedyaduyuru/2?embed=1&mode=tme (Caused by NameResolutionError("<urllib3.connection.HTTPSConnection object at 0x000002633FF38810>: Failed to resolve 't.me' ([Errno 11001] getaddrinfo failed)"))
HTTPSConnectionPool(host='t.me', port=443): Max retries exceeded with url: /amtmedyaduyuru/2?embed=1&mode=tme (Caused by NameResolutionError("<urllib3.connection.HTTPSConnection object at 0x0000026340746D90>: Failed to resolve 't.me' ([Errno 11001] getaddrinfo failed)"))
HTTPSConnectionPool(host='t.me', port=443): Max retries exceeded with url: /amtmedyaduyuru/2?embed=1&mode=tme (Caused by NameResolutionError("<urllib3.connection.HTTPSConnection object at 0x00000263401D1D50>: Failed to resolve 't.me' ([Errno 11001] getaddrinfo failed)"))
HTTPSConnectionPool(host='t.me', port=443): Max retries exceeded with url: /amtmedyaduyuru/2?embed=1&mode=tme (Caused by NameResolutionError("<urllib3.connection.HTTPSConnection object at 0x000002633AE59350>: Failed to resolve 't.me' ([Errno 11001] getaddrinfo failed)"))
HTTPSConnectionPool(host='t.me', port=443): Max retries exceeded with url: /amtmedyaduyuru/2?embed=1&mode=tme (Caused by NameResolutionError("<urllib3.connection.HTTPSConnection object at 0x000002634011CA90>: Failed to resolve 't.me' ([Errno 11001] getaddrinfo failed)"))
HTTPSConnectionPool(host='t.me', port=443): Max retries exceeded with url: /amtmedyaduyuru/2?embed=1&mode=tme (Caused by NameResolutionError("<urllib3.connection.HTTPSConnection object at 0x0000026340F25990>: Failed to resolve 't.me' ([Errno 11001] getaddrinfo failed)"))
HTTPSConnectionPool(host='t.me', port=443): Max retries exceeded with url: /amtmedyaduyuru/2?embed=1&mode=tme (Caused by NameResolutionError("<urllib3.connection.HTTPSConnection object at 0x000002634086AC10>: Failed to resolve 't.me' ([Errno 11001] getaddrinfo failed)"))
HTTPSConnectionPool(host='t.me', port=443): Max retries exceeded with url: /amtmedyaduyuru/2?embed=1&mode=tme (Caused by NameResolutionError("<urllib3.connection.HTTPSConnection object at 0x00000263409EC5D0>: Failed to resolve 't.me' ([Errno 11001] getaddrinfo failed)"))
HTTPSConnectionPool(host='t.me', port=443): Max retries exceeded with url: /amtmedyaduyuru/2?embed=1&mode=tme (Caused by NameResolutionError("<urllib3.connection.HTTPSConnection object at 0x000002633F92CE90>: Failed to resolve 't.me' ([Errno 11001] getaddrinfo failed)"))
HTTPSConnectionPool(host='t.me', port=443): Max retries exceeded with url: /amtmedyaduyuru/2?embed=1&mode=tme (Caused by NameResolutionError("<urllib3.connection.HTTPSConnection object at 0x000002633FFD2690>: Failed to resolve 't.me' ([Errno 11001] getaddrinfo failed)"))
HTTPSConnectionPool(host='t.me', port=443): Max retries exceeded with url: /amtmedyaduyuru/2?embed=1&mode=tme (Caused by NameResolutionError("<urllib3.connection.HTTPSConnection object at 0x0000026339147F50>: Failed to resolve 't.me' ([Errno 11001] getaddrinfo failed)"))
HTTPSConnectionPool(host='t.me', port=443): Max retries exceeded with url: /amtmedyaduyuru/2?embed=1&mode=tme (Caused by NameResolutionError("<urllib3.connection.HTTPSConnection object at 0x0000026340DC1650>: Failed to resolve 't.me' ([Errno 11001] getaddrinfo failed)"))
HTTPSConnectionPool(host='t.me', port=443): Max retries exceeded with url: /amtmedyaduyuru/2?embed=1&mode=tme (Caused by NameResolutionError("<urllib3.connection.HTTPSConnection object at 0x0000026340816950>: Failed to resolve 't.me' ([Errno 11001] getaddrinfo failed)"))
HTTPSConnectionPool(host='t.me', port=443): Max retries exceeded with url: /amtmedyaduyuru/2?embed=1&mode=tme (Caused by NameResolutionError("<urllib3.connection.HTTPSConnection object at 0x00000263404AD7D0>: Failed to resolve 't.me' ([Errno 11001] getaddrinfo failed)"))
HTTPSConnectionPool(host='t.me', port=443): Max retries exceeded with url: /amtmedyaduyuru/2?embed=1&mode=tme (Caused by NameResolutionError("<urllib3.connection.HTTPSConnection object at 0x0000026340DFDD10>: Failed to resolve 't.me' ([Errno 11001] getaddrinfo failed)"))
HTTPSConnectionPool(host='t.me', port=443): Max retries exceeded with url: /amtmedyaduyuru/2?embed=1&mode=tme (Caused by NameResolutionError("<urllib3.connection.HTTPSConnection object at 0x000002633C518E10>: Failed to resolve 't.me' ([Errno 11001] getaddrinfo failed)"))
HTTPSConnectionPool(host='t.me', port=443): Max retries exceeded with url: /amtmedyaduyuru/2?embed=1&mode=tme (Caused by NameResolutionError("<urllib3.connection.HTTPSConnection object at 0x0000026340A06FD0>: Failed to resolve 't.me' ([Errno 11001] getaddrinfo failed)"))
HTTPSConnectionPool(host='t.me', port=443): Max retries exceeded with url: /amtmedyaduyuru/2?embed=1&mode=tme (Caused by NameResolutionError("<urllib3.connection.HTTPSConnection object at 0x0000026340BDA350>: Failed to resolve 't.me' ([Errno 11001] getaddrinfo failed)"))
HTTPSConnectionPool(host='t.me', port=443): Max retries exceeded with url: /amtmedyaduyuru/2?embed=1&mode=tme (Caused by NameResolutionError("<urllib3.connection.HTTPSConnection object at 0x0000026340C5EBD0>: Failed to resolve 't.me' ([Errno 11001] getaddrinfo failed)"))
HTTPSConnectionPool(host='t.me', port=443): Max retries exceeded with url: /amtmedyaduyuru/2?embed=1&mode=tme (Caused by NameResolutionError("<urllib3.connection.HTTPSConnection object at 0x00000263407CB690>: Failed to resolve 't.me' ([Errno 11001] getaddrinfo failed)"))
HTTPSConnectionPool(host='t.me', port=443): Max retries exceeded with url: /amtmedyaduyuru/2?embed=1&mode=tme (Caused by NameResolutionError("<urllib3.connection.HTTPSConnection object at 0x0000026340B8B410>: Failed to resolve 't.me' ([Errno 11001] getaddrinfo failed)"))
HTTPSConnectionPool(host='t.me', port=443): Max retries exceeded with url: /amtmedyaduyuru/2?embed=1&mode=tme (Caused by NameResolutionError("<urllib3.connection.HTTPSConnection object at 0x00000263409EAC90>: Failed to resolve 't.me' ([Errno 11001] getaddrinfo failed)"))
HTTPSConnectionPool(host='t.me', port=443): Max retries exceeded with url: /amtmedyaduyuru/2?embed=1&mode=tme (Caused by NameResolutionError("<urllib3.connection.HTTPSConnection object at 0x00000263410947D0>: Failed to resolve 't.me' ([Errno 11001] getaddrinfo failed)"))
HTTPSConnectionPool(host='t.me', port=443): Max retries exceeded with url: /amtmedyaduyuru/2?embed=1&mode=tme (Caused by NameResolutionError("<urllib3.connection.HTTPSConnection object at 0x000002633FE80350>: Failed to resolve 't.me' ([Errno 11001] getaddrinfo failed)"))
HTTPSConnectionPool(host='t.me', port=443): Max retries exceeded with url: /amtmedyaduyuru/2?embed=1&mode=tme (Caused by NameResolutionError("<urllib3.connection.HTTPSConnection object at 0x0000026340F260D0>: Failed to resolve 't.me' ([Errno 11001] getaddrinfo failed)"))
HTTPSConnectionPool(host='t.me', port=443): Max retries exceeded with url: /amtmedyaduyuru/2?embed=1&mode=tme (Caused by NameResolutionError("<urllib3.connection.HTTPSConnection object at 0x00000263404F7D50>: Failed to resolve 't.me' ([Errno 11001] getaddrinfo failed)"))
HTTPSConnectionPool(host='t.me', port=443): Max retries exceeded with url: /amtmedyaduyuru/2?embed=1&mode=tme (Caused by NameResolutionError("<urllib3.connection.HTTPSConnection object at 0x000002634073D010>: Failed to resolve 't.me' ([Errno 11001] getaddrinfo failed)"))
HTTPSConnectionPool(host='t.me', port=443): Max retries exceeded with url: /amtmedyaduyuru/2?embed=1&mode=tme (Caused by NameResolutionError("<urllib3.connection.HTTPSConnection object at 0x0000026340A07490>: Failed to resolve 't.me' ([Errno 11001] getaddrinfo failed)"))
HTTPSConnectionPool(host='t.me', port=443): Max retries exceeded with url: /amtmedyaduyuru/2?embed=1&mode=tme (Caused by NameResolutionError("<urllib3.connection.HTTPSConnection object at 0x0000026340910990>: Failed to resolve 't.me' ([Errno 11001] getaddrinfo failed)"))
HTTPSConnectionPool(host='t.me', port=443): Max retries exceeded with url: /amtmedyaduyuru/2?embed=1&mode=tme (Caused by NameResolutionError("<urllib3.connection.HTTPSConnection object at 0x0000026340DFDD10>: Failed to resolve 't.me' ([Errno 11001] getaddrinfo failed)"))
HTTPSConnectionPool(host='t.me', port=443): Max retries exceeded with url: /amtmedyaduyuru/2?embed=1&mode=tme (Caused by NameResolutionError("<urllib3.connection.HTTPSConnection object at 0x0000026340814710>: Failed to resolve 't.me' ([Errno 11001] getaddrinfo failed)"))
HTTPSConnectionPool(host='t.me', port=443): Max retries exceeded with url: /amtmedyaduyuru/2?embed=1&mode=tme (Caused by NameResolutionError("<urllib3.connection.HTTPSConnection object at 0x0000026340DC2C10>: Failed to resolve 't.me' ([Errno 11001] getaddrinfo failed)"))
HTTPSConnectionPool(host='t.me', port=443): Max retries exceeded with url: /amtmedyaduyuru/2?embed=1&mode=tme (Caused by NameResolutionError("<urllib3.connection.HTTPSConnection object at 0x000002634071FA10>: Failed to resolve 't.me' ([Errno 11001] getaddrinfo failed)"))
HTTPSConnectionPool(host='t.me', port=443): Max retries exceeded with url: /amtmedyaduyuru/2?embed=1&mode=tme (Caused by NameResolutionError("<urllib3.connection.HTTPSConnection object at 0x0000026340F2D190>: Failed to resolve 't.me' ([Errno 11001] getaddrinfo failed)"))
HTTPSConnectionPool(host='t.me', port=443): Max retries exceeded with url: /amtmedyaduyuru/2?embed=1&mode=tme (Caused by NameResolutionError("<urllib3.connection.HTTPSConnection object at 0x000002633FC94790>: Failed to resolve 't.me' ([Errno 11001] getaddrinfo failed)"))
HTTPSConnectionPool(host='t.me', port=443): Max retries exceeded with url: /amtmedyaduyuru/2?embed=1&mode=tme (Caused by NameResolutionError("<urllib3.connection.HTTPSConnection object at 0x000002634085CD50>: Failed to resolve 't.me' ([Errno 11001] getaddrinfo failed)"))
HTTPSConnectionPool(host='t.me', port=443): Max retries exceeded with url: /amtmedyaduyuru/2?embed=1&mode=tme (Caused by NameResolutionError("<urllib3.connection.HTTPSConnection object at 0x0000026340CD71D0>: Failed to resolve 't.me' ([Errno 11001] getaddrinfo failed)"))
HTTPSConnectionPool(host='t.me', port=443): Max retries exceeded with url: /amtmedyaduyuru/2?embed=1&mode=tme (Caused by NameResolutionError("<urllib3.connection.HTTPSConnection object at 0x00000263403E8350>: Failed to resolve 't.me' ([Errno 11001] getaddrinfo failed)"))
HTTPSConnectionPool(host='t.me', port=443): Max retries exceeded with url: /amtmedyaduyuru/2?embed=1&mode=tme (Caused by NameResolutionError("<urllib3.connection.HTTPSConnection object at 0x0000026340380610>: Failed to resolve 't.me' ([Errno 11001] getaddrinfo failed)"))
HTTPSConnectionPool(host='t.me', port=443): Max retries exceeded with url: /amtmedyaduyuru/2?embed=1&mode=tme (Caused by NameResolutionError("<urllib3.connection.HTTPSConnection object at 0x0000026340F27A10>: Failed to resolve 't.me' ([Errno 11001] getaddrinfo failed)"))
HTTPSConnectionPool(host='t.me', port=443): Max retries exceeded with url: /amtmedyaduyuru/2?embed=1&mode=tme (Caused by NameResolutionError("<urllib3.connection.HTTPSConnection object at 0x000002633B7356D0>: Failed to resolve 't.me' ([Errno 11001] getaddrinfo failed)"))
HTTPSConnectionPool(host='t.me', port=443): Max retries exceeded with url: /amtmedyaduyuru/2?embed=1&mode=tme (Caused by NameResolutionError("<urllib3.connection.HTTPSConnection object at 0x0000026340F2E3D0>: Failed to resolve 't.me' ([Errno 11001] getaddrinfo failed)"))
HTTPSConnectionPool(host='t.me', port=443): Max retries exceeded with url: /amtmedyaduyuru/2?embed=1&mode=tme (Caused by NameResolutionError("<urllib3.connection.HTTPSConnection object at 0x000002633DFEAB50>: Failed to resolve 't.me' ([Errno 11001] getaddrinfo failed)"))
HTTPSConnectionPool(host='t.me', port=443): Max retries exceeded with url: /amtmedyaduyuru/2?embed=1&mode=tme (Caused by NameResolutionError("<urllib3.connection.HTTPSConnection object at 0x0000026340874E10>: Failed to resolve 't.me' ([Errno 11001] getaddrinfo failed)"))
HTTPSConnectionPool(host='t.me', port=443): Max retries exceeded with url: /amtmedyaduyuru/2?embed=1&mode=tme (Caused by NameResolutionError("<urllib3.connection.HTTPSConnection object at 0x00000263410ACE50>: Failed to resolve 't.me' ([Errno 11001] getaddrinfo failed)"))
HTTPSConnectionPool(host='t.me', port=443): Max retries exceeded with url: /amtmedyaduyuru/2?embed=1&mode=tme (Caused by NameResolutionError("<urllib3.connection.HTTPSConnection object at 0x000002634085E550>: Failed to resolve 't.me' ([Errno 11001] getaddrinfo failed)"))
HTTPSConnectionPool(host='t.me', port=443): Max retries exceeded with url: /amtmedyaduyuru/2?embed=1&mode=tme (Caused by NameResolutionError("<urllib3.connection.HTTPSConnection object at 0x0000026340287B10>: Failed to resolve 't.me' ([Errno 11001] getaddrinfo failed)"))
HTTPSConnectionPool(host='t.me', port=443): Max retries exceeded with url: /amtmedyaduyuru/2?embed=1&mode=tme (Caused by NameResolutionError("<urllib3.connection.HTTPSConnection object at 0x000002634056EFD0>: Failed to resolve 't.me' ([Errno 11001] getaddrinfo failed)"))
HTTPSConnectionPool(host='t.me', port=443): Max retries exceeded with url: /amtmedyaduyuru/2?embed=1&mode=tme (Caused by NameResolutionError("<urllib3.connection.HTTPSConnection object at 0x00000263406CBCD0>: Failed to resolve 't.me' ([Errno 11001] getaddrinfo failed)"))
HTTPSConnectionPool(host='t.me', port=443): Max retries exceeded with url: /amtmedyaduyuru/2?embed=1&mode=tme (Caused by NameResolutionError("<urllib3.connection.HTTPSConnection object at 0x0000026340F2EC90>: Failed to resolve 't.me' ([Errno 11001] getaddrinfo failed)"))
HTTPSConnectionPool(host='t.me', port=443): Max retries exceeded with url: /amtmedyaduyuru/2?embed=1&mode=tme (Caused by NameResolutionError("<urllib3.connection.HTTPSConnection object at 0x000002633E370A50>: Failed to resolve 't.me' ([Errno 11001] getaddrinfo failed)"))
HTTPSConnectionPool(host='t.me', port=443): Max retries exceeded with url: /amtmedyaduyuru/2?embed=1&mode=tme (Caused by NameResolutionError("<urllib3.connection.HTTPSConnection object at 0x0000026340D2FD90>: Failed to resolve 't.me' ([Errno 11001] getaddrinfo failed)"))
HTTPSConnectionPool(host='t.me', port=443): Max retries exceeded with url: /amtmedyaduyuru/2?embed=1&mode=tme (Caused by NameResolutionError("<urllib3.connection.HTTPSConnection object at 0x000002633C45FD50>: Failed to resolve 't.me' ([Errno 11001] getaddrinfo failed)"))
HTTPSConnectionPool(host='t.me', port=443): Max retries exceeded with url: /amtmedyaduyuru/2?embed=1&mode=tme (Caused by NameResolutionError("<urllib3.connection.HTTPSConnection object at 0x0000026341094590>: Failed to resolve 't.me' ([Errno 11001] getaddrinfo failed)"))
HTTPSConnectionPool(host='t.me', port=443): Max retries exceeded with url: /amtmedyaduyuru/2?embed=1&mode=tme (Caused by NameResolutionError("<urllib3.connection.HTTPSConnection object at 0x000002633FB6FB10>: Failed to resolve 't.me' ([Errno 11001] getaddrinfo failed)"))
HTTPSConnectionPool(host='t.me', port=443): Max retries exceeded with url: /amtmedyaduyuru/2?embed=1&mode=tme (Caused by NameResolutionError("<urllib3.connection.HTTPSConnection object at 0x0000026340F2DD10>: Failed to resolve 't.me' ([Errno 11001] getaddrinfo failed)"))
HTTPSConnectionPool(host='t.me', port=443): Max retries exceeded with url: /amtmedyaduyuru/2?embed=1&mode=tme (Caused by NameResolutionError("<urllib3.connection.HTTPSConnection object at 0x000002634010D810>: Failed to resolve 't.me' ([Errno 11001] getaddrinfo failed)"))
HTTPSConnectionPool(host='t.me', port=443): Max retries exceeded with url: /amtmedyaduyuru/2?embed=1&mode=tme (Caused by NameResolutionError("<urllib3.connection.HTTPSConnection object at 0x000002633DFF9950>: Failed to resolve 't.me' ([Errno 11001] getaddrinfo failed)"))
HTTPSConnectionPool(host='t.me', port=443): Max retries exceeded with url: /amtmedyaduyuru/2?embed=1&mode=tme (Caused by NameResolutionError("<urllib3.connection.HTTPSConnection object at 0x00000263406CBCD0>: Failed to resolve 't.me' ([Errno 11001] getaddrinfo failed)"))
HTTPSConnectionPool(host='t.me', port=443): Max retries exceeded with url: /amtmedyaduyuru/2?embed=1&mode=tme (Caused by NameResolutionError("<urllib3.connection.HTTPSConnection object at 0x000002633FFED790>: Failed to resolve 't.me' ([Errno 11001] getaddrinfo failed)"))
HTTPSConnectionPool(host='t.me', port=443): Max retries exceeded with url: /amtmedyaduyuru/2?embed=1&mode=tme (Caused by NameResolutionError("<urllib3.connection.HTTPSConnection object at 0x0000026340EBDA90>: Failed to resolve 't.me' ([Errno 11001] getaddrinfo failed)"))
HTTPSConnectionPool(host='t.me', port=443): Max retries exceeded with url: /amtmedyaduyuru/2?embed=1&mode=tme (Caused by NameResolutionError("<urllib3.connection.HTTPSConnection object at 0x000002633C3D1A90>: Failed to resolve 't.me' ([Errno 11001] getaddrinfo failed)"))
HTTPSConnectionPool(host='t.me', port=443): Max retries exceeded with url: /amtmedyaduyuru/2?embed=1&mode=tme (Caused by NameResolutionError("<urllib3.connection.HTTPSConnection object at 0x000002633E2BC450>: Failed to resolve 't.me' ([Errno 11001] getaddrinfo failed)"))
HTTPSConnectionPool(host='t.me', port=443): Max retries exceeded with url: /amtmedyaduyuru/2?embed=1&mode=tme (Caused by NameResolutionError("<urllib3.connection.HTTPSConnection object at 0x0000026340042350>: Failed to resolve 't.me' ([Errno 11001] getaddrinfo failed)"))
HTTPSConnectionPool(host='t.me', port=443): Max retries exceeded with url: /amtmedyaduyuru/2?embed=1&mode=tme (Caused by NameResolutionError("<urllib3.connection.HTTPSConnection object at 0x000002633C32DE10>: Failed to resolve 't.me' ([Errno 11001] getaddrinfo failed)"))
HTTPSConnectionPool(host='t.me', port=443): Max retries exceeded with url: /amtmedyaduyuru/2?embed=1&mode=tme (Caused by NameResolutionError("<urllib3.connection.HTTPSConnection object at 0x000002633F790BD0>: Failed to resolve 't.me' ([Errno 11001] getaddrinfo failed)"))
HTTPSConnectionPool(host='t.me', port=443): Max retries exceeded with url: /amtmedyaduyuru/2?embed=1&mode=tme (Caused by NameResolutionError("<urllib3.connection.HTTPSConnection object at 0x0000026340CD4290>: Failed to resolve 't.me' ([Errno 11001] getaddrinfo failed)"))
HTTPSConnectionPool(host='t.me', port=443): Max retries exceeded with url: /amtmedyaduyuru/2?embed=1&mode=tme (Caused by NameResolutionError("<urllib3.connection.HTTPSConnection object at 0x0000026341097150>: Failed to resolve 't.me' ([Errno 11001] getaddrinfo failed)"))
HTTPSConnectionPool(host='t.me', port=443): Max retries exceeded with url: /amtmedyaduyuru/2?embed=1&mode=tme (Caused by NameResolutionError("<urllib3.connection.HTTPSConnection object at 0x000002633FEEE9D0>: Failed to resolve 't.me' ([Errno 11001] getaddrinfo failed)"))
HTTPSConnectionPool(host='t.me', port=443): Max retries exceeded with url: /amtmedyaduyuru/2?embed=1&mode=tme (Caused by NameResolutionError("<urllib3.connection.HTTPSConnection object at 0x0000026341097150>: Failed to resolve 't.me' ([Errno 11001] getaddrinfo failed)"))
HTTPSConnectionPool(host='t.me', port=443): Max retries exceeded with url: /amtmedyaduyuru/2?embed=1&mode=tme (Caused by NameResolutionError("<urllib3.connection.HTTPSConnection object at 0x0000026340CD4110>: Failed to resolve 't.me' ([Errno 11001] getaddrinfo failed)"))
HTTPSConnectionPool(host='t.me', port=443): Max retries exceeded with url: /amtmedyaduyuru/2?embed=1&mode=tme (Caused by NameResolutionError("<urllib3.connection.HTTPSConnection object at 0x0000026340F25290>: Failed to resolve 't.me' ([Errno 11001] getaddrinfo failed)"))
HTTPSConnectionPool(host='t.me', port=443): Max retries exceeded with url: /amtmedyaduyuru/2?embed=1&mode=tme (Caused by NameResolutionError("<urllib3.connection.HTTPSConnection object at 0x00000263403B9A90>: Failed to resolve 't.me' ([Errno 11001] getaddrinfo failed)"))
HTTPSConnectionPool(host='t.me', port=443): Max retries exceeded with url: /amtmedyaduyuru/2?embed=1&mode=tme (Caused by NameResolutionError("<urllib3.connection.HTTPSConnection object at 0x00000263408744D0>: Failed to resolve 't.me' ([Errno 11001] getaddrinfo failed)"))
HTTPSConnectionPool(host='t.me', port=443): Max retries exceeded with url: /amtmedyaduyuru/2?embed=1&mode=tme (Caused by NameResolutionError("<urllib3.connection.HTTPSConnection object at 0x000002633FCA8650>: Failed to resolve 't.me' ([Errno 11001] getaddrinfo failed)"))
HTTPSConnectionPool(host='t.me', port=443): Max retries exceeded with url: /amtmedyaduyuru/2?embed=1&mode=tme (Caused by NameResolutionError("<urllib3.connection.HTTPSConnection object at 0x000002633FFB4150>: Failed to resolve 't.me' ([Errno 11001] getaddrinfo failed)"))
HTTPSConnectionPool(host='t.me', port=443): Max retries exceeded with url: /amtmedyaduyuru/2?embed=1&mode=tme (Caused by NameResolutionError("<urllib3.connection.HTTPSConnection object at 0x0000026340DF0C10>: Failed to resolve 't.me' ([Errno 11001] getaddrinfo failed)"))
HTTPSConnectionPool(host='t.me', port=443): Max retries exceeded with url: /amtmedyaduyuru/2?embed=1&mode=tme (Caused by NameResolutionError("<urllib3.connection.HTTPSConnection object at 0x000002633FAF4750>: Failed to resolve 't.me' ([Errno 11001] getaddrinfo failed)"))
HTTPSConnectionPool(host='t.me', port=443): Max retries exceeded with url: /amtmedyaduyuru/2?embed=1&mode=tme (Caused by NameResolutionError("<urllib3.connection.HTTPSConnection object at 0x000002633FD2F590>: Failed to resolve 't.me' ([Errno 11001] getaddrinfo failed)"))
HTTPSConnectionPool(host='t.me', port=443): Max retries exceeded with url: /amtmedyaduyuru/2?embed=1&mode=tme (Caused by NameResolutionError("<urllib3.connection.HTTPSConnection object at 0x0000026340B70850>: Failed to resolve 't.me' ([Errno 11001] getaddrinfo failed)"))
HTTPSConnectionPool(host='t.me', port=443): Max retries exceeded with url: /amtmedyaduyuru/2?embed=1&mode=tme (Caused by NameResolutionError("<urllib3.connection.HTTPSConnection object at 0x000002633F847050>: Failed to resolve 't.me' ([Errno 11001] getaddrinfo failed)"))
HTTPSConnectionPool(host='t.me', port=443): Max retries exceeded with url: /amtmedyaduyuru/2?embed=1&mode=tme (Caused by NameResolutionError("<urllib3.connection.HTTPSConnection object at 0x0000026340713D50>: Failed to resolve 't.me' ([Errno 11001] getaddrinfo failed)"))
HTTPSConnectionPool(host='t.me', port=443): Max retries exceeded with url: /amtmedyaduyuru/2?embed=1&mode=tme (Caused by NameResolutionError("<urllib3.connection.HTTPSConnection object at 0x000002633FA4CB10>: Failed to resolve 't.me' ([Errno 11001] getaddrinfo failed)"))
HTTPSConnectionPool(host='t.me', port=443): Max retries exceeded with url: /amtmedyaduyuru/2?embed=1&mode=tme (Caused by NameResolutionError("<urllib3.connection.HTTPSConnection object at 0x000002633A6C9850>: Failed to resolve 't.me' ([Errno 11001] getaddrinfo failed)"))
HTTPSConnectionPool(host='t.me', port=443): Max retries exceeded with url: /amtmedyaduyuru/2?embed=1&mode=tme (Caused by NameResolutionError("<urllib3.connection.HTTPSConnection object at 0x0000026340B70A90>: Failed to resolve 't.me' ([Errno 11001] getaddrinfo failed)"))
HTTPSConnectionPool(host='t.me', port=443): Max retries exceeded with url: /amtmedyaduyuru/2?embed=1&mode=tme (Caused by NameResolutionError("<urllib3.connection.HTTPSConnection object at 0x00000263408A2B10>: Failed to resolve 't.me' ([Errno 11001] getaddrinfo failed)"))
HTTPSConnectionPool(host='t.me', port=443): Max retries exceeded with url: /amtmedyaduyuru/2?embed=1&mode=tme (Caused by NameResolutionError("<urllib3.connection.HTTPSConnection object at 0x00000263400FEA90>: Failed to resolve 't.me' ([Errno 11001] getaddrinfo failed)"))
HTTPSConnectionPool(host='t.me', port=443): Max retries exceeded with url: /amtmedyaduyuru/2?embed=1&mode=tme (Caused by NameResolutionError("<urllib3.connection.HTTPSConnection object at 0x0000026340E23190>: Failed to resolve 't.me' ([Errno 11001] getaddrinfo failed)"))
HTTPSConnectionPool(host='t.me', port=443): Max retries exceeded with url: /amtmedyaduyuru/2?embed=1&mode=tme (Caused by NameResolutionError("<urllib3.connection.HTTPSConnection object at 0x00000263401D1550>: Failed to resolve 't.me' ([Errno 11001] getaddrinfo failed)"))
HTTPSConnectionPool(host='t.me', port=443): Max retries exceeded with url: /amtmedyaduyuru/2?embed=1&mode=tme (Caused by NameResolutionError("<urllib3.connection.HTTPSConnection object at 0x0000026340E23C90>: Failed to resolve 't.me' ([Errno 11001] getaddrinfo failed)"))
HTTPSConnectionPool(host='t.me', port=443): Max retries exceeded with url: /amtmedyaduyuru/2?embed=1&mode=tme (Caused by NameResolutionError("<urllib3.connection.HTTPSConnection object at 0x000002633FCBC890>: Failed to resolve 't.me' ([Errno 11001] getaddrinfo failed)"))
HTTPSConnectionPool(host='t.me', port=443): Max retries exceeded with url: /amtmedyaduyuru/2?embed=1&mode=tme (Caused by NameResolutionError("<urllib3.connection.HTTPSConnection object at 0x0000026340C6A8D0>: Failed to resolve 't.me' ([Errno 11001] getaddrinfo failed)"))
HTTPSConnectionPool(host='t.me', port=443): Max retries exceeded with url: /amtmedyaduyuru/2?embed=1&mode=tme (Caused by NameResolutionError("<urllib3.connection.HTTPSConnection object at 0x000002633C3D0350>: Failed to resolve 't.me' ([Errno 11001] getaddrinfo failed)"))
HTTPSConnectionPool(host='t.me', port=443): Max retries exceeded with url: /amtmedyaduyuru/2?embed=1&mode=tme (Caused by NameResolutionError("<urllib3.connection.HTTPSConnection object at 0x000002633FBBF890>: Failed to resolve 't.me' ([Errno 11001] getaddrinfo failed)"))
HTTPSConnectionPool(host='t.me', port=443): Max retries exceeded with url: /amtmedyaduyuru/2?embed=1&mode=tme (Caused by NameResolutionError("<urllib3.connection.HTTPSConnection object at 0x00000263406BA050>: Failed to resolve 't.me' ([Errno 11001] getaddrinfo failed)"))
HTTPSConnectionPool(host='t.me', port=443): Max retries exceeded with url: /amtmedyaduyuru/2?embed=1&mode=tme (Caused by NameResolutionError("<urllib3.connection.HTTPSConnection object at 0x0000026340C9C990>: Failed to resolve 't.me' ([Errno 11001] getaddrinfo failed)"))
HTTPSConnectionPool(host='t.me', port=443): Max retries exceeded with url: /amtmedyaduyuru/2?embed=1&mode=tme (Caused by NameResolutionError("<urllib3.connection.HTTPSConnection object at 0x000002633FFD3F90>: Failed to resolve 't.me' ([Errno 11001] getaddrinfo failed)"))
HTTPSConnectionPool(host='t.me', port=443): Max retries exceeded with url: /amtmedyaduyuru/2?embed=1&mode=tme (Caused by NameResolutionError("<urllib3.connection.HTTPSConnection object at 0x000002633C6BFF50>: Failed to resolve 't.me' ([Errno 11001] getaddrinfo failed)"))
HTTPSConnectionPool(host='t.me', port=443): Max retries exceeded with url: /amtmedyaduyuru/2?embed=1&mode=tme (Caused by NameResolutionError("<urllib3.connection.HTTPSConnection object at 0x0000026340C9C110>: Failed to resolve 't.me' ([Errno 11001] getaddrinfo failed)"))
HTTPSConnectionPool(host='t.me', port=443): Max retries exceeded with url: /amtmedyaduyuru/2?embed=1&mode=tme (Caused by NameResolutionError("<urllib3.connection.HTTPSConnection object at 0x00000263408C22D0>: Failed to resolve 't.me' ([Errno 11001] getaddrinfo failed)"))
HTTPSConnectionPool(host='t.me', port=443): Max retries exceeded with url: /amtmedyaduyuru/2?embed=1&mode=tme (Caused by NameResolutionError("<urllib3.connection.HTTPSConnection object at 0x0000026340CC9B50>: Failed to resolve 't.me' ([Errno 11001] getaddrinfo failed)"))
HTTPSConnectionPool(host='t.me', port=443): Max retries exceeded with url: /amtmedyaduyuru/2?embed=1&mode=tme (Caused by NameResolutionError("<urllib3.connection.HTTPSConnection object at 0x000002634108D7D0>: Failed to resolve 't.me' ([Errno 11001] getaddrinfo failed)"))
HTTPSConnectionPool(host='t.me', port=443): Max retries exceeded with url: /amtmedyaduyuru/2?embed=1&mode=tme (Caused by NameResolutionError("<urllib3.connection.HTTPSConnection object at 0x00000263410ACC50>: Failed to resolve 't.me' ([Errno 11001] getaddrinfo failed)"))
HTTPSConnectionPool(host='t.me', port=443): Max retries exceeded with url: /amtmedyaduyuru/2?embed=1&mode=tme (Caused by NameResolutionError("<urllib3.connection.HTTPSConnection object at 0x000002633F881890>: Failed to resolve 't.me' ([Errno 11001] getaddrinfo failed)"))
HTTPSConnectionPool(host='t.me', port=443): Max retries exceeded with url: /amtmedyaduyuru/2?embed=1&mode=tme (Caused by NameResolutionError("<urllib3.connection.HTTPSConnection object at 0x00000263401A4590>: Failed to resolve 't.me' ([Errno 11001] getaddrinfo failed)"))
HTTPSConnectionPool(host='t.me', port=443): Max retries exceeded with url: /amtmedyaduyuru/2?embed=1&mode=tme (Caused by NameResolutionError("<urllib3.connection.HTTPSConnection object at 0x0000026340CCB490>: Failed to resolve 't.me' ([Errno 11001] getaddrinfo failed)"))
HTTPSConnectionPool(host='t.me', port=443): Max retries exceeded with url: /amtmedyaduyuru/2?embed=1&mode=tme (Caused by NameResolutionError("<urllib3.connection.HTTPSConnection object at 0x000002633FB896D0>: Failed to resolve 't.me' ([Errno 11001] getaddrinfo failed)"))
HTTPSConnectionPool(host='t.me', port=443): Max retries exceeded with url: /amtmedyaduyuru/2?embed=1&mode=tme (Caused by NameResolutionError("<urllib3.connection.HTTPSConnection object at 0x000002633FA84050>: Failed to resolve 't.me' ([Errno 11001] getaddrinfo failed)"))
HTTPSConnectionPool(host='t.me', port=443): Max retries exceeded with url: /amtmedyaduyuru/2?embed=1&mode=tme (Caused by NameResolutionError("<urllib3.connection.HTTPSConnection object at 0x0000026340EF9710>: Failed to resolve 't.me' ([Errno 11001] getaddrinfo failed)"))
HTTPSConnectionPool(host='t.me', port=443): Max retries exceeded with url: /amtmedyaduyuru/2?embed=1&mode=tme (Caused by NameResolutionError("<urllib3.connection.HTTPSConnection object at 0x000002633FFF9850>: Failed to resolve 't.me' ([Errno 11001] getaddrinfo failed)"))
HTTPSConnectionPool(host='t.me', port=443): Max retries exceeded with url: /amtmedyaduyuru/2?embed=1&mode=tme (Caused by NameResolutionError("<urllib3.connection.HTTPSConnection object at 0x000002633FFD5C10>: Failed to resolve 't.me' ([Errno 11001] getaddrinfo failed)"))
HTTPSConnectionPool(host='t.me', port=443): Max retries exceeded with url: /amtmedyaduyuru/2?embed=1&mode=tme (Caused by NameResolutionError("<urllib3.connection.HTTPSConnection object at 0x0000026340383D10>: Failed to resolve 't.me' ([Errno 11001] getaddrinfo failed)"))
HTTPSConnectionPool(host='t.me', port=443): Max retries exceeded with url: /amtmedyaduyuru/2?embed=1&mode=tme (Caused by NameResolutionError("<urllib3.connection.HTTPSConnection object at 0x0000026340F13510>: Failed to resolve 't.me' ([Errno 11001] getaddrinfo failed)"))
HTTPSConnectionPool(host='t.me', port=443): Max retries exceeded with url: /amtmedyaduyuru/2?embed=1&mode=tme (Caused by NameResolutionError("<urllib3.connection.HTTPSConnection object at 0x000002633FBE61D0>: Failed to resolve 't.me' ([Errno 11001] getaddrinfo failed)"))
HTTPSConnectionPool(host='t.me', port=443): Max retries exceeded with url: /amtmedyaduyuru/2?embed=1&mode=tme (Caused by NameResolutionError("<urllib3.connection.HTTPSConnection object at 0x000002634108E9D0>: Failed to resolve 't.me' ([Errno 11001] getaddrinfo failed)"))
HTTPSConnectionPool(host='t.me', port=443): Max retries exceeded with url: /amtmedyaduyuru/2?embed=1&mode=tme (Caused by NameResolutionError("<urllib3.connection.HTTPSConnection object at 0x000002633C457850>: Failed to resolve 't.me' ([Errno 11001] getaddrinfo failed)"))
HTTPSConnectionPool(host='t.me', port=443): Max retries exceeded with url: /amtmedyaduyuru/2?embed=1&mode=tme (Caused by NameResolutionError("<urllib3.connection.HTTPSConnection object at 0x000002633FBD7090>: Failed to resolve 't.me' ([Errno 11001] getaddrinfo failed)"))
HTTPSConnectionPool(host='t.me', port=443): Max retries exceeded with url: /amtmedyaduyuru/2?embed=1&mode=tme (Caused by NameResolutionError("<urllib3.connection.HTTPSConnection object at 0x00000263403AFFD0>: Failed to resolve 't.me' ([Errno 11001] getaddrinfo failed)"))
HTTPSConnectionPool(host='t.me', port=443): Max retries exceeded with url: /amtmedyaduyuru/2?embed=1&mode=tme (Caused by NameResolutionError("<urllib3.connection.HTTPSConnection object at 0x0000026340CD6C90>: Failed to resolve 't.me' ([Errno 11001] getaddrinfo failed)"))
HTTPSConnectionPool(host='t.me', port=443): Max retries exceeded with url: /amtmedyaduyuru/2?embed=1&mode=tme (Caused by NameResolutionError("<urllib3.connection.HTTPSConnection object at 0x00000263409EFA90>: Failed to resolve 't.me' ([Errno 11001] getaddrinfo failed)"))
HTTPSConnectionPool(host='t.me', port=443): Max retries exceeded with url: /amtmedyaduyuru/2?embed=1&mode=tme (Caused by NameResolutionError("<urllib3.connection.HTTPSConnection object at 0x000002634010C310>: Failed to resolve 't.me' ([Errno 11001] getaddrinfo failed)"))
HTTPSConnectionPool(host='t.me', port=443): Max retries exceeded with url: /amtmedyaduyuru/2?embed=1&mode=tme (Caused by NameResolutionError("<urllib3.connection.HTTPSConnection object at 0x000002634058EED0>: Failed to resolve 't.me' ([Errno 11001] getaddrinfo failed)"))
HTTPSConnectionPool(host='t.me', port=443): Max retries exceeded with url: /amtmedyaduyuru/2?embed=1&mode=tme (Caused by NameResolutionError("<urllib3.connection.HTTPSConnection object at 0x00000263366CCAD0>: Failed to resolve 't.me' ([Errno 11001] getaddrinfo failed)"))
HTTPSConnectionPool(host='t.me', port=443): Max retries exceeded with url: /amtmedyaduyuru/2?embed=1&mode=tme (Caused by NameResolutionError("<urllib3.connection.HTTPSConnection object at 0x0000026340CD5B90>: Failed to resolve 't.me' ([Errno 11001] getaddrinfo failed)"))
HTTPSConnectionPool(host='t.me', port=443): Max retries exceeded with url: /amtmedyaduyuru/2?embed=1&mode=tme (Caused by NameResolutionError("<urllib3.connection.HTTPSConnection object at 0x0000026340F2E1D0>: Failed to resolve 't.me' ([Errno 11001] getaddrinfo failed)"))
HTTPSConnectionPool(host='t.me', port=443): Max retries exceeded with url: /amtmedyaduyuru/2?embed=1&mode=tme (Caused by NameResolutionError("<urllib3.connection.HTTPSConnection object at 0x0000026340B06C10>: Failed to resolve 't.me' ([Errno 11001] getaddrinfo failed)"))
HTTPSConnectionPool(host='t.me', port=443): Max retries exceeded with url: /amtmedyaduyuru/2?embed=1&mode=tme (Caused by NameResolutionError("<urllib3.connection.HTTPSConnection object at 0x000002633C2C7550>: Failed to resolve 't.me' ([Errno 11001] getaddrinfo failed)"))
HTTPSConnectionPool(host='t.me', port=443): Max retries exceeded with url: /amtmedyaduyuru/2?embed=1&mode=tme (Caused by NameResolutionError("<urllib3.connection.HTTPSConnection object at 0x0000026340E21490>: Failed to resolve 't.me' ([Errno 11001] getaddrinfo failed)"))
HTTPSConnectionPool(host='t.me', port=443): Max retries exceeded with url: /amtmedyaduyuru/2?embed=1&mode=tme (Caused by NameResolutionError("<urllib3.connection.HTTPSConnection object at 0x000002634108C4D0>: Failed to resolve 't.me' ([Errno 11001] getaddrinfo failed)"))
HTTPSConnectionPool(host='t.me', port=443): Max retries exceeded with url: /amtmedyaduyuru/2?embed=1&mode=tme (Caused by NameResolutionError("<urllib3.connection.HTTPSConnection object at 0x000002633B97CC50>: Failed to resolve 't.me' ([Errno 11001] getaddrinfo failed)"))
HTTPSConnectionPool(host='t.me', port=443): Max retries exceeded with url: /amtmedyaduyuru/2?embed=1&mode=tme (Caused by NameResolutionError("<urllib3.connection.HTTPSConnection object at 0x0000026340444DD0>: Failed to resolve 't.me' ([Errno 11001] getaddrinfo failed)"))
HTTPSConnectionPool(host='t.me', port=443): Max retries exceeded with url: /amtmedyaduyuru/2?embed=1&mode=tme (Caused by NameResolutionError("<urllib3.connection.HTTPSConnection object at 0x0000026340E20B10>: Failed to resolve 't.me' ([Errno 11001] getaddrinfo failed)"))
HTTPSConnectionPool(host='t.me', port=443): Max retries exceeded with url: /amtmedyaduyuru/2?embed=1&mode=tme (Caused by NameResolutionError("<urllib3.connection.HTTPSConnection object at 0x00000263364F42D0>: Failed to resolve 't.me' ([Errno 11001] getaddrinfo failed)"))
HTTPSConnectionPool(host='t.me', port=443): Max retries exceeded with url: /amtmedyaduyuru/2?embed=1&mode=tme (Caused by NameResolutionError("<urllib3.connection.HTTPSConnection object at 0x000002633AA8C410>: Failed to resolve 't.me' ([Errno 11001] getaddrinfo failed)"))
HTTPSConnectionPool(host='t.me', port=443): Max retries exceeded with url: /amtmedyaduyuru/2?embed=1&mode=tme (Caused by NameResolutionError("<urllib3.connection.HTTPSConnection object at 0x0000026340969690>: Failed to resolve 't.me' ([Errno 11001] getaddrinfo failed)"))
HTTPSConnectionPool(host='t.me', port=443): Max retries exceeded with url: /amtmedyaduyuru/2?embed=1&mode=tme (Caused by NameResolutionError("<urllib3.connection.HTTPSConnection object at 0x000002633E1D89D0>: Failed to resolve 't.me' ([Errno 11001] getaddrinfo failed)"))
HTTPSConnectionPool(host='t.me', port=443): Max retries exceeded with url: /amtmedyaduyuru/2?embed=1&mode=tme (Caused by NameResolutionError("<urllib3.connection.HTTPSConnection object at 0x000002633F781610>: Failed to resolve 't.me' ([Errno 11001] getaddrinfo failed)"))
HTTPSConnectionPool(host='t.me', port=443): Max retries exceeded with url: /amtmedyaduyuru/2?embed=1&mode=tme (Caused by NameResolutionError("<urllib3.connection.HTTPSConnection object at 0x0000026340CCBED0>: Failed to resolve 't.me' ([Errno 11001] getaddrinfo failed)"))
HTTPSConnectionPool(host='t.me', port=443): Max retries exceeded with url: /amtmedyaduyuru/2?embed=1&mode=tme (Caused by NameResolutionError("<urllib3.connection.HTTPSConnection object at 0x000002633653F510>: Failed to resolve 't.me' ([Errno 11001] getaddrinfo failed)"))
HTTPSConnectionPool(host='t.me', port=443): Max retries exceeded with url: /amtmedyaduyuru/2?embed=1&mode=tme (Caused by NameResolutionError("<urllib3.connection.HTTPSConnection object at 0x0000026340F3D0D0>: Failed to resolve 't.me' ([Errno 11001] getaddrinfo failed)"))
HTTPSConnectionPool(host='t.me', port=443): Max retries exceeded with url: /amtmedyaduyuru/2?embed=1&mode=tme (Caused by NameResolutionError("<urllib3.connection.HTTPSConnection object at 0x0000026336630590>: Failed to resolve 't.me' ([Errno 11001] getaddrinfo failed)"))
HTTPSConnectionPool(host='t.me', port=443): Max retries exceeded with url: /amtmedyaduyuru/2?embed=1&mode=tme (Caused by NameResolutionError("<urllib3.connection.HTTPSConnection object at 0x000002633B96A990>: Failed to resolve 't.me' ([Errno 11001] getaddrinfo failed)"))
HTTPSConnectionPool(host='t.me', port=443): Max retries exceeded with url: /amtmedyaduyuru/2?embed=1&mode=tme (Caused by NameResolutionError("<urllib3.connection.HTTPSConnection object at 0x000002634023F010>: Failed to resolve 't.me' ([Errno 11001] getaddrinfo failed)"))
HTTPSConnectionPool(host='t.me', port=443): Max retries exceeded with url: /amtmedyaduyuru/2?embed=1&mode=tme (Caused by NameResolutionError("<urllib3.connection.HTTPSConnection object at 0x0000026340F3F890>: Failed to resolve 't.me' ([Errno 11001] getaddrinfo failed)"))
HTTPSConnectionPool(host='t.me', port=443): Max retries exceeded with url: /amtmedyaduyuru/2?embed=1&mode=tme (Caused by NameResolutionError("<urllib3.connection.HTTPSConnection object at 0x000002633A76B490>: Failed to resolve 't.me' ([Errno 11001] getaddrinfo failed)"))
HTTPSConnectionPool(host='t.me', port=443): Max retries exceeded with url: /amtmedyaduyuru/2?embed=1&mode=tme (Caused by NameResolutionError("<urllib3.connection.HTTPSConnection object at 0x000002633FFD61D0>: Failed to resolve 't.me' ([Errno 11001] getaddrinfo failed)"))
HTTPSConnectionPool(host='t.me', port=443): Max retries exceeded with url: /amtmedyaduyuru/2?embed=1&mode=tme (Caused by NameResolutionError("<urllib3.connection.HTTPSConnection object at 0x0000026340B89F50>: Failed to resolve 't.me' ([Errno 11001] getaddrinfo failed)"))
HTTPSConnectionPool(host='t.me', port=443): Max retries exceeded with url: /amtmedyaduyuru/2?embed=1&mode=tme (Caused by NameResolutionError("<urllib3.connection.HTTPSConnection object at 0x0000026340B2C250>: Failed to resolve 't.me' ([Errno 11001] getaddrinfo failed)"))
HTTPSConnectionPool(host='t.me', port=443): Max retries exceeded with url: /amtmedyaduyuru/2?embed=1&mode=tme (Caused by NameResolutionError("<urllib3.connection.HTTPSConnection object at 0x00000263408C50D0>: Failed to resolve 't.me' ([Errno 11001] getaddrinfo failed)"))
HTTPSConnectionPool(host='t.me', port=443): Max retries exceeded with url: /amtmedyaduyuru/2?embed=1&mode=tme (Caused by NameResolutionError("<urllib3.connection.HTTPSConnection object at 0x0000026340361F90>: Failed to resolve 't.me' ([Errno 11001] getaddrinfo failed)"))
HTTPSConnectionPool(host='t.me', port=443): Max retries exceeded with url: /amtmedyaduyuru/2?embed=1&mode=tme (Caused by NameResolutionError("<urllib3.connection.HTTPSConnection object at 0x000002633665C8D0>: Failed to resolve 't.me' ([Errno 11001] getaddrinfo failed)"))
HTTPSConnectionPool(host='t.me', port=443): Max retries exceeded with url: /amtmedyaduyuru/2?embed=1&mode=tme (Caused by NameResolutionError("<urllib3.connection.HTTPSConnection object at 0x0000026340C526D0>: Failed to resolve 't.me' ([Errno 11001] getaddrinfo failed)"))
HTTPSConnectionPool(host='t.me', port=443): Max retries exceeded with url: /amtmedyaduyuru/2?embed=1&mode=tme (Caused by NameResolutionError("<urllib3.connection.HTTPSConnection object at 0x0000026340CC87D0>: Failed to resolve 't.me' ([Errno 11001] getaddrinfo failed)"))
HTTPSConnectionPool(host='t.me', port=443): Max retries exceeded with url: /amtmedyaduyuru/2?embed=1&mode=tme (Caused by NameResolutionError("<urllib3.connection.HTTPSConnection object at 0x0000026340F3F3D0>: Failed to resolve 't.me' ([Errno 11001] getaddrinfo failed)"))
HTTPSConnectionPool(host='t.me', port=443): Max retries exceeded with url: /amtmedyaduyuru/2?embed=1&mode=tme (Caused by NameResolutionError("<urllib3.connection.HTTPSConnection object at 0x000002633F7C0890>: Failed to resolve 't.me' ([Errno 11001] getaddrinfo failed)"))
HTTPSConnectionPool(host='t.me', port=443): Max retries exceeded with url: /amtmedyaduyuru/2?embed=1&mode=tme (Caused by NameResolutionError("<urllib3.connection.HTTPSConnection object at 0x0000026340CF6F90>: Failed to resolve 't.me' ([Errno 11001] getaddrinfo failed)"))
HTTPSConnectionPool(host='t.me', port=443): Max retries exceeded with url: /amtmedyaduyuru/2?embed=1&mode=tme (Caused by NameResolutionError("<urllib3.connection.HTTPSConnection object at 0x00000263401A5D10>: Failed to resolve 't.me' ([Errno 11001] getaddrinfo failed)"))
HTTPSConnectionPool(host='t.me', port=443): Max retries exceeded with url: /amtmedyaduyuru/2?embed=1&mode=tme (Caused by NameResolutionError("<urllib3.connection.HTTPSConnection object at 0x000002633A868050>: Failed to resolve 't.me' ([Errno 11001] getaddrinfo failed)"))
HTTPSConnectionPool(host='t.me', port=443): Max retries exceeded with url: /amtmedyaduyuru/2?embed=1&mode=tme (Caused by NameResolutionError("<urllib3.connection.HTTPSConnection object at 0x0000026340EF9510>: Failed to resolve 't.me' ([Errno 11001] getaddrinfo failed)"))
HTTPSConnectionPool(host='t.me', port=443): Max retries exceeded with url: /amtmedyaduyuru/2?embed=1&mode=tme (Caused by NameResolutionError("<urllib3.connection.HTTPSConnection object at 0x0000026340EFB110>: Failed to resolve 't.me' ([Errno 11001] getaddrinfo failed)"))
HTTPSConnectionPool(host='t.me', port=443): Max retries exceeded with url: /amtmedyaduyuru/2?embed=1&mode=tme (Caused by NameResolutionError("<urllib3.connection.HTTPSConnection object at 0x000002633A582490>: Failed to resolve 't.me' ([Errno 11001] getaddrinfo failed)"))
HTTPSConnectionPool(host='t.me', port=443): Max retries exceeded with url: /amtmedyaduyuru/2?embed=1&mode=tme (Caused by NameResolutionError("<urllib3.connection.HTTPSConnection object at 0x0000026340600410>: Failed to resolve 't.me' ([Errno 11001] getaddrinfo failed)"))
HTTPSConnectionPool(host='t.me', port=443): Max retries exceeded with url: /amtmedyaduyuru/2?embed=1&mode=tme (Caused by NameResolutionError("<urllib3.connection.HTTPSConnection object at 0x0000026340040290>: Failed to resolve 't.me' ([Errno 11001] getaddrinfo failed)"))
HTTPSConnectionPool(host='t.me', port=443): Max retries exceeded with url: /amtmedyaduyuru/2?embed=1&mode=tme (Caused by NameResolutionError("<urllib3.connection.HTTPSConnection object at 0x000002633FFB6210>: Failed to resolve 't.me' ([Errno 11001] getaddrinfo failed)"))
HTTPSConnectionPool(host='t.me', port=443): Max retries exceeded with url: /amtmedyaduyuru/2?embed=1&mode=tme (Caused by NameResolutionError("<urllib3.connection.HTTPSConnection object at 0x0000026340B2C250>: Failed to resolve 't.me' ([Errno 11001] getaddrinfo failed)"))
HTTPSConnectionPool(host='t.me', port=443): Max retries exceeded with url: /amtmedyaduyuru/2?embed=1&mode=tme (Caused by NameResolutionError("<urllib3.connection.HTTPSConnection object at 0x00000263410AF290>: Failed to resolve 't.me' ([Errno 11001] getaddrinfo failed)"))
HTTPSConnectionPool(host='t.me', port=443): Max retries exceeded with url: /amtmedyaduyuru/2?embed=1&mode=tme (Caused by NameResolutionError("<urllib3.connection.HTTPSConnection object at 0x0000026340FE2E90>: Failed to resolve 't.me' ([Errno 11001] getaddrinfo failed)"))
HTTPSConnectionPool(host='t.me', port=443): Max retries exceeded with url: /amtmedyaduyuru/2?embed=1&mode=tme (Caused by NameResolutionError("<urllib3.connection.HTTPSConnection object at 0x0000026341096590>: Failed to resolve 't.me' ([Errno 11001] getaddrinfo failed)"))
HTTPSConnectionPool(host='t.me', port=443): Max retries exceeded with url: /amtmedyaduyuru/2?embed=1&mode=tme (Caused by NameResolutionError("<urllib3.connection.HTTPSConnection object at 0x00000263403AD690>: Failed to resolve 't.me' ([Errno 11001] getaddrinfo failed)"))
HTTPSConnectionPool(host='t.me', port=443): Max retries exceeded with url: /amtmedyaduyuru/2?embed=1&mode=tme (Caused by NameResolutionError("<urllib3.connection.HTTPSConnection object at 0x0000026340CCA210>: Failed to resolve 't.me' ([Errno 11001] getaddrinfo failed)"))
HTTPSConnectionPool(host='t.me', port=443): Max retries exceeded with url: /amtmedyaduyuru/2?embed=1&mode=tme (Caused by NameResolutionError("<urllib3.connection.HTTPSConnection object at 0x0000026340B88910>: Failed to resolve 't.me' ([Errno 11001] getaddrinfo failed)"))
HTTPSConnectionPool(host='t.me', port=443): Max retries exceeded with url: /amtmedyaduyuru/2?embed=1&mode=tme (Caused by NameResolutionError("<urllib3.connection.HTTPSConnection object at 0x00000263404510D0>: Failed to resolve 't.me' ([Errno 11001] getaddrinfo failed)"))
HTTPSConnectionPool(host='t.me', port=443): Max retries exceeded with url: /amtmedyaduyuru/2?embed=1&mode=tme (Caused by NameResolutionError("<urllib3.connection.HTTPSConnection object at 0x0000026340CD5450>: Failed to resolve 't.me' ([Errno 11001] getaddrinfo failed)"))
HTTPSConnectionPool(host='t.me', port=443): Max retries exceeded with url: /amtmedyaduyuru/2?embed=1&mode=tme (Caused by NameResolutionError("<urllib3.connection.HTTPSConnection object at 0x0000026340B893D0>: Failed to resolve 't.me' ([Errno 11001] getaddrinfo failed)"))
HTTPSConnectionPool(host='t.me', port=443): Max retries exceeded with url: /amtmedyaduyuru/2?embed=1&mode=tme (Caused by NameResolutionError("<urllib3.connection.HTTPSConnection object at 0x0000026340731510>: Failed to resolve 't.me' ([Errno 11001] getaddrinfo failed)"))
HTTPSConnectionPool(host='t.me', port=443): Max retries exceeded with url: /amtmedyaduyuru/2?embed=1&mode=tme (Caused by NameResolutionError("<urllib3.connection.HTTPSConnection object at 0x0000026340B52010>: Failed to resolve 't.me' ([Errno 11001] getaddrinfo failed)"))
HTTPSConnectionPool(host='t.me', port=443): Max retries exceeded with url: /amtmedyaduyuru/2?embed=1&mode=tme (Caused by NameResolutionError("<urllib3.connection.HTTPSConnection object at 0x00000263408C48D0>: Failed to resolve 't.me' ([Errno 11001] getaddrinfo failed)"))
HTTPSConnectionPool(host='t.me', port=443): Max retries exceeded with url: /amtmedyaduyuru/2?embed=1&mode=tme (Caused by NameResolutionError("<urllib3.connection.HTTPSConnection object at 0x00000263405C2ED0>: Failed to resolve 't.me' ([Errno 11001] getaddrinfo failed)"))
HTTPSConnectionPool(host='t.me', port=443): Max retries exceeded with url: /amtmedyaduyuru/2?embed=1&mode=tme (Caused by NameResolutionError("<urllib3.connection.HTTPSConnection object at 0x0000026340B52E90>: Failed to resolve 't.me' ([Errno 11001] getaddrinfo failed)"))
HTTPSConnectionPool(host='t.me', port=443): Max retries exceeded with url: /amtmedyaduyuru/2?embed=1&mode=tme (Caused by NameResolutionError("<urllib3.connection.HTTPSConnection object at 0x000002634056EA50>: Failed to resolve 't.me' ([Errno 11001] getaddrinfo failed)"))
HTTPSConnectionPool(host='t.me', port=443): Max retries exceeded with url: /amtmedyaduyuru/2?embed=1&mode=tme (Caused by NameResolutionError("<urllib3.connection.HTTPSConnection object at 0x00000263403AF910>: Failed to resolve 't.me' ([Errno 11001] getaddrinfo failed)"))
HTTPSConnectionPool(host='t.me', port=443): Max retries exceeded with url: /amtmedyaduyuru/2?embed=1&mode=tme (Caused by NameResolutionError("<urllib3.connection.HTTPSConnection object at 0x000002633668E890>: Failed to resolve 't.me' ([Errno 11001] getaddrinfo failed)"))
HTTPSConnectionPool(host='t.me', port=443): Max retries exceeded with url: /amtmedyaduyuru/2?embed=1&mode=tme (Caused by NameResolutionError("<urllib3.connection.HTTPSConnection object at 0x000002634082F3D0>: Failed to resolve 't.me' ([Errno 11001] getaddrinfo failed)"))
HTTPSConnectionPool(host='t.me', port=443): Max retries exceeded with url: /amtmedyaduyuru/2?embed=1&mode=tme (Caused by NameResolutionError("<urllib3.connection.HTTPSConnection object at 0x00000263410AE850>: Failed to resolve 't.me' ([Errno 11001] getaddrinfo failed)"))
HTTPSConnectionPool(host='t.me', port=443): Max retries exceeded with url: /amtmedyaduyuru/2?embed=1&mode=tme (Caused by NameResolutionError("<urllib3.connection.HTTPSConnection object at 0x0000026340CD4510>: Failed to resolve 't.me' ([Errno 11001] getaddrinfo failed)"))
HTTPSConnectionPool(host='t.me', port=443): Max retries exceeded with url: /amtmedyaduyuru/2?embed=1&mode=tme (Caused by NameResolutionError("<urllib3.connection.HTTPSConnection object at 0x000002633C2EC190>: Failed to resolve 't.me' ([Errno 11001] getaddrinfo failed)"))
HTTPSConnectionPool(host='t.me', port=443): Max retries exceeded with url: /amtmedyaduyuru/2?embed=1&mode=tme (Caused by NameResolutionError("<urllib3.connection.HTTPSConnection object at 0x000002633C35D090>: Failed to resolve 't.me' ([Errno 11001] getaddrinfo failed)"))
HTTPSConnectionPool(host='t.me', port=443): Max retries exceeded with url: /amtmedyaduyuru/2?embed=1&mode=tme (Caused by NameResolutionError("<urllib3.connection.HTTPSConnection object at 0x000002633BA8EC50>: Failed to resolve 't.me' ([Errno 11001] getaddrinfo failed)"))
HTTPSConnectionPool(host='t.me', port=443): Max retries exceeded with url: /amtmedyaduyuru/2?embed=1&mode=tme (Caused by NameResolutionError("<urllib3.connection.HTTPSConnection object at 0x0000026340EFB0D0>: Failed to resolve 't.me' ([Errno 11001] getaddrinfo failed)"))
HTTPSConnectionPool(host='t.me', port=443): Max retries exceeded with url: /amtmedyaduyuru/2?embed=1&mode=tme (Caused by NameResolutionError("<urllib3.connection.HTTPSConnection object at 0x000002633FEEF110>: Failed to resolve 't.me' ([Errno 11001] getaddrinfo failed)"))
HTTPSConnectionPool(host='t.me', port=443): Max retries exceeded with url: /amtmedyaduyuru/2?embed=1&mode=tme (Caused by NameResolutionError("<urllib3.connection.HTTPSConnection object at 0x00000263339C9E10>: Failed to resolve 't.me' ([Errno 11001] getaddrinfo failed)"))
HTTPSConnectionPool(host='t.me', port=443): Max retries exceeded with url: /amtmedyaduyuru/2?embed=1&mode=tme (Caused by NameResolutionError("<urllib3.connection.HTTPSConnection object at 0x000002633FCAA210>: Failed to resolve 't.me' ([Errno 11001] getaddrinfo failed)"))
HTTPSConnectionPool(host='t.me', port=443): Max retries exceeded with url: /amtmedyaduyuru/2?embed=1&mode=tme (Caused by NameResolutionError("<urllib3.connection.HTTPSConnection object at 0x00000263401A4210>: Failed to resolve 't.me' ([Errno 11001] getaddrinfo failed)"))
HTTPSConnectionPool(host='t.me', port=443): Max retries exceeded with url: /amtmedyaduyuru/2?embed=1&mode=tme (Caused by NameResolutionError("<urllib3.connection.HTTPSConnection object at 0x000002633E359D10>: Failed to resolve 't.me' ([Errno 11001] getaddrinfo failed)"))
HTTPSConnectionPool(host='t.me', port=443): Max retries exceeded with url: /amtmedyaduyuru/2?embed=1&mode=tme (Caused by NameResolutionError("<urllib3.connection.HTTPSConnection object at 0x000002633DFC1890>: Failed to resolve 't.me' ([Errno 11001] getaddrinfo failed)"))
HTTPSConnectionPool(host='t.me', port=443): Max retries exceeded with url: /amtmedyaduyuru/2?embed=1&mode=tme (Caused by NameResolutionError("<urllib3.connection.HTTPSConnection object at 0x0000026340B07A10>: Failed to resolve 't.me' ([Errno 11001] getaddrinfo failed)"))
HTTPSConnectionPool(host='t.me', port=443): Max retries exceeded with url: /amtmedyaduyuru/2?embed=1&mode=tme (Caused by NameResolutionError("<urllib3.connection.HTTPSConnection object at 0x0000026340B2C610>: Failed to resolve 't.me' ([Errno 11001] getaddrinfo failed)"))
HTTPSConnectionPool(host='t.me', port=443): Max retries exceeded with url: /amtmedyaduyuru/2?embed=1&mode=tme (Caused by NameResolutionError("<urllib3.connection.HTTPSConnection object at 0x0000026340E0A390>: Failed to resolve 't.me' ([Errno 11001] getaddrinfo failed)"))
HTTPSConnectionPool(host='t.me', port=443): Max retries exceeded with url: /amtmedyaduyuru/2?embed=1&mode=tme (Caused by NameResolutionError("<urllib3.connection.HTTPSConnection object at 0x0000026340911790>: Failed to resolve 't.me' ([Errno 11001] getaddrinfo failed)"))
HTTPSConnectionPool(host='t.me', port=443): Max retries exceeded with url: /amtmedyaduyuru/2?embed=1&mode=tme (Caused by NameResolutionError("<urllib3.connection.HTTPSConnection object at 0x00000263401A7210>: Failed to resolve 't.me' ([Errno 11001] getaddrinfo failed)"))
HTTPSConnectionPool(host='t.me', port=443): Max retries exceeded with url: /amtmedyaduyuru/2?embed=1&mode=tme (Caused by NameResolutionError("<urllib3.connection.HTTPSConnection object at 0x00000263365DE690>: Failed to resolve 't.me' ([Errno 11001] getaddrinfo failed)"))
HTTPSConnectionPool(host='t.me', port=443): Max retries exceeded with url: /amtmedyaduyuru/2?embed=1&mode=tme (Caused by NameResolutionError("<urllib3.connection.HTTPSConnection object at 0x0000026340AB1190>: Failed to resolve 't.me' ([Errno 11001] getaddrinfo failed)"))
HTTPSConnectionPool(host='t.me', port=443): Max retries exceeded with url: /amtmedyaduyuru/2?embed=1&mode=tme (Caused by NameResolutionError("<urllib3.connection.HTTPSConnection object at 0x0000026340989B50>: Failed to resolve 't.me' ([Errno 11001] getaddrinfo failed)"))
HTTPSConnectionPool(host='t.me', port=443): Max retries exceeded with url: /amtmedyaduyuru/2?embed=1&mode=tme (Caused by NameResolutionError("<urllib3.connection.HTTPSConnection object at 0x0000026340B69790>: Failed to resolve 't.me' ([Errno 11001] getaddrinfo failed)"))
HTTPSConnectionPool(host='t.me', port=443): Max retries exceeded with url: /amtmedyaduyuru/2?embed=1&mode=tme (Caused by NameResolutionError("<urllib3.connection.HTTPSConnection object at 0x0000026340AD5AD0>: Failed to resolve 't.me' ([Errno 11001] getaddrinfo failed)"))
HTTPSConnectionPool(host='t.me', port=443): Max retries exceeded with url: /amtmedyaduyuru/2?embed=1&mode=tme (Caused by NameResolutionError("<urllib3.connection.HTTPSConnection object at 0x00000263410AFD10>: Failed to resolve 't.me' ([Errno 11001] getaddrinfo failed)"))
HTTPSConnectionPool(host='t.me', port=443): Max retries exceeded with url: /amtmedyaduyuru/2?embed=1&mode=tme (Caused by NameResolutionError("<urllib3.connection.HTTPSConnection object at 0x00000263410C1850>: Failed to resolve 't.me' ([Errno 11001] getaddrinfo failed)"))
HTTPSConnectionPool(host='t.me', port=443): Max retries exceeded with url: /amtmedyaduyuru/2?embed=1&mode=tme (Caused by NameResolutionError("<urllib3.connection.HTTPSConnection object at 0x0000026340F3CB10>: Failed to resolve 't.me' ([Errno 11001] getaddrinfo failed)"))
HTTPSConnectionPool(host='t.me', port=443): Max retries exceeded with url: /amtmedyaduyuru/2?embed=1&mode=tme (Caused by NameResolutionError("<urllib3.connection.HTTPSConnection object at 0x0000026340600410>: Failed to resolve 't.me' ([Errno 11001] getaddrinfo failed)"))
HTTPSConnectionPool(host='t.me', port=443): Max retries exceeded with url: /amtmedyaduyuru/2?embed=1&mode=tme (Caused by NameResolutionError("<urllib3.connection.HTTPSConnection object at 0x000002633FD55890>: Failed to resolve 't.me' ([Errno 11001] getaddrinfo failed)"))
HTTPSConnectionPool(host='t.me', port=443): Max retries exceeded with url: /amtmedyaduyuru/2?embed=1&mode=tme (Caused by NameResolutionError("<urllib3.connection.HTTPSConnection object at 0x00000263410AFF90>: Failed to resolve 't.me' ([Errno 11001] getaddrinfo failed)"))
HTTPSConnectionPool(host='t.me', port=443): Max retries exceeded with url: /amtmedyaduyuru/2?embed=1&mode=tme (Caused by NameResolutionError("<urllib3.connection.HTTPSConnection object at 0x0000026340F7F210>: Failed to resolve 't.me' ([Errno 11001] getaddrinfo failed)"))
HTTPSConnectionPool(host='t.me', port=443): Max retries exceeded with url: /amtmedyaduyuru/2?embed=1&mode=tme (Caused by NameResolutionError("<urllib3.connection.HTTPSConnection object at 0x00000263410C14D0>: Failed to resolve 't.me' ([Errno 11001] getaddrinfo failed)"))
HTTPSConnectionPool(host='t.me', port=443): Max retries exceeded with url: /amtmedyaduyuru/2?embed=1&mode=tme (Caused by NameResolutionError("<urllib3.connection.HTTPSConnection object at 0x000002633FD13850>: Failed to resolve 't.me' ([Errno 11001] getaddrinfo failed)"))
HTTPSConnectionPool(host='t.me', port=443): Max retries exceeded with url: /amtmedyaduyuru/2?embed=1&mode=tme (Caused by NameResolutionError("<urllib3.connection.HTTPSConnection object at 0x000002633C3D2AD0>: Failed to resolve 't.me' ([Errno 11001] getaddrinfo failed)"))
HTTPSConnectionPool(host='t.me', port=443): Max retries exceeded with url: /amtmedyaduyuru/2?embed=1&mode=tme (Caused by NameResolutionError("<urllib3.connection.HTTPSConnection object at 0x0000026340A8F950>: Failed to resolve 't.me' ([Errno 11001] getaddrinfo failed)"))
HTTPSConnectionPool(host='t.me', port=443): Max retries exceeded with url: /amtmedyaduyuru/2?embed=1&mode=tme (Caused by NameResolutionError("<urllib3.connection.HTTPSConnection object at 0x00000263410AEE50>: Failed to resolve 't.me' ([Errno 11001] getaddrinfo failed)"))
HTTPSConnectionPool(host='t.me', port=443): Max retries exceeded with url: /amtmedyaduyuru/2?embed=1&mode=tme (Caused by NameResolutionError("<urllib3.connection.HTTPSConnection object at 0x000002633A8CAC90>: Failed to resolve 't.me' ([Errno 11001] getaddrinfo failed)"))
HTTPSConnectionPool(host='t.me', port=443): Max retries exceeded with url: /amtmedyaduyuru/2?embed=1&mode=tme (Caused by NameResolutionError("<urllib3.connection.HTTPSConnection object at 0x000002634007B010>: Failed to resolve 't.me' ([Errno 11001] getaddrinfo failed)"))
HTTPSConnectionPool(host='t.me', port=443): Max retries exceeded with url: /amtmedyaduyuru/2?embed=1&mode=tme (Caused by NameResolutionError("<urllib3.connection.HTTPSConnection object at 0x00000263410C3790>: Failed to resolve 't.me' ([Errno 11001] getaddrinfo failed)"))
HTTPSConnectionPool(host='t.me', port=443): Max retries exceeded with url: /amtmedyaduyuru/2?embed=1&mode=tme (Caused by NameResolutionError("<urllib3.connection.HTTPSConnection object at 0x0000026340C73290>: Failed to resolve 't.me' ([Errno 11001] getaddrinfo failed)"))
HTTPSConnectionPool(host='t.me', port=443): Max retries exceeded with url: /amtmedyaduyuru/2?embed=1&mode=tme (Caused by NameResolutionError("<urllib3.connection.HTTPSConnection object at 0x0000026340B68E90>: Failed to resolve 't.me' ([Errno 11001] getaddrinfo failed)"))
HTTPSConnectionPool(host='t.me', port=443): Max retries exceeded with url: /amtmedyaduyuru/2?embed=1&mode=tme (Caused by NameResolutionError("<urllib3.connection.HTTPSConnection object at 0x000002633813FD50>: Failed to resolve 't.me' ([Errno 11001] getaddrinfo failed)"))
HTTPSConnectionPool(host='t.me', port=443): Max retries exceeded with url: /amtmedyaduyuru/2?embed=1&mode=tme (Caused by NameResolutionError("<urllib3.connection.HTTPSConnection object at 0x00000263410AF610>: Failed to resolve 't.me' ([Errno 11001] getaddrinfo failed)"))
HTTPSConnectionPool(host='t.me', port=443): Max retries exceeded with url: /amtmedyaduyuru/2?embed=1&mode=tme (Caused by NameResolutionError("<urllib3.connection.HTTPSConnection object at 0x00000263401A7210>: Failed to resolve 't.me' ([Errno 11001] getaddrinfo failed)"))
HTTPSConnectionPool(host='t.me', port=443): Max retries exceeded with url: /amtmedyaduyuru/2?embed=1&mode=tme (Caused by NameResolutionError("<urllib3.connection.HTTPSConnection object at 0x00000263410C1110>: Failed to resolve 't.me' ([Errno 11001] getaddrinfo failed)"))
HTTPSConnectionPool(host='t.me', port=443): Max retries exceeded with url: /amtmedyaduyuru/2?embed=1&mode=tme (Caused by NameResolutionError("<urllib3.connection.HTTPSConnection object at 0x00000263401A7D90>: Failed to resolve 't.me' ([Errno 11001] getaddrinfo failed)"))
HTTPSConnectionPool(host='t.me', port=443): Max retries exceeded with url: /amtmedyaduyuru/2?embed=1&mode=tme (Caused by NameResolutionError("<urllib3.connection.HTTPSConnection object at 0x000002634108F110>: Failed to resolve 't.me' ([Errno 11001] getaddrinfo failed)"))
HTTPSConnectionPool(host='t.me', port=443): Max retries exceeded with url: /amtmedyaduyuru/2?embed=1&mode=tme (Caused by NameResolutionError("<urllib3.connection.HTTPSConnection object at 0x000002633F92D190>: Failed to resolve 't.me' ([Errno 11001] getaddrinfo failed)"))
HTTPSConnectionPool(host='t.me', port=443): Max retries exceeded with url: /amtmedyaduyuru/2?embed=1&mode=tme (Caused by NameResolutionError("<urllib3.connection.HTTPSConnection object at 0x00000263410AF190>: Failed to resolve 't.me' ([Errno 11001] getaddrinfo failed)"))
HTTPSConnectionPool(host='t.me', port=443): Max retries exceeded with url: /amtmedyaduyuru/2?embed=1&mode=tme (Caused by NameResolutionError("<urllib3.connection.HTTPSConnection object at 0x00000263410C1B50>: Failed to resolve 't.me' ([Errno 11001] getaddrinfo failed)"))
HTTPSConnectionPool(host='t.me', port=443): Max retries exceeded with url: /amtmedyaduyuru/2?embed=1&mode=tme (Caused by NameResolutionError("<urllib3.connection.HTTPSConnection object at 0x0000026340380310>: Failed to resolve 't.me' ([Errno 11001] getaddrinfo failed)"))
HTTPSConnectionPool(host='t.me', port=443): Max retries exceeded with url: /amtmedyaduyuru/2?embed=1&mode=tme (Caused by NameResolutionError("<urllib3.connection.HTTPSConnection object at 0x00000263410AF990>: Failed to resolve 't.me' ([Errno 11001] getaddrinfo failed)"))
HTTPSConnectionPool(host='t.me', port=443): Max retries exceeded with url: /amtmedyaduyuru/2?embed=1&mode=tme (Caused by NameResolutionError("<urllib3.connection.HTTPSConnection object at 0x00000263410AF050>: Failed to resolve 't.me' ([Errno 11001] getaddrinfo failed)"))
HTTPSConnectionPool(host='t.me', port=443): Max retries exceeded with url: /amtmedyaduyuru/2?embed=1&mode=tme (Caused by NameResolutionError("<urllib3.connection.HTTPSConnection object at 0x000002633C2AD890>: Failed to resolve 't.me' ([Errno 11001] getaddrinfo failed)"))
HTTPSConnectionPool(host='t.me', port=443): Max retries exceeded with url: /amtmedyaduyuru/2?embed=1&mode=tme (Caused by NameResolutionError("<urllib3.connection.HTTPSConnection object at 0x000002633FA63A90>: Failed to resolve 't.me' ([Errno 11001] getaddrinfo failed)"))
HTTPSConnectionPool(host='t.me', port=443): Max retries exceeded with url: /amtmedyaduyuru/2?embed=1&mode=tme (Caused by NameResolutionError("<urllib3.connection.HTTPSConnection object at 0x00000263408C77D0>: Failed to resolve 't.me' ([Errno 11001] getaddrinfo failed)"))
HTTPSConnectionPool(host='t.me', port=443): Max retries exceeded with url: /amtmedyaduyuru/2?embed=1&mode=tme (Caused by NameResolutionError("<urllib3.connection.HTTPSConnection object at 0x00000263408C42D0>: Failed to resolve 't.me' ([Errno 11001] getaddrinfo failed)"))
HTTPSConnectionPool(host='t.me', port=443): Max retries exceeded with url: /amtmedyaduyuru/2?embed=1&mode=tme (Caused by NameResolutionError("<urllib3.connection.HTTPSConnection object at 0x0000026340AB1190>: Failed to resolve 't.me' ([Errno 11001] getaddrinfo failed)"))
HTTPSConnectionPool(host='t.me', port=443): Max retries exceeded with url: /amtmedyaduyuru/2?embed=1&mode=tme (Caused by NameResolutionError("<urllib3.connection.HTTPSConnection object at 0x000002633FE24E50>: Failed to resolve 't.me' ([Errno 11001] getaddrinfo failed)"))
HTTPSConnectionPool(host='t.me', port=443): Max retries exceeded with url: /amtmedyaduyuru/2?embed=1&mode=tme (Caused by NameResolutionError("<urllib3.connection.HTTPSConnection object at 0x0000026340E36710>: Failed to resolve 't.me' ([Errno 11001] getaddrinfo failed)"))
HTTPSConnectionPool(host='t.me', port=443): Max retries exceeded with url: /amtmedyaduyuru/2?embed=1&mode=tme (Caused by NameResolutionError("<urllib3.connection.HTTPSConnection object at 0x000002633A582490>: Failed to resolve 't.me' ([Errno 11001] getaddrinfo failed)"))
HTTPSConnectionPool(host='t.me', port=443): Max retries exceeded with url: /amtmedyaduyuru/2?embed=1&mode=tme (Caused by NameResolutionError("<urllib3.connection.HTTPSConnection object at 0x0000026340382550>: Failed to resolve 't.me' ([Errno 11001] getaddrinfo failed)"))
HTTPSConnectionPool(host='t.me', port=443): Max retries exceeded with url: /amtmedyaduyuru/2?embed=1&mode=tme (Caused by NameResolutionError("<urllib3.connection.HTTPSConnection object at 0x0000026340E0BF90>: Failed to resolve 't.me' ([Errno 11001] getaddrinfo failed)"))
HTTPSConnectionPool(host='t.me', port=443): Max retries exceeded with url: /amtmedyaduyuru/2?embed=1&mode=tme (Caused by NameResolutionError("<urllib3.connection.HTTPSConnection object at 0x0000026340E366D0>: Failed to resolve 't.me' ([Errno 11001] getaddrinfo failed)"))
HTTPSConnectionPool(host='t.me', port=443): Max retries exceeded with url: /amtmedyaduyuru/2?embed=1&mode=tme (Caused by NameResolutionError("<urllib3.connection.HTTPSConnection object at 0x0000026340A8D6D0>: Failed to resolve 't.me' ([Errno 11001] getaddrinfo failed)"))
HTTPSConnectionPool(host='t.me', port=443): Max retries exceeded with url: /amtmedyaduyuru/2?embed=1&mode=tme (Caused by NameResolutionError("<urllib3.connection.HTTPSConnection object at 0x0000026340DFC190>: Failed to resolve 't.me' ([Errno 11001] getaddrinfo failed)"))
HTTPSConnectionPool(host='t.me', port=443): Max retries exceeded with url: /amtmedyaduyuru/2?embed=1&mode=tme (Caused by NameResolutionError("<urllib3.connection.HTTPSConnection object at 0x00000263410C3950>: Failed to resolve 't.me' ([Errno 11001] getaddrinfo failed)"))
HTTPSConnectionPool(host='t.me', port=443): Max retries exceeded with url: /amtmedyaduyuru/2?embed=1&mode=tme (Caused by NameResolutionError("<urllib3.connection.HTTPSConnection object at 0x000002633FDCC9D0>: Failed to resolve 't.me' ([Errno 11001] getaddrinfo failed)"))
HTTPSConnectionPool(host='t.me', port=443): Max retries exceeded with url: /amtmedyaduyuru/2?embed=1&mode=tme (Caused by NameResolutionError("<urllib3.connection.HTTPSConnection object at 0x0000026340F7F950>: Failed to resolve 't.me' ([Errno 11001] getaddrinfo failed)"))
HTTPSConnectionPool(host='t.me', port=443): Max retries exceeded with url: /amtmedyaduyuru/2?embed=1&mode=tme (Caused by NameResolutionError("<urllib3.connection.HTTPSConnection object at 0x000002633F9D8910>: Failed to resolve 't.me' ([Errno 11001] getaddrinfo failed)"))
HTTPSConnectionPool(host='t.me', port=443): Max retries exceeded with url: /amtmedyaduyuru/2?embed=1&mode=tme (Caused by NameResolutionError("<urllib3.connection.HTTPSConnection object at 0x00000263405C3150>: Failed to resolve 't.me' ([Errno 11001] getaddrinfo failed)"))
HTTPSConnectionPool(host='t.me', port=443): Max retries exceeded with url: /amtmedyaduyuru/2?embed=1&mode=tme (Caused by NameResolutionError("<urllib3.connection.HTTPSConnection object at 0x00000263410C1990>: Failed to resolve 't.me' ([Errno 11001] getaddrinfo failed)"))
HTTPSConnectionPool(host='t.me', port=443): Max retries exceeded with url: /amtmedyaduyuru/2?embed=1&mode=tme (Caused by NameResolutionError("<urllib3.connection.HTTPSConnection object at 0x000002633C418690>: Failed to resolve 't.me' ([Errno 11001] getaddrinfo failed)"))
HTTPSConnectionPool(host='t.me', port=443): Max retries exceeded with url: /amtmedyaduyuru/2?embed=1&mode=tme (Caused by NameResolutionError("<urllib3.connection.HTTPSConnection object at 0x00000263339C9E10>: Failed to resolve 't.me' ([Errno 11001] getaddrinfo failed)"))
HTTPSConnectionPool(host='t.me', port=443): Max retries exceeded with url: /amtmedyaduyuru/2?embed=1&mode=tme (Caused by NameResolutionError("<urllib3.connection.HTTPSConnection object at 0x0000026340E0AB10>: Failed to resolve 't.me' ([Errno 11001] getaddrinfo failed)"))
HTTPSConnectionPool(host='t.me', port=443): Max retries exceeded with url: /amtmedyaduyuru/2?embed=1&mode=tme (Caused by NameResolutionError("<urllib3.connection.HTTPSConnection object at 0x0000026340E34750>: Failed to resolve 't.me' ([Errno 11001] getaddrinfo failed)"))
HTTPSConnectionPool(host='t.me', port=443): Max retries exceeded with url: /amtmedyaduyuru/2?embed=1&mode=tme (Caused by NameResolutionError("<urllib3.connection.HTTPSConnection object at 0x000002633FD12E50>: Failed to resolve 't.me' ([Errno 11001] getaddrinfo failed)"))
HTTPSConnectionPool(host='t.me', port=443): Max retries exceeded with url: /amtmedyaduyuru/2?embed=1&mode=tme (Caused by NameResolutionError("<urllib3.connection.HTTPSConnection object at 0x000002633E1CE750>: Failed to resolve 't.me' ([Errno 11001] getaddrinfo failed)"))
HTTPSConnectionPool(host='t.me', port=443): Max retries exceeded with url: /amtmedyaduyuru/2?embed=1&mode=tme (Caused by NameResolutionError("<urllib3.connection.HTTPSConnection object at 0x000002633C3C8ED0>: Failed to resolve 't.me' ([Errno 11001] getaddrinfo failed)"))
HTTPSConnectionPool(host='t.me', port=443): Max retries exceeded with url: /amtmedyaduyuru/2?embed=1&mode=tme (Caused by NameResolutionError("<urllib3.connection.HTTPSConnection object at 0x0000026340C97A50>: Failed to resolve 't.me' ([Errno 11001] getaddrinfo failed)"))
HTTPSConnectionPool(host='t.me', port=443): Max retries exceeded with url: /amtmedyaduyuru/2?embed=1&mode=tme (Caused by NameResolutionError("<urllib3.connection.HTTPSConnection object at 0x00000263410C2D90>: Failed to resolve 't.me' ([Errno 11001] getaddrinfo failed)"))
HTTPSConnectionPool(host='t.me', port=443): Max retries exceeded with url: /amtmedyaduyuru/2?embed=1&mode=tme (Caused by NameResolutionError("<urllib3.connection.HTTPSConnection object at 0x00000263410C1050>: Failed to resolve 't.me' ([Errno 11001] getaddrinfo failed)"))
HTTPSConnectionPool(host='t.me', port=443): Max retries exceeded with url: /amtmedyaduyuru/2?embed=1&mode=tme (Caused by NameResolutionError("<urllib3.connection.HTTPSConnection object at 0x0000026340C967D0>: Failed to resolve 't.me' ([Errno 11001] getaddrinfo failed)"))
HTTPSConnectionPool(host='t.me', port=443): Max retries exceeded with url: /amtmedyaduyuru/2?embed=1&mode=tme (Caused by NameResolutionError("<urllib3.connection.HTTPSConnection object at 0x000002633C3A7150>: Failed to resolve 't.me' ([Errno 11001] getaddrinfo failed)"))
HTTPSConnectionPool(host='t.me', port=443): Max retries exceeded with url: /amtmedyaduyuru/2?embed=1&mode=tme (Caused by NameResolutionError("<urllib3.connection.HTTPSConnection object at 0x000002633FFC7C50>: Failed to resolve 't.me' ([Errno 11001] getaddrinfo failed)"))
HTTPSConnectionPool(host='t.me', port=443): Max retries exceeded with url: /amtmedyaduyuru/2?embed=1&mode=tme (Caused by NameResolutionError("<urllib3.connection.HTTPSConnection object at 0x0000026340C9D010>: Failed to resolve 't.me' ([Errno 11001] getaddrinfo failed)"))
HTTPSConnectionPool(host='t.me', port=443): Max retries exceeded with url: /amtmedyaduyuru/2?embed=1&mode=tme (Caused by NameResolutionError("<urllib3.connection.HTTPSConnection object at 0x0000026340E35D50>: Failed to resolve 't.me' ([Errno 11001] getaddrinfo failed)"))
HTTPSConnectionPool(host='t.me', port=443): Max retries exceeded with url: /amtmedyaduyuru/2?embed=1&mode=tme (Caused by NameResolutionError("<urllib3.connection.HTTPSConnection object at 0x0000026340E0AA10>: Failed to resolve 't.me' ([Errno 11001] getaddrinfo failed)"))
HTTPSConnectionPool(host='t.me', port=443): Max retries exceeded with url: /amtmedyaduyuru/2?embed=1&mode=tme (Caused by NameResolutionError("<urllib3.connection.HTTPSConnection object at 0x00000263394E64D0>: Failed to resolve 't.me' ([Errno 11001] getaddrinfo failed)"))
HTTPSConnectionPool(host='t.me', port=443): Max retries exceeded with url: /amtmedyaduyuru/2?embed=1&mode=tme (Caused by NameResolutionError("<urllib3.connection.HTTPSConnection object at 0x0000026340E22410>: Failed to resolve 't.me' ([Errno 11001] getaddrinfo failed)"))
HTTPSConnectionPool(host='t.me', port=443): Max retries exceeded with url: /amtmedyaduyuru/2?embed=1&mode=tme (Caused by NameResolutionError("<urllib3.connection.HTTPSConnection object at 0x000002633E2AC750>: Failed to resolve 't.me' ([Errno 11001] getaddrinfo failed)"))
HTTPSConnectionPool(host='t.me', port=443): Max retries exceeded with url: /amtmedyaduyuru/2?embed=1&mode=tme (Caused by NameResolutionError("<urllib3.connection.HTTPSConnection object at 0x0000026340F52850>: Failed to resolve 't.me' ([Errno 11001] getaddrinfo failed)"))
HTTPSConnectionPool(host='t.me', port=443): Max retries exceeded with url: /amtmedyaduyuru/2?embed=1&mode=tme (Caused by NameResolutionError("<urllib3.connection.HTTPSConnection object at 0x000002633FA29290>: Failed to resolve 't.me' ([Errno 11001] getaddrinfo failed)"))
HTTPSConnectionPool(host='t.me', port=443): Max retries exceeded with url: /amtmedyaduyuru/2?embed=1&mode=tme (Caused by NameResolutionError("<urllib3.connection.HTTPSConnection object at 0x0000026338F65150>: Failed to resolve 't.me' ([Errno 11001] getaddrinfo failed)"))
HTTPSConnectionPool(host='t.me', port=443): Max retries exceeded with url: /amtmedyaduyuru/2?embed=1&mode=tme (Caused by NameResolutionError("<urllib3.connection.HTTPSConnection object at 0x0000026340363650>: Failed to resolve 't.me' ([Errno 11001] getaddrinfo failed)"))
HTTPSConnectionPool(host='t.me', port=443): Max retries exceeded with url: /amtmedyaduyuru/2?embed=1&mode=tme (Caused by NameResolutionError("<urllib3.connection.HTTPSConnection object at 0x00000263410C2690>: Failed to resolve 't.me' ([Errno 11001] getaddrinfo failed)"))
HTTPSConnectionPool(host='t.me', port=443): Max retries exceeded with url: /amtmedyaduyuru/2?embed=1&mode=tme (Caused by NameResolutionError("<urllib3.connection.HTTPSConnection object at 0x000002634071F5D0>: Failed to resolve 't.me' ([Errno 11001] getaddrinfo failed)"))
HTTPSConnectionPool(host='t.me', port=443): Max retries exceeded with url: /amtmedyaduyuru/2?embed=1&mode=tme (Caused by NameResolutionError("<urllib3.connection.HTTPSConnection object at 0x0000026340361350>: Failed to resolve 't.me' ([Errno 11001] getaddrinfo failed)"))
HTTPSConnectionPool(host='t.me', port=443): Max retries exceeded with url: /amtmedyaduyuru/2?embed=1&mode=tme (Caused by NameResolutionError("<urllib3.connection.HTTPSConnection object at 0x0000026340CD7D10>: Failed to resolve 't.me' ([Errno 11001] getaddrinfo failed)"))
HTTPSConnectionPool(host='t.me', port=443): Max retries exceeded with url: /amtmedyaduyuru/2?embed=1&mode=tme (Caused by NameResolutionError("<urllib3.connection.HTTPSConnection object at 0x0000026340C69290>: Failed to resolve 't.me' ([Errno 11001] getaddrinfo failed)"))
HTTPSConnectionPool(host='t.me', port=443): Max retries exceeded with url: /amtmedyaduyuru/2?embed=1&mode=tme (Caused by NameResolutionError("<urllib3.connection.HTTPSConnection object at 0x000002633CF8D350>: Failed to resolve 't.me' ([Errno 11001] getaddrinfo failed)"))
HTTPSConnectionPool(host='t.me', port=443): Max retries exceeded with url: /amtmedyaduyuru/2?embed=1&mode=tme (Caused by NameResolutionError("<urllib3.connection.HTTPSConnection object at 0x00000263410C1710>: Failed to resolve 't.me' ([Errno 11001] getaddrinfo failed)"))
HTTPSConnectionPool(host='t.me', port=443): Max retries exceeded with url: /amtmedyaduyuru/2?embed=1&mode=tme (Caused by NameResolutionError("<urllib3.connection.HTTPSConnection object at 0x000002633FDCC950>: Failed to resolve 't.me' ([Errno 11001] getaddrinfo failed)"))
HTTPSConnectionPool(host='t.me', port=443): Max retries exceeded with url: /amtmedyaduyuru/2?embed=1&mode=tme (Caused by NameResolutionError("<urllib3.connection.HTTPSConnection object at 0x000002633C488E10>: Failed to resolve 't.me' ([Errno 11001] getaddrinfo failed)"))
HTTPSConnectionPool(host='t.me', port=443): Max retries exceeded with url: /amtmedyaduyuru/2?embed=1&mode=tme (Caused by NameResolutionError("<urllib3.connection.HTTPSConnection object at 0x000002633E0D0210>: Failed to resolve 't.me' ([Errno 11001] getaddrinfo failed)"))
HTTPSConnectionPool(host='t.me', port=443): Max retries exceeded with url: /amtmedyaduyuru/2?embed=1&mode=tme (Caused by NameResolutionError("<urllib3.connection.HTTPSConnection object at 0x00000263401D0C50>: Failed to resolve 't.me' ([Errno 11001] getaddrinfo failed)"))
HTTPSConnectionPool(host='t.me', port=443): Max retries exceeded with url: /amtmedyaduyuru/2?embed=1&mode=tme (Caused by NameResolutionError("<urllib3.connection.HTTPSConnection object at 0x00000263410C18D0>: Failed to resolve 't.me' ([Errno 11001] getaddrinfo failed)"))
HTTPSConnectionPool(host='t.me', port=443): Max retries exceeded with url: /amtmedyaduyuru/2?embed=1&mode=tme (Caused by NameResolutionError("<urllib3.connection.HTTPSConnection object at 0x0000026340E20D90>: Failed to resolve 't.me' ([Errno 11001] getaddrinfo failed)"))
HTTPSConnectionPool(host='t.me', port=443): Max retries exceeded with url: /amtmedyaduyuru/2?embed=1&mode=tme (Caused by NameResolutionError("<urllib3.connection.HTTPSConnection object at 0x00000263410ACFD0>: Failed to resolve 't.me' ([Errno 11001] getaddrinfo failed)"))
HTTPSConnectionPool(host='t.me', port=443): Max retries exceeded with url: /amtmedyaduyuru/2?embed=1&mode=tme (Caused by NameResolutionError("<urllib3.connection.HTTPSConnection object at 0x0000026340128C50>: Failed to resolve 't.me' ([Errno 11001] getaddrinfo failed)"))
HTTPSConnectionPool(host='t.me', port=443): Max retries exceeded with url: /amtmedyaduyuru/2?embed=1&mode=tme (Caused by NameResolutionError("<urllib3.connection.HTTPSConnection object at 0x00000263401D1550>: Failed to resolve 't.me' ([Errno 11001] getaddrinfo failed)"))
HTTPSConnectionPool(host='t.me', port=443): Max retries exceeded with url: /amtmedyaduyuru/2?embed=1&mode=tme (Caused by NameResolutionError("<urllib3.connection.HTTPSConnection object at 0x0000026340912F90>: Failed to resolve 't.me' ([Errno 11001] getaddrinfo failed)"))
HTTPSConnectionPool(host='t.me', port=443): Max retries exceeded with url: /amtmedyaduyuru/2?embed=1&mode=tme (Caused by NameResolutionError("<urllib3.connection.HTTPSConnection object at 0x00000263407741D0>: Failed to resolve 't.me' ([Errno 11001] getaddrinfo failed)"))
HTTPSConnectionPool(host='t.me', port=443): Max retries exceeded with url: /amtmedyaduyuru/2?embed=1&mode=tme (Caused by NameResolutionError("<urllib3.connection.HTTPSConnection object at 0x00000263410C1390>: Failed to resolve 't.me' ([Errno 11001] getaddrinfo failed)"))
HTTPSConnectionPool(host='t.me', port=443): Max retries exceeded with url: /amtmedyaduyuru/2?embed=1&mode=tme (Caused by NameResolutionError("<urllib3.connection.HTTPSConnection object at 0x00000263407E2D10>: Failed to resolve 't.me' ([Errno 11001] getaddrinfo failed)"))
HTTPSConnectionPool(host='t.me', port=443): Max retries exceeded with url: /amtmedyaduyuru/2?embed=1&mode=tme (Caused by NameResolutionError("<urllib3.connection.HTTPSConnection object at 0x000002634071EC10>: Failed to resolve 't.me' ([Errno 11001] getaddrinfo failed)"))
HTTPSConnectionPool(host='t.me', port=443): Max retries exceeded with url: /amtmedyaduyuru/2?embed=1&mode=tme (Caused by NameResolutionError("<urllib3.connection.HTTPSConnection object at 0x0000026340CD7850>: Failed to resolve 't.me' ([Errno 11001] getaddrinfo failed)"))
HTTPSConnectionPool(host='t.me', port=443): Max retries exceeded with url: /amtmedyaduyuru/2?embed=1&mode=tme (Caused by NameResolutionError("<urllib3.connection.HTTPSConnection object at 0x00000263410C2310>: Failed to resolve 't.me' ([Errno 11001] getaddrinfo failed)"))
HTTPSConnectionPool(host='t.me', port=443): Max retries exceeded with url: /amtmedyaduyuru/2?embed=1&mode=tme (Caused by NameResolutionError("<urllib3.connection.HTTPSConnection object at 0x0000026340F51F50>: Failed to resolve 't.me' ([Errno 11001] getaddrinfo failed)"))
HTTPSConnectionPool(host='t.me', port=443): Max retries exceeded with url: /amtmedyaduyuru/2?embed=1&mode=tme (Caused by NameResolutionError("<urllib3.connection.HTTPSConnection object at 0x0000026340676B90>: Failed to resolve 't.me' ([Errno 11001] getaddrinfo failed)"))
HTTPSConnectionPool(host='t.me', port=443): Max retries exceeded with url: /amtmedyaduyuru/2?embed=1&mode=tme (Caused by NameResolutionError("<urllib3.connection.HTTPSConnection object at 0x00000263405E5CD0>: Failed to resolve 't.me' ([Errno 11001] getaddrinfo failed)"))
HTTPSConnectionPool(host='t.me', port=443): Max retries exceeded with url: /amtmedyaduyuru/2?embed=1&mode=tme (Caused by NameResolutionError("<urllib3.connection.HTTPSConnection object at 0x0000026340CD5110>: Failed to resolve 't.me' ([Errno 11001] getaddrinfo failed)"))
HTTPSConnectionPool(host='t.me', port=443): Max retries exceeded with url: /amtmedyaduyuru/2?embed=1&mode=tme (Caused by NameResolutionError("<urllib3.connection.HTTPSConnection object at 0x000002634071F810>: Failed to resolve 't.me' ([Errno 11001] getaddrinfo failed)"))
HTTPSConnectionPool(host='t.me', port=443): Max retries exceeded with url: /amtmedyaduyuru/2?embed=1&mode=tme (Caused by NameResolutionError("<urllib3.connection.HTTPSConnection object at 0x00000263410C0B50>: Failed to resolve 't.me' ([Errno 11001] getaddrinfo failed)"))
HTTPSConnectionPool(host='t.me', port=443): Max retries exceeded with url: /amtmedyaduyuru/2?embed=1&mode=tme (Caused by NameResolutionError("<urllib3.connection.HTTPSConnection object at 0x00000263410C2D10>: Failed to resolve 't.me' ([Errno 11001] getaddrinfo failed)"))
HTTPSConnectionPool(host='t.me', port=443): Max retries exceeded with url: /amtmedyaduyuru/2?embed=1&mode=tme (Caused by NameResolutionError("<urllib3.connection.HTTPSConnection object at 0x000002633E0D0210>: Failed to resolve 't.me' ([Errno 11001] getaddrinfo failed)"))
HTTPSConnectionPool(host='t.me', port=443): Max retries exceeded with url: /amtmedyaduyuru/2?embed=1&mode=tme (Caused by NameResolutionError("<urllib3.connection.HTTPSConnection object at 0x00000263405E7F90>: Failed to resolve 't.me' ([Errno 11001] getaddrinfo failed)"))
HTTPSConnectionPool(host='t.me', port=443): Max retries exceeded with url: /amtmedyaduyuru/2?embed=1&mode=tme (Caused by NameResolutionError("<urllib3.connection.HTTPSConnection object at 0x000002634071C190>: Failed to resolve 't.me' ([Errno 11001] getaddrinfo failed)"))
HTTPSConnectionPool(host='t.me', port=443): Max retries exceeded with url: /amtmedyaduyuru/2?embed=1&mode=tme (Caused by NameResolutionError("<urllib3.connection.HTTPSConnection object at 0x000002633B9CE590>: Failed to resolve 't.me' ([Errno 11001] getaddrinfo failed)"))
HTTPSConnectionPool(host='t.me', port=443): Max retries exceeded with url: /amtmedyaduyuru/2?embed=1&mode=tme (Caused by NameResolutionError("<urllib3.connection.HTTPSConnection object at 0x00000263410C1CD0>: Failed to resolve 't.me' ([Errno 11001] getaddrinfo failed)"))
HTTPSConnectionPool(host='t.me', port=443): Max retries exceeded with url: /amtmedyaduyuru/2?embed=1&mode=tme (Caused by NameResolutionError("<urllib3.connection.HTTPSConnection object at 0x00000263410C1610>: Failed to resolve 't.me' ([Errno 11001] getaddrinfo failed)"))
HTTPSConnectionPool(host='t.me', port=443): Max retries exceeded with url: /amtmedyaduyuru/2?embed=1&mode=tme (Caused by NameResolutionError("<urllib3.connection.HTTPSConnection object at 0x000002633F9CC110>: Failed to resolve 't.me' ([Errno 11001] getaddrinfo failed)"))
HTTPSConnectionPool(host='t.me', port=443): Max retries exceeded with url: /amtmedyaduyuru/2?embed=1&mode=tme (Caused by NameResolutionError("<urllib3.connection.HTTPSConnection object at 0x00000263408810D0>: Failed to resolve 't.me' ([Errno 11001] getaddrinfo failed)"))
HTTPSConnectionPool(host='t.me', port=443): Max retries exceeded with url: /amtmedyaduyuru/2?embed=1&mode=tme (Caused by NameResolutionError("<urllib3.connection.HTTPSConnection object at 0x00000263409B6C90>: Failed to resolve 't.me' ([Errno 11001] getaddrinfo failed)"))
HTTPSConnectionPool(host='t.me', port=443): Max retries exceeded with url: /amtmedyaduyuru/2?embed=1&mode=tme (Caused by NameResolutionError("<urllib3.connection.HTTPSConnection object at 0x00000263410C3F90>: Failed to resolve 't.me' ([Errno 11001] getaddrinfo failed)"))
HTTPSConnectionPool(host='t.me', port=443): Max retries exceeded with url: /amtmedyaduyuru/2?embed=1&mode=tme (Caused by NameResolutionError("<urllib3.connection.HTTPSConnection object at 0x00000263402CDC90>: Failed to resolve 't.me' ([Errno 11001] getaddrinfo failed)"))
HTTPSConnectionPool(host='t.me', port=443): Max retries exceeded with url: /amtmedyaduyuru/2?embed=1&mode=tme (Caused by NameResolutionError("<urllib3.connection.HTTPSConnection object at 0x0000026340E0AF50>: Failed to resolve 't.me' ([Errno 11001] getaddrinfo failed)"))
HTTPSConnectionPool(host='t.me', port=443): Max retries exceeded with url: /amtmedyaduyuru/2?embed=1&mode=tme (Caused by NameResolutionError("<urllib3.connection.HTTPSConnection object at 0x0000026340C9EA10>: Failed to resolve 't.me' ([Errno 11001] getaddrinfo failed)"))
HTTPSConnectionPool(host='t.me', port=443): Max retries exceeded with url: /amtmedyaduyuru/2?embed=1&mode=tme (Caused by NameResolutionError("<urllib3.connection.HTTPSConnection object at 0x00000263402CDE10>: Failed to resolve 't.me' ([Errno 11001] getaddrinfo failed)"))
HTTPSConnectionPool(host='t.me', port=443): Max retries exceeded with url: /amtmedyaduyuru/2?embed=1&mode=tme (Caused by NameResolutionError("<urllib3.connection.HTTPSConnection object at 0x00000263410C0350>: Failed to resolve 't.me' ([Errno 11001] getaddrinfo failed)"))
HTTPSConnectionPool(host='t.me', port=443): Max retries exceeded with url: /amtmedyaduyuru/2?embed=1&mode=tme (Caused by NameResolutionError("<urllib3.connection.HTTPSConnection object at 0x000002633FDD60D0>: Failed to resolve 't.me' ([Errno 11001] getaddrinfo failed)"))
HTTPSConnectionPool(host='t.me', port=443): Max retries exceeded with url: /amtmedyaduyuru/2?embed=1&mode=tme (Caused by NameResolutionError("<urllib3.connection.HTTPSConnection object at 0x0000026340883190>: Failed to resolve 't.me' ([Errno 11001] getaddrinfo failed)"))
HTTPSConnectionPool(host='t.me', port=443): Max retries exceeded with url: /amtmedyaduyuru/2?embed=1&mode=tme (Caused by NameResolutionError("<urllib3.connection.HTTPSConnection object at 0x000002633C365190>: Failed to resolve 't.me' ([Errno 11001] getaddrinfo failed)"))
HTTPSConnectionPool(host='t.me', port=443): Max retries exceeded with url: /amtmedyaduyuru/2?embed=1&mode=tme (Caused by NameResolutionError("<urllib3.connection.HTTPSConnection object at 0x000002633B9CE590>: Failed to resolve 't.me' ([Errno 11001] getaddrinfo failed)"))
HTTPSConnectionPool(host='t.me', port=443): Max retries exceeded with url: /amtmedyaduyuru/2?embed=1&mode=tme (Caused by NameResolutionError("<urllib3.connection.HTTPSConnection object at 0x0000026340880550>: Failed to resolve 't.me' ([Errno 11001] getaddrinfo failed)"))
HTTPSConnectionPool(host='t.me', port=443): Max retries exceeded with url: /amtmedyaduyuru/2?embed=1&mode=tme (Caused by NameResolutionError("<urllib3.connection.HTTPSConnection object at 0x00000263405E7F90>: Failed to resolve 't.me' ([Errno 11001] getaddrinfo failed)"))
HTTPSConnectionPool(host='t.me', port=443): Max retries exceeded with url: /amtmedyaduyuru/2?embed=1&mode=tme (Caused by NameResolutionError("<urllib3.connection.HTTPSConnection object at 0x0000026340CD5A50>: Failed to resolve 't.me' ([Errno 11001] getaddrinfo failed)"))
HTTPSConnectionPool(host='t.me', port=443): Max retries exceeded with url: /amtmedyaduyuru/2?embed=1&mode=tme (Caused by NameResolutionError("<urllib3.connection.HTTPSConnection object at 0x000002633CFAD450>: Failed to resolve 't.me' ([Errno 11001] getaddrinfo failed)"))
HTTPSConnectionPool(host='t.me', port=443): Max retries exceeded with url: /amtmedyaduyuru/2?embed=1&mode=tme (Caused by NameResolutionError("<urllib3.connection.HTTPSConnection object at 0x00000263408D9F10>: Failed to resolve 't.me' ([Errno 11001] getaddrinfo failed)"))
HTTPSConnectionPool(host='t.me', port=443): Max retries exceeded with url: /amtmedyaduyuru/2?embed=1&mode=tme (Caused by NameResolutionError("<urllib3.connection.HTTPSConnection object at 0x0000026340F51190>: Failed to resolve 't.me' ([Errno 11001] getaddrinfo failed)"))
HTTPSConnectionPool(host='t.me', port=443): Max retries exceeded with url: /amtmedyaduyuru/2?embed=1&mode=tme (Caused by NameResolutionError("<urllib3.connection.HTTPSConnection object at 0x00000263408C4E50>: Failed to resolve 't.me' ([Errno 11001] getaddrinfo failed)"))
HTTPSConnectionPool(host='t.me', port=443): Max retries exceeded with url: /amtmedyaduyuru/2?embed=1&mode=tme (Caused by NameResolutionError("<urllib3.connection.HTTPSConnection object at 0x0000026340CD5350>: Failed to resolve 't.me' ([Errno 11001] getaddrinfo failed)"))
HTTPSConnectionPool(host='t.me', port=443): Max retries exceeded with url: /amtmedyaduyuru/2?embed=1&mode=tme (Caused by NameResolutionError("<urllib3.connection.HTTPSConnection object at 0x0000026340B9F290>: Failed to resolve 't.me' ([Errno 11001] getaddrinfo failed)"))
HTTPSConnectionPool(host='t.me', port=443): Max retries exceeded with url: /amtmedyaduyuru/2?embed=1&mode=tme (Caused by NameResolutionError("<urllib3.connection.HTTPSConnection object at 0x000002633E1717D0>: Failed to resolve 't.me' ([Errno 11001] getaddrinfo failed)"))
HTTPSConnectionPool(host='t.me', port=443): Max retries exceeded with url: /amtmedyaduyuru/2?embed=1&mode=tme (Caused by NameResolutionError("<urllib3.connection.HTTPSConnection object at 0x00000263410C2690>: Failed to resolve 't.me' ([Errno 11001] getaddrinfo failed)"))
HTTPSConnectionPool(host='t.me', port=443): Max retries exceeded with url: /amtmedyaduyuru/2?embed=1&mode=tme (Caused by NameResolutionError("<urllib3.connection.HTTPSConnection object at 0x000002633FFF86D0>: Failed to resolve 't.me' ([Errno 11001] getaddrinfo failed)"))
HTTPSConnectionPool(host='t.me', port=443): Max retries exceeded with url: /amtmedyaduyuru/2?embed=1&mode=tme (Caused by NameResolutionError("<urllib3.connection.HTTPSConnection object at 0x000002633E208B50>: Failed to resolve 't.me' ([Errno 11001] getaddrinfo failed)"))
HTTPSConnectionPool(host='t.me', port=443): Max retries exceeded with url: /amtmedyaduyuru/2?embed=1&mode=tme (Caused by NameResolutionError("<urllib3.connection.HTTPSConnection object at 0x0000026340CD7E10>: Failed to resolve 't.me' ([Errno 11001] getaddrinfo failed)"))
HTTPSConnectionPool(host='t.me', port=443): Max retries exceeded with url: /amtmedyaduyuru/2?embed=1&mode=tme (Caused by NameResolutionError("<urllib3.connection.HTTPSConnection object at 0x000002633C56F050>: Failed to resolve 't.me' ([Errno 11001] getaddrinfo failed)"))
HTTPSConnectionPool(host='t.me', port=443): Max retries exceeded with url: /amtmedyaduyuru/2?embed=1&mode=tme (Caused by NameResolutionError("<urllib3.connection.HTTPSConnection object at 0x0000026340F50E50>: Failed to resolve 't.me' ([Errno 11001] getaddrinfo failed)"))
HTTPSConnectionPool(host='t.me', port=443): Max retries exceeded with url: /amtmedyaduyuru/2?embed=1&mode=tme (Caused by NameResolutionError("<urllib3.connection.HTTPSConnection object at 0x0000026340ACC790>: Failed to resolve 't.me' ([Errno 11001] getaddrinfo failed)"))
HTTPSConnectionPool(host='t.me', port=443): Max retries exceeded with url: /amtmedyaduyuru/2?embed=1&mode=tme (Caused by NameResolutionError("<urllib3.connection.HTTPSConnection object at 0x000002633E1D89D0>: Failed to resolve 't.me' ([Errno 11001] getaddrinfo failed)"))
HTTPSConnectionPool(host='t.me', port=443): Max retries exceeded with url: /amtmedyaduyuru/2?embed=1&mode=tme (Caused by NameResolutionError("<urllib3.connection.HTTPSConnection object at 0x000002633CFAD450>: Failed to resolve 't.me' ([Errno 11001] getaddrinfo failed)"))
HTTPSConnectionPool(host='t.me', port=443): Max retries exceeded with url: /amtmedyaduyuru/2?embed=1&mode=tme (Caused by NameResolutionError("<urllib3.connection.HTTPSConnection object at 0x000002633FD13D10>: Failed to resolve 't.me' ([Errno 11001] getaddrinfo failed)"))
HTTPSConnectionPool(host='t.me', port=443): Max retries exceeded with url: /amtmedyaduyuru/2?embed=1&mode=tme (Caused by NameResolutionError("<urllib3.connection.HTTPSConnection object at 0x000002634030BF90>: Failed to resolve 't.me' ([Errno 11001] getaddrinfo failed)"))
HTTPSConnectionPool(host='t.me', port=443): Max retries exceeded with url: /amtmedyaduyuru/2?embed=1&mode=tme (Caused by NameResolutionError("<urllib3.connection.HTTPSConnection object at 0x00000263410C1790>: Failed to resolve 't.me' ([Errno 11001] getaddrinfo failed)"))
HTTPSConnectionPool(host='t.me', port=443): Max retries exceeded with url: /amtmedyaduyuru/2?embed=1&mode=tme (Caused by NameResolutionError("<urllib3.connection.HTTPSConnection object at 0x000002633668FC10>: Failed to resolve 't.me' ([Errno 11001] getaddrinfo failed)"))
HTTPSConnectionPool(host='t.me', port=443): Max retries exceeded with url: /amtmedyaduyuru/2?embed=1&mode=tme (Caused by NameResolutionError("<urllib3.connection.HTTPSConnection object at 0x000002633FA3C950>: Failed to resolve 't.me' ([Errno 11001] getaddrinfo failed)"))
HTTPSConnectionPool(host='t.me', port=443): Max retries exceeded with url: /amtmedyaduyuru/2?embed=1&mode=tme (Caused by NameResolutionError("<urllib3.connection.HTTPSConnection object at 0x000002633FB89590>: Failed to resolve 't.me' ([Errno 11001] getaddrinfo failed)"))
HTTPSConnectionPool(host='t.me', port=443): Max retries exceeded with url: /amtmedyaduyuru/2?embed=1&mode=tme (Caused by NameResolutionError("<urllib3.connection.HTTPSConnection object at 0x0000026340C968D0>: Failed to resolve 't.me' ([Errno 11001] getaddrinfo failed)"))
HTTPSConnectionPool(host='t.me', port=443): Max retries exceeded with url: /amtmedyaduyuru/2?embed=1&mode=tme (Caused by NameResolutionError("<urllib3.connection.HTTPSConnection object at 0x000002633FAEE950>: Failed to resolve 't.me' ([Errno 11001] getaddrinfo failed)"))
HTTPSConnectionPool(host='t.me', port=443): Max retries exceeded with url: /amtmedyaduyuru/2?embed=1&mode=tme (Caused by NameResolutionError("<urllib3.connection.HTTPSConnection object at 0x00000263402ACED0>: Failed to resolve 't.me' ([Errno 11001] getaddrinfo failed)"))
HTTPSConnectionPool(host='t.me', port=443): Max retries exceeded with url: /amtmedyaduyuru/2?embed=1&mode=tme (Caused by NameResolutionError("<urllib3.connection.HTTPSConnection object at 0x0000026340CD68D0>: Failed to resolve 't.me' ([Errno 11001] getaddrinfo failed)"))
HTTPSConnectionPool(host='t.me', port=443): Max retries exceeded with url: /amtmedyaduyuru/2?embed=1&mode=tme (Caused by NameResolutionError("<urllib3.connection.HTTPSConnection object at 0x00000263406DC090>: Failed to resolve 't.me' ([Errno 11001] getaddrinfo failed)"))
HTTPSConnectionPool(host='t.me', port=443): Max retries exceeded with url: /amtmedyaduyuru/2?embed=1&mode=tme (Caused by NameResolutionError("<urllib3.connection.HTTPSConnection object at 0x0000026340E37550>: Failed to resolve 't.me' ([Errno 11001] getaddrinfo failed)"))
HTTPSConnectionPool(host='t.me', port=443): Max retries exceeded with url: /amtmedyaduyuru/2?embed=1&mode=tme (Caused by NameResolutionError("<urllib3.connection.HTTPSConnection object at 0x00000263410AD050>: Failed to resolve 't.me' ([Errno 11001] getaddrinfo failed)"))
HTTPSConnectionPool(host='t.me', port=443): Max retries exceeded with url: /amtmedyaduyuru/2?embed=1&mode=tme (Caused by NameResolutionError("<urllib3.connection.HTTPSConnection object at 0x000002633E038910>: Failed to resolve 't.me' ([Errno 11001] getaddrinfo failed)"))
HTTPSConnectionPool(host='t.me', port=443): Max retries exceeded with url: /amtmedyaduyuru/2?embed=1&mode=tme (Caused by NameResolutionError("<urllib3.connection.HTTPSConnection object at 0x0000026340C515D0>: Failed to resolve 't.me' ([Errno 11001] getaddrinfo failed)"))
HTTPSConnectionPool(host='t.me', port=443): Max retries exceeded with url: /amtmedyaduyuru/2?embed=1&mode=tme (Caused by NameResolutionError("<urllib3.connection.HTTPSConnection object at 0x00000263410AC090>: Failed to resolve 't.me' ([Errno 11001] getaddrinfo failed)"))
HTTPSConnectionPool(host='t.me', port=443): Max retries exceeded with url: /amtmedyaduyuru/2?embed=1&mode=tme (Caused by NameResolutionError("<urllib3.connection.HTTPSConnection object at 0x0000026340868690>: Failed to resolve 't.me' ([Errno 11001] getaddrinfo failed)"))
HTTPSConnectionPool(host='t.me', port=443): Max retries exceeded with url: /amtmedyaduyuru/2?embed=1&mode=tme (Caused by NameResolutionError("<urllib3.connection.HTTPSConnection object at 0x000002633FFB4D90>: Failed to resolve 't.me' ([Errno 11001] getaddrinfo failed)"))
HTTPSConnectionPool(host='t.me', port=443): Max retries exceeded with url: /amtmedyaduyuru/2?embed=1&mode=tme (Caused by NameResolutionError("<urllib3.connection.HTTPSConnection object at 0x0000026340CD5050>: Failed to resolve 't.me' ([Errno 11001] getaddrinfo failed)"))
HTTPSConnectionPool(host='t.me', port=443): Max retries exceeded with url: /amtmedyaduyuru/2?embed=1&mode=tme (Caused by NameResolutionError("<urllib3.connection.HTTPSConnection object at 0x0000026340F53350>: Failed to resolve 't.me' ([Errno 11001] getaddrinfo failed)"))
HTTPSConnectionPool(host='t.me', port=443): Max retries exceeded with url: /amtmedyaduyuru/2?embed=1&mode=tme (Caused by NameResolutionError("<urllib3.connection.HTTPSConnection object at 0x00000263407E3B10>: Failed to resolve 't.me' ([Errno 11001] getaddrinfo failed)"))
HTTPSConnectionPool(host='t.me', port=443): Max retries exceeded with url: /amtmedyaduyuru/2?embed=1&mode=tme (Caused by NameResolutionError("<urllib3.connection.HTTPSConnection object at 0x0000026340040DD0>: Failed to resolve 't.me' ([Errno 11001] getaddrinfo failed)"))
HTTPSConnectionPool(host='t.me', port=443): Max retries exceeded with url: /amtmedyaduyuru/2?embed=1&mode=tme (Caused by NameResolutionError("<urllib3.connection.HTTPSConnection object at 0x0000026340C95E50>: Failed to resolve 't.me' ([Errno 11001] getaddrinfo failed)"))
HTTPSConnectionPool(host='t.me', port=443): Max retries exceeded with url: /amtmedyaduyuru/2?embed=1&mode=tme (Caused by NameResolutionError("<urllib3.connection.HTTPSConnection object at 0x00000263410AFC10>: Failed to resolve 't.me' ([Errno 11001] getaddrinfo failed)"))
HTTPSConnectionPool(host='t.me', port=443): Max retries exceeded with url: /amtmedyaduyuru/2?embed=1&mode=tme (Caused by NameResolutionError("<urllib3.connection.HTTPSConnection object at 0x000002633FE842D0>: Failed to resolve 't.me' ([Errno 11001] getaddrinfo failed)"))
HTTPSConnectionPool(host='t.me', port=443): Max retries exceeded with url: /amtmedyaduyuru/2?embed=1&mode=tme (Caused by NameResolutionError("<urllib3.connection.HTTPSConnection object at 0x0000026340C94F90>: Failed to resolve 't.me' ([Errno 11001] getaddrinfo failed)"))
HTTPSConnectionPool(host='t.me', port=443): Max retries exceeded with url: /amtmedyaduyuru/2?embed=1&mode=tme (Caused by NameResolutionError("<urllib3.connection.HTTPSConnection object at 0x000002633C6C8390>: Failed to resolve 't.me' ([Errno 11001] getaddrinfo failed)"))
HTTPSConnectionPool(host='t.me', port=443): Max retries exceeded with url: /amtmedyaduyuru/2?embed=1&mode=tme (Caused by NameResolutionError("<urllib3.connection.HTTPSConnection object at 0x000002633F7C3D10>: Failed to resolve 't.me' ([Errno 11001] getaddrinfo failed)"))
HTTPSConnectionPool(host='t.me', port=443): Max retries exceeded with url: /amtmedyaduyuru/2?embed=1&mode=tme (Caused by NameResolutionError("<urllib3.connection.HTTPSConnection object at 0x000002633FFC7850>: Failed to resolve 't.me' ([Errno 11001] getaddrinfo failed)"))
HTTPSConnectionPool(host='t.me', port=443): Max retries exceeded with url: /amtmedyaduyuru/2?embed=1&mode=tme (Caused by NameResolutionError("<urllib3.connection.HTTPSConnection object at 0x0000026340912450>: Failed to resolve 't.me' ([Errno 11001] getaddrinfo failed)"))
HTTPSConnectionPool(host='t.me', port=443): Max retries exceeded with url: /amtmedyaduyuru/2?embed=1&mode=tme (Caused by NameResolutionError("<urllib3.connection.HTTPSConnection object at 0x000002633BB12610>: Failed to resolve 't.me' ([Errno 11001] getaddrinfo failed)"))
HTTPSConnectionPool(host='t.me', port=443): Max retries exceeded with url: /amtmedyaduyuru/2?embed=1&mode=tme (Caused by NameResolutionError("<urllib3.connection.HTTPSConnection object at 0x000002633FFF86D0>: Failed to resolve 't.me' ([Errno 11001] getaddrinfo failed)"))
HTTPSConnectionPool(host='t.me', port=443): Max retries exceeded with url: /amtmedyaduyuru/2?embed=1&mode=tme (Caused by NameResolutionError("<urllib3.connection.HTTPSConnection object at 0x00000263406A5090>: Failed to resolve 't.me' ([Errno 11001] getaddrinfo failed)"))
HTTPSConnectionPool(host='t.me', port=443): Max retries exceeded with url: /amtmedyaduyuru/2?embed=1&mode=tme (Caused by NameResolutionError("<urllib3.connection.HTTPSConnection object at 0x0000026340A8EED0>: Failed to resolve 't.me' ([Errno 11001] getaddrinfo failed)"))
HTTPSConnectionPool(host='t.me', port=443): Max retries exceeded with url: /amtmedyaduyuru/2?embed=1&mode=tme (Caused by NameResolutionError("<urllib3.connection.HTTPSConnection object at 0x000002633FC2BCD0>: Failed to resolve 't.me' ([Errno 11001] getaddrinfo failed)"))
HTTPSConnectionPool(host='t.me', port=443): Max retries exceeded with url: /amtmedyaduyuru/2?embed=1&mode=tme (Caused by NameResolutionError("<urllib3.connection.HTTPSConnection object at 0x0000026340EFBB50>: Failed to resolve 't.me' ([Errno 11001] getaddrinfo failed)"))
HTTPSConnectionPool(host='t.me', port=443): Max retries exceeded with url: /amtmedyaduyuru/2?embed=1&mode=tme (Caused by NameResolutionError("<urllib3.connection.HTTPSConnection object at 0x000002633FEEDE50>: Failed to resolve 't.me' ([Errno 11001] getaddrinfo failed)"))
HTTPSConnectionPool(host='t.me', port=443): Max retries exceeded with url: /amtmedyaduyuru/2?embed=1&mode=tme (Caused by NameResolutionError("<urllib3.connection.HTTPSConnection object at 0x000002634082F190>: Failed to resolve 't.me' ([Errno 11001] getaddrinfo failed)"))
HTTPSConnectionPool(host='t.me', port=443): Max retries exceeded with url: /amtmedyaduyuru/2?embed=1&mode=tme (Caused by NameResolutionError("<urllib3.connection.HTTPSConnection object at 0x0000026340825610>: Failed to resolve 't.me' ([Errno 11001] getaddrinfo failed)"))
HTTPSConnectionPool(host='t.me', port=443): Max retries exceeded with url: /amtmedyaduyuru/2?embed=1&mode=tme (Caused by NameResolutionError("<urllib3.connection.HTTPSConnection object at 0x000002633FB3B390>: Failed to resolve 't.me' ([Errno 11001] getaddrinfo failed)"))
HTTPSConnectionPool(host='t.me', port=443): Max retries exceeded with url: /amtmedyaduyuru/2?embed=1&mode=tme (Caused by NameResolutionError("<urllib3.connection.HTTPSConnection object at 0x000002633F7C0150>: Failed to resolve 't.me' ([Errno 11001] getaddrinfo failed)"))
HTTPSConnectionPool(host='t.me', port=443): Max retries exceeded with url: /amtmedyaduyuru/2?embed=1&mode=tme (Caused by NameResolutionError("<urllib3.connection.HTTPSConnection object at 0x000002634023D590>: Failed to resolve 't.me' ([Errno 11001] getaddrinfo failed)"))
HTTPSConnectionPool(host='t.me', port=443): Max retries exceeded with url: /amtmedyaduyuru/2?embed=1&mode=tme (Caused by NameResolutionError("<urllib3.connection.HTTPSConnection object at 0x0000026331496CD0>: Failed to resolve 't.me' ([Errno 11001] getaddrinfo failed)"))
HTTPSConnectionPool(host='t.me', port=443): Max retries exceeded with url: /amtmedyaduyuru/2?embed=1&mode=tme (Caused by NameResolutionError("<urllib3.connection.HTTPSConnection object at 0x000002633FA63410>: Failed to resolve 't.me' ([Errno 11001] getaddrinfo failed)"))
HTTPSConnectionPool(host='t.me', port=443): Max retries exceeded with url: /amtmedyaduyuru/2?embed=1&mode=tme (Caused by NameResolutionError("<urllib3.connection.HTTPSConnection object at 0x0000026340CD5DD0>: Failed to resolve 't.me' ([Errno 11001] getaddrinfo failed)"))
HTTPSConnectionPool(host='t.me', port=443): Max retries exceeded with url: /amtmedyaduyuru/2?embed=1&mode=tme (Caused by NameResolutionError("<urllib3.connection.HTTPSConnection object at 0x0000026340F52250>: Failed to resolve 't.me' ([Errno 11001] getaddrinfo failed)"))
HTTPSConnectionPool(host='t.me', port=443): Max retries exceeded with url: /amtmedyaduyuru/2?embed=1&mode=tme (Caused by NameResolutionError("<urllib3.connection.HTTPSConnection object at 0x0000026340D04410>: Failed to resolve 't.me' ([Errno 11001] getaddrinfo failed)"))
HTTPSConnectionPool(host='t.me', port=443): Max retries exceeded with url: /amtmedyaduyuru/2?embed=1&mode=tme (Caused by NameResolutionError("<urllib3.connection.HTTPSConnection object at 0x000002633FEF0110>: Failed to resolve 't.me' ([Errno 11001] getaddrinfo failed)"))
HTTPSConnectionPool(host='t.me', port=443): Max retries exceeded with url: /amtmedyaduyuru/2?embed=1&mode=tme (Caused by NameResolutionError("<urllib3.connection.HTTPSConnection object at 0x00000263410AF790>: Failed to resolve 't.me' ([Errno 11001] getaddrinfo failed)"))
HTTPSConnectionPool(host='t.me', port=443): Max retries exceeded with url: /amtmedyaduyuru/2?embed=1&mode=tme (Caused by NameResolutionError("<urllib3.connection.HTTPSConnection object at 0x0000026340E37810>: Failed to resolve 't.me' ([Errno 11001] getaddrinfo failed)"))
HTTPSConnectionPool(host='t.me', port=443): Max retries exceeded with url: /amtmedyaduyuru/2?embed=1&mode=tme (Caused by NameResolutionError("<urllib3.connection.HTTPSConnection object at 0x000002633FBBD610>: Failed to resolve 't.me' ([Errno 11001] getaddrinfo failed)"))
HTTPSConnectionPool(host='t.me', port=443): Max retries exceeded with url: /amtmedyaduyuru/2?embed=1&mode=tme (Caused by NameResolutionError("<urllib3.connection.HTTPSConnection object at 0x000002633FE9AC90>: Failed to resolve 't.me' ([Errno 11001] getaddrinfo failed)"))
HTTPSConnectionPool(host='t.me', port=443): Max retries exceeded with url: /amtmedyaduyuru/2?embed=1&mode=tme (Caused by NameResolutionError("<urllib3.connection.HTTPSConnection object at 0x0000026340912450>: Failed to resolve 't.me' ([Errno 11001] getaddrinfo failed)"))
HTTPSConnectionPool(host='t.me', port=443): Max retries exceeded with url: /amtmedyaduyuru/2?embed=1&mode=tme (Caused by NameResolutionError("<urllib3.connection.HTTPSConnection object at 0x00000263406C40D0>: Failed to resolve 't.me' ([Errno 11001] getaddrinfo failed)"))
HTTPSConnectionPool(host='t.me', port=443): Max retries exceeded with url: /amtmedyaduyuru/2?embed=1&mode=tme (Caused by NameResolutionError("<urllib3.connection.HTTPSConnection object at 0x0000026340909750>: Failed to resolve 't.me' ([Errno 11001] getaddrinfo failed)"))
HTTPSConnectionPool(host='t.me', port=443): Max retries exceeded with url: /amtmedyaduyuru/2?embed=1&mode=tme (Caused by NameResolutionError("<urllib3.connection.HTTPSConnection object at 0x000002634072F750>: Failed to resolve 't.me' ([Errno 11001] getaddrinfo failed)"))
HTTPSConnectionPool(host='t.me', port=443): Max retries exceeded with url: /amtmedyaduyuru/2?embed=1&mode=tme (Caused by NameResolutionError("<urllib3.connection.HTTPSConnection object at 0x0000026340C9CDD0>: Failed to resolve 't.me' ([Errno 11001] getaddrinfo failed)"))
HTTPSConnectionPool(host='t.me', port=443): Max retries exceeded with url: /amtmedyaduyuru/2?embed=1&mode=tme (Caused by NameResolutionError("<urllib3.connection.HTTPSConnection object at 0x00000263410AFB90>: Failed to resolve 't.me' ([Errno 11001] getaddrinfo failed)"))
HTTPSConnectionPool(host='t.me', port=443): Max retries exceeded with url: /amtmedyaduyuru/2?embed=1&mode=tme (Caused by NameResolutionError("<urllib3.connection.HTTPSConnection object at 0x00000263409EFDD0>: Failed to resolve 't.me' ([Errno 11001] getaddrinfo failed)"))
HTTPSConnectionPool(host='t.me', port=443): Max retries exceeded with url: /amtmedyaduyuru/2?embed=1&mode=tme (Caused by NameResolutionError("<urllib3.connection.HTTPSConnection object at 0x0000026338CAA8D0>: Failed to resolve 't.me' ([Errno 11001] getaddrinfo failed)"))
HTTPSConnectionPool(host='t.me', port=443): Max retries exceeded with url: /amtmedyaduyuru/2?embed=1&mode=tme (Caused by NameResolutionError("<urllib3.connection.HTTPSConnection object at 0x000002633E1CDBD0>: Failed to resolve 't.me' ([Errno 11001] getaddrinfo failed)"))
HTTPSConnectionPool(host='t.me', port=443): Max retries exceeded with url: /amtmedyaduyuru/2?embed=1&mode=tme (Caused by NameResolutionError("<urllib3.connection.HTTPSConnection object at 0x00000263401D1810>: Failed to resolve 't.me' ([Errno 11001] getaddrinfo failed)"))
HTTPSConnectionPool(host='t.me', port=443): Max retries exceeded with url: /amtmedyaduyuru/2?embed=1&mode=tme (Caused by NameResolutionError("<urllib3.connection.HTTPSConnection object at 0x000002633FC94F90>: Failed to resolve 't.me' ([Errno 11001] getaddrinfo failed)"))
HTTPSConnectionPool(host='t.me', port=443): Max retries exceeded with url: /amtmedyaduyuru/2?embed=1&mode=tme (Caused by NameResolutionError("<urllib3.connection.HTTPSConnection object at 0x0000026340566490>: Failed to resolve 't.me' ([Errno 11001] getaddrinfo failed)"))
HTTPSConnectionPool(host='t.me', port=443): Max retries exceeded with url: /amtmedyaduyuru/2?embed=1&mode=tme (Caused by NameResolutionError("<urllib3.connection.HTTPSConnection object at 0x0000026340380650>: Failed to resolve 't.me' ([Errno 11001] getaddrinfo failed)"))
HTTPSConnectionPool(host='t.me', port=443): Max retries exceeded with url: /amtmedyaduyuru/2?embed=1&mode=tme (Caused by NameResolutionError("<urllib3.connection.HTTPSConnection object at 0x0000026340E0A810>: Failed to resolve 't.me' ([Errno 11001] getaddrinfo failed)"))
HTTPSConnectionPool(host='t.me', port=443): Max retries exceeded with url: /amtmedyaduyuru/2?embed=1&mode=tme (Caused by NameResolutionError("<urllib3.connection.HTTPSConnection object at 0x000002633FB3BD10>: Failed to resolve 't.me' ([Errno 11001] getaddrinfo failed)"))
HTTPSConnectionPool(host='t.me', port=443): Max retries exceeded with url: /amtmedyaduyuru/2?embed=1&mode=tme (Caused by NameResolutionError("<urllib3.connection.HTTPSConnection object at 0x000002634023C190>: Failed to resolve 't.me' ([Errno 11001] getaddrinfo failed)"))
HTTPSConnectionPool(host='t.me', port=443): Max retries exceeded with url: /amtmedyaduyuru/2?embed=1&mode=tme (Caused by NameResolutionError("<urllib3.connection.HTTPSConnection object at 0x000002633657F0D0>: Failed to resolve 't.me' ([Errno 11001] getaddrinfo failed)"))
HTTPSConnectionPool(host='t.me', port=443): Max retries exceeded with url: /amtmedyaduyuru/2?embed=1&mode=tme (Caused by NameResolutionError("<urllib3.connection.HTTPSConnection object at 0x000002633C30B5D0>: Failed to resolve 't.me' ([Errno 11001] getaddrinfo failed)"))
HTTPSConnectionPool(host='t.me', port=443): Max retries exceeded with url: /amtmedyaduyuru/2?embed=1&mode=tme (Caused by NameResolutionError("<urllib3.connection.HTTPSConnection object at 0x0000026340825610>: Failed to resolve 't.me' ([Errno 11001] getaddrinfo failed)"))
HTTPSConnectionPool(host='t.me', port=443): Max retries exceeded with url: /amtmedyaduyuru/2?embed=1&mode=tme (Caused by NameResolutionError("<urllib3.connection.HTTPSConnection object at 0x0000026340CD51D0>: Failed to resolve 't.me' ([Errno 11001] getaddrinfo failed)"))
HTTPSConnectionPool(host='t.me', port=443): Max retries exceeded with url: /amtmedyaduyuru/2?embed=1&mode=tme (Caused by NameResolutionError("<urllib3.connection.HTTPSConnection object at 0x0000026340CD5910>: Failed to resolve 't.me' ([Errno 11001] getaddrinfo failed)"))
HTTPSConnectionPool(host='t.me', port=443): Max retries exceeded with url: /amtmedyaduyuru/2?embed=1&mode=tme (Caused by NameResolutionError("<urllib3.connection.HTTPSConnection object at 0x000002633FFA0190>: Failed to resolve 't.me' ([Errno 11001] getaddrinfo failed)"))
HTTPSConnectionPool(host='t.me', port=443): Max retries exceeded with url: /amtmedyaduyuru/2?embed=1&mode=tme (Caused by NameResolutionError("<urllib3.connection.HTTPSConnection object at 0x000002633E271190>: Failed to resolve 't.me' ([Errno 11001] getaddrinfo failed)"))
HTTPSConnectionPool(host='t.me', port=443): Max retries exceeded with url: /amtmedyaduyuru/2?embed=1&mode=tme (Caused by NameResolutionError("<urllib3.connection.HTTPSConnection object at 0x000002633665CBD0>: Failed to resolve 't.me' ([Errno 11001] getaddrinfo failed)"))
HTTPSConnectionPool(host='t.me', port=443): Max retries exceeded with url: /amtmedyaduyuru/2?embed=1&mode=tme (Caused by NameResolutionError("<urllib3.connection.HTTPSConnection object at 0x0000026340E37AD0>: Failed to resolve 't.me' ([Errno 11001] getaddrinfo failed)"))
HTTPSConnectionPool(host='t.me', port=443): Max retries exceeded with url: /amtmedyaduyuru/2?embed=1&mode=tme (Caused by NameResolutionError("<urllib3.connection.HTTPSConnection object at 0x000002633B76A250>: Failed to resolve 't.me' ([Errno 11001] getaddrinfo failed)"))
HTTPSConnectionPool(host='t.me', port=443): Max retries exceeded with url: /amtmedyaduyuru/2?embed=1&mode=tme (Caused by NameResolutionError("<urllib3.connection.HTTPSConnection object at 0x000002633FEAD310>: Failed to resolve 't.me' ([Errno 11001] getaddrinfo failed)"))
HTTPSConnectionPool(host='t.me', port=443): Max retries exceeded with url: /amtmedyaduyuru/2?embed=1&mode=tme (Caused by NameResolutionError("<urllib3.connection.HTTPSConnection object at 0x0000026340700C90>: Failed to resolve 't.me' ([Errno 11001] getaddrinfo failed)"))
HTTPSConnectionPool(host='t.me', port=443): Max retries exceeded with url: /amtmedyaduyuru/2?embed=1&mode=tme (Caused by NameResolutionError("<urllib3.connection.HTTPSConnection object at 0x0000026340E34C90>: Failed to resolve 't.me' ([Errno 11001] getaddrinfo failed)"))
HTTPSConnectionPool(host='t.me', port=443): Max retries exceeded with url: /amtmedyaduyuru/2?embed=1&mode=tme (Caused by NameResolutionError("<urllib3.connection.HTTPSConnection object at 0x0000026340CD7AD0>: Failed to resolve 't.me' ([Errno 11001] getaddrinfo failed)"))
HTTPSConnectionPool(host='t.me', port=443): Max retries exceeded with url: /amtmedyaduyuru/2?embed=1&mode=tme (Caused by NameResolutionError("<urllib3.connection.HTTPSConnection object at 0x000002633FCA80D0>: Failed to resolve 't.me' ([Errno 11001] getaddrinfo failed)"))
HTTPSConnectionPool(host='t.me', port=443): Max retries exceeded with url: /amtmedyaduyuru/2?embed=1&mode=tme (Caused by NameResolutionError("<urllib3.connection.HTTPSConnection object at 0x0000026340F2C610>: Failed to resolve 't.me' ([Errno 11001] getaddrinfo failed)"))
HTTPSConnectionPool(host='t.me', port=443): Max retries exceeded with url: /amtmedyaduyuru/2?embed=1&mode=tme (Caused by NameResolutionError("<urllib3.connection.HTTPSConnection object at 0x0000026338B77850>: Failed to resolve 't.me' ([Errno 11001] getaddrinfo failed)"))
HTTPSConnectionPool(host='t.me', port=443): Max retries exceeded with url: /amtmedyaduyuru/2?embed=1&mode=tme (Caused by NameResolutionError("<urllib3.connection.HTTPSConnection object at 0x00000263410C1710>: Failed to resolve 't.me' ([Errno 11001] getaddrinfo failed)"))
HTTPSConnectionPool(host='t.me', port=443): Max retries exceeded with url: /amtmedyaduyuru/2?embed=1&mode=tme (Caused by NameResolutionError("<urllib3.connection.HTTPSConnection object at 0x0000026340E22A90>: Failed to resolve 't.me' ([Errno 11001] getaddrinfo failed)"))
HTTPSConnectionPool(host='t.me', port=443): Max retries exceeded with url: /amtmedyaduyuru/2?embed=1&mode=tme (Caused by NameResolutionError("<urllib3.connection.HTTPSConnection object at 0x0000026340B8BB90>: Failed to resolve 't.me' ([Errno 11001] getaddrinfo failed)"))
HTTPSConnectionPool(host='t.me', port=443): Max retries exceeded with url: /amtmedyaduyuru/2?embed=1&mode=tme (Caused by NameResolutionError("<urllib3.connection.HTTPSConnection object at 0x0000026340F3DE90>: Failed to resolve 't.me' ([Errno 11001] getaddrinfo failed)"))
HTTPSConnectionPool(host='t.me', port=443): Max retries exceeded with url: /amtmedyaduyuru/2?embed=1&mode=tme (Caused by NameResolutionError("<urllib3.connection.HTTPSConnection object at 0x0000026340E22B90>: Failed to resolve 't.me' ([Errno 11001] getaddrinfo failed)"))
HTTPSConnectionPool(host='t.me', port=443): Max retries exceeded with url: /amtmedyaduyuru/2?embed=1&mode=tme (Caused by NameResolutionError("<urllib3.connection.HTTPSConnection object at 0x0000026340E0BF90>: Failed to resolve 't.me' ([Errno 11001] getaddrinfo failed)"))
HTTPSConnectionPool(host='t.me', port=443): Max retries exceeded with url: /amtmedyaduyuru/2?embed=1&mode=tme (Caused by NameResolutionError("<urllib3.connection.HTTPSConnection object at 0x000002633F781E90>: Failed to resolve 't.me' ([Errno 11001] getaddrinfo failed)"))
HTTPSConnectionPool(host='t.me', port=443): Max retries exceeded with url: /amtmedyaduyuru/2?embed=1&mode=tme (Caused by NameResolutionError("<urllib3.connection.HTTPSConnection object at 0x00000263410C0CD0>: Failed to resolve 't.me' ([Errno 11001] getaddrinfo failed)"))
HTTPSConnectionPool(host='t.me', port=443): Max retries exceeded with url: /amtmedyaduyuru/2?embed=1&mode=tme (Caused by NameResolutionError("<urllib3.connection.HTTPSConnection object at 0x00000263402AF6D0>: Failed to resolve 't.me' ([Errno 11001] getaddrinfo failed)"))
HTTPSConnectionPool(host='t.me', port=443): Max retries exceeded with url: /amtmedyaduyuru/2?embed=1&mode=tme (Caused by NameResolutionError("<urllib3.connection.HTTPSConnection object at 0x00000263406A5090>: Failed to resolve 't.me' ([Errno 11001] getaddrinfo failed)"))
HTTPSConnectionPool(host='t.me', port=443): Max retries exceeded with url: /amtmedyaduyuru/2?embed=1&mode=tme (Caused by NameResolutionError("<urllib3.connection.HTTPSConnection object at 0x00000263404AD250>: Failed to resolve 't.me' ([Errno 11001] getaddrinfo failed)"))
HTTPSConnectionPool(host='t.me', port=443): Max retries exceeded with url: /amtmedyaduyuru/2?embed=1&mode=tme (Caused by NameResolutionError("<urllib3.connection.HTTPSConnection object at 0x00000263410C0B50>: Failed to resolve 't.me' ([Errno 11001] getaddrinfo failed)"))
HTTPSConnectionPool(host='t.me', port=443): Max retries exceeded with url: /amtmedyaduyuru/2?embed=1&mode=tme (Caused by NameResolutionError("<urllib3.connection.HTTPSConnection object at 0x000002633E159910>: Failed to resolve 't.me' ([Errno 11001] getaddrinfo failed)"))
HTTPSConnectionPool(host='t.me', port=443): Max retries exceeded with url: /amtmedyaduyuru/2?embed=1&mode=tme (Caused by NameResolutionError("<urllib3.connection.HTTPSConnection object at 0x0000026340E35090>: Failed to resolve 't.me' ([Errno 11001] getaddrinfo failed)"))
HTTPSConnectionPool(host='t.me', port=443): Max retries exceeded with url: /amtmedyaduyuru/2?embed=1&mode=tme (Caused by NameResolutionError("<urllib3.connection.HTTPSConnection object at 0x0000026340C52D90>: Failed to resolve 't.me' ([Errno 11001] getaddrinfo failed)"))
HTTPSConnectionPool(host='t.me', port=443): Max retries exceeded with url: /amtmedyaduyuru/2?embed=1&mode=tme (Caused by NameResolutionError("<urllib3.connection.HTTPSConnection object at 0x00000263410C8650>: Failed to resolve 't.me' ([Errno 11001] getaddrinfo failed)"))
HTTPSConnectionPool(host='t.me', port=443): Max retries exceeded with url: /amtmedyaduyuru/2?embed=1&mode=tme (Caused by NameResolutionError("<urllib3.connection.HTTPSConnection object at 0x0000026340452F90>: Failed to resolve 't.me' ([Errno 11001] getaddrinfo failed)"))
HTTPSConnectionPool(host='t.me', port=443): Max retries exceeded with url: /amtmedyaduyuru/2?embed=1&mode=tme (Caused by NameResolutionError("<urllib3.connection.HTTPSConnection object at 0x0000026340E0BE50>: Failed to resolve 't.me' ([Errno 11001] getaddrinfo failed)"))
HTTPSConnectionPool(host='t.me', port=443): Max retries exceeded with url: /amtmedyaduyuru/2?embed=1&mode=tme (Caused by NameResolutionError("<urllib3.connection.HTTPSConnection object at 0x000002633FCD0110>: Failed to resolve 't.me' ([Errno 11001] getaddrinfo failed)"))
HTTPSConnectionPool(host='t.me', port=443): Max retries exceeded with url: /amtmedyaduyuru/2?embed=1&mode=tme (Caused by NameResolutionError("<urllib3.connection.HTTPSConnection object at 0x0000026340666350>: Failed to resolve 't.me' ([Errno 11001] getaddrinfo failed)"))
HTTPSConnectionPool(host='t.me', port=443): Max retries exceeded with url: /amtmedyaduyuru/2?embed=1&mode=tme (Caused by NameResolutionError("<urllib3.connection.HTTPSConnection object at 0x0000026340CD7F50>: Failed to resolve 't.me' ([Errno 11001] getaddrinfo failed)"))
HTTPSConnectionPool(host='t.me', port=443): Max retries exceeded with url: /amtmedyaduyuru/2?embed=1&mode=tme (Caused by NameResolutionError("<urllib3.connection.HTTPSConnection object at 0x000002633E31CF90>: Failed to resolve 't.me' ([Errno 11001] getaddrinfo failed)"))
HTTPSConnectionPool(host='t.me', port=443): Max retries exceeded with url: /amtmedyaduyuru/2?embed=1&mode=tme (Caused by NameResolutionError("<urllib3.connection.HTTPSConnection object at 0x00000263408C40D0>: Failed to resolve 't.me' ([Errno 11001] getaddrinfo failed)"))
HTTPSConnectionPool(host='t.me', port=443): Max retries exceeded with url: /amtmedyaduyuru/2?embed=1&mode=tme (Caused by NameResolutionError("<urllib3.connection.HTTPSConnection object at 0x0000026340F3FBD0>: Failed to resolve 't.me' ([Errno 11001] getaddrinfo failed)"))
HTTPSConnectionPool(host='t.me', port=443): Max retries exceeded with url: /amtmedyaduyuru/2?embed=1&mode=tme (Caused by NameResolutionError("<urllib3.connection.HTTPSConnection object at 0x0000026340BBC450>: Failed to resolve 't.me' ([Errno 11001] getaddrinfo failed)"))
HTTPSConnectionPool(host='t.me', port=443): Max retries exceeded with url: /amtmedyaduyuru/2?embed=1&mode=tme (Caused by NameResolutionError("<urllib3.connection.HTTPSConnection object at 0x000002633AEE1810>: Failed to resolve 't.me' ([Errno 11001] getaddrinfo failed)"))
HTTPSConnectionPool(host='t.me', port=443): Max retries exceeded with url: /amtmedyaduyuru/2?embed=1&mode=tme (Caused by NameResolutionError("<urllib3.connection.HTTPSConnection object at 0x000002634012A550>: Failed to resolve 't.me' ([Errno 11001] getaddrinfo failed)"))
HTTPSConnectionPool(host='t.me', port=443): Max retries exceeded with url: /amtmedyaduyuru/2?embed=1&mode=tme (Caused by NameResolutionError("<urllib3.connection.HTTPSConnection object at 0x00000263410C3650>: Failed to resolve 't.me' ([Errno 11001] getaddrinfo failed)"))
HTTPSConnectionPool(host='t.me', port=443): Max retries exceeded with url: /amtmedyaduyuru/2?embed=1&mode=tme (Caused by NameResolutionError("<urllib3.connection.HTTPSConnection object at 0x0000026340361190>: Failed to resolve 't.me' ([Errno 11001] getaddrinfo failed)"))
HTTPSConnectionPool(host='t.me', port=443): Max retries exceeded with url: /amtmedyaduyuru/2?embed=1&mode=tme (Caused by NameResolutionError("<urllib3.connection.HTTPSConnection object at 0x00000263410C2910>: Failed to resolve 't.me' ([Errno 11001] getaddrinfo failed)"))
HTTPSConnectionPool(host='t.me', port=443): Max retries exceeded with url: /amtmedyaduyuru/2?embed=1&mode=tme (Caused by NameResolutionError("<urllib3.connection.HTTPSConnection object at 0x0000026340B21F10>: Failed to resolve 't.me' ([Errno 11001] getaddrinfo failed)"))
HTTPSConnectionPool(host='t.me', port=443): Max retries exceeded with url: /amtmedyaduyuru/2?embed=1&mode=tme (Caused by NameResolutionError("<urllib3.connection.HTTPSConnection object at 0x0000026340E378D0>: Failed to resolve 't.me' ([Errno 11001] getaddrinfo failed)"))
HTTPSConnectionPool(host='t.me', port=443): Max retries exceeded with url: /amtmedyaduyuru/2?embed=1&mode=tme (Caused by NameResolutionError("<urllib3.connection.HTTPSConnection object at 0x0000026340EF9290>: Failed to resolve 't.me' ([Errno 11001] getaddrinfo failed)"))
HTTPSConnectionPool(host='t.me', port=443): Max retries exceeded with url: /amtmedyaduyuru/2?embed=1&mode=tme (Caused by NameResolutionError("<urllib3.connection.HTTPSConnection object at 0x0000026340A8EED0>: Failed to resolve 't.me' ([Errno 11001] getaddrinfo failed)"))
HTTPSConnectionPool(host='t.me', port=443): Max retries exceeded with url: /amtmedyaduyuru/2?embed=1&mode=tme (Caused by NameResolutionError("<urllib3.connection.HTTPSConnection object at 0x0000026340E22950>: Failed to resolve 't.me' ([Errno 11001] getaddrinfo failed)"))
HTTPSConnectionPool(host='t.me', port=443): Max retries exceeded with url: /amtmedyaduyuru/2?embed=1&mode=tme (Caused by NameResolutionError("<urllib3.connection.HTTPSConnection object at 0x0000026340EFA0D0>: Failed to resolve 't.me' ([Errno 11001] getaddrinfo failed)"))
HTTPSConnectionPool(host='t.me', port=443): Max retries exceeded with url: /amtmedyaduyuru/2?embed=1&mode=tme (Caused by NameResolutionError("<urllib3.connection.HTTPSConnection object at 0x0000026340B2DD50>: Failed to resolve 't.me' ([Errno 11001] getaddrinfo failed)"))
HTTPSConnectionPool(host='t.me', port=443): Max retries exceeded with url: /amtmedyaduyuru/2?embed=1&mode=tme (Caused by NameResolutionError("<urllib3.connection.HTTPSConnection object at 0x0000026340E34490>: Failed to resolve 't.me' ([Errno 11001] getaddrinfo failed)"))
HTTPSConnectionPool(host='t.me', port=443): Max retries exceeded with url: /amtmedyaduyuru/2?embed=1&mode=tme (Caused by NameResolutionError("<urllib3.connection.HTTPSConnection object at 0x000002634023F790>: Failed to resolve 't.me' ([Errno 11001] getaddrinfo failed)"))
HTTPSConnectionPool(host='t.me', port=443): Max retries exceeded with url: /amtmedyaduyuru/2?embed=1&mode=tme (Caused by NameResolutionError("<urllib3.connection.HTTPSConnection object at 0x000002633E293BD0>: Failed to resolve 't.me' ([Errno 11001] getaddrinfo failed)"))
HTTPSConnectionPool(host='t.me', port=443): Max retries exceeded with url: /amtmedyaduyuru/2?embed=1&mode=tme (Caused by NameResolutionError("<urllib3.connection.HTTPSConnection object at 0x0000026340F2C390>: Failed to resolve 't.me' ([Errno 11001] getaddrinfo failed)"))
HTTPSConnectionPool(host='t.me', port=443): Max retries exceeded with url: /amtmedyaduyuru/2?embed=1&mode=tme (Caused by NameResolutionError("<urllib3.connection.HTTPSConnection object at 0x0000026340677390>: Failed to resolve 't.me' ([Errno 11001] getaddrinfo failed)"))
HTTPSConnectionPool(host='t.me', port=443): Max retries exceeded with url: /amtmedyaduyuru/2?embed=1&mode=tme (Caused by NameResolutionError("<urllib3.connection.HTTPSConnection object at 0x0000026340B70A50>: Failed to resolve 't.me' ([Errno 11001] getaddrinfo failed)"))
HTTPSConnectionPool(host='t.me', port=443): Max retries exceeded with url: /amtmedyaduyuru/2?embed=1&mode=tme (Caused by NameResolutionError("<urllib3.connection.HTTPSConnection object at 0x0000026340E23F90>: Failed to resolve 't.me' ([Errno 11001] getaddrinfo failed)"))
HTTPSConnectionPool(host='t.me', port=443): Max retries exceeded with url: /amtmedyaduyuru/2?embed=1&mode=tme (Caused by NameResolutionError("<urllib3.connection.HTTPSConnection object at 0x0000026340E20810>: Failed to resolve 't.me' ([Errno 11001] getaddrinfo failed)"))
HTTPSConnectionPool(host='t.me', port=443): Max retries exceeded with url: /amtmedyaduyuru/2?embed=1&mode=tme (Caused by NameResolutionError("<urllib3.connection.HTTPSConnection object at 0x000002633FE82810>: Failed to resolve 't.me' ([Errno 11001] getaddrinfo failed)"))
HTTPSConnectionPool(host='t.me', port=443): Max retries exceeded with url: /amtmedyaduyuru/2?embed=1&mode=tme (Caused by NameResolutionError("<urllib3.connection.HTTPSConnection object at 0x0000026340C94990>: Failed to resolve 't.me' ([Errno 11001] getaddrinfo failed)"))
HTTPSConnectionPool(host='t.me', port=443): Max retries exceeded with url: /amtmedyaduyuru/2?embed=1&mode=tme (Caused by NameResolutionError("<urllib3.connection.HTTPSConnection object at 0x0000026340F53E90>: Failed to resolve 't.me' ([Errno 11001] getaddrinfo failed)"))
HTTPSConnectionPool(host='t.me', port=443): Max retries exceeded with url: /amtmedyaduyuru/2?embed=1&mode=tme (Caused by NameResolutionError("<urllib3.connection.HTTPSConnection object at 0x00000263409B4D10>: Failed to resolve 't.me' ([Errno 11001] getaddrinfo failed)"))
HTTPSConnectionPool(host='t.me', port=443): Max retries exceeded with url: /amtmedyaduyuru/2?embed=1&mode=tme (Caused by NameResolutionError("<urllib3.connection.HTTPSConnection object at 0x0000026340444ED0>: Failed to resolve 't.me' ([Errno 11001] getaddrinfo failed)"))
HTTPSConnectionPool(host='t.me', port=443): Max retries exceeded with url: /amtmedyaduyuru/2?embed=1&mode=tme (Caused by NameResolutionError("<urllib3.connection.HTTPSConnection object at 0x00000263401783D0>: Failed to resolve 't.me' ([Errno 11001] getaddrinfo failed)"))
HTTPSConnectionPool(host='t.me', port=443): Max retries exceeded with url: /amtmedyaduyuru/2?embed=1&mode=tme (Caused by NameResolutionError("<urllib3.connection.HTTPSConnection object at 0x0000026340F52590>: Failed to resolve 't.me' ([Errno 11001] getaddrinfo failed)"))
HTTPSConnectionPool(host='t.me', port=443): Max retries exceeded with url: /amtmedyaduyuru/2?embed=1&mode=tme (Caused by NameResolutionError("<urllib3.connection.HTTPSConnection object at 0x000002633FC81E10>: Failed to resolve 't.me' ([Errno 11001] getaddrinfo failed)"))
HTTPSConnectionPool(host='t.me', port=443): Max retries exceeded with url: /amtmedyaduyuru/2?embed=1&mode=tme (Caused by NameResolutionError("<urllib3.connection.HTTPSConnection object at 0x0000026340E37790>: Failed to resolve 't.me' ([Errno 11001] getaddrinfo failed)"))
HTTPSConnectionPool(host='t.me', port=443): Max retries exceeded with url: /amtmedyaduyuru/2?embed=1&mode=tme (Caused by NameResolutionError("<urllib3.connection.HTTPSConnection object at 0x00000263410C9C90>: Failed to resolve 't.me' ([Errno 11001] getaddrinfo failed)"))
HTTPSConnectionPool(host='t.me', port=443): Max retries exceeded with url: /amtmedyaduyuru/2?embed=1&mode=tme (Caused by NameResolutionError("<urllib3.connection.HTTPSConnection object at 0x0000026340E37F50>: Failed to resolve 't.me' ([Errno 11001] getaddrinfo failed)"))
HTTPSConnectionPool(host='t.me', port=443): Max retries exceeded with url: /amtmedyaduyuru/2?embed=1&mode=tme (Caused by NameResolutionError("<urllib3.connection.HTTPSConnection object at 0x000002634050C050>: Failed to resolve 't.me' ([Errno 11001] getaddrinfo failed)"))
HTTPSConnectionPool(host='t.me', port=443): Max retries exceeded with url: /amtmedyaduyuru/2?embed=1&mode=tme (Caused by NameResolutionError("<urllib3.connection.HTTPSConnection object at 0x0000026340E23E10>: Failed to resolve 't.me' ([Errno 11001] getaddrinfo failed)"))
HTTPSConnectionPool(host='t.me', port=443): Max retries exceeded with url: /amtmedyaduyuru/2?embed=1&mode=tme (Caused by NameResolutionError("<urllib3.connection.HTTPSConnection object at 0x000002634106CB50>: Failed to resolve 't.me' ([Errno 11001] getaddrinfo failed)"))
HTTPSConnectionPool(host='t.me', port=443): Max retries exceeded with url: /amtmedyaduyuru/2?embed=1&mode=tme (Caused by NameResolutionError("<urllib3.connection.HTTPSConnection object at 0x0000026340F50350>: Failed to resolve 't.me' ([Errno 11001] getaddrinfo failed)"))
HTTPSConnectionPool(host='t.me', port=443): Max retries exceeded with url: /amtmedyaduyuru/2?embed=1&mode=tme (Caused by NameResolutionError("<urllib3.connection.HTTPSConnection object at 0x000002633E3584D0>: Failed to resolve 't.me' ([Errno 11001] getaddrinfo failed)"))
HTTPSConnectionPool(host='t.me', port=443): Max retries exceeded with url: /amtmedyaduyuru/2?embed=1&mode=tme (Caused by NameResolutionError("<urllib3.connection.HTTPSConnection object at 0x0000026340A8D510>: Failed to resolve 't.me' ([Errno 11001] getaddrinfo failed)"))
HTTPSConnectionPool(host='t.me', port=443): Max retries exceeded with url: /amtmedyaduyuru/2?embed=1&mode=tme (Caused by NameResolutionError("<urllib3.connection.HTTPSConnection object at 0x0000026340E209D0>: Failed to resolve 't.me' ([Errno 11001] getaddrinfo failed)"))
HTTPSConnectionPool(host='t.me', port=443): Max retries exceeded with url: /amtmedyaduyuru/2?embed=1&mode=tme (Caused by NameResolutionError("<urllib3.connection.HTTPSConnection object at 0x000002633C3F4ED0>: Failed to resolve 't.me' ([Errno 11001] getaddrinfo failed)"))
HTTPSConnectionPool(host='t.me', port=443): Max retries exceeded with url: /amtmedyaduyuru/2?embed=1&mode=tme (Caused by NameResolutionError("<urllib3.connection.HTTPSConnection object at 0x00000263410C32D0>: Failed to resolve 't.me' ([Errno 11001] getaddrinfo failed)"))
HTTPSConnectionPool(host='t.me', port=443): Max retries exceeded with url: /amtmedyaduyuru/2?embed=1&mode=tme (Caused by NameResolutionError("<urllib3.connection.HTTPSConnection object at 0x0000026340F52C50>: Failed to resolve 't.me' ([Errno 11001] getaddrinfo failed)"))
HTTPSConnectionPool(host='t.me', port=443): Max retries exceeded with url: /amtmedyaduyuru/2?embed=1&mode=tme (Caused by NameResolutionError("<urllib3.connection.HTTPSConnection object at 0x00000263410CA490>: Failed to resolve 't.me' ([Errno 11001] getaddrinfo failed)"))
HTTPSConnectionPool(host='t.me', port=443): Max retries exceeded with url: /amtmedyaduyuru/2?embed=1&mode=tme (Caused by NameResolutionError("<urllib3.connection.HTTPSConnection object at 0x0000026340567190>: Failed to resolve 't.me' ([Errno 11001] getaddrinfo failed)"))
HTTPSConnectionPool(host='t.me', port=443): Max retries exceeded with url: /amtmedyaduyuru/2?embed=1&mode=tme (Caused by NameResolutionError("<urllib3.connection.HTTPSConnection object at 0x000002633FEEFF50>: Failed to resolve 't.me' ([Errno 11001] getaddrinfo failed)"))
HTTPSConnectionPool(host='t.me', port=443): Max retries exceeded with url: /amtmedyaduyuru/2?embed=1&mode=tme (Caused by NameResolutionError("<urllib3.connection.HTTPSConnection object at 0x000002633C2E82D0>: Failed to resolve 't.me' ([Errno 11001] getaddrinfo failed)"))
HTTPSConnectionPool(host='t.me', port=443): Max retries exceeded with url: /amtmedyaduyuru/2?embed=1&mode=tme (Caused by NameResolutionError("<urllib3.connection.HTTPSConnection object at 0x0000026340EF98D0>: Failed to resolve 't.me' ([Errno 11001] getaddrinfo failed)"))
HTTPSConnectionPool(host='t.me', port=443): Max retries exceeded with url: /amtmedyaduyuru/2?embed=1&mode=tme (Caused by NameResolutionError("<urllib3.connection.HTTPSConnection object at 0x0000026340908250>: Failed to resolve 't.me' ([Errno 11001] getaddrinfo failed)"))
HTTPSConnectionPool(host='t.me', port=443): Max retries exceeded with url: /amtmedyaduyuru/2?embed=1&mode=tme (Caused by NameResolutionError("<urllib3.connection.HTTPSConnection object at 0x0000026340883410>: Failed to resolve 't.me' ([Errno 11001] getaddrinfo failed)"))
HTTPSConnectionPool(host='t.me', port=443): Max retries exceeded with url: /amtmedyaduyuru/2?embed=1&mode=tme (Caused by NameResolutionError("<urllib3.connection.HTTPSConnection object at 0x0000026340A8DA10>: Failed to resolve 't.me' ([Errno 11001] getaddrinfo failed)"))
HTTPSConnectionPool(host='t.me', port=443): Max retries exceeded with url: /amtmedyaduyuru/2?embed=1&mode=tme (Caused by NameResolutionError("<urllib3.connection.HTTPSConnection object at 0x0000026340379890>: Failed to resolve 't.me' ([Errno 11001] getaddrinfo failed)"))
HTTPSConnectionPool(host='t.me', port=443): Max retries exceeded with url: /amtmedyaduyuru/2?embed=1&mode=tme (Caused by NameResolutionError("<urllib3.connection.HTTPSConnection object at 0x0000026340874A90>: Failed to resolve 't.me' ([Errno 11001] getaddrinfo failed)"))
HTTPSConnectionPool(host='t.me', port=443): Max retries exceeded with url: /amtmedyaduyuru/2?embed=1&mode=tme (Caused by NameResolutionError("<urllib3.connection.HTTPSConnection object at 0x000002633E0293D0>: Failed to resolve 't.me' ([Errno 11001] getaddrinfo failed)"))
HTTPSConnectionPool(host='t.me', port=443): Max retries exceeded with url: /amtmedyaduyuru/2?embed=1&mode=tme (Caused by NameResolutionError("<urllib3.connection.HTTPSConnection object at 0x0000026340382950>: Failed to resolve 't.me' ([Errno 11001] getaddrinfo failed)"))
HTTPSConnectionPool(host='t.me', port=443): Max retries exceeded with url: /amtmedyaduyuru/2?embed=1&mode=tme (Caused by NameResolutionError("<urllib3.connection.HTTPSConnection object at 0x0000026340C967D0>: Failed to resolve 't.me' ([Errno 11001] getaddrinfo failed)"))
HTTPSConnectionPool(host='t.me', port=443): Max retries exceeded with url: /amtmedyaduyuru/2?embed=1&mode=tme (Caused by NameResolutionError("<urllib3.connection.HTTPSConnection object at 0x00000263402AC950>: Failed to resolve 't.me' ([Errno 11001] getaddrinfo failed)"))
HTTPSConnectionPool(host='t.me', port=443): Max retries exceeded with url: /amtmedyaduyuru/2?embed=1&mode=tme (Caused by NameResolutionError("<urllib3.connection.HTTPSConnection object at 0x0000026340E34650>: Failed to resolve 't.me' ([Errno 11001] getaddrinfo failed)"))
HTTPSConnectionPool(host='t.me', port=443): Max retries exceeded with url: /amtmedyaduyuru/2?embed=1&mode=tme (Caused by NameResolutionError("<urllib3.connection.HTTPSConnection object at 0x000002633B9BBD50>: Failed to resolve 't.me' ([Errno 11001] getaddrinfo failed)"))
HTTPSConnectionPool(host='t.me', port=443): Max retries exceeded with url: /amtmedyaduyuru/2?embed=1&mode=tme (Caused by NameResolutionError("<urllib3.connection.HTTPSConnection object at 0x0000026340935050>: Failed to resolve 't.me' ([Errno 11001] getaddrinfo failed)"))
HTTPSConnectionPool(host='t.me', port=443): Max retries exceeded with url: /amtmedyaduyuru/2?embed=1&mode=tme (Caused by NameResolutionError("<urllib3.connection.HTTPSConnection object at 0x000002633FDF4DD0>: Failed to resolve 't.me' ([Errno 11001] getaddrinfo failed)"))
HTTPSConnectionPool(host='t.me', port=443): Max retries exceeded with url: /amtmedyaduyuru/2?embed=1&mode=tme (Caused by NameResolutionError("<urllib3.connection.HTTPSConnection object at 0x000002634108DF10>: Failed to resolve 't.me' ([Errno 11001] getaddrinfo failed)"))
HTTPSConnectionPool(host='t.me', port=443): Max retries exceeded with url: /amtmedyaduyuru/2?embed=1&mode=tme (Caused by NameResolutionError("<urllib3.connection.HTTPSConnection object at 0x0000026340C94E10>: Failed to resolve 't.me' ([Errno 11001] getaddrinfo failed)"))
HTTPSConnectionPool(host='t.me', port=443): Max retries exceeded with url: /amtmedyaduyuru/2?embed=1&mode=tme (Caused by NameResolutionError("<urllib3.connection.HTTPSConnection object at 0x0000026340ACE610>: Failed to resolve 't.me' ([Errno 11001] getaddrinfo failed)"))
HTTPSConnectionPool(host='t.me', port=443): Max retries exceeded with url: /amtmedyaduyuru/2?embed=1&mode=tme (Caused by NameResolutionError("<urllib3.connection.HTTPSConnection object at 0x0000026340E37CD0>: Failed to resolve 't.me' ([Errno 11001] getaddrinfo failed)"))
HTTPSConnectionPool(host='t.me', port=443): Max retries exceeded with url: /amtmedyaduyuru/2?embed=1&mode=tme (Caused by NameResolutionError("<urllib3.connection.HTTPSConnection object at 0x000002633FC2A890>: Failed to resolve 't.me' ([Errno 11001] getaddrinfo failed)"))
HTTPSConnectionPool(host='t.me', port=443): Max retries exceeded with url: /amtmedyaduyuru/2?embed=1&mode=tme (Caused by NameResolutionError("<urllib3.connection.HTTPSConnection object at 0x00000263407E3B10>: Failed to resolve 't.me' ([Errno 11001] getaddrinfo failed)"))
HTTPSConnectionPool(host='t.me', port=443): Max retries exceeded with url: /amtmedyaduyuru/2?embed=1&mode=tme (Caused by NameResolutionError("<urllib3.connection.HTTPSConnection object at 0x00000263410AD150>: Failed to resolve 't.me' ([Errno 11001] getaddrinfo failed)"))
HTTPSConnectionPool(host='t.me', port=443): Max retries exceeded with url: /amtmedyaduyuru/2?embed=1&mode=tme (Caused by NameResolutionError("<urllib3.connection.HTTPSConnection object at 0x000002633FE80590>: Failed to resolve 't.me' ([Errno 11001] getaddrinfo failed)"))
HTTPSConnectionPool(host='t.me', port=443): Max retries exceeded with url: /amtmedyaduyuru/2?embed=1&mode=tme (Caused by NameResolutionError("<urllib3.connection.HTTPSConnection object at 0x0000026340B04310>: Failed to resolve 't.me' ([Errno 11001] getaddrinfo failed)"))
HTTPSConnectionPool(host='t.me', port=443): Max retries exceeded with url: /amtmedyaduyuru/2?embed=1&mode=tme (Caused by NameResolutionError("<urllib3.connection.HTTPSConnection object at 0x0000026340189550>: Failed to resolve 't.me' ([Errno 11001] getaddrinfo failed)"))
HTTPSConnectionPool(host='t.me', port=443): Max retries exceeded with url: /amtmedyaduyuru/2?embed=1&mode=tme (Caused by NameResolutionError("<urllib3.connection.HTTPSConnection object at 0x0000026340A8F950>: Failed to resolve 't.me' ([Errno 11001] getaddrinfo failed)"))
HTTPSConnectionPool(host='t.me', port=443): Max retries exceeded with url: /amtmedyaduyuru/2?embed=1&mode=tme (Caused by NameResolutionError("<urllib3.connection.HTTPSConnection object at 0x00000263409B66D0>: Failed to resolve 't.me' ([Errno 11001] getaddrinfo failed)"))
HTTPSConnectionPool(host='t.me', port=443): Max retries exceeded with url: /amtmedyaduyuru/2?embed=1&mode=tme (Caused by NameResolutionError("<urllib3.connection.HTTPSConnection object at 0x0000026340C9E590>: Failed to resolve 't.me' ([Errno 11001] getaddrinfo failed)"))
HTTPSConnectionPool(host='t.me', port=443): Max retries exceeded with url: /amtmedyaduyuru/2?embed=1&mode=tme (Caused by NameResolutionError("<urllib3.connection.HTTPSConnection object at 0x000002633FC4C190>: Failed to resolve 't.me' ([Errno 11001] getaddrinfo failed)"))
HTTPSConnectionPool(host='t.me', port=443): Max retries exceeded with url: /amtmedyaduyuru/2?embed=1&mode=tme (Caused by NameResolutionError("<urllib3.connection.HTTPSConnection object at 0x000002633FDF67D0>: Failed to resolve 't.me' ([Errno 11001] getaddrinfo failed)"))
HTTPSConnectionPool(host='t.me', port=443): Max retries exceeded with url: /amtmedyaduyuru/2?embed=1&mode=tme (Caused by NameResolutionError("<urllib3.connection.HTTPSConnection object at 0x000002633FE07FD0>: Failed to resolve 't.me' ([Errno 11001] getaddrinfo failed)"))
HTTPSConnectionPool(host='t.me', port=443): Max retries exceeded with url: /amtmedyaduyuru/2?embed=1&mode=tme (Caused by NameResolutionError("<urllib3.connection.HTTPSConnection object at 0x00000263408C7750>: Failed to resolve 't.me' ([Errno 11001] getaddrinfo failed)"))
HTTPSConnectionPool(host='t.me', port=443): Max retries exceeded with url: /amtmedyaduyuru/2?embed=1&mode=tme (Caused by NameResolutionError("<urllib3.connection.HTTPSConnection object at 0x0000026340E43690>: Failed to resolve 't.me' ([Errno 11001] getaddrinfo failed)"))
HTTPSConnectionPool(host='t.me', port=443): Max retries exceeded with url: /amtmedyaduyuru/2?embed=1&mode=tme (Caused by NameResolutionError("<urllib3.connection.HTTPSConnection object at 0x00000263410C01D0>: Failed to resolve 't.me' ([Errno 11001] getaddrinfo failed)"))
HTTPSConnectionPool(host='t.me', port=443): Max retries exceeded with url: /amtmedyaduyuru/2?embed=1&mode=tme (Caused by NameResolutionError("<urllib3.connection.HTTPSConnection object at 0x00000263410C0510>: Failed to resolve 't.me' ([Errno 11001] getaddrinfo failed)"))
HTTPSConnectionPool(host='t.me', port=443): Max retries exceeded with url: /amtmedyaduyuru/2?embed=1&mode=tme (Caused by NameResolutionError("<urllib3.connection.HTTPSConnection object at 0x000002634098BC50>: Failed to resolve 't.me' ([Errno 11001] getaddrinfo failed)"))
HTTPSConnectionPool(host='t.me', port=443): Max retries exceeded with url: /amtmedyaduyuru/2?embed=1&mode=tme (Caused by NameResolutionError("<urllib3.connection.HTTPSConnection object at 0x00000263410AFC90>: Failed to resolve 't.me' ([Errno 11001] getaddrinfo failed)"))
HTTPSConnectionPool(host='t.me', port=443): Max retries exceeded with url: /amtmedyaduyuru/2?embed=1&mode=tme (Caused by NameResolutionError("<urllib3.connection.HTTPSConnection object at 0x0000026340EFAD50>: Failed to resolve 't.me' ([Errno 11001] getaddrinfo failed)"))
HTTPSConnectionPool(host='t.me', port=443): Max retries exceeded with url: /amtmedyaduyuru/2?embed=1&mode=tme (Caused by NameResolutionError("<urllib3.connection.HTTPSConnection object at 0x0000026340F5E390>: Failed to resolve 't.me' ([Errno 11001] getaddrinfo failed)"))
HTTPSConnectionPool(host='t.me', port=443): Max retries exceeded with url: /amtmedyaduyuru/2?embed=1&mode=tme (Caused by NameResolutionError("<urllib3.connection.HTTPSConnection object at 0x000002633E10BED0>: Failed to resolve 't.me' ([Errno 11001] getaddrinfo failed)"))
HTTPSConnectionPool(host='t.me', port=443): Max retries exceeded with url: /amtmedyaduyuru/2?embed=1&mode=tme (Caused by NameResolutionError("<urllib3.connection.HTTPSConnection object at 0x0000026340E35350>: Failed to resolve 't.me' ([Errno 11001] getaddrinfo failed)"))
HTTPSConnectionPool(host='t.me', port=443): Max retries exceeded with url: /amtmedyaduyuru/2?embed=1&mode=tme (Caused by NameResolutionError("<urllib3.connection.HTTPSConnection object at 0x0000026340AA9650>: Failed to resolve 't.me' ([Errno 11001] getaddrinfo failed)"))
HTTPSConnectionPool(host='t.me', port=443): Max retries exceeded with url: /amtmedyaduyuru/2?embed=1&mode=tme (Caused by NameResolutionError("<urllib3.connection.HTTPSConnection object at 0x00000263410C07D0>: Failed to resolve 't.me' ([Errno 11001] getaddrinfo failed)"))
HTTPSConnectionPool(host='t.me', port=443): Max retries exceeded with url: /amtmedyaduyuru/2?embed=1&mode=tme (Caused by NameResolutionError("<urllib3.connection.HTTPSConnection object at 0x00000263410CA650>: Failed to resolve 't.me' ([Errno 11001] getaddrinfo failed)"))
HTTPSConnectionPool(host='t.me', port=443): Max retries exceeded with url: /amtmedyaduyuru/2?embed=1&mode=tme (Caused by NameResolutionError("<urllib3.connection.HTTPSConnection object at 0x00000263410D8090>: Failed to resolve 't.me' ([Errno 11001] getaddrinfo failed)"))
HTTPSConnectionPool(host='t.me', port=443): Max retries exceeded with url: /amtmedyaduyuru/2?embed=1&mode=tme (Caused by NameResolutionError("<urllib3.connection.HTTPSConnection object at 0x000002633FDC3D90>: Failed to resolve 't.me' ([Errno 11001] getaddrinfo failed)"))
HTTPSConnectionPool(host='t.me', port=443): Max retries exceeded with url: /amtmedyaduyuru/2?embed=1&mode=tme (Caused by NameResolutionError("<urllib3.connection.HTTPSConnection object at 0x00000263408C6B10>: Failed to resolve 't.me' ([Errno 11001] getaddrinfo failed)"))
HTTPSConnectionPool(host='t.me', port=443): Max retries exceeded with url: /amtmedyaduyuru/2?embed=1&mode=tme (Caused by NameResolutionError("<urllib3.connection.HTTPSConnection object at 0x0000026340F52F50>: Failed to resolve 't.me' ([Errno 11001] getaddrinfo failed)"))
HTTPSConnectionPool(host='t.me', port=443): Max retries exceeded with url: /amtmedyaduyuru/2?embed=1&mode=tme (Caused by NameResolutionError("<urllib3.connection.HTTPSConnection object at 0x0000026340AB2490>: Failed to resolve 't.me' ([Errno 11001] getaddrinfo failed)"))
HTTPSConnectionPool(host='t.me', port=443): Max retries exceeded with url: /amtmedyaduyuru/2?embed=1&mode=tme (Caused by NameResolutionError("<urllib3.connection.HTTPSConnection object at 0x0000026340EFBA90>: Failed to resolve 't.me' ([Errno 11001] getaddrinfo failed)"))
HTTPSConnectionPool(host='t.me', port=443): Max retries exceeded with url: /amtmedyaduyuru/2?embed=1&mode=tme (Caused by NameResolutionError("<urllib3.connection.HTTPSConnection object at 0x00000263409B7650>: Failed to resolve 't.me' ([Errno 11001] getaddrinfo failed)"))
HTTPSConnectionPool(host='t.me', port=443): Max retries exceeded with url: /amtmedyaduyuru/2?embed=1&mode=tme (Caused by NameResolutionError("<urllib3.connection.HTTPSConnection object at 0x00000263410CA490>: Failed to resolve 't.me' ([Errno 11001] getaddrinfo failed)"))
HTTPSConnectionPool(host='t.me', port=443): Max retries exceeded with url: /amtmedyaduyuru/2?embed=1&mode=tme (Caused by NameResolutionError("<urllib3.connection.HTTPSConnection object at 0x0000026340EFAC10>: Failed to resolve 't.me' ([Errno 11001] getaddrinfo failed)"))
HTTPSConnectionPool(host='t.me', port=443): Max retries exceeded with url: /amtmedyaduyuru/2?embed=1&mode=tme (Caused by NameResolutionError("<urllib3.connection.HTTPSConnection object at 0x000002633FC32410>: Failed to resolve 't.me' ([Errno 11001] getaddrinfo failed)"))
HTTPSConnectionPool(host='t.me', port=443): Max retries exceeded with url: /amtmedyaduyuru/2?embed=1&mode=tme (Caused by NameResolutionError("<urllib3.connection.HTTPSConnection object at 0x0000026340509350>: Failed to resolve 't.me' ([Errno 11001] getaddrinfo failed)"))
HTTPSConnectionPool(host='t.me', port=443): Max retries exceeded with url: /amtmedyaduyuru/2?embed=1&mode=tme (Caused by NameResolutionError("<urllib3.connection.HTTPSConnection object at 0x0000026340C96850>: Failed to resolve 't.me' ([Errno 11001] getaddrinfo failed)"))
HTTPSConnectionPool(host='t.me', port=443): Max retries exceeded with url: /amtmedyaduyuru/2?embed=1&mode=tme (Caused by NameResolutionError("<urllib3.connection.HTTPSConnection object at 0x000002633FDCE150>: Failed to resolve 't.me' ([Errno 11001] getaddrinfo failed)"))
HTTPSConnectionPool(host='t.me', port=443): Max retries exceeded with url: /amtmedyaduyuru/2?embed=1&mode=tme (Caused by NameResolutionError("<urllib3.connection.HTTPSConnection object at 0x00000263410D9B90>: Failed to resolve 't.me' ([Errno 11001] getaddrinfo failed)"))
HTTPSConnectionPool(host='t.me', port=443): Max retries exceeded with url: /amtmedyaduyuru/2?embed=1&mode=tme (Caused by NameResolutionError("<urllib3.connection.HTTPSConnection object at 0x00000263410AF150>: Failed to resolve 't.me' ([Errno 11001] getaddrinfo failed)"))
HTTPSConnectionPool(host='t.me', port=443): Max retries exceeded with url: /amtmedyaduyuru/2?embed=1&mode=tme (Caused by NameResolutionError("<urllib3.connection.HTTPSConnection object at 0x00000263409B7A10>: Failed to resolve 't.me' ([Errno 11001] getaddrinfo failed)"))
HTTPSConnectionPool(host='t.me', port=443): Max retries exceeded with url: /amtmedyaduyuru/2?embed=1&mode=tme (Caused by NameResolutionError("<urllib3.connection.HTTPSConnection object at 0x00000263410C2810>: Failed to resolve 't.me' ([Errno 11001] getaddrinfo failed)"))
HTTPSConnectionPool(host='t.me', port=443): Max retries exceeded with url: /amtmedyaduyuru/2?embed=1&mode=tme (Caused by NameResolutionError("<urllib3.connection.HTTPSConnection object at 0x0000026340F53B50>: Failed to resolve 't.me' ([Errno 11001] getaddrinfo failed)"))
HTTPSConnectionPool(host='t.me', port=443): Max retries exceeded with url: /amtmedyaduyuru/2?embed=1&mode=tme (Caused by NameResolutionError("<urllib3.connection.HTTPSConnection object at 0x0000026340CF6D50>: Failed to resolve 't.me' ([Errno 11001] getaddrinfo failed)"))
HTTPSConnectionPool(host='t.me', port=443): Max retries exceeded with url: /amtmedyaduyuru/2?embed=1&mode=tme (Caused by NameResolutionError("<urllib3.connection.HTTPSConnection object at 0x00000263410D87D0>: Failed to resolve 't.me' ([Errno 11001] getaddrinfo failed)"))
HTTPSConnectionPool(host='t.me', port=443): Max retries exceeded with url: /amtmedyaduyuru/2?embed=1&mode=tme (Caused by NameResolutionError("<urllib3.connection.HTTPSConnection object at 0x0000026340EF9750>: Failed to resolve 't.me' ([Errno 11001] getaddrinfo failed)"))
HTTPSConnectionPool(host='t.me', port=443): Max retries exceeded with url: /amtmedyaduyuru/2?embed=1&mode=tme (Caused by NameResolutionError("<urllib3.connection.HTTPSConnection object at 0x0000026340C94590>: Failed to resolve 't.me' ([Errno 11001] getaddrinfo failed)"))
HTTPSConnectionPool(host='t.me', port=443): Max retries exceeded with url: /amtmedyaduyuru/2?embed=1&mode=tme (Caused by NameResolutionError("<urllib3.connection.HTTPSConnection object at 0x00000263410C3650>: Failed to resolve 't.me' ([Errno 11001] getaddrinfo failed)"))
HTTPSConnectionPool(host='t.me', port=443): Max retries exceeded with url: /amtmedyaduyuru/2?embed=1&mode=tme (Caused by NameResolutionError("<urllib3.connection.HTTPSConnection object at 0x00000263410CA290>: Failed to resolve 't.me' ([Errno 11001] getaddrinfo failed)"))
HTTPSConnectionPool(host='t.me', port=443): Max retries exceeded with url: /amtmedyaduyuru/2?embed=1&mode=tme (Caused by NameResolutionError("<urllib3.connection.HTTPSConnection object at 0x000002633F850BD0>: Failed to resolve 't.me' ([Errno 11001] getaddrinfo failed)"))
HTTPSConnectionPool(host='t.me', port=443): Max retries exceeded with url: /amtmedyaduyuru/2?embed=1&mode=tme (Caused by NameResolutionError("<urllib3.connection.HTTPSConnection object at 0x0000026340B50DD0>: Failed to resolve 't.me' ([Errno 11001] getaddrinfo failed)"))
HTTPSConnectionPool(host='t.me', port=443): Max retries exceeded with url: /amtmedyaduyuru/2?embed=1&mode=tme (Caused by NameResolutionError("<urllib3.connection.HTTPSConnection object at 0x000002633FB81C10>: Failed to resolve 't.me' ([Errno 11001] getaddrinfo failed)"))
HTTPSConnectionPool(host='t.me', port=443): Max retries exceeded with url: /amtmedyaduyuru/2?embed=1&mode=tme (Caused by NameResolutionError("<urllib3.connection.HTTPSConnection object at 0x00000263410C3C50>: Failed to resolve 't.me' ([Errno 11001] getaddrinfo failed)"))
HTTPSConnectionPool(host='t.me', port=443): Max retries exceeded with url: /amtmedyaduyuru/2?embed=1&mode=tme (Caused by NameResolutionError("<urllib3.connection.HTTPSConnection object at 0x0000026340C97990>: Failed to resolve 't.me' ([Errno 11001] getaddrinfo failed)"))
HTTPSConnectionPool(host='t.me', port=443): Max retries exceeded with url: /amtmedyaduyuru/2?embed=1&mode=tme (Caused by NameResolutionError("<urllib3.connection.HTTPSConnection object at 0x000002634049A910>: Failed to resolve 't.me' ([Errno 11001] getaddrinfo failed)"))
HTTPSConnectionPool(host='t.me', port=443): Max retries exceeded with url: /amtmedyaduyuru/2?embed=1&mode=tme (Caused by NameResolutionError("<urllib3.connection.HTTPSConnection object at 0x00000263410D8B10>: Failed to resolve 't.me' ([Errno 11001] getaddrinfo failed)"))
HTTPSConnectionPool(host='t.me', port=443): Max retries exceeded with url: /amtmedyaduyuru/2?embed=1&mode=tme (Caused by NameResolutionError("<urllib3.connection.HTTPSConnection object at 0x000002633FC4C190>: Failed to resolve 't.me' ([Errno 11001] getaddrinfo failed)"))
HTTPSConnectionPool(host='t.me', port=443): Max retries exceeded with url: /amtmedyaduyuru/2?embed=1&mode=tme (Caused by NameResolutionError("<urllib3.connection.HTTPSConnection object at 0x000002633AB61650>: Failed to resolve 't.me' ([Errno 11001] getaddrinfo failed)"))
HTTPSConnectionPool(host='t.me', port=443): Max retries exceeded with url: /amtmedyaduyuru/2?embed=1&mode=tme (Caused by NameResolutionError("<urllib3.connection.HTTPSConnection object at 0x0000026340F5E390>: Failed to resolve 't.me' ([Errno 11001] getaddrinfo failed)"))
HTTPSConnectionPool(host='t.me', port=443): Max retries exceeded with url: /amtmedyaduyuru/2?embed=1&mode=tme (Caused by NameResolutionError("<urllib3.connection.HTTPSConnection object at 0x000002633FB47A10>: Failed to resolve 't.me' ([Errno 11001] getaddrinfo failed)"))
HTTPSConnectionPool(host='t.me', port=443): Max retries exceeded with url: /amtmedyaduyuru/2?embed=1&mode=tme (Caused by NameResolutionError("<urllib3.connection.HTTPSConnection object at 0x000002633C2708D0>: Failed to resolve 't.me' ([Errno 11001] getaddrinfo failed)"))
HTTPSConnectionPool(host='t.me', port=443): Max retries exceeded with url: /amtmedyaduyuru/2?embed=1&mode=tme (Caused by NameResolutionError("<urllib3.connection.HTTPSConnection object at 0x000002633F924A90>: Failed to resolve 't.me' ([Errno 11001] getaddrinfo failed)"))
HTTPSConnectionPool(host='t.me', port=443): Max retries exceeded with url: /amtmedyaduyuru/2?embed=1&mode=tme (Caused by NameResolutionError("<urllib3.connection.HTTPSConnection object at 0x00000263401D00D0>: Failed to resolve 't.me' ([Errno 11001] getaddrinfo failed)"))
HTTPSConnectionPool(host='t.me', port=443): Max retries exceeded with url: /amtmedyaduyuru/2?embed=1&mode=tme (Caused by NameResolutionError("<urllib3.connection.HTTPSConnection object at 0x000002633FC4FE90>: Failed to resolve 't.me' ([Errno 11001] getaddrinfo failed)"))
HTTPSConnectionPool(host='t.me', port=443): Max retries exceeded with url: /amtmedyaduyuru/2?embed=1&mode=tme (Caused by NameResolutionError("<urllib3.connection.HTTPSConnection object at 0x00000263410C1850>: Failed to resolve 't.me' ([Errno 11001] getaddrinfo failed)"))
HTTPSConnectionPool(host='t.me', port=443): Max retries exceeded with url: /amtmedyaduyuru/2?embed=1&mode=tme (Caused by NameResolutionError("<urllib3.connection.HTTPSConnection object at 0x0000026340C9F450>: Failed to resolve 't.me' ([Errno 11001] getaddrinfo failed)"))
HTTPSConnectionPool(host='t.me', port=443): Max retries exceeded with url: /amtmedyaduyuru/2?embed=1&mode=tme (Caused by NameResolutionError("<urllib3.connection.HTTPSConnection object at 0x000002633FDCCAD0>: Failed to resolve 't.me' ([Errno 11001] getaddrinfo failed)"))
HTTPSConnectionPool(host='t.me', port=443): Max retries exceeded with url: /amtmedyaduyuru/2?embed=1&mode=tme (Caused by NameResolutionError("<urllib3.connection.HTTPSConnection object at 0x000002634003A6D0>: Failed to resolve 't.me' ([Errno 11001] getaddrinfo failed)"))
HTTPSConnectionPool(host='t.me', port=443): Max retries exceeded with url: /amtmedyaduyuru/2?embed=1&mode=tme (Caused by NameResolutionError("<urllib3.connection.HTTPSConnection object at 0x00000263410C9510>: Failed to resolve 't.me' ([Errno 11001] getaddrinfo failed)"))
HTTPSConnectionPool(host='t.me', port=443): Max retries exceeded with url: /amtmedyaduyuru/2?embed=1&mode=tme (Caused by NameResolutionError("<urllib3.connection.HTTPSConnection object at 0x00000263410C1B90>: Failed to resolve 't.me' ([Errno 11001] getaddrinfo failed)"))
HTTPSConnectionPool(host='t.me', port=443): Max retries exceeded with url: /amtmedyaduyuru/2?embed=1&mode=tme (Caused by NameResolutionError("<urllib3.connection.HTTPSConnection object at 0x00000263408D9990>: Failed to resolve 't.me' ([Errno 11001] getaddrinfo failed)"))
HTTPSConnectionPool(host='t.me', port=443): Max retries exceeded with url: /amtmedyaduyuru/2?embed=1&mode=tme (Caused by NameResolutionError("<urllib3.connection.HTTPSConnection object at 0x0000026340E349D0>: Failed to resolve 't.me' ([Errno 11001] getaddrinfo failed)"))
HTTPSConnectionPool(host='t.me', port=443): Max retries exceeded with url: /amtmedyaduyuru/2?embed=1&mode=tme (Caused by NameResolutionError("<urllib3.connection.HTTPSConnection object at 0x0000026340E35BD0>: Failed to resolve 't.me' ([Errno 11001] getaddrinfo failed)"))
HTTPSConnectionPool(host='t.me', port=443): Max retries exceeded with url: /amtmedyaduyuru/2?embed=1&mode=tme (Caused by NameResolutionError("<urllib3.connection.HTTPSConnection object at 0x00000263408D9BD0>: Failed to resolve 't.me' ([Errno 11001] getaddrinfo failed)"))
HTTPSConnectionPool(host='t.me', port=443): Max retries exceeded with url: /amtmedyaduyuru/2?embed=1&mode=tme (Caused by NameResolutionError("<urllib3.connection.HTTPSConnection object at 0x000002633F924A90>: Failed to resolve 't.me' ([Errno 11001] getaddrinfo failed)"))
HTTPSConnectionPool(host='t.me', port=443): Max retries exceeded with url: /amtmedyaduyuru/2?embed=1&mode=tme (Caused by NameResolutionError("<urllib3.connection.HTTPSConnection object at 0x00000263410C8D10>: Failed to resolve 't.me' ([Errno 11001] getaddrinfo failed)"))
HTTPSConnectionPool(host='t.me', port=443): Max retries exceeded with url: /amtmedyaduyuru/2?embed=1&mode=tme (Caused by NameResolutionError("<urllib3.connection.HTTPSConnection object at 0x0000026336585190>: Failed to resolve 't.me' ([Errno 11001] getaddrinfo failed)"))
HTTPSConnectionPool(host='t.me', port=443): Max retries exceeded with url: /amtmedyaduyuru/2?embed=1&mode=tme (Caused by NameResolutionError("<urllib3.connection.HTTPSConnection object at 0x000002633FDCFF10>: Failed to resolve 't.me' ([Errno 11001] getaddrinfo failed)"))
HTTPSConnectionPool(host='t.me', port=443): Max retries exceeded with url: /amtmedyaduyuru/2?embed=1&mode=tme (Caused by NameResolutionError("<urllib3.connection.HTTPSConnection object at 0x000002633FCF0E90>: Failed to resolve 't.me' ([Errno 11001] getaddrinfo failed)"))
HTTPSConnectionPool(host='t.me', port=443): Max retries exceeded with url: /amtmedyaduyuru/2?embed=1&mode=tme (Caused by NameResolutionError("<urllib3.connection.HTTPSConnection object at 0x000002633DFB1350>: Failed to resolve 't.me' ([Errno 11001] getaddrinfo failed)"))
HTTPSConnectionPool(host='t.me', port=443): Max retries exceeded with url: /amtmedyaduyuru/2?embed=1&mode=tme (Caused by NameResolutionError("<urllib3.connection.HTTPSConnection object at 0x00000263410C2810>: Failed to resolve 't.me' ([Errno 11001] getaddrinfo failed)"))
HTTPSConnectionPool(host='t.me', port=443): Max retries exceeded with url: /amtmedyaduyuru/2?embed=1&mode=tme (Caused by NameResolutionError("<urllib3.connection.HTTPSConnection object at 0x00000263410CA0D0>: Failed to resolve 't.me' ([Errno 11001] getaddrinfo failed)"))
HTTPSConnectionPool(host='t.me', port=443): Max retries exceeded with url: /amtmedyaduyuru/2?embed=1&mode=tme (Caused by NameResolutionError("<urllib3.connection.HTTPSConnection object at 0x0000026340CF7F10>: Failed to resolve 't.me' ([Errno 11001] getaddrinfo failed)"))
HTTPSConnectionPool(host='t.me', port=443): Max retries exceeded with url: /amtmedyaduyuru/2?embed=1&mode=tme (Caused by NameResolutionError("<urllib3.connection.HTTPSConnection object at 0x00000263403AD6D0>: Failed to resolve 't.me' ([Errno 11001] getaddrinfo failed)"))
HTTPSConnectionPool(host='t.me', port=443): Max retries exceeded with url: /amtmedyaduyuru/2?embed=1&mode=tme (Caused by NameResolutionError("<urllib3.connection.HTTPSConnection object at 0x0000026340E34610>: Failed to resolve 't.me' ([Errno 11001] getaddrinfo failed)"))
HTTPSConnectionPool(host='t.me', port=443): Max retries exceeded with url: /amtmedyaduyuru/2?embed=1&mode=tme (Caused by NameResolutionError("<urllib3.connection.HTTPSConnection object at 0x0000026340C947D0>: Failed to resolve 't.me' ([Errno 11001] getaddrinfo failed)"))
HTTPSConnectionPool(host='t.me', port=443): Max retries exceeded with url: /amtmedyaduyuru/2?embed=1&mode=tme (Caused by NameResolutionError("<urllib3.connection.HTTPSConnection object at 0x000002633E1B1CD0>: Failed to resolve 't.me' ([Errno 11001] getaddrinfo failed)"))
HTTPSConnectionPool(host='t.me', port=443): Max retries exceeded with url: /amtmedyaduyuru/2?embed=1&mode=tme (Caused by NameResolutionError("<urllib3.connection.HTTPSConnection object at 0x000002634012B150>: Failed to resolve 't.me' ([Errno 11001] getaddrinfo failed)"))
HTTPSConnectionPool(host='t.me', port=443): Max retries exceeded with url: /amtmedyaduyuru/2?embed=1&mode=tme (Caused by NameResolutionError("<urllib3.connection.HTTPSConnection object at 0x0000026336585190>: Failed to resolve 't.me' ([Errno 11001] getaddrinfo failed)"))
HTTPSConnectionPool(host='t.me', port=443): Max retries exceeded with url: /amtmedyaduyuru/2?embed=1&mode=tme (Caused by NameResolutionError("<urllib3.connection.HTTPSConnection object at 0x000002633FCA9390>: Failed to resolve 't.me' ([Errno 11001] getaddrinfo failed)"))
HTTPSConnectionPool(host='t.me', port=443): Max retries exceeded with url: /amtmedyaduyuru/2?embed=1&mode=tme (Caused by NameResolutionError("<urllib3.connection.HTTPSConnection object at 0x000002633F881410>: Failed to resolve 't.me' ([Errno 11001] getaddrinfo failed)"))
HTTPSConnectionPool(host='t.me', port=443): Max retries exceeded with url: /amtmedyaduyuru/2?embed=1&mode=tme (Caused by NameResolutionError("<urllib3.connection.HTTPSConnection object at 0x00000263410C0B50>: Failed to resolve 't.me' ([Errno 11001] getaddrinfo failed)"))
HTTPSConnectionPool(host='t.me', port=443): Max retries exceeded with url: /amtmedyaduyuru/2?embed=1&mode=tme (Caused by NameResolutionError("<urllib3.connection.HTTPSConnection object at 0x0000026340C9CA10>: Failed to resolve 't.me' ([Errno 11001] getaddrinfo failed)"))
HTTPSConnectionPool(host='t.me', port=443): Max retries exceeded with url: /amtmedyaduyuru/2?embed=1&mode=tme (Caused by NameResolutionError("<urllib3.connection.HTTPSConnection object at 0x00000263405B3C50>: Failed to resolve 't.me' ([Errno 11001] getaddrinfo failed)"))
HTTPSConnectionPool(host='t.me', port=443): Max retries exceeded with url: /amtmedyaduyuru/2?embed=1&mode=tme (Caused by NameResolutionError("<urllib3.connection.HTTPSConnection object at 0x0000026340B51D10>: Failed to resolve 't.me' ([Errno 11001] getaddrinfo failed)"))
HTTPSConnectionPool(host='t.me', port=443): Max retries exceeded with url: /amtmedyaduyuru/2?embed=1&mode=tme (Caused by NameResolutionError("<urllib3.connection.HTTPSConnection object at 0x0000026340F52DD0>: Failed to resolve 't.me' ([Errno 11001] getaddrinfo failed)"))
HTTPSConnectionPool(host='t.me', port=443): Max retries exceeded with url: /amtmedyaduyuru/2?embed=1&mode=tme (Caused by NameResolutionError("<urllib3.connection.HTTPSConnection object at 0x00000263410DAAD0>: Failed to resolve 't.me' ([Errno 11001] getaddrinfo failed)"))
HTTPSConnectionPool(host='t.me', port=443): Max retries exceeded with url: /amtmedyaduyuru/2?embed=1&mode=tme (Caused by NameResolutionError("<urllib3.connection.HTTPSConnection object at 0x0000026340E37450>: Failed to resolve 't.me' ([Errno 11001] getaddrinfo failed)"))
HTTPSConnectionPool(host='t.me', port=443): Max retries exceeded with url: /amtmedyaduyuru/2?embed=1&mode=tme (Caused by NameResolutionError("<urllib3.connection.HTTPSConnection object at 0x000002633E15B090>: Failed to resolve 't.me' ([Errno 11001] getaddrinfo failed)"))
HTTPSConnectionPool(host='t.me', port=443): Max retries exceeded with url: /amtmedyaduyuru/2?embed=1&mode=tme (Caused by NameResolutionError("<urllib3.connection.HTTPSConnection object at 0x000002633FE05650>: Failed to resolve 't.me' ([Errno 11001] getaddrinfo failed)"))
HTTPSConnectionPool(host='t.me', port=443): Max retries exceeded with url: /amtmedyaduyuru/2?embed=1&mode=tme (Caused by NameResolutionError("<urllib3.connection.HTTPSConnection object at 0x00000263407E3390>: Failed to resolve 't.me' ([Errno 11001] getaddrinfo failed)"))
HTTPSConnectionPool(host='t.me', port=443): Max retries exceeded with url: /amtmedyaduyuru/2?embed=1&mode=tme (Caused by NameResolutionError("<urllib3.connection.HTTPSConnection object at 0x000002632E624410>: Failed to resolve 't.me' ([Errno 11001] getaddrinfo failed)"))
HTTPSConnectionPool(host='t.me', port=443): Max retries exceeded with url: /amtmedyaduyuru/2?embed=1&mode=tme (Caused by NameResolutionError("<urllib3.connection.HTTPSConnection object at 0x00000263410D9C50>: Failed to resolve 't.me' ([Errno 11001] getaddrinfo failed)"))
HTTPSConnectionPool(host='t.me', port=443): Max retries exceeded with url: /amtmedyaduyuru/2?embed=1&mode=tme (Caused by NameResolutionError("<urllib3.connection.HTTPSConnection object at 0x000002633B97ED50>: Failed to resolve 't.me' ([Errno 11001] getaddrinfo failed)"))
HTTPSConnectionPool(host='t.me', port=443): Max retries exceeded with url: /amtmedyaduyuru/2?embed=1&mode=tme (Caused by NameResolutionError("<urllib3.connection.HTTPSConnection object at 0x0000026340775090>: Failed to resolve 't.me' ([Errno 11001] getaddrinfo failed)"))
HTTPSConnectionPool(host='t.me', port=443): Max retries exceeded with url: /amtmedyaduyuru/2?embed=1&mode=tme (Caused by NameResolutionError("<urllib3.connection.HTTPSConnection object at 0x0000026340667C50>: Failed to resolve 't.me' ([Errno 11001] getaddrinfo failed)"))
HTTPSConnectionPool(host='t.me', port=443): Max retries exceeded with url: /amtmedyaduyuru/2?embed=1&mode=tme (Caused by NameResolutionError("<urllib3.connection.HTTPSConnection object at 0x0000026340F52490>: Failed to resolve 't.me' ([Errno 11001] getaddrinfo failed)"))
HTTPSConnectionPool(host='t.me', port=443): Max retries exceeded with url: /amtmedyaduyuru/2?embed=1&mode=tme (Caused by NameResolutionError("<urllib3.connection.HTTPSConnection object at 0x00000263410D8AD0>: Failed to resolve 't.me' ([Errno 11001] getaddrinfo failed)"))
HTTPSConnectionPool(host='t.me', port=443): Max retries exceeded with url: /amtmedyaduyuru/2?embed=1&mode=tme (Caused by NameResolutionError("<urllib3.connection.HTTPSConnection object at 0x000002634041BB50>: Failed to resolve 't.me' ([Errno 11001] getaddrinfo failed)"))
HTTPSConnectionPool(host='t.me', port=443): Max retries exceeded with url: /amtmedyaduyuru/2?embed=1&mode=tme (Caused by NameResolutionError("<urllib3.connection.HTTPSConnection object at 0x0000026340F73B10>: Failed to resolve 't.me' ([Errno 11001] getaddrinfo failed)"))
HTTPSConnectionPool(host='t.me', port=443): Max retries exceeded with url: /amtmedyaduyuru/2?embed=1&mode=tme (Caused by NameResolutionError("<urllib3.connection.HTTPSConnection object at 0x0000026340EF9B10>: Failed to resolve 't.me' ([Errno 11001] getaddrinfo failed)"))
HTTPSConnectionPool(host='t.me', port=443): Max retries exceeded with url: /amtmedyaduyuru/2?embed=1&mode=tme (Caused by NameResolutionError("<urllib3.connection.HTTPSConnection object at 0x000002633F789610>: Failed to resolve 't.me' ([Errno 11001] getaddrinfo failed)"))
HTTPSConnectionPool(host='t.me', port=443): Max retries exceeded with url: /amtmedyaduyuru/2?embed=1&mode=tme (Caused by NameResolutionError("<urllib3.connection.HTTPSConnection object at 0x000002634093F5D0>: Failed to resolve 't.me' ([Errno 11001] getaddrinfo failed)"))
HTTPSConnectionPool(host='t.me', port=443): Max retries exceeded with url: /amtmedyaduyuru/2?embed=1&mode=tme (Caused by NameResolutionError("<urllib3.connection.HTTPSConnection object at 0x00000263410DBE50>: Failed to resolve 't.me' ([Errno 11001] getaddrinfo failed)"))
HTTPSConnectionPool(host='t.me', port=443): Max retries exceeded with url: /amtmedyaduyuru/2?embed=1&mode=tme (Caused by NameResolutionError("<urllib3.connection.HTTPSConnection object at 0x00000263410E8710>: Failed to resolve 't.me' ([Errno 11001] getaddrinfo failed)"))
HTTPSConnectionPool(host='t.me', port=443): Max retries exceeded with url: /amtmedyaduyuru/2?embed=1&mode=tme (Caused by NameResolutionError("<urllib3.connection.HTTPSConnection object at 0x000002634085D450>: Failed to resolve 't.me' ([Errno 11001] getaddrinfo failed)"))
HTTPSConnectionPool(host='t.me', port=443): Max retries exceeded with url: /amtmedyaduyuru/2?embed=1&mode=tme (Caused by NameResolutionError("<urllib3.connection.HTTPSConnection object at 0x0000026340826AD0>: Failed to resolve 't.me' ([Errno 11001] getaddrinfo failed)"))
HTTPSConnectionPool(host='t.me', port=443): Max retries exceeded with url: /amtmedyaduyuru/2?embed=1&mode=tme (Caused by NameResolutionError("<urllib3.connection.HTTPSConnection object at 0x000002633FDA2910>: Failed to resolve 't.me' ([Errno 11001] getaddrinfo failed)"))
HTTPSConnectionPool(host='t.me', port=443): Max retries exceeded with url: /amtmedyaduyuru/2?embed=1&mode=tme (Caused by NameResolutionError("<urllib3.connection.HTTPSConnection object at 0x0000026340F50250>: Failed to resolve 't.me' ([Errno 11001] getaddrinfo failed)"))
HTTPSConnectionPool(host='t.me', port=443): Max retries exceeded with url: /amtmedyaduyuru/2?embed=1&mode=tme (Caused by NameResolutionError("<urllib3.connection.HTTPSConnection object at 0x0000026340E367D0>: Failed to resolve 't.me' ([Errno 11001] getaddrinfo failed)"))
HTTPSConnectionPool(host='t.me', port=443): Max retries exceeded with url: /amtmedyaduyuru/2?embed=1&mode=tme (Caused by NameResolutionError("<urllib3.connection.HTTPSConnection object at 0x00000263410E8A50>: Failed to resolve 't.me' ([Errno 11001] getaddrinfo failed)"))
HTTPSConnectionPool(host='t.me', port=443): Max retries exceeded with url: /amtmedyaduyuru/2?embed=1&mode=tme (Caused by NameResolutionError("<urllib3.connection.HTTPSConnection object at 0x00000263402E4910>: Failed to resolve 't.me' ([Errno 11001] getaddrinfo failed)"))
HTTPSConnectionPool(host='t.me', port=443): Max retries exceeded with url: /amtmedyaduyuru/2?embed=1&mode=tme (Caused by NameResolutionError("<urllib3.connection.HTTPSConnection object at 0x00000263405E6C10>: Failed to resolve 't.me' ([Errno 11001] getaddrinfo failed)"))
HTTPSConnectionPool(host='t.me', port=443): Max retries exceeded with url: /amtmedyaduyuru/2?embed=1&mode=tme (Caused by NameResolutionError("<urllib3.connection.HTTPSConnection object at 0x000002633652F850>: Failed to resolve 't.me' ([Errno 11001] getaddrinfo failed)"))
HTTPSConnectionPool(host='t.me', port=443): Max retries exceeded with url: /amtmedyaduyuru/2?embed=1&mode=tme (Caused by NameResolutionError("<urllib3.connection.HTTPSConnection object at 0x0000026340B72550>: Failed to resolve 't.me' ([Errno 11001] getaddrinfo failed)"))
HTTPSConnectionPool(host='t.me', port=443): Max retries exceeded with url: /amtmedyaduyuru/2?embed=1&mode=tme (Caused by NameResolutionError("<urllib3.connection.HTTPSConnection object at 0x00000263410D8510>: Failed to resolve 't.me' ([Errno 11001] getaddrinfo failed)"))
HTTPSConnectionPool(host='t.me', port=443): Max retries exceeded with url: /amtmedyaduyuru/2?embed=1&mode=tme (Caused by NameResolutionError("<urllib3.connection.HTTPSConnection object at 0x00000263410AFBD0>: Failed to resolve 't.me' ([Errno 11001] getaddrinfo failed)"))
HTTPSConnectionPool(host='t.me', port=443): Max retries exceeded with url: /amtmedyaduyuru/2?embed=1&mode=tme (Caused by NameResolutionError("<urllib3.connection.HTTPSConnection object at 0x000002633C6462D0>: Failed to resolve 't.me' ([Errno 11001] getaddrinfo failed)"))
HTTPSConnectionPool(host='t.me', port=443): Max retries exceeded with url: /amtmedyaduyuru/2?embed=1&mode=tme (Caused by NameResolutionError("<urllib3.connection.HTTPSConnection object at 0x000002633C271F90>: Failed to resolve 't.me' ([Errno 11001] getaddrinfo failed)"))
HTTPSConnectionPool(host='t.me', port=443): Max retries exceeded with url: /amtmedyaduyuru/2?embed=1&mode=tme (Caused by NameResolutionError("<urllib3.connection.HTTPSConnection object at 0x0000026340B06610>: Failed to resolve 't.me' ([Errno 11001] getaddrinfo failed)"))
HTTPSConnectionPool(host='t.me', port=443): Max retries exceeded with url: /amtmedyaduyuru/2?embed=1&mode=tme (Caused by NameResolutionError("<urllib3.connection.HTTPSConnection object at 0x00000263408D8210>: Failed to resolve 't.me' ([Errno 11001] getaddrinfo failed)"))
HTTPSConnectionPool(host='t.me', port=443): Max retries exceeded with url: /amtmedyaduyuru/2?embed=1&mode=tme (Caused by NameResolutionError("<urllib3.connection.HTTPSConnection object at 0x00000263410DA090>: Failed to resolve 't.me' ([Errno 11001] getaddrinfo failed)"))
HTTPSConnectionPool(host='t.me', port=443): Max retries exceeded with url: /amtmedyaduyuru/2?embed=1&mode=tme (Caused by NameResolutionError("<urllib3.connection.HTTPSConnection object at 0x00000263410DB690>: Failed to resolve 't.me' ([Errno 11001] getaddrinfo failed)"))
HTTPSConnectionPool(host='t.me', port=443): Max retries exceeded with url: /amtmedyaduyuru/2?embed=1&mode=tme (Caused by NameResolutionError("<urllib3.connection.HTTPSConnection object at 0x0000026340F5F0D0>: Failed to resolve 't.me' ([Errno 11001] getaddrinfo failed)"))
HTTPSConnectionPool(host='t.me', port=443): Max retries exceeded with url: /amtmedyaduyuru/2?embed=1&mode=tme (Caused by NameResolutionError("<urllib3.connection.HTTPSConnection object at 0x0000026340A8F710>: Failed to resolve 't.me' ([Errno 11001] getaddrinfo failed)"))
HTTPSConnectionPool(host='t.me', port=443): Max retries exceeded with url: /amtmedyaduyuru/2?embed=1&mode=tme (Caused by NameResolutionError("<urllib3.connection.HTTPSConnection object at 0x000002633C3A6290>: Failed to resolve 't.me' ([Errno 11001] getaddrinfo failed)"))
HTTPSConnectionPool(host='t.me', port=443): Max retries exceeded with url: /amtmedyaduyuru/2?embed=1&mode=tme (Caused by NameResolutionError("<urllib3.connection.HTTPSConnection object at 0x00000263410DA890>: Failed to resolve 't.me' ([Errno 11001] getaddrinfo failed)"))
HTTPSConnectionPool(host='t.me', port=443): Max retries exceeded with url: /amtmedyaduyuru/2?embed=1&mode=tme (Caused by NameResolutionError("<urllib3.connection.HTTPSConnection object at 0x0000026340B51D10>: Failed to resolve 't.me' ([Errno 11001] getaddrinfo failed)"))
HTTPSConnectionPool(host='t.me', port=443): Max retries exceeded with url: /amtmedyaduyuru/2?embed=1&mode=tme (Caused by NameResolutionError("<urllib3.connection.HTTPSConnection object at 0x00000263410AC890>: Failed to resolve 't.me' ([Errno 11001] getaddrinfo failed)"))
HTTPSConnectionPool(host='t.me', port=443): Max retries exceeded with url: /amtmedyaduyuru/2?embed=1&mode=tme (Caused by NameResolutionError("<urllib3.connection.HTTPSConnection object at 0x00000263410D9D10>: Failed to resolve 't.me' ([Errno 11001] getaddrinfo failed)"))
HTTPSConnectionPool(host='t.me', port=443): Max retries exceeded with url: /amtmedyaduyuru/2?embed=1&mode=tme (Caused by NameResolutionError("<urllib3.connection.HTTPSConnection object at 0x0000026331496CD0>: Failed to resolve 't.me' ([Errno 11001] getaddrinfo failed)"))
HTTPSConnectionPool(host='t.me', port=443): Max retries exceeded with url: /amtmedyaduyuru/2?embed=1&mode=tme (Caused by NameResolutionError("<urllib3.connection.HTTPSConnection object at 0x000002634073C390>: Failed to resolve 't.me' ([Errno 11001] getaddrinfo failed)"))
HTTPSConnectionPool(host='t.me', port=443): Max retries exceeded with url: /amtmedyaduyuru/2?embed=1&mode=tme (Caused by NameResolutionError("<urllib3.connection.HTTPSConnection object at 0x00000263407762D0>: Failed to resolve 't.me' ([Errno 11001] getaddrinfo failed)"))
HTTPSConnectionPool(host='t.me', port=443): Max retries exceeded with url: /amtmedyaduyuru/2?embed=1&mode=tme (Caused by NameResolutionError("<urllib3.connection.HTTPSConnection object at 0x00000263403C9190>: Failed to resolve 't.me' ([Errno 11001] getaddrinfo failed)"))
HTTPSConnectionPool(host='t.me', port=443): Max retries exceeded with url: /amtmedyaduyuru/2?embed=1&mode=tme (Caused by NameResolutionError("<urllib3.connection.HTTPSConnection object at 0x0000026340776990>: Failed to resolve 't.me' ([Errno 11001] getaddrinfo failed)"))
HTTPSConnectionPool(host='t.me', port=443): Max retries exceeded with url: /amtmedyaduyuru/2?embed=1&mode=tme (Caused by NameResolutionError("<urllib3.connection.HTTPSConnection object at 0x00000263408FC910>: Failed to resolve 't.me' ([Errno 11001] getaddrinfo failed)"))
HTTPSConnectionPool(host='t.me', port=443): Max retries exceeded with url: /amtmedyaduyuru/2?embed=1&mode=tme (Caused by NameResolutionError("<urllib3.connection.HTTPSConnection object at 0x00000263410D8690>: Failed to resolve 't.me' ([Errno 11001] getaddrinfo failed)"))
HTTPSConnectionPool(host='t.me', port=443): Max retries exceeded with url: /amtmedyaduyuru/2?embed=1&mode=tme (Caused by NameResolutionError("<urllib3.connection.HTTPSConnection object at 0x0000026340799690>: Failed to resolve 't.me' ([Errno 11001] getaddrinfo failed)"))
HTTPSConnectionPool(host='t.me', port=443): Max retries exceeded with url: /amtmedyaduyuru/2?embed=1&mode=tme (Caused by NameResolutionError("<urllib3.connection.HTTPSConnection object at 0x0000026340F52C10>: Failed to resolve 't.me' ([Errno 11001] getaddrinfo failed)"))
HTTPSConnectionPool(host='t.me', port=443): Max retries exceeded with url: /amtmedyaduyuru/2?embed=1&mode=tme (Caused by NameResolutionError("<urllib3.connection.HTTPSConnection object at 0x000002634073C390>: Failed to resolve 't.me' ([Errno 11001] getaddrinfo failed)"))
HTTPSConnectionPool(host='t.me', port=443): Max retries exceeded with url: /amtmedyaduyuru/2?embed=1&mode=tme (Caused by NameResolutionError("<urllib3.connection.HTTPSConnection object at 0x0000026340825610>: Failed to resolve 't.me' ([Errno 11001] getaddrinfo failed)"))
HTTPSConnectionPool(host='t.me', port=443): Max retries exceeded with url: /amtmedyaduyuru/2?embed=1&mode=tme (Caused by NameResolutionError("<urllib3.connection.HTTPSConnection object at 0x0000026340B513D0>: Failed to resolve 't.me' ([Errno 11001] getaddrinfo failed)"))
HTTPSConnectionPool(host='t.me', port=443): Max retries exceeded with url: /amtmedyaduyuru/2?embed=1&mode=tme (Caused by NameResolutionError("<urllib3.connection.HTTPSConnection object at 0x000002633E3584D0>: Failed to resolve 't.me' ([Errno 11001] getaddrinfo failed)"))
HTTPSConnectionPool(host='t.me', port=443): Max retries exceeded with url: /amtmedyaduyuru/2?embed=1&mode=tme (Caused by NameResolutionError("<urllib3.connection.HTTPSConnection object at 0x00000263410C0150>: Failed to resolve 't.me' ([Errno 11001] getaddrinfo failed)"))
HTTPSConnectionPool(host='t.me', port=443): Max retries exceeded with url: /amtmedyaduyuru/2?embed=1&mode=tme (Caused by NameResolutionError("<urllib3.connection.HTTPSConnection object at 0x0000026340A05D10>: Failed to resolve 't.me' ([Errno 11001] getaddrinfo failed)"))
HTTPSConnectionPool(host='t.me', port=443): Max retries exceeded with url: /amtmedyaduyuru/2?embed=1&mode=tme (Caused by NameResolutionError("<urllib3.connection.HTTPSConnection object at 0x00000263410CB790>: Failed to resolve 't.me' ([Errno 11001] getaddrinfo failed)"))
HTTPSConnectionPool(host='t.me', port=443): Max retries exceeded with url: /amtmedyaduyuru/2?embed=1&mode=tme (Caused by NameResolutionError("<urllib3.connection.HTTPSConnection object at 0x00000263410C1690>: Failed to resolve 't.me' ([Errno 11001] getaddrinfo failed)"))
HTTPSConnectionPool(host='t.me', port=443): Max retries exceeded with url: /amtmedyaduyuru/2?embed=1&mode=tme (Caused by NameResolutionError("<urllib3.connection.HTTPSConnection object at 0x00000263410C1410>: Failed to resolve 't.me' ([Errno 11001] getaddrinfo failed)"))
HTTPSConnectionPool(host='t.me', port=443): Max retries exceeded with url: /amtmedyaduyuru/2?embed=1&mode=tme (Caused by NameResolutionError("<urllib3.connection.HTTPSConnection object at 0x000002634106E8D0>: Failed to resolve 't.me' ([Errno 11001] getaddrinfo failed)"))
HTTPSConnectionPool(host='t.me', port=443): Max retries exceeded with url: /amtmedyaduyuru/2?embed=1&mode=tme (Caused by NameResolutionError("<urllib3.connection.HTTPSConnection object at 0x0000026340F513D0>: Failed to resolve 't.me' ([Errno 11001] getaddrinfo failed)"))
HTTPSConnectionPool(host='t.me', port=443): Max retries exceeded with url: /amtmedyaduyuru/2?embed=1&mode=tme (Caused by NameResolutionError("<urllib3.connection.HTTPSConnection object at 0x00000263408C03D0>: Failed to resolve 't.me' ([Errno 11001] getaddrinfo failed)"))
HTTPSConnectionPool(host='t.me', port=443): Max retries exceeded with url: /amtmedyaduyuru/2?embed=1&mode=tme (Caused by NameResolutionError("<urllib3.connection.HTTPSConnection object at 0x0000026340E34C90>: Failed to resolve 't.me' ([Errno 11001] getaddrinfo failed)"))
HTTPSConnectionPool(host='t.me', port=443): Max retries exceeded with url: /amtmedyaduyuru/2?embed=1&mode=tme (Caused by NameResolutionError("<urllib3.connection.HTTPSConnection object at 0x000002634025C7D0>: Failed to resolve 't.me' ([Errno 11001] getaddrinfo failed)"))
HTTPSConnectionPool(host='t.me', port=443): Max retries exceeded with url: /amtmedyaduyuru/2?embed=1&mode=tme (Caused by NameResolutionError("<urllib3.connection.HTTPSConnection object at 0x00000263407A0650>: Failed to resolve 't.me' ([Errno 11001] getaddrinfo failed)"))
HTTPSConnectionPool(host='t.me', port=443): Max retries exceeded with url: /amtmedyaduyuru/2?embed=1&mode=tme (Caused by NameResolutionError("<urllib3.connection.HTTPSConnection object at 0x0000026340AA9150>: Failed to resolve 't.me' ([Errno 11001] getaddrinfo failed)"))
HTTPSConnectionPool(host='t.me', port=443): Max retries exceeded with url: /amtmedyaduyuru/2?embed=1&mode=tme (Caused by NameResolutionError("<urllib3.connection.HTTPSConnection object at 0x0000026340138050>: Failed to resolve 't.me' ([Errno 11001] getaddrinfo failed)"))
HTTPSConnectionPool(host='t.me', port=443): Max retries exceeded with url: /amtmedyaduyuru/2?embed=1&mode=tme (Caused by NameResolutionError("<urllib3.connection.HTTPSConnection object at 0x00000263410C3310>: Failed to resolve 't.me' ([Errno 11001] getaddrinfo failed)"))
HTTPSConnectionPool(host='t.me', port=443): Max retries exceeded with url: /amtmedyaduyuru/2?embed=1&mode=tme (Caused by NameResolutionError("<urllib3.connection.HTTPSConnection object at 0x00000263410C0A90>: Failed to resolve 't.me' ([Errno 11001] getaddrinfo failed)"))
HTTPSConnectionPool(host='t.me', port=443): Max retries exceeded with url: /amtmedyaduyuru/2?embed=1&mode=tme (Caused by NameResolutionError("<urllib3.connection.HTTPSConnection object at 0x000002633E0F6710>: Failed to resolve 't.me' ([Errno 11001] getaddrinfo failed)"))
HTTPSConnectionPool(host='t.me', port=443): Max retries exceeded with url: /amtmedyaduyuru/2?embed=1&mode=tme (Caused by NameResolutionError("<urllib3.connection.HTTPSConnection object at 0x00000263410AF150>: Failed to resolve 't.me' ([Errno 11001] getaddrinfo failed)"))
HTTPSConnectionPool(host='t.me', port=443): Max retries exceeded with url: /amtmedyaduyuru/2?embed=1&mode=tme (Caused by NameResolutionError("<urllib3.connection.HTTPSConnection object at 0x000002633FF03250>: Failed to resolve 't.me' ([Errno 11001] getaddrinfo failed)"))
HTTPSConnectionPool(host='t.me', port=443): Max retries exceeded with url: /amtmedyaduyuru/2?embed=1&mode=tme (Caused by NameResolutionError("<urllib3.connection.HTTPSConnection object at 0x0000026340E356D0>: Failed to resolve 't.me' ([Errno 11001] getaddrinfo failed)"))
HTTPSConnectionPool(host='t.me', port=443): Max retries exceeded with url: /amtmedyaduyuru/2?embed=1&mode=tme (Caused by NameResolutionError("<urllib3.connection.HTTPSConnection object at 0x000002633FB39A90>: Failed to resolve 't.me' ([Errno 11001] getaddrinfo failed)"))
HTTPSConnectionPool(host='t.me', port=443): Max retries exceeded with url: /amtmedyaduyuru/2?embed=1&mode=tme (Caused by NameResolutionError("<urllib3.connection.HTTPSConnection object at 0x00000263410E8650>: Failed to resolve 't.me' ([Errno 11001] getaddrinfo failed)"))
HTTPSConnectionPool(host='t.me', port=443): Max retries exceeded with url: /amtmedyaduyuru/2?embed=1&mode=tme (Caused by NameResolutionError("<urllib3.connection.HTTPSConnection object at 0x000002633DFB3510>: Failed to resolve 't.me' ([Errno 11001] getaddrinfo failed)"))
HTTPSConnectionPool(host='t.me', port=443): Max retries exceeded with url: /amtmedyaduyuru/2?embed=1&mode=tme (Caused by NameResolutionError("<urllib3.connection.HTTPSConnection object at 0x000002633C56C050>: Failed to resolve 't.me' ([Errno 11001] getaddrinfo failed)"))
HTTPSConnectionPool(host='t.me', port=443): Max retries exceeded with url: /amtmedyaduyuru/2?embed=1&mode=tme (Caused by NameResolutionError("<urllib3.connection.HTTPSConnection object at 0x0000026340AA9650>: Failed to resolve 't.me' ([Errno 11001] getaddrinfo failed)"))
HTTPSConnectionPool(host='t.me', port=443): Max retries exceeded with url: /amtmedyaduyuru/2?embed=1&mode=tme (Caused by NameResolutionError("<urllib3.connection.HTTPSConnection object at 0x0000026340C9F450>: Failed to resolve 't.me' ([Errno 11001] getaddrinfo failed)"))
HTTPSConnectionPool(host='t.me', port=443): Max retries exceeded with url: /amtmedyaduyuru/2?embed=1&mode=tme (Caused by NameResolutionError("<urllib3.connection.HTTPSConnection object at 0x00000263409B7BD0>: Failed to resolve 't.me' ([Errno 11001] getaddrinfo failed)"))
HTTPSConnectionPool(host='t.me', port=443): Max retries exceeded with url: /amtmedyaduyuru/2?embed=1&mode=tme (Caused by NameResolutionError("<urllib3.connection.HTTPSConnection object at 0x0000026340909350>: Failed to resolve 't.me' ([Errno 11001] getaddrinfo failed)"))
HTTPSConnectionPool(host='t.me', port=443): Max retries exceeded with url: /amtmedyaduyuru/2?embed=1&mode=tme (Caused by NameResolutionError("<urllib3.connection.HTTPSConnection object at 0x000002633FF53E50>: Failed to resolve 't.me' ([Errno 11001] getaddrinfo failed)"))
HTTPSConnectionPool(host='t.me', port=443): Max retries exceeded with url: /amtmedyaduyuru/2?embed=1&mode=tme (Caused by NameResolutionError("<urllib3.connection.HTTPSConnection object at 0x0000026340E37390>: Failed to resolve 't.me' ([Errno 11001] getaddrinfo failed)"))
HTTPSConnectionPool(host='t.me', port=443): Max retries exceeded with url: /amtmedyaduyuru/2?embed=1&mode=tme (Caused by NameResolutionError("<urllib3.connection.HTTPSConnection object at 0x0000026340F51D90>: Failed to resolve 't.me' ([Errno 11001] getaddrinfo failed)"))
HTTPSConnectionPool(host='t.me', port=443): Max retries exceeded with url: /amtmedyaduyuru/2?embed=1&mode=tme (Caused by NameResolutionError("<urllib3.connection.HTTPSConnection object at 0x0000026340F70210>: Failed to resolve 't.me' ([Errno 11001] getaddrinfo failed)"))
HTTPSConnectionPool(host='t.me', port=443): Max retries exceeded with url: /amtmedyaduyuru/2?embed=1&mode=tme (Caused by NameResolutionError("<urllib3.connection.HTTPSConnection object at 0x00000263408C61D0>: Failed to resolve 't.me' ([Errno 11001] getaddrinfo failed)"))
HTTPSConnectionPool(host='t.me', port=443): Max retries exceeded with url: /amtmedyaduyuru/2?embed=1&mode=tme (Caused by NameResolutionError("<urllib3.connection.HTTPSConnection object at 0x0000026340676390>: Failed to resolve 't.me' ([Errno 11001] getaddrinfo failed)"))
HTTPSConnectionPool(host='t.me', port=443): Max retries exceeded with url: /amtmedyaduyuru/2?embed=1&mode=tme (Caused by NameResolutionError("<urllib3.connection.HTTPSConnection object at 0x000002633FE9B890>: Failed to resolve 't.me' ([Errno 11001] getaddrinfo failed)"))
HTTPSConnectionPool(host='t.me', port=443): Max retries exceeded with url: /amtmedyaduyuru/2?embed=1&mode=tme (Caused by NameResolutionError("<urllib3.connection.HTTPSConnection object at 0x00000263400FF710>: Failed to resolve 't.me' ([Errno 11001] getaddrinfo failed)"))
HTTPSConnectionPool(host='t.me', port=443): Max retries exceeded with url: /amtmedyaduyuru/2?embed=1&mode=tme (Caused by NameResolutionError("<urllib3.connection.HTTPSConnection object at 0x00000263407A1A50>: Failed to resolve 't.me' ([Errno 11001] getaddrinfo failed)"))
HTTPSConnectionPool(host='t.me', port=443): Max retries exceeded with url: /amtmedyaduyuru/2?embed=1&mode=tme (Caused by NameResolutionError("<urllib3.connection.HTTPSConnection object at 0x000002633F9AB890>: Failed to resolve 't.me' ([Errno 11001] getaddrinfo failed)"))
HTTPSConnectionPool(host='t.me', port=443): Max retries exceeded with url: /amtmedyaduyuru/2?embed=1&mode=tme (Caused by NameResolutionError("<urllib3.connection.HTTPSConnection object at 0x00000263410C8C90>: Failed to resolve 't.me' ([Errno 11001] getaddrinfo failed)"))
HTTPSConnectionPool(host='t.me', port=443): Max retries exceeded with url: /amtmedyaduyuru/2?embed=1&mode=tme (Caused by NameResolutionError("<urllib3.connection.HTTPSConnection object at 0x00000263410C1590>: Failed to resolve 't.me' ([Errno 11001] getaddrinfo failed)"))
HTTPSConnectionPool(host='t.me', port=443): Max retries exceeded with url: /amtmedyaduyuru/2?embed=1&mode=tme (Caused by NameResolutionError("<urllib3.connection.HTTPSConnection object at 0x000002633E2F1550>: Failed to resolve 't.me' ([Errno 11001] getaddrinfo failed)"))
HTTPSConnectionPool(host='t.me', port=443): Max retries exceeded with url: /amtmedyaduyuru/2?embed=1&mode=tme (Caused by NameResolutionError("<urllib3.connection.HTTPSConnection object at 0x000002633B705410>: Failed to resolve 't.me' ([Errno 11001] getaddrinfo failed)"))
HTTPSConnectionPool(host='t.me', port=443): Max retries exceeded with url: /amtmedyaduyuru/2?embed=1&mode=tme (Caused by NameResolutionError("<urllib3.connection.HTTPSConnection object at 0x00000263410C8D10>: Failed to resolve 't.me' ([Errno 11001] getaddrinfo failed)"))
HTTPSConnectionPool(host='t.me', port=443): Max retries exceeded with url: /amtmedyaduyuru/2?embed=1&mode=tme (Caused by NameResolutionError("<urllib3.connection.HTTPSConnection object at 0x0000026340A58390>: Failed to resolve 't.me' ([Errno 11001] getaddrinfo failed)"))
HTTPSConnectionPool(host='t.me', port=443): Max retries exceeded with url: /amtmedyaduyuru/2?embed=1&mode=tme (Caused by NameResolutionError("<urllib3.connection.HTTPSConnection object at 0x00000263409A9C90>: Failed to resolve 't.me' ([Errno 11001] getaddrinfo failed)"))
HTTPSConnectionPool(host='t.me', port=443): Max retries exceeded with url: /amtmedyaduyuru/2?embed=1&mode=tme (Caused by NameResolutionError("<urllib3.connection.HTTPSConnection object at 0x0000026340128650>: Failed to resolve 't.me' ([Errno 11001] getaddrinfo failed)"))
HTTPSConnectionPool(host='t.me', port=443): Max retries exceeded with url: /amtmedyaduyuru/2?embed=1&mode=tme (Caused by NameResolutionError("<urllib3.connection.HTTPSConnection object at 0x000002633C47B510>: Failed to resolve 't.me' ([Errno 11001] getaddrinfo failed)"))
HTTPSConnectionPool(host='t.me', port=443): Max retries exceeded with url: /amtmedyaduyuru/2?embed=1&mode=tme (Caused by NameResolutionError("<urllib3.connection.HTTPSConnection object at 0x00000263365CAC10>: Failed to resolve 't.me' ([Errno 11001] getaddrinfo failed)"))
HTTPSConnectionPool(host='t.me', port=443): Max retries exceeded with url: /amtmedyaduyuru/2?embed=1&mode=tme (Caused by NameResolutionError("<urllib3.connection.HTTPSConnection object at 0x00000263402A6710>: Failed to resolve 't.me' ([Errno 11001] getaddrinfo failed)"))
HTTPSConnectionPool(host='t.me', port=443): Max retries exceeded with url: /amtmedyaduyuru/2?embed=1&mode=tme (Caused by NameResolutionError("<urllib3.connection.HTTPSConnection object at 0x0000026340908890>: Failed to resolve 't.me' ([Errno 11001] getaddrinfo failed)"))
HTTPSConnectionPool(host='t.me', port=443): Max retries exceeded with url: /amtmedyaduyuru/2?embed=1&mode=tme (Caused by NameResolutionError("<urllib3.connection.HTTPSConnection object at 0x0000026340E34BD0>: Failed to resolve 't.me' ([Errno 11001] getaddrinfo failed)"))
HTTPSConnectionPool(host='t.me', port=443): Max retries exceeded with url: /amtmedyaduyuru/2?embed=1&mode=tme (Caused by NameResolutionError("<urllib3.connection.HTTPSConnection object at 0x000002634049A250>: Failed to resolve 't.me' ([Errno 11001] getaddrinfo failed)"))
HTTPSConnectionPool(host='t.me', port=443): Max retries exceeded with url: /amtmedyaduyuru/2?embed=1&mode=tme (Caused by NameResolutionError("<urllib3.connection.HTTPSConnection object at 0x000002633FF00310>: Failed to resolve 't.me' ([Errno 11001] getaddrinfo failed)"))
HTTPSConnectionPool(host='t.me', port=443): Max retries exceeded with url: /amtmedyaduyuru/2?embed=1&mode=tme (Caused by NameResolutionError("<urllib3.connection.HTTPSConnection object at 0x0000026340755C90>: Failed to resolve 't.me' ([Errno 11001] getaddrinfo failed)"))
HTTPSConnectionPool(host='t.me', port=443): Max retries exceeded with url: /amtmedyaduyuru/2?embed=1&mode=tme (Caused by NameResolutionError("<urllib3.connection.HTTPSConnection object at 0x000002633A966890>: Failed to resolve 't.me' ([Errno 11001] getaddrinfo failed)"))
HTTPSConnectionPool(host='t.me', port=443): Max retries exceeded with url: /amtmedyaduyuru/2?embed=1&mode=tme (Caused by NameResolutionError("<urllib3.connection.HTTPSConnection object at 0x000002634023CF10>: Failed to resolve 't.me' ([Errno 11001] getaddrinfo failed)"))
HTTPSConnectionPool(host='t.me', port=443): Max retries exceeded with url: /amtmedyaduyuru/2?embed=1&mode=tme (Caused by NameResolutionError("<urllib3.connection.HTTPSConnection object at 0x00000263406771D0>: Failed to resolve 't.me' ([Errno 11001] getaddrinfo failed)"))
HTTPSConnectionPool(host='t.me', port=443): Max retries exceeded with url: /amtmedyaduyuru/2?embed=1&mode=tme (Caused by NameResolutionError("<urllib3.connection.HTTPSConnection object at 0x000002633CFBCD90>: Failed to resolve 't.me' ([Errno 11001] getaddrinfo failed)"))
HTTPSConnectionPool(host='t.me', port=443): Max retries exceeded with url: /amtmedyaduyuru/2?embed=1&mode=tme (Caused by NameResolutionError("<urllib3.connection.HTTPSConnection object at 0x0000026340E36850>: Failed to resolve 't.me' ([Errno 11001] getaddrinfo failed)"))
HTTPSConnectionPool(host='t.me', port=443): Max retries exceeded with url: /amtmedyaduyuru/2?embed=1&mode=tme (Caused by NameResolutionError("<urllib3.connection.HTTPSConnection object at 0x00000263402A4490>: Failed to resolve 't.me' ([Errno 11001] getaddrinfo failed)"))
HTTPSConnectionPool(host='t.me', port=443): Max retries exceeded with url: /amtmedyaduyuru/2?embed=1&mode=tme (Caused by NameResolutionError("<urllib3.connection.HTTPSConnection object at 0x000002633AC3A310>: Failed to resolve 't.me' ([Errno 11001] getaddrinfo failed)"))
HTTPSConnectionPool(host='t.me', port=443): Max retries exceeded with url: /amtmedyaduyuru/2?embed=1&mode=tme (Caused by NameResolutionError("<urllib3.connection.HTTPSConnection object at 0x000002633BB11950>: Failed to resolve 't.me' ([Errno 11001] getaddrinfo failed)"))
HTTPSConnectionPool(host='t.me', port=443): Max retries exceeded with url: /amtmedyaduyuru/2?embed=1&mode=tme (Caused by NameResolutionError("<urllib3.connection.HTTPSConnection object at 0x00000263390AD2D0>: Failed to resolve 't.me' ([Errno 11001] getaddrinfo failed)"))
HTTPSConnectionPool(host='t.me', port=443): Max retries exceeded with url: /amtmedyaduyuru/2?embed=1&mode=tme (Caused by NameResolutionError("<urllib3.connection.HTTPSConnection object at 0x00000263410C1E10>: Failed to resolve 't.me' ([Errno 11001] getaddrinfo failed)"))
HTTPSConnectionPool(host='t.me', port=443): Max retries exceeded with url: /amtmedyaduyuru/2?embed=1&mode=tme (Caused by NameResolutionError("<urllib3.connection.HTTPSConnection object at 0x00000263409C1310>: Failed to resolve 't.me' ([Errno 11001] getaddrinfo failed)"))
HTTPSConnectionPool(host='t.me', port=443): Max retries exceeded with url: /amtmedyaduyuru/2?embed=1&mode=tme (Caused by NameResolutionError("<urllib3.connection.HTTPSConnection object at 0x000002634085CE50>: Failed to resolve 't.me' ([Errno 11001] getaddrinfo failed)"))
HTTPSConnectionPool(host='t.me', port=443): Max retries exceeded with url: /amtmedyaduyuru/2?embed=1&mode=tme (Caused by NameResolutionError("<urllib3.connection.HTTPSConnection object at 0x000002633C3B9C50>: Failed to resolve 't.me' ([Errno 11001] getaddrinfo failed)"))
HTTPSConnectionPool(host='t.me', port=443): Max retries exceeded with url: /amtmedyaduyuru/2?embed=1&mode=tme (Caused by NameResolutionError("<urllib3.connection.HTTPSConnection object at 0x0000026340B2F790>: Failed to resolve 't.me' ([Errno 11001] getaddrinfo failed)"))
HTTPSConnectionPool(host='t.me', port=443): Max retries exceeded with url: /amtmedyaduyuru/2?embed=1&mode=tme (Caused by NameResolutionError("<urllib3.connection.HTTPSConnection object at 0x00000263410C1E90>: Failed to resolve 't.me' ([Errno 11001] getaddrinfo failed)"))
HTTPSConnectionPool(host='t.me', port=443): Max retries exceeded with url: /amtmedyaduyuru/2?embed=1&mode=tme (Caused by NameResolutionError("<urllib3.connection.HTTPSConnection object at 0x00000263402CE5D0>: Failed to resolve 't.me' ([Errno 11001] getaddrinfo failed)"))
HTTPSConnectionPool(host='t.me', port=443): Max retries exceeded with url: /amtmedyaduyuru/2?embed=1&mode=tme (Caused by NameResolutionError("<urllib3.connection.HTTPSConnection object at 0x000002633FB45E90>: Failed to resolve 't.me' ([Errno 11001] getaddrinfo failed)"))
HTTPSConnectionPool(host='t.me', port=443): Max retries exceeded with url: /amtmedyaduyuru/2?embed=1&mode=tme (Caused by NameResolutionError("<urllib3.connection.HTTPSConnection object at 0x000002633FDCFFD0>: Failed to resolve 't.me' ([Errno 11001] getaddrinfo failed)"))
HTTPSConnectionPool(host='t.me', port=443): Max retries exceeded with url: /amtmedyaduyuru/2?embed=1&mode=tme (Caused by NameResolutionError("<urllib3.connection.HTTPSConnection object at 0x0000026340713E10>: Failed to resolve 't.me' ([Errno 11001] getaddrinfo failed)"))
HTTPSConnectionPool(host='t.me', port=443): Max retries exceeded with url: /amtmedyaduyuru/2?embed=1&mode=tme (Caused by NameResolutionError("<urllib3.connection.HTTPSConnection object at 0x0000026340CA0D10>: Failed to resolve 't.me' ([Errno 11001] getaddrinfo failed)"))
HTTPSConnectionPool(host='t.me', port=443): Max retries exceeded with url: /amtmedyaduyuru/2?embed=1&mode=tme (Caused by NameResolutionError("<urllib3.connection.HTTPSConnection object at 0x000002633FC94B90>: Failed to resolve 't.me' ([Errno 11001] getaddrinfo failed)"))
HTTPSConnectionPool(host='t.me', port=443): Max retries exceeded with url: /amtmedyaduyuru/2?embed=1&mode=tme (Caused by NameResolutionError("<urllib3.connection.HTTPSConnection object at 0x0000026340F735D0>: Failed to resolve 't.me' ([Errno 11001] getaddrinfo failed)"))
HTTPSConnectionPool(host='t.me', port=443): Max retries exceeded with url: /amtmedyaduyuru/2?embed=1&mode=tme (Caused by NameResolutionError("<urllib3.connection.HTTPSConnection object at 0x000002633FA3D090>: Failed to resolve 't.me' ([Errno 11001] getaddrinfo failed)"))
HTTPSConnectionPool(host='t.me', port=443): Max retries exceeded with url: /amtmedyaduyuru/2?embed=1&mode=tme (Caused by NameResolutionError("<urllib3.connection.HTTPSConnection object at 0x0000026340F5D650>: Failed to resolve 't.me' ([Errno 11001] getaddrinfo failed)"))
HTTPSConnectionPool(host='t.me', port=443): Max retries exceeded with url: /amtmedyaduyuru/2?embed=1&mode=tme (Caused by NameResolutionError("<urllib3.connection.HTTPSConnection object at 0x000002633F7CF390>: Failed to resolve 't.me' ([Errno 11001] getaddrinfo failed)"))
HTTPSConnectionPool(host='t.me', port=443): Max retries exceeded with url: /amtmedyaduyuru/2?embed=1&mode=tme (Caused by NameResolutionError("<urllib3.connection.HTTPSConnection object at 0x0000026340776B10>: Failed to resolve 't.me' ([Errno 11001] getaddrinfo failed)"))
HTTPSConnectionPool(host='t.me', port=443): Max retries exceeded with url: /amtmedyaduyuru/2?embed=1&mode=tme (Caused by NameResolutionError("<urllib3.connection.HTTPSConnection object at 0x000002633F7F8E90>: Failed to resolve 't.me' ([Errno 11001] getaddrinfo failed)"))
HTTPSConnectionPool(host='t.me', port=443): Max retries exceeded with url: /amtmedyaduyuru/2?embed=1&mode=tme (Caused by NameResolutionError("<urllib3.connection.HTTPSConnection object at 0x000002633FDA3790>: Failed to resolve 't.me' ([Errno 11001] getaddrinfo failed)"))
HTTPSConnectionPool(host='t.me', port=443): Max retries exceeded with url: /amtmedyaduyuru/2?embed=1&mode=tme (Caused by NameResolutionError("<urllib3.connection.HTTPSConnection object at 0x00000263407F1790>: Failed to resolve 't.me' ([Errno 11001] getaddrinfo failed)"))
HTTPSConnectionPool(host='t.me', port=443): Max retries exceeded with url: /amtmedyaduyuru/2?embed=1&mode=tme (Caused by NameResolutionError("<urllib3.connection.HTTPSConnection object at 0x00000263408C55D0>: Failed to resolve 't.me' ([Errno 11001] getaddrinfo failed)"))
HTTPSConnectionPool(host='t.me', port=443): Max retries exceeded with url: /amtmedyaduyuru/2?embed=1&mode=tme (Caused by NameResolutionError("<urllib3.connection.HTTPSConnection object at 0x00000263404F7350>: Failed to resolve 't.me' ([Errno 11001] getaddrinfo failed)"))
HTTPSConnectionPool(host='t.me', port=443): Max retries exceeded with url: /amtmedyaduyuru/2?embed=1&mode=tme (Caused by NameResolutionError("<urllib3.connection.HTTPSConnection object at 0x000002633FBBF6D0>: Failed to resolve 't.me' ([Errno 11001] getaddrinfo failed)"))
HTTPSConnectionPool(host='t.me', port=443): Max retries exceeded with url: /amtmedyaduyuru/2?embed=1&mode=tme (Caused by NameResolutionError("<urllib3.connection.HTTPSConnection object at 0x0000026340DFCDD0>: Failed to resolve 't.me' ([Errno 11001] getaddrinfo failed)"))
HTTPSConnectionPool(host='t.me', port=443): Max retries exceeded with url: /amtmedyaduyuru/2?embed=1&mode=tme (Caused by NameResolutionError("<urllib3.connection.HTTPSConnection object at 0x0000026340665D10>: Failed to resolve 't.me' ([Errno 11001] getaddrinfo failed)"))
HTTPSConnectionPool(host='t.me', port=443): Max retries exceeded with url: /amtmedyaduyuru/2?embed=1&mode=tme (Caused by NameResolutionError("<urllib3.connection.HTTPSConnection object at 0x000002633C486F90>: Failed to resolve 't.me' ([Errno 11001] getaddrinfo failed)"))
HTTPSConnectionPool(host='t.me', port=443): Max retries exceeded with url: /amtmedyaduyuru/2?embed=1&mode=tme (Caused by NameResolutionError("<urllib3.connection.HTTPSConnection object at 0x000002633E1587D0>: Failed to resolve 't.me' ([Errno 11001] getaddrinfo failed)"))
HTTPSConnectionPool(host='t.me', port=443): Max retries exceeded with url: /amtmedyaduyuru/2?embed=1&mode=tme (Caused by NameResolutionError("<urllib3.connection.HTTPSConnection object at 0x00000263410E9F90>: Failed to resolve 't.me' ([Errno 11001] getaddrinfo failed)"))
HTTPSConnectionPool(host='t.me', port=443): Max retries exceeded with url: /amtmedyaduyuru/2?embed=1&mode=tme (Caused by NameResolutionError("<urllib3.connection.HTTPSConnection object at 0x0000026340CA0D10>: Failed to resolve 't.me' ([Errno 11001] getaddrinfo failed)"))
HTTPSConnectionPool(host='t.me', port=443): Max retries exceeded with url: /amtmedyaduyuru/2?embed=1&mode=tme (Caused by NameResolutionError("<urllib3.connection.HTTPSConnection object at 0x000002633F90B0D0>: Failed to resolve 't.me' ([Errno 11001] getaddrinfo failed)"))
HTTPSConnectionPool(host='t.me', port=443): Max retries exceeded with url: /amtmedyaduyuru/2?embed=1&mode=tme (Caused by NameResolutionError("<urllib3.connection.HTTPSConnection object at 0x0000026340DFE290>: Failed to resolve 't.me' ([Errno 11001] getaddrinfo failed)"))
HTTPSConnectionPool(host='t.me', port=443): Max retries exceeded with url: /amtmedyaduyuru/2?embed=1&mode=tme (Caused by NameResolutionError("<urllib3.connection.HTTPSConnection object at 0x0000026340F72E90>: Failed to resolve 't.me' ([Errno 11001] getaddrinfo failed)"))
HTTPSConnectionPool(host='t.me', port=443): Max retries exceeded with url: /amtmedyaduyuru/2?embed=1&mode=tme (Caused by NameResolutionError("<urllib3.connection.HTTPSConnection object at 0x000002633C584DD0>: Failed to resolve 't.me' ([Errno 11001] getaddrinfo failed)"))
HTTPSConnectionPool(host='t.me', port=443): Max retries exceeded with url: /amtmedyaduyuru/2?embed=1&mode=tme (Caused by NameResolutionError("<urllib3.connection.HTTPSConnection object at 0x000002633FE9AE10>: Failed to resolve 't.me' ([Errno 11001] getaddrinfo failed)"))
HTTPSConnectionPool(host='t.me', port=443): Max retries exceeded with url: /amtmedyaduyuru/2?embed=1&mode=tme (Caused by NameResolutionError("<urllib3.connection.HTTPSConnection object at 0x000002633FEEAAD0>: Failed to resolve 't.me' ([Errno 11001] getaddrinfo failed)"))
HTTPSConnectionPool(host='t.me', port=443): Max retries exceeded with url: /amtmedyaduyuru/2?embed=1&mode=tme (Caused by NameResolutionError("<urllib3.connection.HTTPSConnection object at 0x00000263365DCFD0>: Failed to resolve 't.me' ([Errno 11001] getaddrinfo failed)"))
HTTPSConnectionPool(host='t.me', port=443): Max retries exceeded with url: /amtmedyaduyuru/2?embed=1&mode=tme (Caused by NameResolutionError("<urllib3.connection.HTTPSConnection object at 0x000002633FDF7190>: Failed to resolve 't.me' ([Errno 11001] getaddrinfo failed)"))
HTTPSConnectionPool(host='t.me', port=443): Max retries exceeded with url: /amtmedyaduyuru/2?embed=1&mode=tme (Caused by NameResolutionError("<urllib3.connection.HTTPSConnection object at 0x0000026340D07910>: Failed to resolve 't.me' ([Errno 11001] getaddrinfo failed)"))
HTTPSConnectionPool(host='t.me', port=443): Max retries exceeded with url: /amtmedyaduyuru/2?embed=1&mode=tme (Caused by NameResolutionError("<urllib3.connection.HTTPSConnection object at 0x00000263410D9250>: Failed to resolve 't.me' ([Errno 11001] getaddrinfo failed)"))
HTTPSConnectionPool(host='t.me', port=443): Max retries exceeded with url: /amtmedyaduyuru/2?embed=1&mode=tme (Caused by NameResolutionError("<urllib3.connection.HTTPSConnection object at 0x0000026340F734D0>: Failed to resolve 't.me' ([Errno 11001] getaddrinfo failed)"))
HTTPSConnectionPool(host='t.me', port=443): Max retries exceeded with url: /amtmedyaduyuru/2?embed=1&mode=tme (Caused by NameResolutionError("<urllib3.connection.HTTPSConnection object at 0x0000026340F70650>: Failed to resolve 't.me' ([Errno 11001] getaddrinfo failed)"))
HTTPSConnectionPool(host='t.me', port=443): Max retries exceeded with url: /amtmedyaduyuru/2?embed=1&mode=tme (Caused by NameResolutionError("<urllib3.connection.HTTPSConnection object at 0x000002633C3EAA50>: Failed to resolve 't.me' ([Errno 11001] getaddrinfo failed)"))
HTTPSConnectionPool(host='t.me', port=443): Max retries exceeded with url: /amtmedyaduyuru/2?embed=1&mode=tme (Caused by NameResolutionError("<urllib3.connection.HTTPSConnection object at 0x0000026340CA0310>: Failed to resolve 't.me' ([Errno 11001] getaddrinfo failed)"))
HTTPSConnectionPool(host='t.me', port=443): Max retries exceeded with url: /amtmedyaduyuru/2?embed=1&mode=tme (Caused by NameResolutionError("<urllib3.connection.HTTPSConnection object at 0x000002633FFD0450>: Failed to resolve 't.me' ([Errno 11001] getaddrinfo failed)"))
HTTPSConnectionPool(host='t.me', port=443): Max retries exceeded with url: /amtmedyaduyuru/2?embed=1&mode=tme (Caused by NameResolutionError("<urllib3.connection.HTTPSConnection object at 0x00000263410D9750>: Failed to resolve 't.me' ([Errno 11001] getaddrinfo failed)"))
HTTPSConnectionPool(host='t.me', port=443): Max retries exceeded with url: /amtmedyaduyuru/2?embed=1&mode=tme (Caused by NameResolutionError("<urllib3.connection.HTTPSConnection object at 0x000002633CF68390>: Failed to resolve 't.me' ([Errno 11001] getaddrinfo failed)"))
HTTPSConnectionPool(host='t.me', port=443): Max retries exceeded with url: /amtmedyaduyuru/2?embed=1&mode=tme (Caused by NameResolutionError("<urllib3.connection.HTTPSConnection object at 0x000002633E01FE10>: Failed to resolve 't.me' ([Errno 11001] getaddrinfo failed)"))
HTTPSConnectionPool(host='t.me', port=443): Max retries exceeded with url: /amtmedyaduyuru/2?embed=1&mode=tme (Caused by NameResolutionError("<urllib3.connection.HTTPSConnection object at 0x00000263408C4A50>: Failed to resolve 't.me' ([Errno 11001] getaddrinfo failed)"))
HTTPSConnectionPool(host='t.me', port=443): Max retries exceeded with url: /amtmedyaduyuru/2?embed=1&mode=tme (Caused by NameResolutionError("<urllib3.connection.HTTPSConnection object at 0x000002633E159790>: Failed to resolve 't.me' ([Errno 11001] getaddrinfo failed)"))
HTTPSConnectionPool(host='t.me', port=443): Max retries exceeded with url: /amtmedyaduyuru/2?embed=1&mode=tme (Caused by NameResolutionError("<urllib3.connection.HTTPSConnection object at 0x0000026340399A90>: Failed to resolve 't.me' ([Errno 11001] getaddrinfo failed)"))
HTTPSConnectionPool(host='t.me', port=443): Max retries exceeded with url: /amtmedyaduyuru/2?embed=1&mode=tme (Caused by NameResolutionError("<urllib3.connection.HTTPSConnection object at 0x0000026340F70490>: Failed to resolve 't.me' ([Errno 11001] getaddrinfo failed)"))
HTTPSConnectionPool(host='t.me', port=443): Max retries exceeded with url: /amtmedyaduyuru/2?embed=1&mode=tme (Caused by NameResolutionError("<urllib3.connection.HTTPSConnection object at 0x000002633E143090>: Failed to resolve 't.me' ([Errno 11001] getaddrinfo failed)"))
HTTPSConnectionPool(host='t.me', port=443): Max retries exceeded with url: /amtmedyaduyuru/2?embed=1&mode=tme (Caused by NameResolutionError("<urllib3.connection.HTTPSConnection object at 0x00000263406DEC10>: Failed to resolve 't.me' ([Errno 11001] getaddrinfo failed)"))
HTTPSConnectionPool(host='t.me', port=443): Max retries exceeded with url: /amtmedyaduyuru/2?embed=1&mode=tme (Caused by NameResolutionError("<urllib3.connection.HTTPSConnection object at 0x0000026340D04690>: Failed to resolve 't.me' ([Errno 11001] getaddrinfo failed)"))
HTTPSConnectionPool(host='t.me', port=443): Max retries exceeded with url: /amtmedyaduyuru/2?embed=1&mode=tme (Caused by NameResolutionError("<urllib3.connection.HTTPSConnection object at 0x00000263410DACD0>: Failed to resolve 't.me' ([Errno 11001] getaddrinfo failed)"))
HTTPSConnectionPool(host='t.me', port=443): Max retries exceeded with url: /amtmedyaduyuru/2?embed=1&mode=tme (Caused by NameResolutionError("<urllib3.connection.HTTPSConnection object at 0x0000026340F70490>: Failed to resolve 't.me' ([Errno 11001] getaddrinfo failed)"))
HTTPSConnectionPool(host='t.me', port=443): Max retries exceeded with url: /amtmedyaduyuru/2?embed=1&mode=tme (Caused by NameResolutionError("<urllib3.connection.HTTPSConnection object at 0x0000026340CA3850>: Failed to resolve 't.me' ([Errno 11001] getaddrinfo failed)"))
HTTPSConnectionPool(host='t.me', port=443): Max retries exceeded with url: /amtmedyaduyuru/2?embed=1&mode=tme (Caused by NameResolutionError("<urllib3.connection.HTTPSConnection object at 0x000002633C3B9010>: Failed to resolve 't.me' ([Errno 11001] getaddrinfo failed)"))
HTTPSConnectionPool(host='t.me', port=443): Max retries exceeded with url: /amtmedyaduyuru/2?embed=1&mode=tme (Caused by NameResolutionError("<urllib3.connection.HTTPSConnection object at 0x000002633C3BB710>: Failed to resolve 't.me' ([Errno 11001] getaddrinfo failed)"))
HTTPSConnectionPool(host='t.me', port=443): Max retries exceeded with url: /amtmedyaduyuru/2?embed=1&mode=tme (Caused by NameResolutionError("<urllib3.connection.HTTPSConnection object at 0x0000026340F7EF50>: Failed to resolve 't.me' ([Errno 11001] getaddrinfo failed)"))
HTTPSConnectionPool(host='t.me', port=443): Max retries exceeded with url: /amtmedyaduyuru/2?embed=1&mode=tme (Caused by NameResolutionError("<urllib3.connection.HTTPSConnection object at 0x00000263372A3650>: Failed to resolve 't.me' ([Errno 11001] getaddrinfo failed)"))
HTTPSConnectionPool(host='t.me', port=443): Max retries exceeded with url: /amtmedyaduyuru/2?embed=1&mode=tme (Caused by NameResolutionError("<urllib3.connection.HTTPSConnection object at 0x000002634011D010>: Failed to resolve 't.me' ([Errno 11001] getaddrinfo failed)"))
HTTPSConnectionPool(host='t.me', port=443): Max retries exceeded with url: /amtmedyaduyuru/2?embed=1&mode=tme (Caused by NameResolutionError("<urllib3.connection.HTTPSConnection object at 0x0000026340F72A10>: Failed to resolve 't.me' ([Errno 11001] getaddrinfo failed)"))
HTTPSConnectionPool(host='t.me', port=443): Max retries exceeded with url: /amtmedyaduyuru/2?embed=1&mode=tme (Caused by NameResolutionError("<urllib3.connection.HTTPSConnection object at 0x00000263406DE050>: Failed to resolve 't.me' ([Errno 11001] getaddrinfo failed)"))
HTTPSConnectionPool(host='t.me', port=443): Max retries exceeded with url: /amtmedyaduyuru/2?embed=1&mode=tme (Caused by NameResolutionError("<urllib3.connection.HTTPSConnection object at 0x00000263407E3750>: Failed to resolve 't.me' ([Errno 11001] getaddrinfo failed)"))
HTTPSConnectionPool(host='t.me', port=443): Max retries exceeded with url: /amtmedyaduyuru/2?embed=1&mode=tme (Caused by NameResolutionError("<urllib3.connection.HTTPSConnection object at 0x000002634094C690>: Failed to resolve 't.me' ([Errno 11001] getaddrinfo failed)"))
HTTPSConnectionPool(host='t.me', port=443): Max retries exceeded with url: /amtmedyaduyuru/2?embed=1&mode=tme (Caused by NameResolutionError("<urllib3.connection.HTTPSConnection object at 0x000002634049AC10>: Failed to resolve 't.me' ([Errno 11001] getaddrinfo failed)"))
HTTPSConnectionPool(host='t.me', port=443): Max retries exceeded with url: /amtmedyaduyuru/2?embed=1&mode=tme (Caused by NameResolutionError("<urllib3.connection.HTTPSConnection object at 0x0000026340C51190>: Failed to resolve 't.me' ([Errno 11001] getaddrinfo failed)"))
HTTPSConnectionPool(host='t.me', port=443): Max retries exceeded with url: /amtmedyaduyuru/2?embed=1&mode=tme (Caused by NameResolutionError("<urllib3.connection.HTTPSConnection object at 0x000002634011EAD0>: Failed to resolve 't.me' ([Errno 11001] getaddrinfo failed)"))
HTTPSConnectionPool(host='t.me', port=443): Max retries exceeded with url: /amtmedyaduyuru/2?embed=1&mode=tme (Caused by NameResolutionError("<urllib3.connection.HTTPSConnection object at 0x0000026340D04AD0>: Failed to resolve 't.me' ([Errno 11001] getaddrinfo failed)"))
HTTPSConnectionPool(host='t.me', port=443): Max retries exceeded with url: /amtmedyaduyuru/2?embed=1&mode=tme (Caused by NameResolutionError("<urllib3.connection.HTTPSConnection object at 0x000002633FB8A410>: Failed to resolve 't.me' ([Errno 11001] getaddrinfo failed)"))
HTTPSConnectionPool(host='t.me', port=443): Max retries exceeded with url: /amtmedyaduyuru/2?embed=1&mode=tme (Caused by NameResolutionError("<urllib3.connection.HTTPSConnection object at 0x000002634090A990>: Failed to resolve 't.me' ([Errno 11001] getaddrinfo failed)"))
HTTPSConnectionPool(host='t.me', port=443): Max retries exceeded with url: /amtmedyaduyuru/2?embed=1&mode=tme (Caused by NameResolutionError("<urllib3.connection.HTTPSConnection object at 0x000002633BA8FD90>: Failed to resolve 't.me' ([Errno 11001] getaddrinfo failed)"))
HTTPSConnectionPool(host='t.me', port=443): Max retries exceeded with url: /amtmedyaduyuru/2?embed=1&mode=tme (Caused by NameResolutionError("<urllib3.connection.HTTPSConnection object at 0x0000026340F737D0>: Failed to resolve 't.me' ([Errno 11001] getaddrinfo failed)"))
HTTPSConnectionPool(host='t.me', port=443): Max retries exceeded with url: /amtmedyaduyuru/2?embed=1&mode=tme (Caused by NameResolutionError("<urllib3.connection.HTTPSConnection object at 0x000002633C3F5150>: Failed to resolve 't.me' ([Errno 11001] getaddrinfo failed)"))
HTTPSConnectionPool(host='t.me', port=443): Max retries exceeded with url: /amtmedyaduyuru/2?embed=1&mode=tme (Caused by NameResolutionError("<urllib3.connection.HTTPSConnection object at 0x0000026340BBF210>: Failed to resolve 't.me' ([Errno 11001] getaddrinfo failed)"))
HTTPSConnectionPool(host='t.me', port=443): Max retries exceeded with url: /amtmedyaduyuru/2?embed=1&mode=tme (Caused by NameResolutionError("<urllib3.connection.HTTPSConnection object at 0x000002633F909010>: Failed to resolve 't.me' ([Errno 11001] getaddrinfo failed)"))
HTTPSConnectionPool(host='t.me', port=443): Max retries exceeded with url: /amtmedyaduyuru/2?embed=1&mode=tme (Caused by NameResolutionError("<urllib3.connection.HTTPSConnection object at 0x000002634094C110>: Failed to resolve 't.me' ([Errno 11001] getaddrinfo failed)"))
HTTPSConnectionPool(host='t.me', port=443): Max retries exceeded with url: /amtmedyaduyuru/2?embed=1&mode=tme (Caused by NameResolutionError("<urllib3.connection.HTTPSConnection object at 0x0000026340285190>: Failed to resolve 't.me' ([Errno 11001] getaddrinfo failed)"))
HTTPSConnectionPool(host='t.me', port=443): Max retries exceeded with url: /amtmedyaduyuru/2?embed=1&mode=tme (Caused by NameResolutionError("<urllib3.connection.HTTPSConnection object at 0x00000263403E9B10>: Failed to resolve 't.me' ([Errno 11001] getaddrinfo failed)"))
HTTPSConnectionPool(host='t.me', port=443): Max retries exceeded with url: /amtmedyaduyuru/2?embed=1&mode=tme (Caused by NameResolutionError("<urllib3.connection.HTTPSConnection object at 0x000002633B7C33D0>: Failed to resolve 't.me' ([Errno 11001] getaddrinfo failed)"))
HTTPSConnectionPool(host='t.me', port=443): Max retries exceeded with url: /amtmedyaduyuru/2?embed=1&mode=tme (Caused by NameResolutionError("<urllib3.connection.HTTPSConnection object at 0x0000026340418DD0>: Failed to resolve 't.me' ([Errno 11001] getaddrinfo failed)"))
HTTPSConnectionPool(host='t.me', port=443): Max retries exceeded with url: /amtmedyaduyuru/2?embed=1&mode=tme (Caused by NameResolutionError("<urllib3.connection.HTTPSConnection object at 0x0000026340EFAC50>: Failed to resolve 't.me' ([Errno 11001] getaddrinfo failed)"))
HTTPSConnectionPool(host='t.me', port=443): Max retries exceeded with url: /amtmedyaduyuru/2?embed=1&mode=tme (Caused by NameResolutionError("<urllib3.connection.HTTPSConnection object at 0x000002633E351110>: Failed to resolve 't.me' ([Errno 11001] getaddrinfo failed)"))
HTTPSConnectionPool(host='t.me', port=443): Max retries exceeded with url: /amtmedyaduyuru/2?embed=1&mode=tme (Caused by NameResolutionError("<urllib3.connection.HTTPSConnection object at 0x000002633C6D4110>: Failed to resolve 't.me' ([Errno 11001] getaddrinfo failed)"))
HTTPSConnectionPool(host='t.me', port=443): Max retries exceeded with url: /amtmedyaduyuru/2?embed=1&mode=tme (Caused by NameResolutionError("<urllib3.connection.HTTPSConnection object at 0x0000026340587690>: Failed to resolve 't.me' ([Errno 11001] getaddrinfo failed)"))
HTTPSConnectionPool(host='t.me', port=443): Max retries exceeded with url: /amtmedyaduyuru/2?embed=1&mode=tme (Caused by NameResolutionError("<urllib3.connection.HTTPSConnection object at 0x0000026340B5F110>: Failed to resolve 't.me' ([Errno 11001] getaddrinfo failed)"))
HTTPSConnectionPool(host='t.me', port=443): Max retries exceeded with url: /amtmedyaduyuru/2?embed=1&mode=tme (Caused by NameResolutionError("<urllib3.connection.HTTPSConnection object at 0x000002633FE9BE10>: Failed to resolve 't.me' ([Errno 11001] getaddrinfo failed)"))
HTTPSConnectionPool(host='t.me', port=443): Max retries exceeded with url: /amtmedyaduyuru/2?embed=1&mode=tme (Caused by NameResolutionError("<urllib3.connection.HTTPSConnection object at 0x0000026340C9E3D0>: Failed to resolve 't.me' ([Errno 11001] getaddrinfo failed)"))
HTTPSConnectionPool(host='t.me', port=443): Max retries exceeded with url: /amtmedyaduyuru/2?embed=1&mode=tme (Caused by NameResolutionError("<urllib3.connection.HTTPSConnection object at 0x000002633E143090>: Failed to resolve 't.me' ([Errno 11001] getaddrinfo failed)"))
HTTPSConnectionPool(host='t.me', port=443): Max retries exceeded with url: /amtmedyaduyuru/2?embed=1&mode=tme (Caused by NameResolutionError("<urllib3.connection.HTTPSConnection object at 0x0000026340585ED0>: Failed to resolve 't.me' ([Errno 11001] getaddrinfo failed)"))
HTTPSConnectionPool(host='t.me', port=443): Max retries exceeded with url: /amtmedyaduyuru/2?embed=1&mode=tme (Caused by NameResolutionError("<urllib3.connection.HTTPSConnection object at 0x000002633C35D350>: Failed to resolve 't.me' ([Errno 11001] getaddrinfo failed)"))
HTTPSConnectionPool(host='t.me', port=443): Max retries exceeded with url: /amtmedyaduyuru/2?embed=1&mode=tme (Caused by NameResolutionError("<urllib3.connection.HTTPSConnection object at 0x000002634019D350>: Failed to resolve 't.me' ([Errno 11001] getaddrinfo failed)"))
HTTPSConnectionPool(host='t.me', port=443): Max retries exceeded with url: /amtmedyaduyuru/2?embed=1&mode=tme (Caused by NameResolutionError("<urllib3.connection.HTTPSConnection object at 0x000002634090B8D0>: Failed to resolve 't.me' ([Errno 11001] getaddrinfo failed)"))
HTTPSConnectionPool(host='t.me', port=443): Max retries exceeded with url: /amtmedyaduyuru/2?embed=1&mode=tme (Caused by NameResolutionError("<urllib3.connection.HTTPSConnection object at 0x00000263402ACC90>: Failed to resolve 't.me' ([Errno 11001] getaddrinfo failed)"))
HTTPSConnectionPool(host='t.me', port=443): Max retries exceeded with url: /amtmedyaduyuru/2?embed=1&mode=tme (Caused by NameResolutionError("<urllib3.connection.HTTPSConnection object at 0x000002633C2C7D50>: Failed to resolve 't.me' ([Errno 11001] getaddrinfo failed)"))
HTTPSConnectionPool(host='t.me', port=443): Max retries exceeded with url: /amtmedyaduyuru/2?embed=1&mode=tme (Caused by NameResolutionError("<urllib3.connection.HTTPSConnection object at 0x00000263407AFA50>: Failed to resolve 't.me' ([Errno 11001] getaddrinfo failed)"))
HTTPSConnectionPool(host='t.me', port=443): Max retries exceeded with url: /amtmedyaduyuru/2?embed=1&mode=tme (Caused by NameResolutionError("<urllib3.connection.HTTPSConnection object at 0x000002633F7F9DD0>: Failed to resolve 't.me' ([Errno 11001] getaddrinfo failed)"))
HTTPSConnectionPool(host='t.me', port=443): Max retries exceeded with url: /amtmedyaduyuru/2?embed=1&mode=tme (Caused by NameResolutionError("<urllib3.connection.HTTPSConnection object at 0x00000263402E6250>: Failed to resolve 't.me' ([Errno 11001] getaddrinfo failed)"))
HTTPSConnectionPool(host='t.me', port=443): Max retries exceeded with url: /amtmedyaduyuru/2?embed=1&mode=tme (Caused by NameResolutionError("<urllib3.connection.HTTPSConnection object at 0x0000026340B5EA50>: Failed to resolve 't.me' ([Errno 11001] getaddrinfo failed)"))
HTTPSConnectionPool(host='t.me', port=443): Max retries exceeded with url: /amtmedyaduyuru/2?embed=1&mode=tme (Caused by NameResolutionError("<urllib3.connection.HTTPSConnection object at 0x000002634090B8D0>: Failed to resolve 't.me' ([Errno 11001] getaddrinfo failed)"))
HTTPSConnectionPool(host='t.me', port=443): Max retries exceeded with url: /amtmedyaduyuru/2?embed=1&mode=tme (Caused by NameResolutionError("<urllib3.connection.HTTPSConnection object at 0x000002634079B510>: Failed to resolve 't.me' ([Errno 11001] getaddrinfo failed)"))
HTTPSConnectionPool(host='t.me', port=443): Max retries exceeded with url: /amtmedyaduyuru/2?embed=1&mode=tme (Caused by NameResolutionError("<urllib3.connection.HTTPSConnection object at 0x0000026340F7C610>: Failed to resolve 't.me' ([Errno 11001] getaddrinfo failed)"))
HTTPSConnectionPool(host='t.me', port=443): Max retries exceeded with url: /amtmedyaduyuru/2?embed=1&mode=tme (Caused by NameResolutionError("<urllib3.connection.HTTPSConnection object at 0x000002633F90A350>: Failed to resolve 't.me' ([Errno 11001] getaddrinfo failed)"))
HTTPSConnectionPool(host='t.me', port=443): Max retries exceeded with url: /amtmedyaduyuru/2?embed=1&mode=tme (Caused by NameResolutionError("<urllib3.connection.HTTPSConnection object at 0x0000026340F2F2D0>: Failed to resolve 't.me' ([Errno 11001] getaddrinfo failed)"))
HTTPSConnectionPool(host='t.me', port=443): Max retries exceeded with url: /amtmedyaduyuru/2?embed=1&mode=tme (Caused by NameResolutionError("<urllib3.connection.HTTPSConnection object at 0x000002634090A990>: Failed to resolve 't.me' ([Errno 11001] getaddrinfo failed)"))
HTTPSConnectionPool(host='t.me', port=443): Max retries exceeded with url: /amtmedyaduyuru/2?embed=1&mode=tme (Caused by NameResolutionError("<urllib3.connection.HTTPSConnection object at 0x0000026340BC4590>: Failed to resolve 't.me' ([Errno 11001] getaddrinfo failed)"))
HTTPSConnectionPool(host='t.me', port=443): Max retries exceeded with url: /amtmedyaduyuru/2?embed=1&mode=tme (Caused by NameResolutionError("<urllib3.connection.HTTPSConnection object at 0x0000026336617590>: Failed to resolve 't.me' ([Errno 11001] getaddrinfo failed)"))
HTTPSConnectionPool(host='t.me', port=443): Max retries exceeded with url: /amtmedyaduyuru/2?embed=1&mode=tme (Caused by NameResolutionError("<urllib3.connection.HTTPSConnection object at 0x0000026338EE4C90>: Failed to resolve 't.me' ([Errno 11001] getaddrinfo failed)"))
HTTPSConnectionPool(host='t.me', port=443): Max retries exceeded with url: /amtmedyaduyuru/2?embed=1&mode=tme (Caused by NameResolutionError("<urllib3.connection.HTTPSConnection object at 0x00000263403E9D10>: Failed to resolve 't.me' ([Errno 11001] getaddrinfo failed)"))
HTTPSConnectionPool(host='t.me', port=443): Max retries exceeded with url: /amtmedyaduyuru/2?embed=1&mode=tme (Caused by NameResolutionError("<urllib3.connection.HTTPSConnection object at 0x0000026340BBD790>: Failed to resolve 't.me' ([Errno 11001] getaddrinfo failed)"))
HTTPSConnectionPool(host='t.me', port=443): Max retries exceeded with url: /amtmedyaduyuru/2?embed=1&mode=tme (Caused by NameResolutionError("<urllib3.connection.HTTPSConnection object at 0x000002633FF51850>: Failed to resolve 't.me' ([Errno 11001] getaddrinfo failed)"))
HTTPSConnectionPool(host='t.me', port=443): Max retries exceeded with url: /amtmedyaduyuru/2?embed=1&mode=tme (Caused by NameResolutionError("<urllib3.connection.HTTPSConnection object at 0x00000263408801D0>: Failed to resolve 't.me' ([Errno 11001] getaddrinfo failed)"))
HTTPSConnectionPool(host='t.me', port=443): Max retries exceeded with url: /amtmedyaduyuru/2?embed=1&mode=tme (Caused by NameResolutionError("<urllib3.connection.HTTPSConnection object at 0x000002633F822950>: Failed to resolve 't.me' ([Errno 11001] getaddrinfo failed)"))
HTTPSConnectionPool(host='t.me', port=443): Max retries exceeded with url: /amtmedyaduyuru/2?embed=1&mode=tme (Caused by NameResolutionError("<urllib3.connection.HTTPSConnection object at 0x0000026340F7D250>: Failed to resolve 't.me' ([Errno 11001] getaddrinfo failed)"))
HTTPSConnectionPool(host='t.me', port=443): Max retries exceeded with url: /amtmedyaduyuru/2?embed=1&mode=tme (Caused by NameResolutionError("<urllib3.connection.HTTPSConnection object at 0x000002633B9B2A90>: Failed to resolve 't.me' ([Errno 11001] getaddrinfo failed)"))
HTTPSConnectionPool(host='t.me', port=443): Max retries exceeded with url: /amtmedyaduyuru/2?embed=1&mode=tme (Caused by NameResolutionError("<urllib3.connection.HTTPSConnection object at 0x00000263402CCE50>: Failed to resolve 't.me' ([Errno 11001] getaddrinfo failed)"))
HTTPSConnectionPool(host='t.me', port=443): Max retries exceeded with url: /amtmedyaduyuru/2?embed=1&mode=tme (Caused by NameResolutionError("<urllib3.connection.HTTPSConnection object at 0x0000026340881C50>: Failed to resolve 't.me' ([Errno 11001] getaddrinfo failed)"))
HTTPSConnectionPool(host='t.me', port=443): Max retries exceeded with url: /amtmedyaduyuru/2?embed=1&mode=tme (Caused by NameResolutionError("<urllib3.connection.HTTPSConnection object at 0x000002633E0F0A90>: Failed to resolve 't.me' ([Errno 11001] getaddrinfo failed)"))
HTTPSConnectionPool(host='t.me', port=443): Max retries exceeded with url: /amtmedyaduyuru/2?embed=1&mode=tme (Caused by NameResolutionError("<urllib3.connection.HTTPSConnection object at 0x000002633C585F10>: Failed to resolve 't.me' ([Errno 11001] getaddrinfo failed)"))
HTTPSConnectionPool(host='t.me', port=443): Max retries exceeded with url: /amtmedyaduyuru/2?embed=1&mode=tme (Caused by NameResolutionError("<urllib3.connection.HTTPSConnection object at 0x000002633666EFD0>: Failed to resolve 't.me' ([Errno 11001] getaddrinfo failed)"))
HTTPSConnectionPool(host='t.me', port=443): Max retries exceeded with url: /amtmedyaduyuru/2?embed=1&mode=tme (Caused by NameResolutionError("<urllib3.connection.HTTPSConnection object at 0x0000026340CF4110>: Failed to resolve 't.me' ([Errno 11001] getaddrinfo failed)"))
HTTPSConnectionPool(host='t.me', port=443): Max retries exceeded with url: /amtmedyaduyuru/2?embed=1&mode=tme (Caused by NameResolutionError("<urllib3.connection.HTTPSConnection object at 0x000002634012B8D0>: Failed to resolve 't.me' ([Errno 11001] getaddrinfo failed)"))
HTTPSConnectionPool(host='t.me', port=443): Max retries exceeded with url: /amtmedyaduyuru/2?embed=1&mode=tme (Caused by NameResolutionError("<urllib3.connection.HTTPSConnection object at 0x000002633C419250>: Failed to resolve 't.me' ([Errno 11001] getaddrinfo failed)"))
HTTPSConnectionPool(host='t.me', port=443): Max retries exceeded with url: /amtmedyaduyuru/2?embed=1&mode=tme (Caused by NameResolutionError("<urllib3.connection.HTTPSConnection object at 0x0000026340138850>: Failed to resolve 't.me' ([Errno 11001] getaddrinfo failed)"))
HTTPSConnectionPool(host='t.me', port=443): Max retries exceeded with url: /amtmedyaduyuru/2?embed=1&mode=tme (Caused by NameResolutionError("<urllib3.connection.HTTPSConnection object at 0x00000263341350D0>: Failed to resolve 't.me' ([Errno 11001] getaddrinfo failed)"))
HTTPSConnectionPool(host='t.me', port=443): Max retries exceeded with url: /amtmedyaduyuru/2?embed=1&mode=tme (Caused by NameResolutionError("<urllib3.connection.HTTPSConnection object at 0x00000263406A6A90>: Failed to resolve 't.me' ([Errno 11001] getaddrinfo failed)"))
HTTPSConnectionPool(host='t.me', port=443): Max retries exceeded with url: /amtmedyaduyuru/2?embed=1&mode=tme (Caused by NameResolutionError("<urllib3.connection.HTTPSConnection object at 0x0000026340D267D0>: Failed to resolve 't.me' ([Errno 11001] getaddrinfo failed)"))
HTTPSConnectionPool(host='t.me', port=443): Max retries exceeded with url: /amtmedyaduyuru/2?embed=1&mode=tme (Caused by NameResolutionError("<urllib3.connection.HTTPSConnection object at 0x0000026340913DD0>: Failed to resolve 't.me' ([Errno 11001] getaddrinfo failed)"))
HTTPSConnectionPool(host='t.me', port=443): Max retries exceeded with url: /amtmedyaduyuru/2?embed=1&mode=tme (Caused by NameResolutionError("<urllib3.connection.HTTPSConnection object at 0x000002633FFC5110>: Failed to resolve 't.me' ([Errno 11001] getaddrinfo failed)"))
HTTPSConnectionPool(host='t.me', port=443): Max retries exceeded with url: /amtmedyaduyuru/2?embed=1&mode=tme (Caused by NameResolutionError("<urllib3.connection.HTTPSConnection object at 0x000002633DF9CA50>: Failed to resolve 't.me' ([Errno 11001] getaddrinfo failed)"))
HTTPSConnectionPool(host='t.me', port=443): Max retries exceeded with url: /amtmedyaduyuru/2?embed=1&mode=tme (Caused by NameResolutionError("<urllib3.connection.HTTPSConnection object at 0x00000263341350D0>: Failed to resolve 't.me' ([Errno 11001] getaddrinfo failed)"))
HTTPSConnectionPool(host='t.me', port=443): Max retries exceeded with url: /amtmedyaduyuru/2?embed=1&mode=tme (Caused by NameResolutionError("<urllib3.connection.HTTPSConnection object at 0x000002634013AF10>: Failed to resolve 't.me' ([Errno 11001] getaddrinfo failed)"))
HTTPSConnectionPool(host='t.me', port=443): Max retries exceeded with url: /amtmedyaduyuru/2?embed=1&mode=tme (Caused by NameResolutionError("<urllib3.connection.HTTPSConnection object at 0x000002633B9B2A90>: Failed to resolve 't.me' ([Errno 11001] getaddrinfo failed)"))
HTTPSConnectionPool(host='t.me', port=443): Max retries exceeded with url: /amtmedyaduyuru/2?embed=1&mode=tme (Caused by NameResolutionError("<urllib3.connection.HTTPSConnection object at 0x000002634079B910>: Failed to resolve 't.me' ([Errno 11001] getaddrinfo failed)"))
HTTPSConnectionPool(host='t.me', port=443): Max retries exceeded with url: /amtmedyaduyuru/2?embed=1&mode=tme (Caused by NameResolutionError("<urllib3.connection.HTTPSConnection object at 0x0000026340540290>: Failed to resolve 't.me' ([Errno 11001] getaddrinfo failed)"))
HTTPSConnectionPool(host='t.me', port=443): Max retries exceeded with url: /amtmedyaduyuru/2?embed=1&mode=tme (Caused by NameResolutionError("<urllib3.connection.HTTPSConnection object at 0x0000026340701F90>: Failed to resolve 't.me' ([Errno 11001] getaddrinfo failed)"))
HTTPSConnectionPool(host='t.me', port=443): Max retries exceeded with url: /amtmedyaduyuru/2?embed=1&mode=tme (Caused by NameResolutionError("<urllib3.connection.HTTPSConnection object at 0x00000263366CD690>: Failed to resolve 't.me' ([Errno 11001] getaddrinfo failed)"))
HTTPSConnectionPool(host='t.me', port=443): Max retries exceeded with url: /amtmedyaduyuru/2?embed=1&mode=tme (Caused by NameResolutionError("<urllib3.connection.HTTPSConnection object at 0x0000026340B2C410>: Failed to resolve 't.me' ([Errno 11001] getaddrinfo failed)"))
HTTPSConnectionPool(host='t.me', port=443): Max retries exceeded with url: /amtmedyaduyuru/2?embed=1&mode=tme (Caused by NameResolutionError("<urllib3.connection.HTTPSConnection object at 0x000002633B630490>: Failed to resolve 't.me' ([Errno 11001] getaddrinfo failed)"))
HTTPSConnectionPool(host='t.me', port=443): Max retries exceeded with url: /amtmedyaduyuru/2?embed=1&mode=tme (Caused by NameResolutionError("<urllib3.connection.HTTPSConnection object at 0x00000263410C1850>: Failed to resolve 't.me' ([Errno 11001] getaddrinfo failed)"))
HTTPSConnectionPool(host='t.me', port=443): Max retries exceeded with url: /amtmedyaduyuru/2?embed=1&mode=tme (Caused by NameResolutionError("<urllib3.connection.HTTPSConnection object at 0x00000263410C1FD0>: Failed to resolve 't.me' ([Errno 11001] getaddrinfo failed)"))
HTTPSConnectionPool(host='t.me', port=443): Max retries exceeded with url: /amtmedyaduyuru/2?embed=1&mode=tme (Caused by NameResolutionError("<urllib3.connection.HTTPSConnection object at 0x000002633FFC5110>: Failed to resolve 't.me' ([Errno 11001] getaddrinfo failed)"))
HTTPSConnectionPool(host='t.me', port=443): Max retries exceeded with url: /amtmedyaduyuru/2?embed=1&mode=tme (Caused by NameResolutionError("<urllib3.connection.HTTPSConnection object at 0x0000026340B2CC10>: Failed to resolve 't.me' ([Errno 11001] getaddrinfo failed)"))
HTTPSConnectionPool(host='t.me', port=443): Max retries exceeded with url: /amtmedyaduyuru/2?embed=1&mode=tme (Caused by NameResolutionError("<urllib3.connection.HTTPSConnection object at 0x0000026340913550>: Failed to resolve 't.me' ([Errno 11001] getaddrinfo failed)"))
HTTPSConnectionPool(host='t.me', port=443): Max retries exceeded with url: /amtmedyaduyuru/2?embed=1&mode=tme (Caused by NameResolutionError("<urllib3.connection.HTTPSConnection object at 0x0000026340F71DD0>: Failed to resolve 't.me' ([Errno 11001] getaddrinfo failed)"))
HTTPSConnectionPool(host='t.me', port=443): Max retries exceeded with url: /amtmedyaduyuru/2?embed=1&mode=tme (Caused by NameResolutionError("<urllib3.connection.HTTPSConnection object at 0x000002633B6E5D90>: Failed to resolve 't.me' ([Errno 11001] getaddrinfo failed)"))
HTTPSConnectionPool(host='t.me', port=443): Max retries exceeded with url: /amtmedyaduyuru/2?embed=1&mode=tme (Caused by NameResolutionError("<urllib3.connection.HTTPSConnection object at 0x000002633FBF8A50>: Failed to resolve 't.me' ([Errno 11001] getaddrinfo failed)"))
HTTPSConnectionPool(host='t.me', port=443): Max retries exceeded with url: /amtmedyaduyuru/2?embed=1&mode=tme (Caused by NameResolutionError("<urllib3.connection.HTTPSConnection object at 0x00000263365CA810>: Failed to resolve 't.me' ([Errno 11001] getaddrinfo failed)"))
HTTPSConnectionPool(host='t.me', port=443): Max retries exceeded with url: /amtmedyaduyuru/2?embed=1&mode=tme (Caused by NameResolutionError("<urllib3.connection.HTTPSConnection object at 0x000002633FA01F50>: Failed to resolve 't.me' ([Errno 11001] getaddrinfo failed)"))
HTTPSConnectionPool(host='t.me', port=443): Max retries exceeded with url: /amtmedyaduyuru/2?embed=1&mode=tme (Caused by NameResolutionError("<urllib3.connection.HTTPSConnection object at 0x00000263406A7350>: Failed to resolve 't.me' ([Errno 11001] getaddrinfo failed)"))
HTTPSConnectionPool(host='t.me', port=443): Max retries exceeded with url: /amtmedyaduyuru/2?embed=1&mode=tme (Caused by NameResolutionError("<urllib3.connection.HTTPSConnection object at 0x000002633FB0A5D0>: Failed to resolve 't.me' ([Errno 11001] getaddrinfo failed)"))
HTTPSConnectionPool(host='t.me', port=443): Max retries exceeded with url: /amtmedyaduyuru/2?embed=1&mode=tme (Caused by NameResolutionError("<urllib3.connection.HTTPSConnection object at 0x0000026340B22510>: Failed to resolve 't.me' ([Errno 11001] getaddrinfo failed)"))
HTTPSConnectionPool(host='t.me', port=443): Max retries exceeded with url: /amtmedyaduyuru/2?embed=1&mode=tme (Caused by NameResolutionError("<urllib3.connection.HTTPSConnection object at 0x00000263410E9DD0>: Failed to resolve 't.me' ([Errno 11001] getaddrinfo failed)"))
HTTPSConnectionPool(host='t.me', port=443): Max retries exceeded with url: /amtmedyaduyuru/2?embed=1&mode=tme (Caused by NameResolutionError("<urllib3.connection.HTTPSConnection object at 0x00000263409B7BD0>: Failed to resolve 't.me' ([Errno 11001] getaddrinfo failed)"))
HTTPSConnectionPool(host='t.me', port=443): Max retries exceeded with url: /amtmedyaduyuru/2?embed=1&mode=tme (Caused by NameResolutionError("<urllib3.connection.HTTPSConnection object at 0x00000263403E9C90>: Failed to resolve 't.me' ([Errno 11001] getaddrinfo failed)"))
HTTPSConnectionPool(host='t.me', port=443): Max retries exceeded with url: /amtmedyaduyuru/2?embed=1&mode=tme (Caused by NameResolutionError("<urllib3.connection.HTTPSConnection object at 0x0000026340178390>: Failed to resolve 't.me' ([Errno 11001] getaddrinfo failed)"))
HTTPSConnectionPool(host='t.me', port=443): Max retries exceeded with url: /amtmedyaduyuru/2?embed=1&mode=tme (Caused by NameResolutionError("<urllib3.connection.HTTPSConnection object at 0x0000026340E0AE50>: Failed to resolve 't.me' ([Errno 11001] getaddrinfo failed)"))
HTTPSConnectionPool(host='t.me', port=443): Max retries exceeded with url: /amtmedyaduyuru/2?embed=1&mode=tme (Caused by NameResolutionError("<urllib3.connection.HTTPSConnection object at 0x00000263410C0250>: Failed to resolve 't.me' ([Errno 11001] getaddrinfo failed)"))
HTTPSConnectionPool(host='t.me', port=443): Max retries exceeded with url: /amtmedyaduyuru/2?embed=1&mode=tme (Caused by NameResolutionError("<urllib3.connection.HTTPSConnection object at 0x000002633F7F9A50>: Failed to resolve 't.me' ([Errno 11001] getaddrinfo failed)"))
HTTPSConnectionPool(host='t.me', port=443): Max retries exceeded with url: /amtmedyaduyuru/2?embed=1&mode=tme (Caused by NameResolutionError("<urllib3.connection.HTTPSConnection object at 0x000002633B981010>: Failed to resolve 't.me' ([Errno 11001] getaddrinfo failed)"))
HTTPSConnectionPool(host='t.me', port=443): Max retries exceeded with url: /amtmedyaduyuru/2?embed=1&mode=tme (Caused by NameResolutionError("<urllib3.connection.HTTPSConnection object at 0x0000026340F71A50>: Failed to resolve 't.me' ([Errno 11001] getaddrinfo failed)"))
HTTPSConnectionPool(host='t.me', port=443): Max retries exceeded with url: /amtmedyaduyuru/2?embed=1&mode=tme (Caused by NameResolutionError("<urllib3.connection.HTTPSConnection object at 0x00000263402B7E90>: Failed to resolve 't.me' ([Errno 11001] getaddrinfo failed)"))
HTTPSConnectionPool(host='t.me', port=443): Max retries exceeded with url: /amtmedyaduyuru/2?embed=1&mode=tme (Caused by NameResolutionError("<urllib3.connection.HTTPSConnection object at 0x0000026340777710>: Failed to resolve 't.me' ([Errno 11001] getaddrinfo failed)"))
HTTPSConnectionPool(host='t.me', port=443): Max retries exceeded with url: /amtmedyaduyuru/2?embed=1&mode=tme (Caused by NameResolutionError("<urllib3.connection.HTTPSConnection object at 0x0000026340B2FA90>: Failed to resolve 't.me' ([Errno 11001] getaddrinfo failed)"))
HTTPSConnectionPool(host='t.me', port=443): Max retries exceeded with url: /amtmedyaduyuru/2?embed=1&mode=tme (Caused by NameResolutionError("<urllib3.connection.HTTPSConnection object at 0x00000263410C3650>: Failed to resolve 't.me' ([Errno 11001] getaddrinfo failed)"))
HTTPSConnectionPool(host='t.me', port=443): Max retries exceeded with url: /amtmedyaduyuru/2?embed=1&mode=tme (Caused by NameResolutionError("<urllib3.connection.HTTPSConnection object at 0x00000263410E9E50>: Failed to resolve 't.me' ([Errno 11001] getaddrinfo failed)"))
HTTPSConnectionPool(host='t.me', port=443): Max retries exceeded with url: /amtmedyaduyuru/2?embed=1&mode=tme (Caused by NameResolutionError("<urllib3.connection.HTTPSConnection object at 0x000002633E2AD150>: Failed to resolve 't.me' ([Errno 11001] getaddrinfo failed)"))
HTTPSConnectionPool(host='t.me', port=443): Max retries exceeded with url: /amtmedyaduyuru/2?embed=1&mode=tme (Caused by NameResolutionError("<urllib3.connection.HTTPSConnection object at 0x0000026340D04D10>: Failed to resolve 't.me' ([Errno 11001] getaddrinfo failed)"))
HTTPSConnectionPool(host='t.me', port=443): Max retries exceeded with url: /amtmedyaduyuru/2?embed=1&mode=tme (Caused by NameResolutionError("<urllib3.connection.HTTPSConnection object at 0x0000026340D24C90>: Failed to resolve 't.me' ([Errno 11001] getaddrinfo failed)"))
HTTPSConnectionPool(host='t.me', port=443): Max retries exceeded with url: /amtmedyaduyuru/2?embed=1&mode=tme (Caused by NameResolutionError("<urllib3.connection.HTTPSConnection object at 0x000002633FF17650>: Failed to resolve 't.me' ([Errno 11001] getaddrinfo failed)"))
HTTPSConnectionPool(host='t.me', port=443): Max retries exceeded with url: /amtmedyaduyuru/2?embed=1&mode=tme (Caused by NameResolutionError("<urllib3.connection.HTTPSConnection object at 0x0000026340913550>: Failed to resolve 't.me' ([Errno 11001] getaddrinfo failed)"))
HTTPSConnectionPool(host='t.me', port=443): Max retries exceeded with url: /amtmedyaduyuru/2?embed=1&mode=tme (Caused by NameResolutionError("<urllib3.connection.HTTPSConnection object at 0x000002633FFC76D0>: Failed to resolve 't.me' ([Errno 11001] getaddrinfo failed)"))
HTTPSConnectionPool(host='t.me', port=443): Max retries exceeded with url: /amtmedyaduyuru/2?embed=1&mode=tme (Caused by NameResolutionError("<urllib3.connection.HTTPSConnection object at 0x000002633FFD0C50>: Failed to resolve 't.me' ([Errno 11001] getaddrinfo failed)"))
HTTPSConnectionPool(host='t.me', port=443): Max retries exceeded with url: /amtmedyaduyuru/2?embed=1&mode=tme (Caused by NameResolutionError("<urllib3.connection.HTTPSConnection object at 0x0000026340C5C590>: Failed to resolve 't.me' ([Errno 11001] getaddrinfo failed)"))
HTTPSConnectionPool(host='t.me', port=443): Max retries exceeded with url: /amtmedyaduyuru/2?embed=1&mode=tme (Caused by NameResolutionError("<urllib3.connection.HTTPSConnection object at 0x0000026340F97A10>: Failed to resolve 't.me' ([Errno 11001] getaddrinfo failed)"))
HTTPSConnectionPool(host='t.me', port=443): Max retries exceeded with url: /amtmedyaduyuru/2?embed=1&mode=tme (Caused by NameResolutionError("<urllib3.connection.HTTPSConnection object at 0x000002633E06F250>: Failed to resolve 't.me' ([Errno 11001] getaddrinfo failed)"))
HTTPSConnectionPool(host='t.me', port=443): Max retries exceeded with url: /amtmedyaduyuru/2?embed=1&mode=tme (Caused by NameResolutionError("<urllib3.connection.HTTPSConnection object at 0x0000026340362A50>: Failed to resolve 't.me' ([Errno 11001] getaddrinfo failed)"))
HTTPSConnectionPool(host='t.me', port=443): Max retries exceeded with url: /amtmedyaduyuru/2?embed=1&mode=tme (Caused by NameResolutionError("<urllib3.connection.HTTPSConnection object at 0x0000026340F72590>: Failed to resolve 't.me' ([Errno 11001] getaddrinfo failed)"))
HTTPSConnectionPool(host='t.me', port=443): Max retries exceeded with url: /amtmedyaduyuru/2?embed=1&mode=tme (Caused by NameResolutionError("<urllib3.connection.HTTPSConnection object at 0x0000026340CCA110>: Failed to resolve 't.me' ([Errno 11001] getaddrinfo failed)"))
HTTPSConnectionPool(host='t.me', port=443): Max retries exceeded with url: /amtmedyaduyuru/2?embed=1&mode=tme (Caused by NameResolutionError("<urllib3.connection.HTTPSConnection object at 0x000002633C3DE890>: Failed to resolve 't.me' ([Errno 11001] getaddrinfo failed)"))
HTTPSConnectionPool(host='t.me', port=443): Max retries exceeded with url: /amtmedyaduyuru/2?embed=1&mode=tme (Caused by NameResolutionError("<urllib3.connection.HTTPSConnection object at 0x000002633FA02C10>: Failed to resolve 't.me' ([Errno 11001] getaddrinfo failed)"))
HTTPSConnectionPool(host='t.me', port=443): Max retries exceeded with url: /amtmedyaduyuru/2?embed=1&mode=tme (Caused by NameResolutionError("<urllib3.connection.HTTPSConnection object at 0x00000263401C6590>: Failed to resolve 't.me' ([Errno 11001] getaddrinfo failed)"))
HTTPSConnectionPool(host='t.me', port=443): Max retries exceeded with url: /amtmedyaduyuru/2?embed=1&mode=tme (Caused by NameResolutionError("<urllib3.connection.HTTPSConnection object at 0x000002633FD2F390>: Failed to resolve 't.me' ([Errno 11001] getaddrinfo failed)"))
HTTPSConnectionPool(host='t.me', port=443): Max retries exceeded with url: /amtmedyaduyuru/2?embed=1&mode=tme (Caused by NameResolutionError("<urllib3.connection.HTTPSConnection object at 0x000002634011DED0>: Failed to resolve 't.me' ([Errno 11001] getaddrinfo failed)"))
HTTPSConnectionPool(host='t.me', port=443): Max retries exceeded with url: /amtmedyaduyuru/2?embed=1&mode=tme (Caused by NameResolutionError("<urllib3.connection.HTTPSConnection object at 0x0000026340C70C90>: Failed to resolve 't.me' ([Errno 11001] getaddrinfo failed)"))
HTTPSConnectionPool(host='t.me', port=443): Max retries exceeded with url: /amtmedyaduyuru/2?embed=1&mode=tme (Caused by NameResolutionError("<urllib3.connection.HTTPSConnection object at 0x00000263402A7F10>: Failed to resolve 't.me' ([Errno 11001] getaddrinfo failed)"))
HTTPSConnectionPool(host='t.me', port=443): Max retries exceeded with url: /amtmedyaduyuru/2?embed=1&mode=tme (Caused by NameResolutionError("<urllib3.connection.HTTPSConnection object at 0x0000026340E40950>: Failed to resolve 't.me' ([Errno 11001] getaddrinfo failed)"))
HTTPSConnectionPool(host='t.me', port=443): Max retries exceeded with url: /amtmedyaduyuru/2?embed=1&mode=tme (Caused by NameResolutionError("<urllib3.connection.HTTPSConnection object at 0x0000026340139F50>: Failed to resolve 't.me' ([Errno 11001] getaddrinfo failed)"))
HTTPSConnectionPool(host='t.me', port=443): Max retries exceeded with url: /amtmedyaduyuru/2?embed=1&mode=tme (Caused by NameResolutionError("<urllib3.connection.HTTPSConnection object at 0x0000026340F71050>: Failed to resolve 't.me' ([Errno 11001] getaddrinfo failed)"))
HTTPSConnectionPool(host='t.me', port=443): Max retries exceeded with url: /amtmedyaduyuru/2?embed=1&mode=tme (Caused by NameResolutionError("<urllib3.connection.HTTPSConnection object at 0x000002634073D250>: Failed to resolve 't.me' ([Errno 11001] getaddrinfo failed)"))
HTTPSConnectionPool(host='t.me', port=443): Max retries exceeded with url: /amtmedyaduyuru/2?embed=1&mode=tme (Caused by NameResolutionError("<urllib3.connection.HTTPSConnection object at 0x0000026340881C50>: Failed to resolve 't.me' ([Errno 11001] getaddrinfo failed)"))
HTTPSConnectionPool(host='t.me', port=443): Max retries exceeded with url: /amtmedyaduyuru/2?embed=1&mode=tme (Caused by NameResolutionError("<urllib3.connection.HTTPSConnection object at 0x000002634079A090>: Failed to resolve 't.me' ([Errno 11001] getaddrinfo failed)"))
HTTPSConnectionPool(host='t.me', port=443): Max retries exceeded with url: /amtmedyaduyuru/2?embed=1&mode=tme (Caused by NameResolutionError("<urllib3.connection.HTTPSConnection object at 0x000002633F90AE90>: Failed to resolve 't.me' ([Errno 11001] getaddrinfo failed)"))
HTTPSConnectionPool(host='t.me', port=443): Max retries exceeded with url: /amtmedyaduyuru/2?embed=1&mode=tme (Caused by NameResolutionError("<urllib3.connection.HTTPSConnection object at 0x000002633FF67190>: Failed to resolve 't.me' ([Errno 11001] getaddrinfo failed)"))
HTTPSConnectionPool(host='t.me', port=443): Max retries exceeded with url: /amtmedyaduyuru/2?embed=1&mode=tme (Caused by NameResolutionError("<urllib3.connection.HTTPSConnection object at 0x00000263401C4C90>: Failed to resolve 't.me' ([Errno 11001] getaddrinfo failed)"))
HTTPSConnectionPool(host='t.me', port=443): Max retries exceeded with url: /amtmedyaduyuru/2?embed=1&mode=tme (Caused by NameResolutionError("<urllib3.connection.HTTPSConnection object at 0x0000026340881C50>: Failed to resolve 't.me' ([Errno 11001] getaddrinfo failed)"))
HTTPSConnectionPool(host='t.me', port=443): Max retries exceeded with url: /amtmedyaduyuru/2?embed=1&mode=tme (Caused by NameResolutionError("<urllib3.connection.HTTPSConnection object at 0x000002633C4B3990>: Failed to resolve 't.me' ([Errno 11001] getaddrinfo failed)"))
HTTPSConnectionPool(host='t.me', port=443): Max retries exceeded with url: /amtmedyaduyuru/2?embed=1&mode=tme (Caused by NameResolutionError("<urllib3.connection.HTTPSConnection object at 0x0000026340B70090>: Failed to resolve 't.me' ([Errno 11001] getaddrinfo failed)"))
HTTPSConnectionPool(host='t.me', port=443): Max retries exceeded with url: /amtmedyaduyuru/2?embed=1&mode=tme (Caused by NameResolutionError("<urllib3.connection.HTTPSConnection object at 0x000002634013A810>: Failed to resolve 't.me' ([Errno 11001] getaddrinfo failed)"))
HTTPSConnectionPool(host='t.me', port=443): Max retries exceeded with url: /amtmedyaduyuru/2?embed=1&mode=tme (Caused by NameResolutionError("<urllib3.connection.HTTPSConnection object at 0x000002633B8856D0>: Failed to resolve 't.me' ([Errno 11001] getaddrinfo failed)"))
HTTPSConnectionPool(host='t.me', port=443): Max retries exceeded with url: /amtmedyaduyuru/2?embed=1&mode=tme (Caused by NameResolutionError("<urllib3.connection.HTTPSConnection object at 0x000002633FD89A50>: Failed to resolve 't.me' ([Errno 11001] getaddrinfo failed)"))
HTTPSConnectionPool(host='t.me', port=443): Max retries exceeded with url: /amtmedyaduyuru/2?embed=1&mode=tme (Caused by NameResolutionError("<urllib3.connection.HTTPSConnection object at 0x000002633A91DD50>: Failed to resolve 't.me' ([Errno 11001] getaddrinfo failed)"))
HTTPSConnectionPool(host='t.me', port=443): Max retries exceeded with url: /amtmedyaduyuru/2?embed=1&mode=tme (Caused by NameResolutionError("<urllib3.connection.HTTPSConnection object at 0x000002633B621810>: Failed to resolve 't.me' ([Errno 11001] getaddrinfo failed)"))
HTTPSConnectionPool(host='t.me', port=443): Max retries exceeded with url: /amtmedyaduyuru/2?embed=1&mode=tme (Caused by NameResolutionError("<urllib3.connection.HTTPSConnection object at 0x0000026340702290>: Failed to resolve 't.me' ([Errno 11001] getaddrinfo failed)"))
HTTPSConnectionPool(host='t.me', port=443): Max retries exceeded with url: /amtmedyaduyuru/2?embed=1&mode=tme (Caused by NameResolutionError("<urllib3.connection.HTTPSConnection object at 0x0000026340F7F9D0>: Failed to resolve 't.me' ([Errno 11001] getaddrinfo failed)"))
HTTPSConnectionPool(host='t.me', port=443): Max retries exceeded with url: /amtmedyaduyuru/2?embed=1&mode=tme (Caused by NameResolutionError("<urllib3.connection.HTTPSConnection object at 0x0000026340B9F6D0>: Failed to resolve 't.me' ([Errno 11001] getaddrinfo failed)"))
HTTPSConnectionPool(host='t.me', port=443): Max retries exceeded with url: /amtmedyaduyuru/2?embed=1&mode=tme (Caused by NameResolutionError("<urllib3.connection.HTTPSConnection object at 0x00000263401C64D0>: Failed to resolve 't.me' ([Errno 11001] getaddrinfo failed)"))
HTTPSConnectionPool(host='t.me', port=443): Max retries exceeded with url: /amtmedyaduyuru/2?embed=1&mode=tme (Caused by NameResolutionError("<urllib3.connection.HTTPSConnection object at 0x00000263407F9310>: Failed to resolve 't.me' ([Errno 11001] getaddrinfo failed)"))
HTTPSConnectionPool(host='t.me', port=443): Max retries exceeded with url: /amtmedyaduyuru/2?embed=1&mode=tme (Caused by NameResolutionError("<urllib3.connection.HTTPSConnection object at 0x000002634010DC10>: Failed to resolve 't.me' ([Errno 11001] getaddrinfo failed)"))
HTTPSConnectionPool(host='t.me', port=443): Max retries exceeded with url: /amtmedyaduyuru/2?embed=1&mode=tme (Caused by NameResolutionError("<urllib3.connection.HTTPSConnection object at 0x0000026340444E50>: Failed to resolve 't.me' ([Errno 11001] getaddrinfo failed)"))
HTTPSConnectionPool(host='t.me', port=443): Max retries exceeded with url: /amtmedyaduyuru/2?embed=1&mode=tme (Caused by NameResolutionError("<urllib3.connection.HTTPSConnection object at 0x00000263410EA050>: Failed to resolve 't.me' ([Errno 11001] getaddrinfo failed)"))
HTTPSConnectionPool(host='t.me', port=443): Max retries exceeded with url: /amtmedyaduyuru/2?embed=1&mode=tme (Caused by NameResolutionError("<urllib3.connection.HTTPSConnection object at 0x000002633E06CC10>: Failed to resolve 't.me' ([Errno 11001] getaddrinfo failed)"))
HTTPSConnectionPool(host='t.me', port=443): Max retries exceeded with url: /amtmedyaduyuru/2?embed=1&mode=tme (Caused by NameResolutionError("<urllib3.connection.HTTPSConnection object at 0x00000263365493D0>: Failed to resolve 't.me' ([Errno 11001] getaddrinfo failed)"))
HTTPSConnectionPool(host='t.me', port=443): Max retries exceeded with url: /amtmedyaduyuru/2?embed=1&mode=tme (Caused by NameResolutionError("<urllib3.connection.HTTPSConnection object at 0x0000026340936390>: Failed to resolve 't.me' ([Errno 11001] getaddrinfo failed)"))
HTTPSConnectionPool(host='t.me', port=443): Max retries exceeded with url: /amtmedyaduyuru/2?embed=1&mode=tme (Caused by NameResolutionError("<urllib3.connection.HTTPSConnection object at 0x0000026340E20990>: Failed to resolve 't.me' ([Errno 11001] getaddrinfo failed)"))
HTTPSConnectionPool(host='t.me', port=443): Max retries exceeded with url: /amtmedyaduyuru/2?embed=1&mode=tme (Caused by NameResolutionError("<urllib3.connection.HTTPSConnection object at 0x00000263400FFE10>: Failed to resolve 't.me' ([Errno 11001] getaddrinfo failed)"))
HTTPSConnectionPool(host='t.me', port=443): Max retries exceeded with url: /amtmedyaduyuru/2?embed=1&mode=tme (Caused by NameResolutionError("<urllib3.connection.HTTPSConnection object at 0x00000263401C5710>: Failed to resolve 't.me' ([Errno 11001] getaddrinfo failed)"))
HTTPSConnectionPool(host='t.me', port=443): Max retries exceeded with url: /amtmedyaduyuru/2?embed=1&mode=tme (Caused by NameResolutionError("<urllib3.connection.HTTPSConnection object at 0x00000263407F9C10>: Failed to resolve 't.me' ([Errno 11001] getaddrinfo failed)"))
HTTPSConnectionPool(host='t.me', port=443): Max retries exceeded with url: /amtmedyaduyuru/2?embed=1&mode=tme (Caused by NameResolutionError("<urllib3.connection.HTTPSConnection object at 0x00000263410C3E50>: Failed to resolve 't.me' ([Errno 11001] getaddrinfo failed)"))
HTTPSConnectionPool(host='t.me', port=443): Max retries exceeded with url: /amtmedyaduyuru/2?embed=1&mode=tme (Caused by NameResolutionError("<urllib3.connection.HTTPSConnection object at 0x000002633FA4C510>: Failed to resolve 't.me' ([Errno 11001] getaddrinfo failed)"))
HTTPSConnectionPool(host='t.me', port=443): Max retries exceeded with url: /amtmedyaduyuru/2?embed=1&mode=tme (Caused by NameResolutionError("<urllib3.connection.HTTPSConnection object at 0x0000026340601410>: Failed to resolve 't.me' ([Errno 11001] getaddrinfo failed)"))
HTTPSConnectionPool(host='t.me', port=443): Max retries exceeded with url: /amtmedyaduyuru/2?embed=1&mode=tme (Caused by NameResolutionError("<urllib3.connection.HTTPSConnection object at 0x000002633FA00450>: Failed to resolve 't.me' ([Errno 11001] getaddrinfo failed)"))
HTTPSConnectionPool(host='t.me', port=443): Max retries exceeded with url: /amtmedyaduyuru/2?embed=1&mode=tme (Caused by NameResolutionError("<urllib3.connection.HTTPSConnection object at 0x00000263410EB3D0>: Failed to resolve 't.me' ([Errno 11001] getaddrinfo failed)"))
HTTPSConnectionPool(host='t.me', port=443): Max retries exceeded with url: /amtmedyaduyuru/2?embed=1&mode=tme (Caused by NameResolutionError("<urllib3.connection.HTTPSConnection object at 0x0000026340913410>: Failed to resolve 't.me' ([Errno 11001] getaddrinfo failed)"))
HTTPSConnectionPool(host='t.me', port=443): Max retries exceeded with url: /amtmedyaduyuru/2?embed=1&mode=tme (Caused by NameResolutionError("<urllib3.connection.HTTPSConnection object at 0x000002633FA4C510>: Failed to resolve 't.me' ([Errno 11001] getaddrinfo failed)"))
HTTPSConnectionPool(host='t.me', port=443): Max retries exceeded with url: /amtmedyaduyuru/2?embed=1&mode=tme (Caused by NameResolutionError("<urllib3.connection.HTTPSConnection object at 0x000002633FD88710>: Failed to resolve 't.me' ([Errno 11001] getaddrinfo failed)"))
HTTPSConnectionPool(host='t.me', port=443): Max retries exceeded with url: /amtmedyaduyuru/2?embed=1&mode=tme (Caused by NameResolutionError("<urllib3.connection.HTTPSConnection object at 0x00000263407F9C10>: Failed to resolve 't.me' ([Errno 11001] getaddrinfo failed)"))
HTTPSConnectionPool(host='t.me', port=443): Max retries exceeded with url: /amtmedyaduyuru/2?embed=1&mode=tme (Caused by NameResolutionError("<urllib3.connection.HTTPSConnection object at 0x00000263408C1E10>: Failed to resolve 't.me' ([Errno 11001] getaddrinfo failed)"))
HTTPSConnectionPool(host='t.me', port=443): Max retries exceeded with url: /amtmedyaduyuru/2?embed=1&mode=tme (Caused by NameResolutionError("<urllib3.connection.HTTPSConnection object at 0x00000263403EAA90>: Failed to resolve 't.me' ([Errno 11001] getaddrinfo failed)"))
HTTPSConnectionPool(host='t.me', port=443): Max retries exceeded with url: /amtmedyaduyuru/2?embed=1&mode=tme (Caused by NameResolutionError("<urllib3.connection.HTTPSConnection object at 0x000002633FE05CD0>: Failed to resolve 't.me' ([Errno 11001] getaddrinfo failed)"))
HTTPSConnectionPool(host='t.me', port=443): Max retries exceeded with url: /amtmedyaduyuru/2?embed=1&mode=tme (Caused by NameResolutionError("<urllib3.connection.HTTPSConnection object at 0x00000263403622D0>: Failed to resolve 't.me' ([Errno 11001] getaddrinfo failed)"))
HTTPSConnectionPool(host='t.me', port=443): Max retries exceeded with url: /amtmedyaduyuru/2?embed=1&mode=tme (Caused by NameResolutionError("<urllib3.connection.HTTPSConnection object at 0x000002634053AD50>: Failed to resolve 't.me' ([Errno 11001] getaddrinfo failed)"))
HTTPSConnectionPool(host='t.me', port=443): Max retries exceeded with url: /amtmedyaduyuru/2?embed=1&mode=tme (Caused by NameResolutionError("<urllib3.connection.HTTPSConnection object at 0x0000026334D9DAD0>: Failed to resolve 't.me' ([Errno 11001] getaddrinfo failed)"))
HTTPSConnectionPool(host='t.me', port=443): Max retries exceeded with url: /amtmedyaduyuru/2?embed=1&mode=tme (Caused by NameResolutionError("<urllib3.connection.HTTPSConnection object at 0x0000026340B506D0>: Failed to resolve 't.me' ([Errno 11001] getaddrinfo failed)"))
HTTPSConnectionPool(host='t.me', port=443): Max retries exceeded with url: /amtmedyaduyuru/2?embed=1&mode=tme (Caused by NameResolutionError("<urllib3.connection.HTTPSConnection object at 0x0000026340D04D10>: Failed to resolve 't.me' ([Errno 11001] getaddrinfo failed)"))
HTTPSConnectionPool(host='t.me', port=443): Max retries exceeded with url: /amtmedyaduyuru/2?embed=1&mode=tme (Caused by NameResolutionError("<urllib3.connection.HTTPSConnection object at 0x000002633FE07D10>: Failed to resolve 't.me' ([Errno 11001] getaddrinfo failed)"))
HTTPSConnectionPool(host='t.me', port=443): Max retries exceeded with url: /amtmedyaduyuru/2?embed=1&mode=tme (Caused by NameResolutionError("<urllib3.connection.HTTPSConnection object at 0x00000263401A6190>: Failed to resolve 't.me' ([Errno 11001] getaddrinfo failed)"))
HTTPSConnectionPool(host='t.me', port=443): Max retries exceeded with url: /amtmedyaduyuru/2?embed=1&mode=tme (Caused by NameResolutionError("<urllib3.connection.HTTPSConnection object at 0x0000026340B9FF50>: Failed to resolve 't.me' ([Errno 11001] getaddrinfo failed)"))
HTTPSConnectionPool(host='t.me', port=443): Max retries exceeded with url: /amtmedyaduyuru/2?embed=1&mode=tme (Caused by NameResolutionError("<urllib3.connection.HTTPSConnection object at 0x0000026340B9E210>: Failed to resolve 't.me' ([Errno 11001] getaddrinfo failed)"))
HTTPSConnectionPool(host='t.me', port=443): Max retries exceeded with url: /amtmedyaduyuru/2?embed=1&mode=tme (Caused by NameResolutionError("<urllib3.connection.HTTPSConnection object at 0x000002633FA70C10>: Failed to resolve 't.me' ([Errno 11001] getaddrinfo failed)"))
HTTPSConnectionPool(host='t.me', port=443): Max retries exceeded with url: /amtmedyaduyuru/2?embed=1&mode=tme (Caused by NameResolutionError("<urllib3.connection.HTTPSConnection object at 0x00000263365BFDD0>: Failed to resolve 't.me' ([Errno 11001] getaddrinfo failed)"))
HTTPSConnectionPool(host='t.me', port=443): Max retries exceeded with url: /amtmedyaduyuru/2?embed=1&mode=tme (Caused by NameResolutionError("<urllib3.connection.HTTPSConnection object at 0x000002633CFB2DD0>: Failed to resolve 't.me' ([Errno 11001] getaddrinfo failed)"))
HTTPSConnectionPool(host='t.me', port=443): Max retries exceeded with url: /amtmedyaduyuru/2?embed=1&mode=tme (Caused by NameResolutionError("<urllib3.connection.HTTPSConnection object at 0x000002633FD2E1D0>: Failed to resolve 't.me' ([Errno 11001] getaddrinfo failed)"))
HTTPSConnectionPool(host='t.me', port=443): Max retries exceeded with url: /amtmedyaduyuru/2?embed=1&mode=tme (Caused by NameResolutionError("<urllib3.connection.HTTPSConnection object at 0x0000026340407AD0>: Failed to resolve 't.me' ([Errno 11001] getaddrinfo failed)"))
HTTPSConnectionPool(host='t.me', port=443): Max retries exceeded with url: /amtmedyaduyuru/2?embed=1&mode=tme (Caused by NameResolutionError("<urllib3.connection.HTTPSConnection object at 0x00000263410C2210>: Failed to resolve 't.me' ([Errno 11001] getaddrinfo failed)"))
HTTPSConnectionPool(host='t.me', port=443): Max retries exceeded with url: /amtmedyaduyuru/2?embed=1&mode=tme (Caused by NameResolutionError("<urllib3.connection.HTTPSConnection object at 0x000002633FEDF250>: Failed to resolve 't.me' ([Errno 11001] getaddrinfo failed)"))
HTTPSConnectionPool(host='t.me', port=443): Max retries exceeded with url: /amtmedyaduyuru/2?embed=1&mode=tme (Caused by NameResolutionError("<urllib3.connection.HTTPSConnection object at 0x000002633FE076D0>: Failed to resolve 't.me' ([Errno 11001] getaddrinfo failed)"))
HTTPSConnectionPool(host='t.me', port=443): Max retries exceeded with url: /amtmedyaduyuru/2?embed=1&mode=tme (Caused by NameResolutionError("<urllib3.connection.HTTPSConnection object at 0x0000026340755CD0>: Failed to resolve 't.me' ([Errno 11001] getaddrinfo failed)"))
HTTPSConnectionPool(host='t.me', port=443): Max retries exceeded with url: /amtmedyaduyuru/2?embed=1&mode=tme (Caused by NameResolutionError("<urllib3.connection.HTTPSConnection object at 0x0000026340F94C50>: Failed to resolve 't.me' ([Errno 11001] getaddrinfo failed)"))
HTTPSConnectionPool(host='t.me', port=443): Max retries exceeded with url: /amtmedyaduyuru/2?embed=1&mode=tme (Caused by NameResolutionError("<urllib3.connection.HTTPSConnection object at 0x0000026340F7CB50>: Failed to resolve 't.me' ([Errno 11001] getaddrinfo failed)"))
HTTPSConnectionPool(host='t.me', port=443): Max retries exceeded with url: /amtmedyaduyuru/2?embed=1&mode=tme (Caused by NameResolutionError("<urllib3.connection.HTTPSConnection object at 0x000002633FD88710>: Failed to resolve 't.me' ([Errno 11001] getaddrinfo failed)"))
HTTPSConnectionPool(host='t.me', port=443): Max retries exceeded with url: /amtmedyaduyuru/2?embed=1&mode=tme (Caused by NameResolutionError("<urllib3.connection.HTTPSConnection object at 0x0000026340E40290>: Failed to resolve 't.me' ([Errno 11001] getaddrinfo failed)"))
HTTPSConnectionPool(host='t.me', port=443): Max retries exceeded with url: /amtmedyaduyuru/2?embed=1&mode=tme (Caused by NameResolutionError("<urllib3.connection.HTTPSConnection object at 0x000002633B747B10>: Failed to resolve 't.me' ([Errno 11001] getaddrinfo failed)"))
HTTPSConnectionPool(host='t.me', port=443): Max retries exceeded with url: /amtmedyaduyuru/2?embed=1&mode=tme (Caused by NameResolutionError("<urllib3.connection.HTTPSConnection object at 0x000002633C6741D0>: Failed to resolve 't.me' ([Errno 11001] getaddrinfo failed)"))
HTTPSConnectionPool(host='t.me', port=443): Max retries exceeded with url: /amtmedyaduyuru/2?embed=1&mode=tme (Caused by NameResolutionError("<urllib3.connection.HTTPSConnection object at 0x000002633657FDD0>: Failed to resolve 't.me' ([Errno 11001] getaddrinfo failed)"))
HTTPSConnectionPool(host='t.me', port=443): Max retries exceeded with url: /amtmedyaduyuru/2?embed=1&mode=tme (Caused by NameResolutionError("<urllib3.connection.HTTPSConnection object at 0x000002633E056D90>: Failed to resolve 't.me' ([Errno 11001] getaddrinfo failed)"))
HTTPSConnectionPool(host='t.me', port=443): Max retries exceeded with url: /amtmedyaduyuru/2?embed=1&mode=tme (Caused by NameResolutionError("<urllib3.connection.HTTPSConnection object at 0x000002633C56C050>: Failed to resolve 't.me' ([Errno 11001] getaddrinfo failed)"))
HTTPSConnectionPool(host='t.me', port=443): Max retries exceeded with url: /amtmedyaduyuru/2?embed=1&mode=tme (Caused by NameResolutionError("<urllib3.connection.HTTPSConnection object at 0x000002633F90B290>: Failed to resolve 't.me' ([Errno 11001] getaddrinfo failed)"))
HTTPSConnectionPool(host='t.me', port=443): Max retries exceeded with url: /amtmedyaduyuru/2?embed=1&mode=tme (Caused by NameResolutionError("<urllib3.connection.HTTPSConnection object at 0x0000026340756210>: Failed to resolve 't.me' ([Errno 11001] getaddrinfo failed)"))
HTTPSConnectionPool(host='t.me', port=443): Max retries exceeded with url: /amtmedyaduyuru/2?embed=1&mode=tme (Caused by NameResolutionError("<urllib3.connection.HTTPSConnection object at 0x0000026340E40D90>: Failed to resolve 't.me' ([Errno 11001] getaddrinfo failed)"))
HTTPSConnectionPool(host='t.me', port=443): Max retries exceeded with url: /amtmedyaduyuru/2?embed=1&mode=tme (Caused by NameResolutionError("<urllib3.connection.HTTPSConnection object at 0x00000263402F10D0>: Failed to resolve 't.me' ([Errno 11001] getaddrinfo failed)"))
HTTPSConnectionPool(host='t.me', port=443): Max retries exceeded with url: /amtmedyaduyuru/2?embed=1&mode=tme (Caused by NameResolutionError("<urllib3.connection.HTTPSConnection object at 0x0000026340F5C550>: Failed to resolve 't.me' ([Errno 11001] getaddrinfo failed)"))
HTTPSConnectionPool(host='t.me', port=443): Max retries exceeded with url: /amtmedyaduyuru/2?embed=1&mode=tme (Caused by NameResolutionError("<urllib3.connection.HTTPSConnection object at 0x000002633B9745D0>: Failed to resolve 't.me' ([Errno 11001] getaddrinfo failed)"))
HTTPSConnectionPool(host='t.me', port=443): Max retries exceeded with url: /amtmedyaduyuru/2?embed=1&mode=tme (Caused by NameResolutionError("<urllib3.connection.HTTPSConnection object at 0x00000263407C8850>: Failed to resolve 't.me' ([Errno 11001] getaddrinfo failed)"))
HTTPSConnectionPool(host='t.me', port=443): Max retries exceeded with url: /amtmedyaduyuru/2?embed=1&mode=tme (Caused by NameResolutionError("<urllib3.connection.HTTPSConnection object at 0x0000026340CC83D0>: Failed to resolve 't.me' ([Errno 11001] getaddrinfo failed)"))
HTTPSConnectionPool(host='t.me', port=443): Max retries exceeded with url: /amtmedyaduyuru/2?embed=1&mode=tme (Caused by NameResolutionError("<urllib3.connection.HTTPSConnection object at 0x0000026340F7DF90>: Failed to resolve 't.me' ([Errno 11001] getaddrinfo failed)"))
HTTPSConnectionPool(host='t.me', port=443): Max retries exceeded with url: /amtmedyaduyuru/2?embed=1&mode=tme (Caused by NameResolutionError("<urllib3.connection.HTTPSConnection object at 0x0000026340913910>: Failed to resolve 't.me' ([Errno 11001] getaddrinfo failed)"))
HTTPSConnectionPool(host='t.me', port=443): Max retries exceeded with url: /amtmedyaduyuru/2?embed=1&mode=tme (Caused by NameResolutionError("<urllib3.connection.HTTPSConnection object at 0x000002634015E910>: Failed to resolve 't.me' ([Errno 11001] getaddrinfo failed)"))
HTTPSConnectionPool(host='t.me', port=443): Max retries exceeded with url: /amtmedyaduyuru/2?embed=1&mode=tme (Caused by NameResolutionError("<urllib3.connection.HTTPSConnection object at 0x0000026340F7D250>: Failed to resolve 't.me' ([Errno 11001] getaddrinfo failed)"))
HTTPSConnectionPool(host='t.me', port=443): Max retries exceeded with url: /amtmedyaduyuru/2?embed=1&mode=tme (Caused by NameResolutionError("<urllib3.connection.HTTPSConnection object at 0x0000026340BC6490>: Failed to resolve 't.me' ([Errno 11001] getaddrinfo failed)"))
HTTPSConnectionPool(host='t.me', port=443): Max retries exceeded with url: /amtmedyaduyuru/2?embed=1&mode=tme (Caused by NameResolutionError("<urllib3.connection.HTTPSConnection object at 0x000002633FB3A890>: Failed to resolve 't.me' ([Errno 11001] getaddrinfo failed)"))
HTTPSConnectionPool(host='t.me', port=443): Max retries exceeded with url: /amtmedyaduyuru/2?embed=1&mode=tme (Caused by NameResolutionError("<urllib3.connection.HTTPSConnection object at 0x0000026340755090>: Failed to resolve 't.me' ([Errno 11001] getaddrinfo failed)"))
HTTPSConnectionPool(host='t.me', port=443): Max retries exceeded with url: /amtmedyaduyuru/2?embed=1&mode=tme (Caused by NameResolutionError("<urllib3.connection.HTTPSConnection object at 0x000002633DFFD210>: Failed to resolve 't.me' ([Errno 11001] getaddrinfo failed)"))
HTTPSConnectionPool(host='t.me', port=443): Max retries exceeded with url: /amtmedyaduyuru/2?embed=1&mode=tme (Caused by NameResolutionError("<urllib3.connection.HTTPSConnection object at 0x00000263402CE390>: Failed to resolve 't.me' ([Errno 11001] getaddrinfo failed)"))
HTTPSConnectionPool(host='t.me', port=443): Max retries exceeded with url: /amtmedyaduyuru/2?embed=1&mode=tme (Caused by NameResolutionError("<urllib3.connection.HTTPSConnection object at 0x000002634008C0D0>: Failed to resolve 't.me' ([Errno 11001] getaddrinfo failed)"))
HTTPSConnectionPool(host='t.me', port=443): Max retries exceeded with url: /amtmedyaduyuru/2?embed=1&mode=tme (Caused by NameResolutionError("<urllib3.connection.HTTPSConnection object at 0x0000026340D06DD0>: Failed to resolve 't.me' ([Errno 11001] getaddrinfo failed)"))
HTTPSConnectionPool(host='t.me', port=443): Max retries exceeded with url: /amtmedyaduyuru/2?embed=1&mode=tme (Caused by NameResolutionError("<urllib3.connection.HTTPSConnection object at 0x00000263410C3E50>: Failed to resolve 't.me' ([Errno 11001] getaddrinfo failed)"))
HTTPSConnectionPool(host='t.me', port=443): Max retries exceeded with url: /amtmedyaduyuru/2?embed=1&mode=tme (Caused by NameResolutionError("<urllib3.connection.HTTPSConnection object at 0x0000026340F7DE50>: Failed to resolve 't.me' ([Errno 11001] getaddrinfo failed)"))
HTTPSConnectionPool(host='t.me', port=443): Max retries exceeded with url: /amtmedyaduyuru/2?embed=1&mode=tme (Caused by NameResolutionError("<urllib3.connection.HTTPSConnection object at 0x0000026340084F10>: Failed to resolve 't.me' ([Errno 11001] getaddrinfo failed)"))
HTTPSConnectionPool(host='t.me', port=443): Max retries exceeded with url: /amtmedyaduyuru/2?embed=1&mode=tme (Caused by NameResolutionError("<urllib3.connection.HTTPSConnection object at 0x00000263401D05D0>: Failed to resolve 't.me' ([Errno 11001] getaddrinfo failed)"))
HTTPSConnectionPool(host='t.me', port=443): Max retries exceeded with url: /amtmedyaduyuru/2?embed=1&mode=tme (Caused by NameResolutionError("<urllib3.connection.HTTPSConnection object at 0x0000026339381650>: Failed to resolve 't.me' ([Errno 11001] getaddrinfo failed)"))
HTTPSConnectionPool(host='t.me', port=443): Max retries exceeded with url: /amtmedyaduyuru/2?embed=1&mode=tme (Caused by NameResolutionError("<urllib3.connection.HTTPSConnection object at 0x0000026340422590>: Failed to resolve 't.me' ([Errno 11001] getaddrinfo failed)"))
HTTPSConnectionPool(host='t.me', port=443): Max retries exceeded with url: /amtmedyaduyuru/2?embed=1&mode=tme (Caused by NameResolutionError("<urllib3.connection.HTTPSConnection object at 0x0000026340F96D50>: Failed to resolve 't.me' ([Errno 11001] getaddrinfo failed)"))
HTTPSConnectionPool(host='t.me', port=443): Max retries exceeded with url: /amtmedyaduyuru/2?embed=1&mode=tme (Caused by NameResolutionError("<urllib3.connection.HTTPSConnection object at 0x0000026340F7F6D0>: Failed to resolve 't.me' ([Errno 11001] getaddrinfo failed)"))
HTTPSConnectionPool(host='t.me', port=443): Max retries exceeded with url: /amtmedyaduyuru/2?embed=1&mode=tme (Caused by NameResolutionError("<urllib3.connection.HTTPSConnection object at 0x000002633F93E910>: Failed to resolve 't.me' ([Errno 11001] getaddrinfo failed)"))
HTTPSConnectionPool(host='t.me', port=443): Max retries exceeded with url: /amtmedyaduyuru/2?embed=1&mode=tme (Caused by NameResolutionError("<urllib3.connection.HTTPSConnection object at 0x00000263402100D0>: Failed to resolve 't.me' ([Errno 11001] getaddrinfo failed)"))
HTTPSConnectionPool(host='t.me', port=443): Max retries exceeded with url: /amtmedyaduyuru/2?embed=1&mode=tme (Caused by NameResolutionError("<urllib3.connection.HTTPSConnection object at 0x00000263402100D0>: Failed to resolve 't.me' ([Errno 11001] getaddrinfo failed)"))
HTTPSConnectionPool(host='t.me', port=443): Max retries exceeded with url: /amtmedyaduyuru/2?embed=1&mode=tme (Caused by NameResolutionError("<urllib3.connection.HTTPSConnection object at 0x000002633FB0B250>: Failed to resolve 't.me' ([Errno 11001] getaddrinfo failed)"))
HTTPSConnectionPool(host='t.me', port=443): Max retries exceeded with url: /amtmedyaduyuru/2?embed=1&mode=tme (Caused by NameResolutionError("<urllib3.connection.HTTPSConnection object at 0x000002633C2AE790>: Failed to resolve 't.me' ([Errno 11001] getaddrinfo failed)"))
HTTPSConnectionPool(host='t.me', port=443): Max retries exceeded with url: /amtmedyaduyuru/2?embed=1&mode=tme (Caused by NameResolutionError("<urllib3.connection.HTTPSConnection object at 0x0000026340F7ED50>: Failed to resolve 't.me' ([Errno 11001] getaddrinfo failed)"))
HTTPSConnectionPool(host='t.me', port=443): Max retries exceeded with url: /amtmedyaduyuru/2?embed=1&mode=tme (Caused by NameResolutionError("<urllib3.connection.HTTPSConnection object at 0x0000026336586790>: Failed to resolve 't.me' ([Errno 11001] getaddrinfo failed)"))
HTTPSConnectionPool(host='t.me', port=443): Max retries exceeded with url: /amtmedyaduyuru/2?embed=1&mode=tme (Caused by NameResolutionError("<urllib3.connection.HTTPSConnection object at 0x0000026340043A90>: Failed to resolve 't.me' ([Errno 11001] getaddrinfo failed)"))
HTTPSConnectionPool(host='t.me', port=443): Max retries exceeded with url: /amtmedyaduyuru/2?embed=1&mode=tme (Caused by NameResolutionError("<urllib3.connection.HTTPSConnection object at 0x00000263406C6210>: Failed to resolve 't.me' ([Errno 11001] getaddrinfo failed)"))
HTTPSConnectionPool(host='t.me', port=443): Max retries exceeded with url: /amtmedyaduyuru/2?embed=1&mode=tme (Caused by NameResolutionError("<urllib3.connection.HTTPSConnection object at 0x000002634072F4D0>: Failed to resolve 't.me' ([Errno 11001] getaddrinfo failed)"))
HTTPSConnectionPool(host='t.me', port=443): Max retries exceeded with url: /amtmedyaduyuru/2?embed=1&mode=tme (Caused by NameResolutionError("<urllib3.connection.HTTPSConnection object at 0x000002633C735110>: Failed to resolve 't.me' ([Errno 11001] getaddrinfo failed)"))
HTTPSConnectionPool(host='t.me', port=443): Max retries exceeded with url: /amtmedyaduyuru/2?embed=1&mode=tme (Caused by NameResolutionError("<urllib3.connection.HTTPSConnection object at 0x000002633FE04B90>: Failed to resolve 't.me' ([Errno 11001] getaddrinfo failed)"))
HTTPSConnectionPool(host='t.me', port=443): Max retries exceeded with url: /amtmedyaduyuru/2?embed=1&mode=tme (Caused by NameResolutionError("<urllib3.connection.HTTPSConnection object at 0x00000263403E9C90>: Failed to resolve 't.me' ([Errno 11001] getaddrinfo failed)"))
HTTPSConnectionPool(host='t.me', port=443): Max retries exceeded with url: /amtmedyaduyuru/2?embed=1&mode=tme (Caused by NameResolutionError("<urllib3.connection.HTTPSConnection object at 0x0000026340F7EB50>: Failed to resolve 't.me' ([Errno 11001] getaddrinfo failed)"))
HTTPSConnectionPool(host='t.me', port=443): Max retries exceeded with url: /amtmedyaduyuru/2?embed=1&mode=tme (Caused by NameResolutionError("<urllib3.connection.HTTPSConnection object at 0x0000026340D258D0>: Failed to resolve 't.me' ([Errno 11001] getaddrinfo failed)"))
HTTPSConnectionPool(host='t.me', port=443): Max retries exceeded with url: /amtmedyaduyuru/2?embed=1&mode=tme (Caused by NameResolutionError("<urllib3.connection.HTTPSConnection object at 0x0000026340F97A90>: Failed to resolve 't.me' ([Errno 11001] getaddrinfo failed)"))
HTTPSConnectionPool(host='t.me', port=443): Max retries exceeded with url: /amtmedyaduyuru/2?embed=1&mode=tme (Caused by NameResolutionError("<urllib3.connection.HTTPSConnection object at 0x0000026340FA1B10>: Failed to resolve 't.me' ([Errno 11001] getaddrinfo failed)"))
HTTPSConnectionPool(host='t.me', port=443): Max retries exceeded with url: /amtmedyaduyuru/2?embed=1&mode=tme (Caused by NameResolutionError("<urllib3.connection.HTTPSConnection object at 0x0000026340756D50>: Failed to resolve 't.me' ([Errno 11001] getaddrinfo failed)"))
HTTPSConnectionPool(host='t.me', port=443): Max retries exceeded with url: /amtmedyaduyuru/2?embed=1&mode=tme (Caused by NameResolutionError("<urllib3.connection.HTTPSConnection object at 0x0000026340FA0710>: Failed to resolve 't.me' ([Errno 11001] getaddrinfo failed)"))
HTTPSConnectionPool(host='t.me', port=443): Max retries exceeded with url: /amtmedyaduyuru/2?embed=1&mode=tme (Caused by NameResolutionError("<urllib3.connection.HTTPSConnection object at 0x00000263405B2410>: Failed to resolve 't.me' ([Errno 11001] getaddrinfo failed)"))
HTTPSConnectionPool(host='t.me', port=443): Max retries exceeded with url: /amtmedyaduyuru/2?embed=1&mode=tme (Caused by NameResolutionError("<urllib3.connection.HTTPSConnection object at 0x0000026340A7CF10>: Failed to resolve 't.me' ([Errno 11001] getaddrinfo failed)"))
HTTPSConnectionPool(host='t.me', port=443): Max retries exceeded with url: /amtmedyaduyuru/2?embed=1&mode=tme (Caused by NameResolutionError("<urllib3.connection.HTTPSConnection object at 0x0000026340F7C250>: Failed to resolve 't.me' ([Errno 11001] getaddrinfo failed)"))
HTTPSConnectionPool(host='t.me', port=443): Max retries exceeded with url: /amtmedyaduyuru/2?embed=1&mode=tme (Caused by NameResolutionError("<urllib3.connection.HTTPSConnection object at 0x0000026340E373D0>: Failed to resolve 't.me' ([Errno 11001] getaddrinfo failed)"))
HTTPSConnectionPool(host='t.me', port=443): Max retries exceeded with url: /amtmedyaduyuru/2?embed=1&mode=tme (Caused by NameResolutionError("<urllib3.connection.HTTPSConnection object at 0x000002634018B1D0>: Failed to resolve 't.me' ([Errno 11001] getaddrinfo failed)"))
HTTPSConnectionPool(host='t.me', port=443): Max retries exceeded with url: /amtmedyaduyuru/2?embed=1&mode=tme (Caused by NameResolutionError("<urllib3.connection.HTTPSConnection object at 0x000002634018AE50>: Failed to resolve 't.me' ([Errno 11001] getaddrinfo failed)"))
HTTPSConnectionPool(host='t.me', port=443): Max retries exceeded with url: /amtmedyaduyuru/2?embed=1&mode=tme (Caused by NameResolutionError("<urllib3.connection.HTTPSConnection object at 0x0000026340E368D0>: Failed to resolve 't.me' ([Errno 11001] getaddrinfo failed)"))
HTTPSConnectionPool(host='t.me', port=443): Max retries exceeded with url: /amtmedyaduyuru/2?embed=1&mode=tme (Caused by NameResolutionError("<urllib3.connection.HTTPSConnection object at 0x0000026340F7EAD0>: Failed to resolve 't.me' ([Errno 11001] getaddrinfo failed)"))
HTTPSConnectionPool(host='t.me', port=443): Max retries exceeded with url: /amtmedyaduyuru/2?embed=1&mode=tme (Caused by NameResolutionError("<urllib3.connection.HTTPSConnection object at 0x0000026340A58690>: Failed to resolve 't.me' ([Errno 11001] getaddrinfo failed)"))
HTTPSConnectionPool(host='t.me', port=443): Max retries exceeded with url: /amtmedyaduyuru/2?embed=1&mode=tme (Caused by NameResolutionError("<urllib3.connection.HTTPSConnection object at 0x0000026340603D90>: Failed to resolve 't.me' ([Errno 11001] getaddrinfo failed)"))
HTTPSConnectionPool(host='t.me', port=443): Max retries exceeded with url: /amtmedyaduyuru/2?embed=1&mode=tme (Caused by NameResolutionError("<urllib3.connection.HTTPSConnection object at 0x0000026340FA3190>: Failed to resolve 't.me' ([Errno 11001] getaddrinfo failed)"))
HTTPSConnectionPool(host='t.me', port=443): Max retries exceeded with url: /amtmedyaduyuru/2?embed=1&mode=tme (Caused by NameResolutionError("<urllib3.connection.HTTPSConnection object at 0x00000263405E7510>: Failed to resolve 't.me' ([Errno 11001] getaddrinfo failed)"))
HTTPSConnectionPool(host='t.me', port=443): Max retries exceeded with url: /amtmedyaduyuru/2?embed=1&mode=tme (Caused by NameResolutionError("<urllib3.connection.HTTPSConnection object at 0x000002633FC82410>: Failed to resolve 't.me' ([Errno 11001] getaddrinfo failed)"))
HTTPSConnectionPool(host='t.me', port=443): Max retries exceeded with url: /amtmedyaduyuru/2?embed=1&mode=tme (Caused by NameResolutionError("<urllib3.connection.HTTPSConnection object at 0x00000263365C8050>: Failed to resolve 't.me' ([Errno 11001] getaddrinfo failed)"))
HTTPSConnectionPool(host='t.me', port=443): Max retries exceeded with url: /amtmedyaduyuru/2?embed=1&mode=tme (Caused by NameResolutionError("<urllib3.connection.HTTPSConnection object at 0x000002633FE05A90>: Failed to resolve 't.me' ([Errno 11001] getaddrinfo failed)"))
HTTPSConnectionPool(host='t.me', port=443): Max retries exceeded with url: /amtmedyaduyuru/2?embed=1&mode=tme (Caused by NameResolutionError("<urllib3.connection.HTTPSConnection object at 0x0000026340F7C590>: Failed to resolve 't.me' ([Errno 11001] getaddrinfo failed)"))
HTTPSConnectionPool(host='t.me', port=443): Max retries exceeded with url: /amtmedyaduyuru/2?embed=1&mode=tme (Caused by NameResolutionError("<urllib3.connection.HTTPSConnection object at 0x00000263409120D0>: Failed to resolve 't.me' ([Errno 11001] getaddrinfo failed)"))
HTTPSConnectionPool(host='t.me', port=443): Max retries exceeded with url: /amtmedyaduyuru/2?embed=1&mode=tme (Caused by NameResolutionError("<urllib3.connection.HTTPSConnection object at 0x0000026340444650>: Failed to resolve 't.me' ([Errno 11001] getaddrinfo failed)"))
HTTPSConnectionPool(host='t.me', port=443): Max retries exceeded with url: /amtmedyaduyuru/2?embed=1&mode=tme (Caused by NameResolutionError("<urllib3.connection.HTTPSConnection object at 0x0000026338D18750>: Failed to resolve 't.me' ([Errno 11001] getaddrinfo failed)"))
HTTPSConnectionPool(host='t.me', port=443): Max retries exceeded with url: /amtmedyaduyuru/2?embed=1&mode=tme (Caused by NameResolutionError("<urllib3.connection.HTTPSConnection object at 0x000002634015E7D0>: Failed to resolve 't.me' ([Errno 11001] getaddrinfo failed)"))
HTTPSConnectionPool(host='t.me', port=443): Max retries exceeded with url: /amtmedyaduyuru/2?embed=1&mode=tme (Caused by NameResolutionError("<urllib3.connection.HTTPSConnection object at 0x0000026340F7F050>: Failed to resolve 't.me' ([Errno 11001] getaddrinfo failed)"))
HTTPSConnectionPool(host='t.me', port=443): Max retries exceeded with url: /amtmedyaduyuru/2?embed=1&mode=tme (Caused by NameResolutionError("<urllib3.connection.HTTPSConnection object at 0x000002633FE04490>: Failed to resolve 't.me' ([Errno 11001] getaddrinfo failed)"))
HTTPSConnectionPool(host='t.me', port=443): Max retries exceeded with url: /amtmedyaduyuru/2?embed=1&mode=tme (Caused by NameResolutionError("<urllib3.connection.HTTPSConnection object at 0x000002633FD55E90>: Failed to resolve 't.me' ([Errno 11001] getaddrinfo failed)"))
HTTPSConnectionPool(host='t.me', port=443): Max retries exceeded with url: /amtmedyaduyuru/2?embed=1&mode=tme (Caused by NameResolutionError("<urllib3.connection.HTTPSConnection object at 0x000002633A58CD90>: Failed to resolve 't.me' ([Errno 11001] getaddrinfo failed)"))
HTTPSConnectionPool(host='t.me', port=443): Max retries exceeded with url: /amtmedyaduyuru/2?embed=1&mode=tme (Caused by NameResolutionError("<urllib3.connection.HTTPSConnection object at 0x000002634008F410>: Failed to resolve 't.me' ([Errno 11001] getaddrinfo failed)"))
HTTPSConnectionPool(host='t.me', port=443): Max retries exceeded with url: /amtmedyaduyuru/2?embed=1&mode=tme (Caused by NameResolutionError("<urllib3.connection.HTTPSConnection object at 0x000002633E131450>: Failed to resolve 't.me' ([Errno 11001] getaddrinfo failed)"))
HTTPSConnectionPool(host='t.me', port=443): Max retries exceeded with url: /amtmedyaduyuru/2?embed=1&mode=tme (Caused by NameResolutionError("<urllib3.connection.HTTPSConnection object at 0x0000026340F7E8D0>: Failed to resolve 't.me' ([Errno 11001] getaddrinfo failed)"))
HTTPSConnectionPool(host='t.me', port=443): Max retries exceeded with url: /amtmedyaduyuru/2?embed=1&mode=tme (Caused by NameResolutionError("<urllib3.connection.HTTPSConnection object at 0x0000026340C5ED10>: Failed to resolve 't.me' ([Errno 11001] getaddrinfo failed)"))
HTTPSConnectionPool(host='t.me', port=443): Max retries exceeded with url: /amtmedyaduyuru/2?embed=1&mode=tme (Caused by NameResolutionError("<urllib3.connection.HTTPSConnection object at 0x0000026340378750>: Failed to resolve 't.me' ([Errno 11001] getaddrinfo failed)"))
HTTPSConnectionPool(host='t.me', port=443): Max retries exceeded with url: /amtmedyaduyuru/2?embed=1&mode=tme (Caused by NameResolutionError("<urllib3.connection.HTTPSConnection object at 0x000002633FF64810>: Failed to resolve 't.me' ([Errno 11001] getaddrinfo failed)"))
HTTPSConnectionPool(host='t.me', port=443): Max retries exceeded with url: /amtmedyaduyuru/2?embed=1&mode=tme (Caused by NameResolutionError("<urllib3.connection.HTTPSConnection object at 0x000002633F847410>: Failed to resolve 't.me' ([Errno 11001] getaddrinfo failed)"))
HTTPSConnectionPool(host='t.me', port=443): Max retries exceeded with url: /amtmedyaduyuru/2?embed=1&mode=tme (Caused by NameResolutionError("<urllib3.connection.HTTPSConnection object at 0x000002633E373290>: Failed to resolve 't.me' ([Errno 11001] getaddrinfo failed)"))
HTTPSConnectionPool(host='t.me', port=443): Max retries exceeded with url: /amtmedyaduyuru/2?embed=1&mode=tme (Caused by NameResolutionError("<urllib3.connection.HTTPSConnection object at 0x0000026340F7D310>: Failed to resolve 't.me' ([Errno 11001] getaddrinfo failed)"))
HTTPSConnectionPool(host='t.me', port=443): Max retries exceeded with url: /amtmedyaduyuru/2?embed=1&mode=tme (Caused by NameResolutionError("<urllib3.connection.HTTPSConnection object at 0x000002633FA00CD0>: Failed to resolve 't.me' ([Errno 11001] getaddrinfo failed)"))
HTTPSConnectionPool(host='t.me', port=443): Max retries exceeded with url: /amtmedyaduyuru/2?embed=1&mode=tme (Caused by NameResolutionError("<urllib3.connection.HTTPSConnection object at 0x000002633FD57490>: Failed to resolve 't.me' ([Errno 11001] getaddrinfo failed)"))
HTTPSConnectionPool(host='t.me', port=443): Max retries exceeded with url: /amtmedyaduyuru/2?embed=1&mode=tme (Caused by NameResolutionError("<urllib3.connection.HTTPSConnection object at 0x00000263410C25D0>: Failed to resolve 't.me' ([Errno 11001] getaddrinfo failed)"))
HTTPSConnectionPool(host='t.me', port=443): Max retries exceeded with url: /amtmedyaduyuru/2?embed=1&mode=tme (Caused by NameResolutionError("<urllib3.connection.HTTPSConnection object at 0x000002633FF34590>: Failed to resolve 't.me' ([Errno 11001] getaddrinfo failed)"))
HTTPSConnectionPool(host='t.me', port=443): Max retries exceeded with url: /amtmedyaduyuru/2?embed=1&mode=tme (Caused by NameResolutionError("<urllib3.connection.HTTPSConnection object at 0x0000026340A4D950>: Failed to resolve 't.me' ([Errno 11001] getaddrinfo failed)"))
HTTPSConnectionPool(host='t.me', port=443): Max retries exceeded with url: /amtmedyaduyuru/2?embed=1&mode=tme (Caused by NameResolutionError("<urllib3.connection.HTTPSConnection object at 0x0000026340F7DA10>: Failed to resolve 't.me' ([Errno 11001] getaddrinfo failed)"))
HTTPSConnectionPool(host='t.me', port=443): Max retries exceeded with url: /amtmedyaduyuru/2?embed=1&mode=tme (Caused by NameResolutionError("<urllib3.connection.HTTPSConnection object at 0x000002633FD03990>: Failed to resolve 't.me' ([Errno 11001] getaddrinfo failed)"))
HTTPSConnectionPool(host='t.me', port=443): Max retries exceeded with url: /amtmedyaduyuru/2?embed=1&mode=tme (Caused by NameResolutionError("<urllib3.connection.HTTPSConnection object at 0x000002633FE05A90>: Failed to resolve 't.me' ([Errno 11001] getaddrinfo failed)"))
HTTPSConnectionPool(host='t.me', port=443): Max retries exceeded with url: /amtmedyaduyuru/2?embed=1&mode=tme (Caused by NameResolutionError("<urllib3.connection.HTTPSConnection object at 0x0000026340F7CFD0>: Failed to resolve 't.me' ([Errno 11001] getaddrinfo failed)"))
HTTPSConnectionPool(host='t.me', port=443): Max retries exceeded with url: /amtmedyaduyuru/2?embed=1&mode=tme (Caused by NameResolutionError("<urllib3.connection.HTTPSConnection object at 0x000002633FFF9D10>: Failed to resolve 't.me' ([Errno 11001] getaddrinfo failed)"))
HTTPSConnectionPool(host='t.me', port=443): Max retries exceeded with url: /amtmedyaduyuru/2?embed=1&mode=tme (Caused by NameResolutionError("<urllib3.connection.HTTPSConnection object at 0x0000026340868B10>: Failed to resolve 't.me' ([Errno 11001] getaddrinfo failed)"))
HTTPSConnectionPool(host='t.me', port=443): Max retries exceeded with url: /amtmedyaduyuru/2?embed=1&mode=tme (Caused by NameResolutionError("<urllib3.connection.HTTPSConnection object at 0x0000026340084F10>: Failed to resolve 't.me' ([Errno 11001] getaddrinfo failed)"))
HTTPSConnectionPool(host='t.me', port=443): Max retries exceeded with url: /amtmedyaduyuru/2?embed=1&mode=tme (Caused by NameResolutionError("<urllib3.connection.HTTPSConnection object at 0x0000026340BD8C10>: Failed to resolve 't.me' ([Errno 11001] getaddrinfo failed)"))
HTTPSConnectionPool(host='t.me', port=443): Max retries exceeded with url: /amtmedyaduyuru/2?embed=1&mode=tme (Caused by NameResolutionError("<urllib3.connection.HTTPSConnection object at 0x00000263410EA990>: Failed to resolve 't.me' ([Errno 11001] getaddrinfo failed)"))
HTTPSConnectionPool(host='t.me', port=443): Max retries exceeded with url: /amtmedyaduyuru/2?embed=1&mode=tme (Caused by NameResolutionError("<urllib3.connection.HTTPSConnection object at 0x000002634008ED50>: Failed to resolve 't.me' ([Errno 11001] getaddrinfo failed)"))
HTTPSConnectionPool(host='t.me', port=443): Max retries exceeded with url: /amtmedyaduyuru/2?embed=1&mode=tme (Caused by NameResolutionError("<urllib3.connection.HTTPSConnection object at 0x000002633FD12D10>: Failed to resolve 't.me' ([Errno 11001] getaddrinfo failed)"))
HTTPSConnectionPool(host='t.me', port=443): Max retries exceeded with url: /amtmedyaduyuru/2?embed=1&mode=tme (Caused by NameResolutionError("<urllib3.connection.HTTPSConnection object at 0x0000026340BC6410>: Failed to resolve 't.me' ([Errno 11001] getaddrinfo failed)"))
HTTPSConnectionPool(host='t.me', port=443): Max retries exceeded with url: /amtmedyaduyuru/2?embed=1&mode=tme (Caused by NameResolutionError("<urllib3.connection.HTTPSConnection object at 0x0000026340F94C50>: Failed to resolve 't.me' ([Errno 11001] getaddrinfo failed)"))
HTTPSConnectionPool(host='t.me', port=443): Max retries exceeded with url: /amtmedyaduyuru/2?embed=1&mode=tme (Caused by NameResolutionError("<urllib3.connection.HTTPSConnection object at 0x00000263410E8050>: Failed to resolve 't.me' ([Errno 11001] getaddrinfo failed)"))
HTTPSConnectionPool(host='t.me', port=443): Max retries exceeded with url: /amtmedyaduyuru/2?embed=1&mode=tme (Caused by NameResolutionError("<urllib3.connection.HTTPSConnection object at 0x0000026340F5CD50>: Failed to resolve 't.me' ([Errno 11001] getaddrinfo failed)"))
HTTPSConnectionPool(host='t.me', port=443): Max retries exceeded with url: /amtmedyaduyuru/2?embed=1&mode=tme (Caused by NameResolutionError("<urllib3.connection.HTTPSConnection object at 0x0000026340D27110>: Failed to resolve 't.me' ([Errno 11001] getaddrinfo failed)"))
HTTPSConnectionPool(host='t.me', port=443): Max retries exceeded with url: /amtmedyaduyuru/2?embed=1&mode=tme (Caused by NameResolutionError("<urllib3.connection.HTTPSConnection object at 0x000002633FC95490>: Failed to resolve 't.me' ([Errno 11001] getaddrinfo failed)"))
HTTPSConnectionPool(host='t.me', port=443): Max retries exceeded with url: /amtmedyaduyuru/2?embed=1&mode=tme (Caused by NameResolutionError("<urllib3.connection.HTTPSConnection object at 0x0000026340B9FF10>: Failed to resolve 't.me' ([Errno 11001] getaddrinfo failed)"))
HTTPSConnectionPool(host='t.me', port=443): Max retries exceeded with url: /amtmedyaduyuru/2?embed=1&mode=tme (Caused by NameResolutionError("<urllib3.connection.HTTPSConnection object at 0x000002633E350550>: Failed to resolve 't.me' ([Errno 11001] getaddrinfo failed)"))
HTTPSConnectionPool(host='t.me', port=443): Max retries exceeded with url: /amtmedyaduyuru/2?embed=1&mode=tme (Caused by NameResolutionError("<urllib3.connection.HTTPSConnection object at 0x00000263411005D0>: Failed to resolve 't.me' ([Errno 11001] getaddrinfo failed)"))
HTTPSConnectionPool(host='t.me', port=443): Max retries exceeded with url: /amtmedyaduyuru/2?embed=1&mode=tme (Caused by NameResolutionError("<urllib3.connection.HTTPSConnection object at 0x0000026340912010>: Failed to resolve 't.me' ([Errno 11001] getaddrinfo failed)"))
HTTPSConnectionPool(host='t.me', port=443): Max retries exceeded with url: /amtmedyaduyuru/2?embed=1&mode=tme (Caused by NameResolutionError("<urllib3.connection.HTTPSConnection object at 0x0000026340E0BA10>: Failed to resolve 't.me' ([Errno 11001] getaddrinfo failed)"))
HTTPSConnectionPool(host='t.me', port=443): Max retries exceeded with url: /amtmedyaduyuru/2?embed=1&mode=tme (Caused by NameResolutionError("<urllib3.connection.HTTPSConnection object at 0x0000026340B5E0D0>: Failed to resolve 't.me' ([Errno 11001] getaddrinfo failed)"))
HTTPSConnectionPool(host='t.me', port=443): Max retries exceeded with url: /amtmedyaduyuru/2?embed=1&mode=tme (Caused by NameResolutionError("<urllib3.connection.HTTPSConnection object at 0x00000263410EBD50>: Failed to resolve 't.me' ([Errno 11001] getaddrinfo failed)"))
HTTPSConnectionPool(host='t.me', port=443): Max retries exceeded with url: /amtmedyaduyuru/2?embed=1&mode=tme (Caused by NameResolutionError("<urllib3.connection.HTTPSConnection object at 0x0000026340F968D0>: Failed to resolve 't.me' ([Errno 11001] getaddrinfo failed)"))
HTTPSConnectionPool(host='t.me', port=443): Max retries exceeded with url: /amtmedyaduyuru/2?embed=1&mode=tme (Caused by NameResolutionError("<urllib3.connection.HTTPSConnection object at 0x00000263400FC990>: Failed to resolve 't.me' ([Errno 11001] getaddrinfo failed)"))
HTTPSConnectionPool(host='t.me', port=443): Max retries exceeded with url: /amtmedyaduyuru/2?embed=1&mode=tme (Caused by NameResolutionError("<urllib3.connection.HTTPSConnection object at 0x000002633FEDC490>: Failed to resolve 't.me' ([Errno 11001] getaddrinfo failed)"))
HTTPSConnectionPool(host='t.me', port=443): Max retries exceeded with url: /amtmedyaduyuru/2?embed=1&mode=tme (Caused by NameResolutionError("<urllib3.connection.HTTPSConnection object at 0x0000026340A05290>: Failed to resolve 't.me' ([Errno 11001] getaddrinfo failed)"))
HTTPSConnectionPool(host='t.me', port=443): Max retries exceeded with url: /amtmedyaduyuru/2?embed=1&mode=tme (Caused by NameResolutionError("<urllib3.connection.HTTPSConnection object at 0x000002633FD2D0D0>: Failed to resolve 't.me' ([Errno 11001] getaddrinfo failed)"))
HTTPSConnectionPool(host='t.me', port=443): Max retries exceeded with url: /amtmedyaduyuru/2?embed=1&mode=tme (Caused by NameResolutionError("<urllib3.connection.HTTPSConnection object at 0x0000026340CD5B10>: Failed to resolve 't.me' ([Errno 11001] getaddrinfo failed)"))
HTTPSConnectionPool(host='t.me', port=443): Max retries exceeded with url: /amtmedyaduyuru/2?embed=1&mode=tme (Caused by NameResolutionError("<urllib3.connection.HTTPSConnection object at 0x0000026340B04FD0>: Failed to resolve 't.me' ([Errno 11001] getaddrinfo failed)"))
HTTPSConnectionPool(host='t.me', port=443): Max retries exceeded with url: /amtmedyaduyuru/2?embed=1&mode=tme (Caused by NameResolutionError("<urllib3.connection.HTTPSConnection object at 0x00000263410EBA90>: Failed to resolve 't.me' ([Errno 11001] getaddrinfo failed)"))
HTTPSConnectionPool(host='t.me', port=443): Max retries exceeded with url: /amtmedyaduyuru/2?embed=1&mode=tme (Caused by NameResolutionError("<urllib3.connection.HTTPSConnection object at 0x00000263411020D0>: Failed to resolve 't.me' ([Errno 11001] getaddrinfo failed)"))
HTTPSConnectionPool(host='t.me', port=443): Max retries exceeded with url: /amtmedyaduyuru/2?embed=1&mode=tme (Caused by NameResolutionError("<urllib3.connection.HTTPSConnection object at 0x000002634050D050>: Failed to resolve 't.me' ([Errno 11001] getaddrinfo failed)"))
HTTPSConnectionPool(host='t.me', port=443): Max retries exceeded with url: /amtmedyaduyuru/2?embed=1&mode=tme (Caused by NameResolutionError("<urllib3.connection.HTTPSConnection object at 0x000002633FD2DED0>: Failed to resolve 't.me' ([Errno 11001] getaddrinfo failed)"))
HTTPSConnectionPool(host='t.me', port=443): Max retries exceeded with url: /amtmedyaduyuru/2?embed=1&mode=tme (Caused by NameResolutionError("<urllib3.connection.HTTPSConnection object at 0x000002633652E7D0>: Failed to resolve 't.me' ([Errno 11001] getaddrinfo failed)"))
HTTPSConnectionPool(host='t.me', port=443): Max retries exceeded with url: /amtmedyaduyuru/2?embed=1&mode=tme (Caused by NameResolutionError("<urllib3.connection.HTTPSConnection object at 0x000002634022D610>: Failed to resolve 't.me' ([Errno 11001] getaddrinfo failed)"))
HTTPSConnectionPool(host='t.me', port=443): Max retries exceeded with url: /amtmedyaduyuru/2?embed=1&mode=tme (Caused by NameResolutionError("<urllib3.connection.HTTPSConnection object at 0x0000026340F7D710>: Failed to resolve 't.me' ([Errno 11001] getaddrinfo failed)"))
HTTPSConnectionPool(host='t.me', port=443): Max retries exceeded with url: /amtmedyaduyuru/2?embed=1&mode=tme (Caused by NameResolutionError("<urllib3.connection.HTTPSConnection object at 0x00000263410EBB50>: Failed to resolve 't.me' ([Errno 11001] getaddrinfo failed)"))
HTTPSConnectionPool(host='t.me', port=443): Max retries exceeded with url: /amtmedyaduyuru/2?embed=1&mode=tme (Caused by NameResolutionError("<urllib3.connection.HTTPSConnection object at 0x0000026337DE29D0>: Failed to resolve 't.me' ([Errno 11001] getaddrinfo failed)"))
HTTPSConnectionPool(host='t.me', port=443): Max retries exceeded with url: /amtmedyaduyuru/2?embed=1&mode=tme (Caused by NameResolutionError("<urllib3.connection.HTTPSConnection object at 0x0000026341097990>: Failed to resolve 't.me' ([Errno 11001] getaddrinfo failed)"))
HTTPSConnectionPool(host='t.me', port=443): Max retries exceeded with url: /amtmedyaduyuru/2?embed=1&mode=tme (Caused by NameResolutionError("<urllib3.connection.HTTPSConnection object at 0x0000026341096B10>: Failed to resolve 't.me' ([Errno 11001] getaddrinfo failed)"))
HTTPSConnectionPool(host='t.me', port=443): Max retries exceeded with url: /amtmedyaduyuru/2?embed=1&mode=tme (Caused by NameResolutionError("<urllib3.connection.HTTPSConnection object at 0x000002633AA8FD10>: Failed to resolve 't.me' ([Errno 11001] getaddrinfo failed)"))
HTTPSConnectionPool(host='t.me', port=443): Max retries exceeded with url: /amtmedyaduyuru/2?embed=1&mode=tme (Caused by NameResolutionError("<urllib3.connection.HTTPSConnection object at 0x0000026340FE0290>: Failed to resolve 't.me' ([Errno 11001] getaddrinfo failed)"))
HTTPSConnectionPool(host='t.me', port=443): Max retries exceeded with url: /amtmedyaduyuru/2?embed=1&mode=tme (Caused by NameResolutionError("<urllib3.connection.HTTPSConnection object at 0x0000026340E5F890>: Failed to resolve 't.me' ([Errno 11001] getaddrinfo failed)"))
HTTPSConnectionPool(host='t.me', port=443): Max retries exceeded with url: /amtmedyaduyuru/2?embed=1&mode=tme (Caused by NameResolutionError("<urllib3.connection.HTTPSConnection object at 0x00000263408C5950>: Failed to resolve 't.me' ([Errno 11001] getaddrinfo failed)"))
HTTPSConnectionPool(host='t.me', port=443): Max retries exceeded with url: /amtmedyaduyuru/2?embed=1&mode=tme (Caused by NameResolutionError("<urllib3.connection.HTTPSConnection object at 0x000002633FA01F10>: Failed to resolve 't.me' ([Errno 11001] getaddrinfo failed)"))
HTTPSConnectionPool(host='t.me', port=443): Max retries exceeded with url: /amtmedyaduyuru/2?embed=1&mode=tme (Caused by NameResolutionError("<urllib3.connection.HTTPSConnection object at 0x0000026340FB0150>: Failed to resolve 't.me' ([Errno 11001] getaddrinfo failed)"))
HTTPSConnectionPool(host='t.me', port=443): Max retries exceeded with url: /amtmedyaduyuru/2?embed=1&mode=tme (Caused by NameResolutionError("<urllib3.connection.HTTPSConnection object at 0x00000263408C5B10>: Failed to resolve 't.me' ([Errno 11001] getaddrinfo failed)"))
HTTPSConnectionPool(host='t.me', port=443): Max retries exceeded with url: /amtmedyaduyuru/2?embed=1&mode=tme (Caused by NameResolutionError("<urllib3.connection.HTTPSConnection object at 0x00000263404D7490>: Failed to resolve 't.me' ([Errno 11001] getaddrinfo failed)"))
HTTPSConnectionPool(host='t.me', port=443): Max retries exceeded with url: /amtmedyaduyuru/2?embed=1&mode=tme (Caused by NameResolutionError("<urllib3.connection.HTTPSConnection object at 0x0000026340FDE350>: Failed to resolve 't.me' ([Errno 11001] getaddrinfo failed)"))
HTTPSConnectionPool(host='t.me', port=443): Max retries exceeded with url: /amtmedyaduyuru/2?embed=1&mode=tme (Caused by NameResolutionError("<urllib3.connection.HTTPSConnection object at 0x0000026334D73CD0>: Failed to resolve 't.me' ([Errno 11001] getaddrinfo failed)"))
HTTPSConnectionPool(host='t.me', port=443): Max retries exceeded with url: /amtmedyaduyuru/2?embed=1&mode=tme (Caused by NameResolutionError("<urllib3.connection.HTTPSConnection object at 0x000002633FEEE9D0>: Failed to resolve 't.me' ([Errno 11001] getaddrinfo failed)"))
HTTPSConnectionPool(host='t.me', port=443): Max retries exceeded with url: /amtmedyaduyuru/2?embed=1&mode=tme (Caused by NameResolutionError("<urllib3.connection.HTTPSConnection object at 0x000002633B885C90>: Failed to resolve 't.me' ([Errno 11001] getaddrinfo failed)"))
HTTPSConnectionPool(host='t.me', port=443): Max retries exceeded with url: /amtmedyaduyuru/2?embed=1&mode=tme (Caused by NameResolutionError("<urllib3.connection.HTTPSConnection object at 0x000002633C12C1D0>: Failed to resolve 't.me' ([Errno 11001] getaddrinfo failed)"))
HTTPSConnectionPool(host='t.me', port=443): Max retries exceeded with url: /amtmedyaduyuru/2?embed=1&mode=tme (Caused by NameResolutionError("<urllib3.connection.HTTPSConnection object at 0x000002633631E750>: Failed to resolve 't.me' ([Errno 11001] getaddrinfo failed)"))
HTTPSConnectionPool(host='t.me', port=443): Max retries exceeded with url: /amtmedyaduyuru/2?embed=1&mode=tme (Caused by NameResolutionError("<urllib3.connection.HTTPSConnection object at 0x00000263404D7490>: Failed to resolve 't.me' ([Errno 11001] getaddrinfo failed)"))
HTTPSConnectionPool(host='t.me', port=443): Max retries exceeded with url: /amtmedyaduyuru/2?embed=1&mode=tme (Caused by NameResolutionError("<urllib3.connection.HTTPSConnection object at 0x0000026340DB6910>: Failed to resolve 't.me' ([Errno 11001] getaddrinfo failed)"))
HTTPSConnectionPool(host='t.me', port=443): Max retries exceeded with url: /amtmedyaduyuru/2?embed=1&mode=tme (Caused by NameResolutionError("<urllib3.connection.HTTPSConnection object at 0x000002633C2D5310>: Failed to resolve 't.me' ([Errno 11001] getaddrinfo failed)"))
HTTPSConnectionPool(host='t.me', port=443): Max retries exceeded with url: /amtmedyaduyuru/2?embed=1&mode=tme (Caused by NameResolutionError("<urllib3.connection.HTTPSConnection object at 0x0000026340F71E10>: Failed to resolve 't.me' ([Errno 11001] getaddrinfo failed)"))
HTTPSConnectionPool(host='t.me', port=443): Max retries exceeded with url: /amtmedyaduyuru/2?embed=1&mode=tme (Caused by NameResolutionError("<urllib3.connection.HTTPSConnection object at 0x00000263408C5950>: Failed to resolve 't.me' ([Errno 11001] getaddrinfo failed)"))
HTTPSConnectionPool(host='t.me', port=443): Max retries exceeded with url: /amtmedyaduyuru/2?embed=1&mode=tme (Caused by NameResolutionError("<urllib3.connection.HTTPSConnection object at 0x0000026340E5F810>: Failed to resolve 't.me' ([Errno 11001] getaddrinfo failed)"))
HTTPSConnectionPool(host='t.me', port=443): Max retries exceeded with url: /amtmedyaduyuru/2?embed=1&mode=tme (Caused by NameResolutionError("<urllib3.connection.HTTPSConnection object at 0x0000026340FDEE50>: Failed to resolve 't.me' ([Errno 11001] getaddrinfo failed)"))
HTTPSConnectionPool(host='t.me', port=443): Max retries exceeded with url: /amtmedyaduyuru/2?embed=1&mode=tme (Caused by NameResolutionError("<urllib3.connection.HTTPSConnection object at 0x0000026340E35690>: Failed to resolve 't.me' ([Errno 11001] getaddrinfo failed)"))
HTTPSConnectionPool(host='t.me', port=443): Max retries exceeded with url: /amtmedyaduyuru/2?embed=1&mode=tme (Caused by NameResolutionError("<urllib3.connection.HTTPSConnection object at 0x0000026341096A90>: Failed to resolve 't.me' ([Errno 11001] getaddrinfo failed)"))
HTTPSConnectionPool(host='t.me', port=443): Max retries exceeded with url: /amtmedyaduyuru/2?embed=1&mode=tme (Caused by NameResolutionError("<urllib3.connection.HTTPSConnection object at 0x0000026340F7F0D0>: Failed to resolve 't.me' ([Errno 11001] getaddrinfo failed)"))
HTTPSConnectionPool(host='t.me', port=443): Max retries exceeded with url: /amtmedyaduyuru/2?embed=1&mode=tme (Caused by NameResolutionError("<urllib3.connection.HTTPSConnection object at 0x0000026340D6DD10>: Failed to resolve 't.me' ([Errno 11001] getaddrinfo failed)"))
HTTPSConnectionPool(host='t.me', port=443): Max retries exceeded with url: /amtmedyaduyuru/2?embed=1&mode=tme (Caused by NameResolutionError("<urllib3.connection.HTTPSConnection object at 0x0000026338F3F090>: Failed to resolve 't.me' ([Errno 11001] getaddrinfo failed)"))
HTTPSConnectionPool(host='t.me', port=443): Max retries exceeded with url: /amtmedyaduyuru/2?embed=1&mode=tme (Caused by NameResolutionError("<urllib3.connection.HTTPSConnection object at 0x00000263404D7490>: Failed to resolve 't.me' ([Errno 11001] getaddrinfo failed)"))
HTTPSConnectionPool(host='t.me', port=443): Max retries exceeded with url: /amtmedyaduyuru/2?embed=1&mode=tme (Caused by NameResolutionError("<urllib3.connection.HTTPSConnection object at 0x0000026340FB0550>: Failed to resolve 't.me' ([Errno 11001] getaddrinfo failed)"))
HTTPSConnectionPool(host='t.me', port=443): Max retries exceeded with url: /amtmedyaduyuru/2?embed=1&mode=tme (Caused by NameResolutionError("<urllib3.connection.HTTPSConnection object at 0x000002633B982590>: Failed to resolve 't.me' ([Errno 11001] getaddrinfo failed)"))
HTTPSConnectionPool(host='t.me', port=443): Max retries exceeded with url: /amtmedyaduyuru/2?embed=1&mode=tme (Caused by NameResolutionError("<urllib3.connection.HTTPSConnection object at 0x0000026340B2CE50>: Failed to resolve 't.me' ([Errno 11001] getaddrinfo failed)"))
HTTPSConnectionPool(host='t.me', port=443): Max retries exceeded with url: /amtmedyaduyuru/2?embed=1&mode=tme (Caused by NameResolutionError("<urllib3.connection.HTTPSConnection object at 0x0000026340FB0E10>: Failed to resolve 't.me' ([Errno 11001] getaddrinfo failed)"))
HTTPSConnectionPool(host='t.me', port=443): Max retries exceeded with url: /amtmedyaduyuru/2?embed=1&mode=tme (Caused by NameResolutionError("<urllib3.connection.HTTPSConnection object at 0x0000026340E5C510>: Failed to resolve 't.me' ([Errno 11001] getaddrinfo failed)"))
HTTPSConnectionPool(host='t.me', port=443): Max retries exceeded with url: /amtmedyaduyuru/2?embed=1&mode=tme (Caused by NameResolutionError("<urllib3.connection.HTTPSConnection object at 0x0000026340FDEE50>: Failed to resolve 't.me' ([Errno 11001] getaddrinfo failed)"))
HTTPSConnectionPool(host='t.me', port=443): Max retries exceeded with url: /amtmedyaduyuru/2?embed=1&mode=tme (Caused by NameResolutionError("<urllib3.connection.HTTPSConnection object at 0x000002633CFA5690>: Failed to resolve 't.me' ([Errno 11001] getaddrinfo failed)"))
HTTPSConnectionPool(host='t.me', port=443): Max retries exceeded with url: /amtmedyaduyuru/2?embed=1&mode=tme (Caused by NameResolutionError("<urllib3.connection.HTTPSConnection object at 0x0000026340637390>: Failed to resolve 't.me' ([Errno 11001] getaddrinfo failed)"))
HTTPSConnectionPool(host='t.me', port=443): Max retries exceeded with url: /amtmedyaduyuru/2?embed=1&mode=tme (Caused by NameResolutionError("<urllib3.connection.HTTPSConnection object at 0x00000263403C91D0>: Failed to resolve 't.me' ([Errno 11001] getaddrinfo failed)"))
HTTPSConnectionPool(host='t.me', port=443): Max retries exceeded with url: /amtmedyaduyuru/2?embed=1&mode=tme (Caused by NameResolutionError("<urllib3.connection.HTTPSConnection object at 0x000002633FA734D0>: Failed to resolve 't.me' ([Errno 11001] getaddrinfo failed)"))
HTTPSConnectionPool(host='t.me', port=443): Max retries exceeded with url: /amtmedyaduyuru/2?embed=1&mode=tme (Caused by NameResolutionError("<urllib3.connection.HTTPSConnection object at 0x000002633C12C1D0>: Failed to resolve 't.me' ([Errno 11001] getaddrinfo failed)"))
HTTPSConnectionPool(host='t.me', port=443): Max retries exceeded with url: /amtmedyaduyuru/2?embed=1&mode=tme (Caused by NameResolutionError("<urllib3.connection.HTTPSConnection object at 0x0000026340FDF350>: Failed to resolve 't.me' ([Errno 11001] getaddrinfo failed)"))
HTTPSConnectionPool(host='t.me', port=443): Max retries exceeded with url: /amtmedyaduyuru/2?embed=1&mode=tme (Caused by NameResolutionError("<urllib3.connection.HTTPSConnection object at 0x000002633F9A8290>: Failed to resolve 't.me' ([Errno 11001] getaddrinfo failed)"))
HTTPSConnectionPool(host='t.me', port=443): Max retries exceeded with url: /amtmedyaduyuru/2?embed=1&mode=tme (Caused by NameResolutionError("<urllib3.connection.HTTPSConnection object at 0x00000263410AEB10>: Failed to resolve 't.me' ([Errno 11001] getaddrinfo failed)"))
HTTPSConnectionPool(host='t.me', port=443): Max retries exceeded with url: /amtmedyaduyuru/2?embed=1&mode=tme (Caused by NameResolutionError("<urllib3.connection.HTTPSConnection object at 0x0000026340275750>: Failed to resolve 't.me' ([Errno 11001] getaddrinfo failed)"))
HTTPSConnectionPool(host='t.me', port=443): Max retries exceeded with url: /amtmedyaduyuru/2?embed=1&mode=tme (Caused by NameResolutionError("<urllib3.connection.HTTPSConnection object at 0x0000026333D7C090>: Failed to resolve 't.me' ([Errno 11001] getaddrinfo failed)"))
HTTPSConnectionPool(host='t.me', port=443): Max retries exceeded with url: /amtmedyaduyuru/2?embed=1&mode=tme (Caused by NameResolutionError("<urllib3.connection.HTTPSConnection object at 0x0000026340F5D510>: Failed to resolve 't.me' ([Errno 11001] getaddrinfo failed)"))
HTTPSConnectionPool(host='t.me', port=443): Max retries exceeded with url: /amtmedyaduyuru/2?embed=1&mode=tme (Caused by NameResolutionError("<urllib3.connection.HTTPSConnection object at 0x000002634072D710>: Failed to resolve 't.me' ([Errno 11001] getaddrinfo failed)"))
HTTPSConnectionPool(host='t.me', port=443): Max retries exceeded with url: /amtmedyaduyuru/2?embed=1&mode=tme (Caused by NameResolutionError("<urllib3.connection.HTTPSConnection object at 0x000002634012AD50>: Failed to resolve 't.me' ([Errno 11001] getaddrinfo failed)"))
HTTPSConnectionPool(host='t.me', port=443): Max retries exceeded with url: /amtmedyaduyuru/2?embed=1&mode=tme (Caused by NameResolutionError("<urllib3.connection.HTTPSConnection object at 0x000002633C345A10>: Failed to resolve 't.me' ([Errno 11001] getaddrinfo failed)"))
HTTPSConnectionPool(host='t.me', port=443): Max retries exceeded with url: /amtmedyaduyuru/2?embed=1&mode=tme (Caused by NameResolutionError("<urllib3.connection.HTTPSConnection object at 0x0000026340F5E650>: Failed to resolve 't.me' ([Errno 11001] getaddrinfo failed)"))
HTTPSConnectionPool(host='t.me', port=443): Max retries exceeded with url: /amtmedyaduyuru/2?embed=1&mode=tme (Caused by NameResolutionError("<urllib3.connection.HTTPSConnection object at 0x000002633631E750>: Failed to resolve 't.me' ([Errno 11001] getaddrinfo failed)"))
HTTPSConnectionPool(host='t.me', port=443): Max retries exceeded with url: /amtmedyaduyuru/2?embed=1&mode=tme (Caused by NameResolutionError("<urllib3.connection.HTTPSConnection object at 0x0000026340F7D2D0>: Failed to resolve 't.me' ([Errno 11001] getaddrinfo failed)"))
HTTPSConnectionPool(host='t.me', port=443): Max retries exceeded with url: /amtmedyaduyuru/2?embed=1&mode=tme (Caused by NameResolutionError("<urllib3.connection.HTTPSConnection object at 0x000002634053B350>: Failed to resolve 't.me' ([Errno 11001] getaddrinfo failed)"))
HTTPSConnectionPool(host='t.me', port=443): Max retries exceeded with url: /amtmedyaduyuru/2?embed=1&mode=tme (Caused by NameResolutionError("<urllib3.connection.HTTPSConnection object at 0x0000026334980B50>: Failed to resolve 't.me' ([Errno 11001] getaddrinfo failed)"))
HTTPSConnectionPool(host='t.me', port=443): Max retries exceeded with url: /amtmedyaduyuru/2?embed=1&mode=tme (Caused by NameResolutionError("<urllib3.connection.HTTPSConnection object at 0x0000026340F7C4D0>: Failed to resolve 't.me' ([Errno 11001] getaddrinfo failed)"))
HTTPSConnectionPool(host='t.me', port=443): Max retries exceeded with url: /amtmedyaduyuru/2?embed=1&mode=tme (Caused by NameResolutionError("<urllib3.connection.HTTPSConnection object at 0x0000026340E71ED0>: Failed to resolve 't.me' ([Errno 11001] getaddrinfo failed)"))
HTTPSConnectionPool(host='t.me', port=443): Max retries exceeded with url: /amtmedyaduyuru/2?embed=1&mode=tme (Caused by NameResolutionError("<urllib3.connection.HTTPSConnection object at 0x0000026340689A10>: Failed to resolve 't.me' ([Errno 11001] getaddrinfo failed)"))
HTTPSConnectionPool(host='t.me', port=443): Max retries exceeded with url: /amtmedyaduyuru/2?embed=1&mode=tme (Caused by NameResolutionError("<urllib3.connection.HTTPSConnection object at 0x0000026340128310>: Failed to resolve 't.me' ([Errno 11001] getaddrinfo failed)"))
HTTPSConnectionPool(host='t.me', port=443): Max retries exceeded with url: /amtmedyaduyuru/2?embed=1&mode=tme (Caused by NameResolutionError("<urllib3.connection.HTTPSConnection object at 0x00000263406BA1D0>: Failed to resolve 't.me' ([Errno 11001] getaddrinfo failed)"))
HTTPSConnectionPool(host='t.me', port=443): Max retries exceeded with url: /amtmedyaduyuru/2?embed=1&mode=tme (Caused by NameResolutionError("<urllib3.connection.HTTPSConnection object at 0x0000026340E70D90>: Failed to resolve 't.me' ([Errno 11001] getaddrinfo failed)"))
HTTPSConnectionPool(host='t.me', port=443): Max retries exceeded with url: /amtmedyaduyuru/2?embed=1&mode=tme (Caused by NameResolutionError("<urllib3.connection.HTTPSConnection object at 0x0000026340D8A210>: Failed to resolve 't.me' ([Errno 11001] getaddrinfo failed)"))
HTTPSConnectionPool(host='t.me', port=443): Max retries exceeded with url: /amtmedyaduyuru/2?embed=1&mode=tme (Caused by NameResolutionError("<urllib3.connection.HTTPSConnection object at 0x0000026340FBD990>: Failed to resolve 't.me' ([Errno 11001] getaddrinfo failed)"))
HTTPSConnectionPool(host='t.me', port=443): Max retries exceeded with url: /amtmedyaduyuru/2?embed=1&mode=tme (Caused by NameResolutionError("<urllib3.connection.HTTPSConnection object at 0x000002634053B350>: Failed to resolve 't.me' ([Errno 11001] getaddrinfo failed)"))
HTTPSConnectionPool(host='t.me', port=443): Max retries exceeded with url: /amtmedyaduyuru/2?embed=1&mode=tme (Caused by NameResolutionError("<urllib3.connection.HTTPSConnection object at 0x000002633E31D090>: Failed to resolve 't.me' ([Errno 11001] getaddrinfo failed)"))
HTTPSConnectionPool(host='t.me', port=443): Max retries exceeded with url: /amtmedyaduyuru/2?embed=1&mode=tme (Caused by NameResolutionError("<urllib3.connection.HTTPSConnection object at 0x0000026340F71450>: Failed to resolve 't.me' ([Errno 11001] getaddrinfo failed)"))
HTTPSConnectionPool(host='t.me', port=443): Max retries exceeded with url: /amtmedyaduyuru/2?embed=1&mode=tme (Caused by NameResolutionError("<urllib3.connection.HTTPSConnection object at 0x00000263410AEA50>: Failed to resolve 't.me' ([Errno 11001] getaddrinfo failed)"))
HTTPSConnectionPool(host='t.me', port=443): Max retries exceeded with url: /amtmedyaduyuru/2?embed=1&mode=tme (Caused by NameResolutionError("<urllib3.connection.HTTPSConnection object at 0x0000026340FBEF50>: Failed to resolve 't.me' ([Errno 11001] getaddrinfo failed)"))
HTTPSConnectionPool(host='t.me', port=443): Max retries exceeded with url: /amtmedyaduyuru/2?embed=1&mode=tme (Caused by NameResolutionError("<urllib3.connection.HTTPSConnection object at 0x0000026340D88690>: Failed to resolve 't.me' ([Errno 11001] getaddrinfo failed)"))
HTTPSConnectionPool(host='t.me', port=443): Max retries exceeded with url: /amtmedyaduyuru/2?embed=1&mode=tme (Caused by NameResolutionError("<urllib3.connection.HTTPSConnection object at 0x000002633391A650>: Failed to resolve 't.me' ([Errno 11001] getaddrinfo failed)"))
HTTPSConnectionPool(host='t.me', port=443): Max retries exceeded with url: /amtmedyaduyuru/2?embed=1&mode=tme (Caused by NameResolutionError("<urllib3.connection.HTTPSConnection object at 0x0000026340F5F610>: Failed to resolve 't.me' ([Errno 11001] getaddrinfo failed)"))
HTTPSConnectionPool(host='t.me', port=443): Max retries exceeded with url: /amtmedyaduyuru/2?embed=1&mode=tme (Caused by NameResolutionError("<urllib3.connection.HTTPSConnection object at 0x0000026340F7DF50>: Failed to resolve 't.me' ([Errno 11001] getaddrinfo failed)"))
HTTPSConnectionPool(host='t.me', port=443): Max retries exceeded with url: /amtmedyaduyuru/2?embed=1&mode=tme (Caused by NameResolutionError("<urllib3.connection.HTTPSConnection object at 0x0000026340043150>: Failed to resolve 't.me' ([Errno 11001] getaddrinfo failed)"))
HTTPSConnectionPool(host='t.me', port=443): Max retries exceeded with url: /amtmedyaduyuru/2?embed=1&mode=tme (Caused by NameResolutionError("<urllib3.connection.HTTPSConnection object at 0x000002633AEE0850>: Failed to resolve 't.me' ([Errno 11001] getaddrinfo failed)"))
HTTPSConnectionPool(host='t.me', port=443): Max retries exceeded with url: /amtmedyaduyuru/2?embed=1&mode=tme (Caused by NameResolutionError("<urllib3.connection.HTTPSConnection object at 0x000002633C345A10>: Failed to resolve 't.me' ([Errno 11001] getaddrinfo failed)"))
HTTPSConnectionPool(host='t.me', port=443): Max retries exceeded with url: /amtmedyaduyuru/2?embed=1&mode=tme (Caused by NameResolutionError("<urllib3.connection.HTTPSConnection object at 0x0000026337D73950>: Failed to resolve 't.me' ([Errno 11001] getaddrinfo failed)"))
HTTPSConnectionPool(host='t.me', port=443): Max retries exceeded with url: /amtmedyaduyuru/2?embed=1&mode=tme (Caused by NameResolutionError("<urllib3.connection.HTTPSConnection object at 0x000002633B83E350>: Failed to resolve 't.me' ([Errno 11001] getaddrinfo failed)"))
HTTPSConnectionPool(host='t.me', port=443): Max retries exceeded with url: /amtmedyaduyuru/2?embed=1&mode=tme (Caused by NameResolutionError("<urllib3.connection.HTTPSConnection object at 0x00000263410AD790>: Failed to resolve 't.me' ([Errno 11001] getaddrinfo failed)"))
HTTPSConnectionPool(host='t.me', port=443): Max retries exceeded with url: /amtmedyaduyuru/2?embed=1&mode=tme (Caused by NameResolutionError("<urllib3.connection.HTTPSConnection object at 0x00000263371B3390>: Failed to resolve 't.me' ([Errno 11001] getaddrinfo failed)"))
HTTPSConnectionPool(host='t.me', port=443): Max retries exceeded with url: /amtmedyaduyuru/2?embed=1&mode=tme (Caused by NameResolutionError("<urllib3.connection.HTTPSConnection object at 0x000002633C597D50>: Failed to resolve 't.me' ([Errno 11001] getaddrinfo failed)"))
HTTPSConnectionPool(host='t.me', port=443): Max retries exceeded with url: /amtmedyaduyuru/2?embed=1&mode=tme (Caused by NameResolutionError("<urllib3.connection.HTTPSConnection object at 0x000002633C2D5310>: Failed to resolve 't.me' ([Errno 11001] getaddrinfo failed)"))
HTTPSConnectionPool(host='t.me', port=443): Max retries exceeded with url: /amtmedyaduyuru/2?embed=1&mode=tme (Caused by NameResolutionError("<urllib3.connection.HTTPSConnection object at 0x000002633F882950>: Failed to resolve 't.me' ([Errno 11001] getaddrinfo failed)"))
HTTPSConnectionPool(host='t.me', port=443): Max retries exceeded with url: /amtmedyaduyuru/2?embed=1&mode=tme (Caused by NameResolutionError("<urllib3.connection.HTTPSConnection object at 0x000002634013A310>: Failed to resolve 't.me' ([Errno 11001] getaddrinfo failed)"))
HTTPSConnectionPool(host='t.me', port=443): Max retries exceeded with url: /amtmedyaduyuru/2?embed=1&mode=tme (Caused by NameResolutionError("<urllib3.connection.HTTPSConnection object at 0x000002633FEEDA50>: Failed to resolve 't.me' ([Errno 11001] getaddrinfo failed)"))
HTTPSConnectionPool(host='t.me', port=443): Max retries exceeded with url: /amtmedyaduyuru/2?embed=1&mode=tme (Caused by NameResolutionError("<urllib3.connection.HTTPSConnection object at 0x0000026340D4C0D0>: Failed to resolve 't.me' ([Errno 11001] getaddrinfo failed)"))
HTTPSConnectionPool(host='t.me', port=443): Max retries exceeded with url: /amtmedyaduyuru/2?embed=1&mode=tme (Caused by NameResolutionError("<urllib3.connection.HTTPSConnection object at 0x0000026340F5E990>: Failed to resolve 't.me' ([Errno 11001] getaddrinfo failed)"))
HTTPSConnectionPool(host='t.me', port=443): Max retries exceeded with url: /amtmedyaduyuru/2?embed=1&mode=tme (Caused by NameResolutionError("<urllib3.connection.HTTPSConnection object at 0x0000026340E70FD0>: Failed to resolve 't.me' ([Errno 11001] getaddrinfo failed)"))
HTTPSConnectionPool(host='t.me', port=443): Max retries exceeded with url: /amtmedyaduyuru/2?embed=1&mode=tme (Caused by NameResolutionError("<urllib3.connection.HTTPSConnection object at 0x000002633A76B9D0>: Failed to resolve 't.me' ([Errno 11001] getaddrinfo failed)"))
HTTPSConnectionPool(host='t.me', port=443): Max retries exceeded with url: /amtmedyaduyuru/2?embed=1&mode=tme (Caused by NameResolutionError("<urllib3.connection.HTTPSConnection object at 0x0000026341096790>: Failed to resolve 't.me' ([Errno 11001] getaddrinfo failed)"))
HTTPSConnectionPool(host='t.me', port=443): Max retries exceeded with url: /amtmedyaduyuru/2?embed=1&mode=tme (Caused by NameResolutionError("<urllib3.connection.HTTPSConnection object at 0x0000026340FB0D90>: Failed to resolve 't.me' ([Errno 11001] getaddrinfo failed)"))
HTTPSConnectionPool(host='t.me', port=443): Max retries exceeded with url: /amtmedyaduyuru/2?embed=1&mode=tme (Caused by NameResolutionError("<urllib3.connection.HTTPSConnection object at 0x000002633FFF9D10>: Failed to resolve 't.me' ([Errno 11001] getaddrinfo failed)"))
HTTPSConnectionPool(host='t.me', port=443): Max retries exceeded with url: /amtmedyaduyuru/2?embed=1&mode=tme (Caused by NameResolutionError("<urllib3.connection.HTTPSConnection object at 0x0000026340E5F790>: Failed to resolve 't.me' ([Errno 11001] getaddrinfo failed)"))
HTTPSConnectionPool(host='t.me', port=443): Max retries exceeded with url: /amtmedyaduyuru/2?embed=1&mode=tme (Caused by NameResolutionError("<urllib3.connection.HTTPSConnection object at 0x000002633A965B50>: Failed to resolve 't.me' ([Errno 11001] getaddrinfo failed)"))
HTTPSConnectionPool(host='t.me', port=443): Max retries exceeded with url: /amtmedyaduyuru/2?embed=1&mode=tme (Caused by NameResolutionError("<urllib3.connection.HTTPSConnection object at 0x0000026340D8BE10>: Failed to resolve 't.me' ([Errno 11001] getaddrinfo failed)"))
HTTPSConnectionPool(host='t.me', port=443): Max retries exceeded with url: /amtmedyaduyuru/2?embed=1&mode=tme (Caused by NameResolutionError("<urllib3.connection.HTTPSConnection object at 0x0000026340F5C550>: Failed to resolve 't.me' ([Errno 11001] getaddrinfo failed)"))
HTTPSConnectionPool(host='t.me', port=443): Max retries exceeded with url: /amtmedyaduyuru/2?embed=1&mode=tme (Caused by NameResolutionError("<urllib3.connection.HTTPSConnection object at 0x00000263393E5AD0>: Failed to resolve 't.me' ([Errno 11001] getaddrinfo failed)"))
HTTPSConnectionPool(host='t.me', port=443): Max retries exceeded with url: /amtmedyaduyuru/2?embed=1&mode=tme (Caused by NameResolutionError("<urllib3.connection.HTTPSConnection object at 0x000002633C3842D0>: Failed to resolve 't.me' ([Errno 11001] getaddrinfo failed)"))
HTTPSConnectionPool(host='t.me', port=443): Max retries exceeded with url: /amtmedyaduyuru/2?embed=1&mode=tme (Caused by NameResolutionError("<urllib3.connection.HTTPSConnection object at 0x000002633B8BB290>: Failed to resolve 't.me' ([Errno 11001] getaddrinfo failed)"))
HTTPSConnectionPool(host='t.me', port=443): Max retries exceeded with url: /amtmedyaduyuru/2?embed=1&mode=tme (Caused by NameResolutionError("<urllib3.connection.HTTPSConnection object at 0x0000026341094F10>: Failed to resolve 't.me' ([Errno 11001] getaddrinfo failed)"))
HTTPSConnectionPool(host='t.me', port=443): Max retries exceeded with url: /amtmedyaduyuru/2?embed=1&mode=tme (Caused by NameResolutionError("<urllib3.connection.HTTPSConnection object at 0x000002633C56F3D0>: Failed to resolve 't.me' ([Errno 11001] getaddrinfo failed)"))
HTTPSConnectionPool(host='t.me', port=443): Max retries exceeded with url: /amtmedyaduyuru/2?embed=1&mode=tme (Caused by NameResolutionError("<urllib3.connection.HTTPSConnection object at 0x0000026340F3E9D0>: Failed to resolve 't.me' ([Errno 11001] getaddrinfo failed)"))
HTTPSConnectionPool(host='t.me', port=443): Max retries exceeded with url: /amtmedyaduyuru/2?embed=1&mode=tme (Caused by NameResolutionError("<urllib3.connection.HTTPSConnection object at 0x0000026340F3CA90>: Failed to resolve 't.me' ([Errno 11001] getaddrinfo failed)"))
HTTPSConnectionPool(host='t.me', port=443): Max retries exceeded with url: /amtmedyaduyuru/2?embed=1&mode=tme (Caused by NameResolutionError("<urllib3.connection.HTTPSConnection object at 0x0000026340361290>: Failed to resolve 't.me' ([Errno 11001] getaddrinfo failed)"))
HTTPSConnectionPool(host='t.me', port=443): Max retries exceeded with url: /amtmedyaduyuru/2?embed=1&mode=tme (Caused by NameResolutionError("<urllib3.connection.HTTPSConnection object at 0x0000026340D05250>: Failed to resolve 't.me' ([Errno 11001] getaddrinfo failed)"))
HTTPSConnectionPool(host='t.me', port=443): Max retries exceeded with url: /amtmedyaduyuru/2?embed=1&mode=tme (Caused by NameResolutionError("<urllib3.connection.HTTPSConnection object at 0x0000026340E5EC50>: Failed to resolve 't.me' ([Errno 11001] getaddrinfo failed)"))
HTTPSConnectionPool(host='t.me', port=443): Max retries exceeded with url: /amtmedyaduyuru/2?embed=1&mode=tme (Caused by NameResolutionError("<urllib3.connection.HTTPSConnection object at 0x000002633F86FE50>: Failed to resolve 't.me' ([Errno 11001] getaddrinfo failed)"))
HTTPSConnectionPool(host='t.me', port=443): Max retries exceeded with url: /amtmedyaduyuru/2?embed=1&mode=tme (Caused by NameResolutionError("<urllib3.connection.HTTPSConnection object at 0x0000026340FB02D0>: Failed to resolve 't.me' ([Errno 11001] getaddrinfo failed)"))
HTTPSConnectionPool(host='t.me', port=443): Max retries exceeded with url: /amtmedyaduyuru/2?embed=1&mode=tme (Caused by NameResolutionError("<urllib3.connection.HTTPSConnection object at 0x0000026340F3D310>: Failed to resolve 't.me' ([Errno 11001] getaddrinfo failed)"))
HTTPSConnectionPool(host='t.me', port=443): Max retries exceeded with url: /amtmedyaduyuru/2?embed=1&mode=tme (Caused by NameResolutionError("<urllib3.connection.HTTPSConnection object at 0x000002633E170FD0>: Failed to resolve 't.me' ([Errno 11001] getaddrinfo failed)"))
HTTPSConnectionPool(host='t.me', port=443): Max retries exceeded with url: /amtmedyaduyuru/2?embed=1&mode=tme (Caused by NameResolutionError("<urllib3.connection.HTTPSConnection object at 0x000002633F86DFD0>: Failed to resolve 't.me' ([Errno 11001] getaddrinfo failed)"))
HTTPSConnectionPool(host='t.me', port=443): Max retries exceeded with url: /amtmedyaduyuru/2?embed=1&mode=tme (Caused by NameResolutionError("<urllib3.connection.HTTPSConnection object at 0x0000026340E70790>: Failed to resolve 't.me' ([Errno 11001] getaddrinfo failed)"))
HTTPSConnectionPool(host='t.me', port=443): Max retries exceeded with url: /amtmedyaduyuru/2?embed=1&mode=tme (Caused by NameResolutionError("<urllib3.connection.HTTPSConnection object at 0x0000026340F7DAD0>: Failed to resolve 't.me' ([Errno 11001] getaddrinfo failed)"))
HTTPSConnectionPool(host='t.me', port=443): Max retries exceeded with url: /amtmedyaduyuru/2?embed=1&mode=tme (Caused by NameResolutionError("<urllib3.connection.HTTPSConnection object at 0x000002633B9CD110>: Failed to resolve 't.me' ([Errno 11001] getaddrinfo failed)"))
HTTPSConnectionPool(host='t.me', port=443): Max retries exceeded with url: /amtmedyaduyuru/2?embed=1&mode=tme (Caused by NameResolutionError("<urllib3.connection.HTTPSConnection object at 0x0000026340FBD910>: Failed to resolve 't.me' ([Errno 11001] getaddrinfo failed)"))
HTTPSConnectionPool(host='t.me', port=443): Max retries exceeded with url: /amtmedyaduyuru/2?embed=1&mode=tme (Caused by NameResolutionError("<urllib3.connection.HTTPSConnection object at 0x0000026338BB8E90>: Failed to resolve 't.me' ([Errno 11001] getaddrinfo failed)"))
HTTPSConnectionPool(host='t.me', port=443): Max retries exceeded with url: /amtmedyaduyuru/2?embed=1&mode=tme (Caused by NameResolutionError("<urllib3.connection.HTTPSConnection object at 0x0000026340B16C50>: Failed to resolve 't.me' ([Errno 11001] getaddrinfo failed)"))
HTTPSConnectionPool(host='t.me', port=443): Max retries exceeded with url: /amtmedyaduyuru/2?embed=1&mode=tme (Caused by NameResolutionError("<urllib3.connection.HTTPSConnection object at 0x00000263406C5210>: Failed to resolve 't.me' ([Errno 11001] getaddrinfo failed)"))
HTTPSConnectionPool(host='t.me', port=443): Max retries exceeded with url: /amtmedyaduyuru/2?embed=1&mode=tme (Caused by NameResolutionError("<urllib3.connection.HTTPSConnection object at 0x0000026340F3E690>: Failed to resolve 't.me' ([Errno 11001] getaddrinfo failed)"))
HTTPSConnectionPool(host='t.me', port=443): Max retries exceeded with url: /amtmedyaduyuru/2?embed=1&mode=tme (Caused by NameResolutionError("<urllib3.connection.HTTPSConnection object at 0x000002633FDFD6D0>: Failed to resolve 't.me' ([Errno 11001] getaddrinfo failed)"))
HTTPSConnectionPool(host='t.me', port=443): Max retries exceeded with url: /amtmedyaduyuru/2?embed=1&mode=tme (Caused by NameResolutionError("<urllib3.connection.HTTPSConnection object at 0x0000026340E36890>: Failed to resolve 't.me' ([Errno 11001] getaddrinfo failed)"))
HTTPSConnectionPool(host='t.me', port=443): Max retries exceeded with url: /amtmedyaduyuru/2?embed=1&mode=tme (Caused by NameResolutionError("<urllib3.connection.HTTPSConnection object at 0x0000026340BE8410>: Failed to resolve 't.me' ([Errno 11001] getaddrinfo failed)"))
HTTPSConnectionPool(host='t.me', port=443): Max retries exceeded with url: /amtmedyaduyuru/2?embed=1&mode=tme (Caused by NameResolutionError("<urllib3.connection.HTTPSConnection object at 0x0000026337584950>: Failed to resolve 't.me' ([Errno 11001] getaddrinfo failed)"))
HTTPSConnectionPool(host='t.me', port=443): Max retries exceeded with url: /amtmedyaduyuru/2?embed=1&mode=tme (Caused by NameResolutionError("<urllib3.connection.HTTPSConnection object at 0x0000026340FB3C50>: Failed to resolve 't.me' ([Errno 11001] getaddrinfo failed)"))
HTTPSConnectionPool(host='t.me', port=443): Max retries exceeded with url: /amtmedyaduyuru/2?embed=1&mode=tme (Caused by NameResolutionError("<urllib3.connection.HTTPSConnection object at 0x0000026340E0A790>: Failed to resolve 't.me' ([Errno 11001] getaddrinfo failed)"))
HTTPSConnectionPool(host='t.me', port=443): Max retries exceeded with url: /amtmedyaduyuru/2?embed=1&mode=tme (Caused by NameResolutionError("<urllib3.connection.HTTPSConnection object at 0x0000026340F3D750>: Failed to resolve 't.me' ([Errno 11001] getaddrinfo failed)"))
HTTPSConnectionPool(host='t.me', port=443): Max retries exceeded with url: /amtmedyaduyuru/2?embed=1&mode=tme (Caused by NameResolutionError("<urllib3.connection.HTTPSConnection object at 0x0000026340F5F850>: Failed to resolve 't.me' ([Errno 11001] getaddrinfo failed)"))
HTTPSConnectionPool(host='t.me', port=443): Max retries exceeded with url: /amtmedyaduyuru/2?embed=1&mode=tme (Caused by NameResolutionError("<urllib3.connection.HTTPSConnection object at 0x0000026340BEAF10>: Failed to resolve 't.me' ([Errno 11001] getaddrinfo failed)"))
HTTPSConnectionPool(host='t.me', port=443): Max retries exceeded with url: /amtmedyaduyuru/2?embed=1&mode=tme (Caused by NameResolutionError("<urllib3.connection.HTTPSConnection object at 0x0000026340FB2E90>: Failed to resolve 't.me' ([Errno 11001] getaddrinfo failed)"))
HTTPSConnectionPool(host='t.me', port=443): Max retries exceeded with url: /amtmedyaduyuru/2?embed=1&mode=tme (Caused by NameResolutionError("<urllib3.connection.HTTPSConnection object at 0x0000026340D06150>: Failed to resolve 't.me' ([Errno 11001] getaddrinfo failed)"))
HTTPSConnectionPool(host='t.me', port=443): Max retries exceeded with url: /amtmedyaduyuru/2?embed=1&mode=tme (Caused by NameResolutionError("<urllib3.connection.HTTPSConnection object at 0x0000026340FBD5D0>: Failed to resolve 't.me' ([Errno 11001] getaddrinfo failed)"))
HTTPSConnectionPool(host='t.me', port=443): Max retries exceeded with url: /amtmedyaduyuru/2?embed=1&mode=tme (Caused by NameResolutionError("<urllib3.connection.HTTPSConnection object at 0x0000026340FBC590>: Failed to resolve 't.me' ([Errno 11001] getaddrinfo failed)"))
HTTPSConnectionPool(host='t.me', port=443): Max retries exceeded with url: /amtmedyaduyuru/2?embed=1&mode=tme (Caused by NameResolutionError("<urllib3.connection.HTTPSConnection object at 0x000002633F8E0290>: Failed to resolve 't.me' ([Errno 11001] getaddrinfo failed)"))
HTTPSConnectionPool(host='t.me', port=443): Max retries exceeded with url: /amtmedyaduyuru/2?embed=1&mode=tme (Caused by NameResolutionError("<urllib3.connection.HTTPSConnection object at 0x000002633DF9C050>: Failed to resolve 't.me' ([Errno 11001] getaddrinfo failed)"))
HTTPSConnectionPool(host='t.me', port=443): Max retries exceeded with url: /amtmedyaduyuru/2?embed=1&mode=tme (Caused by NameResolutionError("<urllib3.connection.HTTPSConnection object at 0x0000026340B22F10>: Failed to resolve 't.me' ([Errno 11001] getaddrinfo failed)"))
HTTPSConnectionPool(host='t.me', port=443): Max retries exceeded with url: /amtmedyaduyuru/2?embed=1&mode=tme (Caused by NameResolutionError("<urllib3.connection.HTTPSConnection object at 0x0000026333D20BD0>: Failed to resolve 't.me' ([Errno 11001] getaddrinfo failed)"))
HTTPSConnectionPool(host='t.me', port=443): Max retries exceeded with url: /amtmedyaduyuru/2?embed=1&mode=tme (Caused by NameResolutionError("<urllib3.connection.HTTPSConnection object at 0x0000026340F3FC10>: Failed to resolve 't.me' ([Errno 11001] getaddrinfo failed)"))
HTTPSConnectionPool(host='t.me', port=443): Max retries exceeded with url: /amtmedyaduyuru/2?embed=1&mode=tme (Caused by NameResolutionError("<urllib3.connection.HTTPSConnection object at 0x0000026340F3FC10>: Failed to resolve 't.me' ([Errno 11001] getaddrinfo failed)"))
HTTPSConnectionPool(host='t.me', port=443): Max retries exceeded with url: /amtmedyaduyuru/2?embed=1&mode=tme (Caused by NameResolutionError("<urllib3.connection.HTTPSConnection object at 0x000002633FAEC1D0>: Failed to resolve 't.me' ([Errno 11001] getaddrinfo failed)"))
HTTPSConnectionPool(host='t.me', port=443): Max retries exceeded with url: /amtmedyaduyuru/2?embed=1&mode=tme (Caused by NameResolutionError("<urllib3.connection.HTTPSConnection object at 0x0000026340361E10>: Failed to resolve 't.me' ([Errno 11001] getaddrinfo failed)"))
HTTPSConnectionPool(host='t.me', port=443): Max retries exceeded with url: /amtmedyaduyuru/2?embed=1&mode=tme (Caused by NameResolutionError("<urllib3.connection.HTTPSConnection object at 0x000002633C4DBD50>: Failed to resolve 't.me' ([Errno 11001] getaddrinfo failed)"))
HTTPSConnectionPool(host='t.me', port=443): Max retries exceeded with url: /amtmedyaduyuru/2?embed=1&mode=tme (Caused by NameResolutionError("<urllib3.connection.HTTPSConnection object at 0x000002633A8A9950>: Failed to resolve 't.me' ([Errno 11001] getaddrinfo failed)"))
HTTPSConnectionPool(host='t.me', port=443): Max retries exceeded with url: /amtmedyaduyuru/2?embed=1&mode=tme (Caused by NameResolutionError("<urllib3.connection.HTTPSConnection object at 0x000002633F792250>: Failed to resolve 't.me' ([Errno 11001] getaddrinfo failed)"))
HTTPSConnectionPool(host='t.me', port=443): Max retries exceeded with url: /amtmedyaduyuru/2?embed=1&mode=tme (Caused by NameResolutionError("<urllib3.connection.HTTPSConnection object at 0x0000026340F3F350>: Failed to resolve 't.me' ([Errno 11001] getaddrinfo failed)"))
HTTPSConnectionPool(host='t.me', port=443): Max retries exceeded with url: /amtmedyaduyuru/2?embed=1&mode=tme (Caused by NameResolutionError("<urllib3.connection.HTTPSConnection object at 0x0000026340FB2350>: Failed to resolve 't.me' ([Errno 11001] getaddrinfo failed)"))
HTTPSConnectionPool(host='t.me', port=443): Max retries exceeded with url: /amtmedyaduyuru/2?embed=1&mode=tme (Caused by NameResolutionError("<urllib3.connection.HTTPSConnection object at 0x000002633E141690>: Failed to resolve 't.me' ([Errno 11001] getaddrinfo failed)"))
HTTPSConnectionPool(host='t.me', port=443): Max retries exceeded with url: /amtmedyaduyuru/2?embed=1&mode=tme (Caused by NameResolutionError("<urllib3.connection.HTTPSConnection object at 0x0000026340E70310>: Failed to resolve 't.me' ([Errno 11001] getaddrinfo failed)"))
HTTPSConnectionPool(host='t.me', port=443): Max retries exceeded with url: /amtmedyaduyuru/2?embed=1&mode=tme (Caused by NameResolutionError("<urllib3.connection.HTTPSConnection object at 0x0000026340E5D4D0>: Failed to resolve 't.me' ([Errno 11001] getaddrinfo failed)"))
HTTPSConnectionPool(host='t.me', port=443): Max retries exceeded with url: /amtmedyaduyuru/2?embed=1&mode=tme (Caused by NameResolutionError("<urllib3.connection.HTTPSConnection object at 0x0000026340D2CAD0>: Failed to resolve 't.me' ([Errno 11001] getaddrinfo failed)"))
HTTPSConnectionPool(host='t.me', port=443): Max retries exceeded with url: /amtmedyaduyuru/2?embed=1&mode=tme (Caused by NameResolutionError("<urllib3.connection.HTTPSConnection object at 0x0000026340F3EB10>: Failed to resolve 't.me' ([Errno 11001] getaddrinfo failed)"))
HTTPSConnectionPool(host='t.me', port=443): Max retries exceeded with url: /amtmedyaduyuru/2?embed=1&mode=tme (Caused by NameResolutionError("<urllib3.connection.HTTPSConnection object at 0x000002633FACB550>: Failed to resolve 't.me' ([Errno 11001] getaddrinfo failed)"))
HTTPSConnectionPool(host='t.me', port=443): Max retries exceeded with url: /amtmedyaduyuru/2?embed=1&mode=tme (Caused by NameResolutionError("<urllib3.connection.HTTPSConnection object at 0x0000026340FBCFD0>: Failed to resolve 't.me' ([Errno 11001] getaddrinfo failed)"))
HTTPSConnectionPool(host='t.me', port=443): Max retries exceeded with url: /amtmedyaduyuru/2?embed=1&mode=tme (Caused by NameResolutionError("<urllib3.connection.HTTPSConnection object at 0x0000026340FB3950>: Failed to resolve 't.me' ([Errno 11001] getaddrinfo failed)"))
HTTPSConnectionPool(host='t.me', port=443): Max retries exceeded with url: /amtmedyaduyuru/2?embed=1&mode=tme (Caused by NameResolutionError("<urllib3.connection.HTTPSConnection object at 0x0000026340362250>: Failed to resolve 't.me' ([Errno 11001] getaddrinfo failed)"))
HTTPSConnectionPool(host='t.me', port=443): Max retries exceeded with url: /amtmedyaduyuru/2?embed=1&mode=tme (Caused by NameResolutionError("<urllib3.connection.HTTPSConnection object at 0x000002633F90AF50>: Failed to resolve 't.me' ([Errno 11001] getaddrinfo failed)"))
HTTPSConnectionPool(host='t.me', port=443): Max retries exceeded with url: /amtmedyaduyuru/2?embed=1&mode=tme (Caused by NameResolutionError("<urllib3.connection.HTTPSConnection object at 0x0000026340FB0390>: Failed to resolve 't.me' ([Errno 11001] getaddrinfo failed)"))
HTTPSConnectionPool(host='t.me', port=443): Max retries exceeded with url: /amtmedyaduyuru/2?embed=1&mode=tme (Caused by NameResolutionError("<urllib3.connection.HTTPSConnection object at 0x000002633B628610>: Failed to resolve 't.me' ([Errno 11001] getaddrinfo failed)"))
HTTPSConnectionPool(host='t.me', port=443): Max retries exceeded with url: /amtmedyaduyuru/2?embed=1&mode=tme (Caused by NameResolutionError("<urllib3.connection.HTTPSConnection object at 0x000002633FCB6350>: Failed to resolve 't.me' ([Errno 11001] getaddrinfo failed)"))
HTTPSConnectionPool(host='t.me', port=443): Max retries exceeded with url: /amtmedyaduyuru/2?embed=1&mode=tme (Caused by NameResolutionError("<urllib3.connection.HTTPSConnection object at 0x000002633A6CB150>: Failed to resolve 't.me' ([Errno 11001] getaddrinfo failed)"))
HTTPSConnectionPool(host='t.me', port=443): Max retries exceeded with url: /amtmedyaduyuru/2?embed=1&mode=tme (Caused by NameResolutionError("<urllib3.connection.HTTPSConnection object at 0x0000026340E71910>: Failed to resolve 't.me' ([Errno 11001] getaddrinfo failed)"))
HTTPSConnectionPool(host='t.me', port=443): Max retries exceeded with url: /amtmedyaduyuru/2?embed=1&mode=tme (Caused by NameResolutionError("<urllib3.connection.HTTPSConnection object at 0x000002633FFC5A50>: Failed to resolve 't.me' ([Errno 11001] getaddrinfo failed)"))
HTTPSConnectionPool(host='t.me', port=443): Max retries exceeded with url: /amtmedyaduyuru/2?embed=1&mode=tme (Caused by NameResolutionError("<urllib3.connection.HTTPSConnection object at 0x0000026340F25150>: Failed to resolve 't.me' ([Errno 11001] getaddrinfo failed)"))
HTTPSConnectionPool(host='t.me', port=443): Max retries exceeded with url: /amtmedyaduyuru/2?embed=1&mode=tme (Caused by NameResolutionError("<urllib3.connection.HTTPSConnection object at 0x0000026340C9C1D0>: Failed to resolve 't.me' ([Errno 11001] getaddrinfo failed)"))
HTTPSConnectionPool(host='t.me', port=443): Max retries exceeded with url: /amtmedyaduyuru/2?embed=1&mode=tme (Caused by NameResolutionError("<urllib3.connection.HTTPSConnection object at 0x000002633FFC53D0>: Failed to resolve 't.me' ([Errno 11001] getaddrinfo failed)"))
HTTPSConnectionPool(host='t.me', port=443): Max retries exceeded with url: /amtmedyaduyuru/2?embed=1&mode=tme (Caused by NameResolutionError("<urllib3.connection.HTTPSConnection object at 0x0000026340F73A50>: Failed to resolve 't.me' ([Errno 11001] getaddrinfo failed)"))
HTTPSConnectionPool(host='t.me', port=443): Max retries exceeded with url: /amtmedyaduyuru/2?embed=1&mode=tme (Caused by NameResolutionError("<urllib3.connection.HTTPSConnection object at 0x0000026340E71090>: Failed to resolve 't.me' ([Errno 11001] getaddrinfo failed)"))
HTTPSConnectionPool(host='t.me', port=443): Max retries exceeded with url: /amtmedyaduyuru/2?embed=1&mode=tme (Caused by NameResolutionError("<urllib3.connection.HTTPSConnection object at 0x000002633FCB4990>: Failed to resolve 't.me' ([Errno 11001] getaddrinfo failed)"))
HTTPSConnectionPool(host='t.me', port=443): Max retries exceeded with url: /amtmedyaduyuru/2?embed=1&mode=tme (Caused by NameResolutionError("<urllib3.connection.HTTPSConnection object at 0x0000026340FB3290>: Failed to resolve 't.me' ([Errno 11001] getaddrinfo failed)"))
HTTPSConnectionPool(host='t.me', port=443): Max retries exceeded with url: /amtmedyaduyuru/2?embed=1&mode=tme (Caused by NameResolutionError("<urllib3.connection.HTTPSConnection object at 0x0000026340C9F350>: Failed to resolve 't.me' ([Errno 11001] getaddrinfo failed)"))
HTTPSConnectionPool(host='t.me', port=443): Max retries exceeded with url: /amtmedyaduyuru/2?embed=1&mode=tme (Caused by NameResolutionError("<urllib3.connection.HTTPSConnection object at 0x000002633C350D10>: Failed to resolve 't.me' ([Errno 11001] getaddrinfo failed)"))
HTTPSConnectionPool(host='t.me', port=443): Max retries exceeded with url: /amtmedyaduyuru/2?embed=1&mode=tme (Caused by NameResolutionError("<urllib3.connection.HTTPSConnection object at 0x0000026340362A50>: Failed to resolve 't.me' ([Errno 11001] getaddrinfo failed)"))
HTTPSConnectionPool(host='t.me', port=443): Max retries exceeded with url: /amtmedyaduyuru/2?embed=1&mode=tme (Caused by NameResolutionError("<urllib3.connection.HTTPSConnection object at 0x0000026340E72A90>: Failed to resolve 't.me' ([Errno 11001] getaddrinfo failed)"))
HTTPSConnectionPool(host='t.me', port=443): Max retries exceeded with url: /amtmedyaduyuru/2?embed=1&mode=tme (Caused by NameResolutionError("<urllib3.connection.HTTPSConnection object at 0x000002633FFA3AD0>: Failed to resolve 't.me' ([Errno 11001] getaddrinfo failed)"))
HTTPSConnectionPool(host='t.me', port=443): Max retries exceeded with url: /amtmedyaduyuru/2?embed=1&mode=tme (Caused by NameResolutionError("<urllib3.connection.HTTPSConnection object at 0x000002633FCB7FD0>: Failed to resolve 't.me' ([Errno 11001] getaddrinfo failed)"))
HTTPSConnectionPool(host='t.me', port=443): Max retries exceeded with url: /amtmedyaduyuru/2?embed=1&mode=tme (Caused by NameResolutionError("<urllib3.connection.HTTPSConnection object at 0x0000026340FB2550>: Failed to resolve 't.me' ([Errno 11001] getaddrinfo failed)"))
HTTPSConnectionPool(host='t.me', port=443): Max retries exceeded with url: /amtmedyaduyuru/2?embed=1&mode=tme (Caused by NameResolutionError("<urllib3.connection.HTTPSConnection object at 0x000002633FFC67D0>: Failed to resolve 't.me' ([Errno 11001] getaddrinfo failed)"))
HTTPSConnectionPool(host='t.me', port=443): Max retries exceeded with url: /amtmedyaduyuru/2?embed=1&mode=tme (Caused by NameResolutionError("<urllib3.connection.HTTPSConnection object at 0x000002633F9A8290>: Failed to resolve 't.me' ([Errno 11001] getaddrinfo failed)"))
HTTPSConnectionPool(host='t.me', port=443): Max retries exceeded with url: /amtmedyaduyuru/2?embed=1&mode=tme (Caused by NameResolutionError("<urllib3.connection.HTTPSConnection object at 0x0000026340F7D2D0>: Failed to resolve 't.me' ([Errno 11001] getaddrinfo failed)"))
HTTPSConnectionPool(host='t.me', port=443): Max retries exceeded with url: /amtmedyaduyuru/2?embed=1&mode=tme (Caused by NameResolutionError("<urllib3.connection.HTTPSConnection object at 0x0000026340634490>: Failed to resolve 't.me' ([Errno 11001] getaddrinfo failed)"))
HTTPSConnectionPool(host='t.me', port=443): Max retries exceeded with url: /amtmedyaduyuru/2?embed=1&mode=tme (Caused by NameResolutionError("<urllib3.connection.HTTPSConnection object at 0x0000026340FB1610>: Failed to resolve 't.me' ([Errno 11001] getaddrinfo failed)"))
HTTPSConnectionPool(host='t.me', port=443): Max retries exceeded with url: /amtmedyaduyuru/2?embed=1&mode=tme (Caused by NameResolutionError("<urllib3.connection.HTTPSConnection object at 0x0000026340BE93D0>: Failed to resolve 't.me' ([Errno 11001] getaddrinfo failed)"))
HTTPSConnectionPool(host='t.me', port=443): Max retries exceeded with url: /amtmedyaduyuru/2?embed=1&mode=tme (Caused by NameResolutionError("<urllib3.connection.HTTPSConnection object at 0x000002633B86CB50>: Failed to resolve 't.me' ([Errno 11001] getaddrinfo failed)"))
HTTPSConnectionPool(host='t.me', port=443): Max retries exceeded with url: /amtmedyaduyuru/2?embed=1&mode=tme (Caused by NameResolutionError("<urllib3.connection.HTTPSConnection object at 0x000002633F909990>: Failed to resolve 't.me' ([Errno 11001] getaddrinfo failed)"))
HTTPSConnectionPool(host='t.me', port=443): Max retries exceeded with url: /amtmedyaduyuru/2?embed=1&mode=tme (Caused by NameResolutionError("<urllib3.connection.HTTPSConnection object at 0x0000026339470510>: Failed to resolve 't.me' ([Errno 11001] getaddrinfo failed)"))
HTTPSConnectionPool(host='t.me', port=443): Max retries exceeded with url: /amtmedyaduyuru/2?embed=1&mode=tme (Caused by NameResolutionError("<urllib3.connection.HTTPSConnection object at 0x000002633C259A50>: Failed to resolve 't.me' ([Errno 11001] getaddrinfo failed)"))
HTTPSConnectionPool(host='t.me', port=443): Max retries exceeded with url: /amtmedyaduyuru/2?embed=1&mode=tme (Caused by NameResolutionError("<urllib3.connection.HTTPSConnection object at 0x000002633A8A9950>: Failed to resolve 't.me' ([Errno 11001] getaddrinfo failed)"))
HTTPSConnectionPool(host='t.me', port=443): Max retries exceeded with url: /amtmedyaduyuru/2?embed=1&mode=tme (Caused by NameResolutionError("<urllib3.connection.HTTPSConnection object at 0x0000026340B20950>: Failed to resolve 't.me' ([Errno 11001] getaddrinfo failed)"))
HTTPSConnectionPool(host='t.me', port=443): Max retries exceeded with url: /amtmedyaduyuru/2?embed=1&mode=tme (Caused by NameResolutionError("<urllib3.connection.HTTPSConnection object at 0x00000263406BADD0>: Failed to resolve 't.me' ([Errno 11001] getaddrinfo failed)"))
HTTPSConnectionPool(host='t.me', port=443): Max retries exceeded with url: /amtmedyaduyuru/2?embed=1&mode=tme (Caused by NameResolutionError("<urllib3.connection.HTTPSConnection object at 0x000002633FFC7190>: Failed to resolve 't.me' ([Errno 11001] getaddrinfo failed)"))
HTTPSConnectionPool(host='t.me', port=443): Max retries exceeded with url: /amtmedyaduyuru/2?embed=1&mode=tme (Caused by NameResolutionError("<urllib3.connection.HTTPSConnection object at 0x000002633FCB5350>: Failed to resolve 't.me' ([Errno 11001] getaddrinfo failed)"))
HTTPSConnectionPool(host='t.me', port=443): Max retries exceeded with url: /amtmedyaduyuru/2?embed=1&mode=tme (Caused by NameResolutionError("<urllib3.connection.HTTPSConnection object at 0x0000026336599950>: Failed to resolve 't.me' ([Errno 11001] getaddrinfo failed)"))
HTTPSConnectionPool(host='t.me', port=443): Max retries exceeded with url: /amtmedyaduyuru/2?embed=1&mode=tme (Caused by NameResolutionError("<urllib3.connection.HTTPSConnection object at 0x0000026340C9D810>: Failed to resolve 't.me' ([Errno 11001] getaddrinfo failed)"))
HTTPSConnectionPool(host='t.me', port=443): Max retries exceeded with url: /amtmedyaduyuru/2?embed=1&mode=tme (Caused by NameResolutionError("<urllib3.connection.HTTPSConnection object at 0x00000263410C3BD0>: Failed to resolve 't.me' ([Errno 11001] getaddrinfo failed)"))
HTTPSConnectionPool(host='t.me', port=443): Max retries exceeded with url: /amtmedyaduyuru/2?embed=1&mode=tme (Caused by NameResolutionError("<urllib3.connection.HTTPSConnection object at 0x0000026340FDE8D0>: Failed to resolve 't.me' ([Errno 11001] getaddrinfo failed)"))
HTTPSConnectionPool(host='t.me', port=443): Max retries exceeded with url: /amtmedyaduyuru/2?embed=1&mode=tme (Caused by NameResolutionError("<urllib3.connection.HTTPSConnection object at 0x0000026340F277D0>: Failed to resolve 't.me' ([Errno 11001] getaddrinfo failed)"))
HTTPSConnectionPool(host='t.me', port=443): Max retries exceeded with url: /amtmedyaduyuru/2?embed=1&mode=tme (Caused by NameResolutionError("<urllib3.connection.HTTPSConnection object at 0x0000026334DCD2D0>: Failed to resolve 't.me' ([Errno 11001] getaddrinfo failed)"))
HTTPSConnectionPool(host='t.me', port=443): Max retries exceeded with url: /amtmedyaduyuru/2?embed=1&mode=tme (Caused by NameResolutionError("<urllib3.connection.HTTPSConnection object at 0x00000263410AEB10>: Failed to resolve 't.me' ([Errno 11001] getaddrinfo failed)"))
HTTPSConnectionPool(host='t.me', port=443): Max retries exceeded with url: /amtmedyaduyuru/2?embed=1&mode=tme (Caused by NameResolutionError("<urllib3.connection.HTTPSConnection object at 0x000002633FFA1050>: Failed to resolve 't.me' ([Errno 11001] getaddrinfo failed)"))
HTTPSConnectionPool(host='t.me', port=443): Max retries exceeded with url: /amtmedyaduyuru/2?embed=1&mode=tme (Caused by NameResolutionError("<urllib3.connection.HTTPSConnection object at 0x000002633C3B8D90>: Failed to resolve 't.me' ([Errno 11001] getaddrinfo failed)"))
HTTPSConnectionPool(host='t.me', port=443): Max retries exceeded with url: /amtmedyaduyuru/2?embed=1&mode=tme (Caused by NameResolutionError("<urllib3.connection.HTTPSConnection object at 0x000002633C750D10>: Failed to resolve 't.me' ([Errno 11001] getaddrinfo failed)"))
HTTPSConnectionPool(host='t.me', port=443): Max retries exceeded with url: /amtmedyaduyuru/2?embed=1&mode=tme (Caused by NameResolutionError("<urllib3.connection.HTTPSConnection object at 0x00000263410ACB10>: Failed to resolve 't.me' ([Errno 11001] getaddrinfo failed)"))
HTTPSConnectionPool(host='t.me', port=443): Max retries exceeded with url: /amtmedyaduyuru/2?embed=1&mode=tme (Caused by NameResolutionError("<urllib3.connection.HTTPSConnection object at 0x0000026340C9F350>: Failed to resolve 't.me' ([Errno 11001] getaddrinfo failed)"))
HTTPSConnectionPool(host='t.me', port=443): Max retries exceeded with url: /amtmedyaduyuru/2?embed=1&mode=tme (Caused by NameResolutionError("<urllib3.connection.HTTPSConnection object at 0x000002633652E7D0>: Failed to resolve 't.me' ([Errno 11001] getaddrinfo failed)"))
HTTPSConnectionPool(host='t.me', port=443): Max retries exceeded with url: /amtmedyaduyuru/2?embed=1&mode=tme (Caused by NameResolutionError("<urllib3.connection.HTTPSConnection object at 0x00000263408FF4D0>: Failed to resolve 't.me' ([Errno 11001] getaddrinfo failed)"))
HTTPSConnectionPool(host='t.me', port=443): Max retries exceeded with url: /amtmedyaduyuru/2?embed=1&mode=tme (Caused by NameResolutionError("<urllib3.connection.HTTPSConnection object at 0x000002633FD56950>: Failed to resolve 't.me' ([Errno 11001] getaddrinfo failed)"))
HTTPSConnectionPool(host='t.me', port=443): Max retries exceeded with url: /amtmedyaduyuru/2?embed=1&mode=tme (Caused by NameResolutionError("<urllib3.connection.HTTPSConnection object at 0x0000026340C50C10>: Failed to resolve 't.me' ([Errno 11001] getaddrinfo failed)"))
HTTPSConnectionPool(host='t.me', port=443): Max retries exceeded with url: /amtmedyaduyuru/2?embed=1&mode=tme (Caused by NameResolutionError("<urllib3.connection.HTTPSConnection object at 0x00000263410AE190>: Failed to resolve 't.me' ([Errno 11001] getaddrinfo failed)"))
HTTPSConnectionPool(host='t.me', port=443): Max retries exceeded with url: /amtmedyaduyuru/2?embed=1&mode=tme (Caused by NameResolutionError("<urllib3.connection.HTTPSConnection object at 0x00000263401D3210>: Failed to resolve 't.me' ([Errno 11001] getaddrinfo failed)"))
HTTPSConnectionPool(host='t.me', port=443): Max retries exceeded with url: /amtmedyaduyuru/2?embed=1&mode=tme (Caused by NameResolutionError("<urllib3.connection.HTTPSConnection object at 0x0000026340FBD3D0>: Failed to resolve 't.me' ([Errno 11001] getaddrinfo failed)"))
HTTPSConnectionPool(host='t.me', port=443): Max retries exceeded with url: /amtmedyaduyuru/2?embed=1&mode=tme (Caused by NameResolutionError("<urllib3.connection.HTTPSConnection object at 0x00000263394111D0>: Failed to resolve 't.me' ([Errno 11001] getaddrinfo failed)"))
HTTPSConnectionPool(host='t.me', port=443): Max retries exceeded with url: /amtmedyaduyuru/2?embed=1&mode=tme (Caused by NameResolutionError("<urllib3.connection.HTTPSConnection object at 0x0000026338F3F090>: Failed to resolve 't.me' ([Errno 11001] getaddrinfo failed)"))
HTTPSConnectionPool(host='t.me', port=443): Max retries exceeded with url: /amtmedyaduyuru/2?embed=1&mode=tme (Caused by NameResolutionError("<urllib3.connection.HTTPSConnection object at 0x00000263336B5250>: Failed to resolve 't.me' ([Errno 11001] getaddrinfo failed)"))
HTTPSConnectionPool(host='t.me', port=443): Max retries exceeded with url: /amtmedyaduyuru/2?embed=1&mode=tme (Caused by NameResolutionError("<urllib3.connection.HTTPSConnection object at 0x0000026340E707D0>: Failed to resolve 't.me' ([Errno 11001] getaddrinfo failed)"))
HTTPSConnectionPool(host='t.me', port=443): Max retries exceeded with url: /amtmedyaduyuru/2?embed=1&mode=tme (Caused by NameResolutionError("<urllib3.connection.HTTPSConnection object at 0x000002633BA63C50>: Failed to resolve 't.me' ([Errno 11001] getaddrinfo failed)"))
HTTPSConnectionPool(host='t.me', port=443): Max retries exceeded with url: /amtmedyaduyuru/2?embed=1&mode=tme (Caused by NameResolutionError("<urllib3.connection.HTTPSConnection object at 0x00000263410AF690>: Failed to resolve 't.me' ([Errno 11001] getaddrinfo failed)"))
HTTPSConnectionPool(host='t.me', port=443): Max retries exceeded with url: /amtmedyaduyuru/2?embed=1&mode=tme (Caused by NameResolutionError("<urllib3.connection.HTTPSConnection object at 0x0000026340B5C3D0>: Failed to resolve 't.me' ([Errno 11001] getaddrinfo failed)"))
HTTPSConnectionPool(host='t.me', port=443): Max retries exceeded with url: /amtmedyaduyuru/2?embed=1&mode=tme (Caused by NameResolutionError("<urllib3.connection.HTTPSConnection object at 0x000002634019DF10>: Failed to resolve 't.me' ([Errno 11001] getaddrinfo failed)"))
HTTPSConnectionPool(host='t.me', port=443): Max retries exceeded with url: /amtmedyaduyuru/2?embed=1&mode=tme (Caused by NameResolutionError("<urllib3.connection.HTTPSConnection object at 0x0000026340FB35D0>: Failed to resolve 't.me' ([Errno 11001] getaddrinfo failed)"))
HTTPSConnectionPool(host='t.me', port=443): Max retries exceeded with url: /amtmedyaduyuru/2?embed=1&mode=tme (Caused by NameResolutionError("<urllib3.connection.HTTPSConnection object at 0x0000026340BBFC10>: Failed to resolve 't.me' ([Errno 11001] getaddrinfo failed)"))
HTTPSConnectionPool(host='t.me', port=443): Max retries exceeded with url: /amtmedyaduyuru/2?embed=1&mode=tme (Caused by NameResolutionError("<urllib3.connection.HTTPSConnection object at 0x0000026340BBD5D0>: Failed to resolve 't.me' ([Errno 11001] getaddrinfo failed)"))
HTTPSConnectionPool(host='t.me', port=443): Max retries exceeded with url: /amtmedyaduyuru/2?embed=1&mode=tme (Caused by NameResolutionError("<urllib3.connection.HTTPSConnection object at 0x000002634019F790>: Failed to resolve 't.me' ([Errno 11001] getaddrinfo failed)"))
HTTPSConnectionPool(host='t.me', port=443): Max retries exceeded with url: /amtmedyaduyuru/2?embed=1&mode=tme (Caused by NameResolutionError("<urllib3.connection.HTTPSConnection object at 0x00000263364F6650>: Failed to resolve 't.me' ([Errno 11001] getaddrinfo failed)"))
HTTPSConnectionPool(host='t.me', port=443): Max retries exceeded with url: /amtmedyaduyuru/2?embed=1&mode=tme (Caused by NameResolutionError("<urllib3.connection.HTTPSConnection object at 0x0000026340FB2450>: Failed to resolve 't.me' ([Errno 11001] getaddrinfo failed)"))
HTTPSConnectionPool(host='t.me', port=443): Max retries exceeded with url: /amtmedyaduyuru/2?embed=1&mode=tme (Caused by NameResolutionError("<urllib3.connection.HTTPSConnection object at 0x00000263401D0F10>: Failed to resolve 't.me' ([Errno 11001] getaddrinfo failed)"))
HTTPSConnectionPool(host='t.me', port=443): Max retries exceeded with url: /amtmedyaduyuru/2?embed=1&mode=tme (Caused by NameResolutionError("<urllib3.connection.HTTPSConnection object at 0x000002633F9ABED0>: Failed to resolve 't.me' ([Errno 11001] getaddrinfo failed)"))
HTTPSConnectionPool(host='t.me', port=443): Max retries exceeded with url: /amtmedyaduyuru/2?embed=1&mode=tme (Caused by NameResolutionError("<urllib3.connection.HTTPSConnection object at 0x000002633C56F3D0>: Failed to resolve 't.me' ([Errno 11001] getaddrinfo failed)"))
HTTPSConnectionPool(host='t.me', port=443): Max retries exceeded with url: /amtmedyaduyuru/2?embed=1&mode=tme (Caused by NameResolutionError("<urllib3.connection.HTTPSConnection object at 0x000002634019DF10>: Failed to resolve 't.me' ([Errno 11001] getaddrinfo failed)"))
HTTPSConnectionPool(host='t.me', port=443): Max retries exceeded with url: /amtmedyaduyuru/2?embed=1&mode=tme (Caused by NameResolutionError("<urllib3.connection.HTTPSConnection object at 0x0000026336548210>: Failed to resolve 't.me' ([Errno 11001] getaddrinfo failed)"))
HTTPSConnectionPool(host='t.me', port=443): Max retries exceeded with url: /amtmedyaduyuru/2?embed=1&mode=tme (Caused by NameResolutionError("<urllib3.connection.HTTPSConnection object at 0x000002633FCBDD50>: Failed to resolve 't.me' ([Errno 11001] getaddrinfo failed)"))
HTTPSConnectionPool(host='t.me', port=443): Max retries exceeded with url: /amtmedyaduyuru/2?embed=1&mode=tme (Caused by NameResolutionError("<urllib3.connection.HTTPSConnection object at 0x000002633F883450>: Failed to resolve 't.me' ([Errno 11001] getaddrinfo failed)"))
HTTPSConnectionPool(host='t.me', port=443): Max retries exceeded with url: /amtmedyaduyuru/2?embed=1&mode=tme (Caused by NameResolutionError("<urllib3.connection.HTTPSConnection object at 0x00000263410AF8D0>: Failed to resolve 't.me' ([Errno 11001] getaddrinfo failed)"))
HTTPSConnectionPool(host='t.me', port=443): Max retries exceeded with url: /amtmedyaduyuru/2?embed=1&mode=tme (Caused by NameResolutionError("<urllib3.connection.HTTPSConnection object at 0x0000026340FB1990>: Failed to resolve 't.me' ([Errno 11001] getaddrinfo failed)"))
HTTPSConnectionPool(host='t.me', port=443): Max retries exceeded with url: /amtmedyaduyuru/2?embed=1&mode=tme (Caused by NameResolutionError("<urllib3.connection.HTTPSConnection object at 0x0000026340E72A50>: Failed to resolve 't.me' ([Errno 11001] getaddrinfo failed)"))
HTTPSConnectionPool(host='t.me', port=443): Max retries exceeded with url: /amtmedyaduyuru/2?embed=1&mode=tme (Caused by NameResolutionError("<urllib3.connection.HTTPSConnection object at 0x0000026340A58610>: Failed to resolve 't.me' ([Errno 11001] getaddrinfo failed)"))
HTTPSConnectionPool(host='t.me', port=443): Max retries exceeded with url: /amtmedyaduyuru/2?embed=1&mode=tme (Caused by NameResolutionError("<urllib3.connection.HTTPSConnection object at 0x000002633CFAEA10>: Failed to resolve 't.me' ([Errno 11001] getaddrinfo failed)"))
HTTPSConnectionPool(host='t.me', port=443): Max retries exceeded with url: /amtmedyaduyuru/2?embed=1&mode=tme (Caused by NameResolutionError("<urllib3.connection.HTTPSConnection object at 0x0000026340C9FFD0>: Failed to resolve 't.me' ([Errno 11001] getaddrinfo failed)"))
HTTPSConnectionPool(host='t.me', port=443): Max retries exceeded with url: /amtmedyaduyuru/2?embed=1&mode=tme (Caused by NameResolutionError("<urllib3.connection.HTTPSConnection object at 0x0000026340BBCF50>: Failed to resolve 't.me' ([Errno 11001] getaddrinfo failed)"))
HTTPSConnectionPool(host='t.me', port=443): Max retries exceeded with url: /amtmedyaduyuru/2?embed=1&mode=tme (Caused by NameResolutionError("<urllib3.connection.HTTPSConnection object at 0x0000026340E71510>: Failed to resolve 't.me' ([Errno 11001] getaddrinfo failed)"))
HTTPSConnectionPool(host='t.me', port=443): Max retries exceeded with url: /amtmedyaduyuru/2?embed=1&mode=tme (Caused by NameResolutionError("<urllib3.connection.HTTPSConnection object at 0x0000026340FBD650>: Failed to resolve 't.me' ([Errno 11001] getaddrinfo failed)"))
HTTPSConnectionPool(host='t.me', port=443): Max retries exceeded with url: /amtmedyaduyuru/2?embed=1&mode=tme (Caused by NameResolutionError("<urllib3.connection.HTTPSConnection object at 0x00000263403CBA50>: Failed to resolve 't.me' ([Errno 11001] getaddrinfo failed)"))
HTTPSConnectionPool(host='t.me', port=443): Max retries exceeded with url: /amtmedyaduyuru/2?embed=1&mode=tme (Caused by NameResolutionError("<urllib3.connection.HTTPSConnection object at 0x0000026340FB1590>: Failed to resolve 't.me' ([Errno 11001] getaddrinfo failed)"))
HTTPSConnectionPool(host='t.me', port=443): Max retries exceeded with url: /amtmedyaduyuru/2?embed=1&mode=tme (Caused by NameResolutionError("<urllib3.connection.HTTPSConnection object at 0x0000026340FBFA90>: Failed to resolve 't.me' ([Errno 11001] getaddrinfo failed)"))
HTTPSConnectionPool(host='t.me', port=443): Max retries exceeded with url: /amtmedyaduyuru/2?embed=1&mode=tme (Caused by NameResolutionError("<urllib3.connection.HTTPSConnection object at 0x000002633894BC10>: Failed to resolve 't.me' ([Errno 11001] getaddrinfo failed)"))
HTTPSConnectionPool(host='t.me', port=443): Max retries exceeded with url: /amtmedyaduyuru/2?embed=1&mode=tme (Caused by NameResolutionError("<urllib3.connection.HTTPSConnection object at 0x0000026340BBD490>: Failed to resolve 't.me' ([Errno 11001] getaddrinfo failed)"))
HTTPSConnectionPool(host='t.me', port=443): Max retries exceeded with url: /amtmedyaduyuru/2?embed=1&mode=tme (Caused by NameResolutionError("<urllib3.connection.HTTPSConnection object at 0x000002634022F110>: Failed to resolve 't.me' ([Errno 11001] getaddrinfo failed)"))
HTTPSConnectionPool(host='t.me', port=443): Max retries exceeded with url: /amtmedyaduyuru/2?embed=1&mode=tme (Caused by NameResolutionError("<urllib3.connection.HTTPSConnection object at 0x000002633C6BE110>: Failed to resolve 't.me' ([Errno 11001] getaddrinfo failed)"))
HTTPSConnectionPool(host='t.me', port=443): Max retries exceeded with url: /amtmedyaduyuru/2?embed=1&mode=tme (Caused by NameResolutionError("<urllib3.connection.HTTPSConnection object at 0x000002633A4EA1D0>: Failed to resolve 't.me' ([Errno 11001] getaddrinfo failed)"))
HTTPSConnectionPool(host='t.me', port=443): Max retries exceeded with url: /amtmedyaduyuru/2?embed=1&mode=tme (Caused by NameResolutionError("<urllib3.connection.HTTPSConnection object at 0x00000263404CB2D0>: Failed to resolve 't.me' ([Errno 11001] getaddrinfo failed)"))
HTTPSConnectionPool(host='t.me', port=443): Max retries exceeded with url: /amtmedyaduyuru/2?embed=1&mode=tme (Caused by NameResolutionError("<urllib3.connection.HTTPSConnection object at 0x0000026340E70310>: Failed to resolve 't.me' ([Errno 11001] getaddrinfo failed)"))
HTTPSConnectionPool(host='t.me', port=443): Max retries exceeded with url: /amtmedyaduyuru/2?embed=1&mode=tme (Caused by NameResolutionError("<urllib3.connection.HTTPSConnection object at 0x00000263410AFA90>: Failed to resolve 't.me' ([Errno 11001] getaddrinfo failed)"))
HTTPSConnectionPool(host='t.me', port=443): Max retries exceeded with url: /amtmedyaduyuru/2?embed=1&mode=tme (Caused by NameResolutionError("<urllib3.connection.HTTPSConnection object at 0x000002633C6B1390>: Failed to resolve 't.me' ([Errno 11001] getaddrinfo failed)"))
HTTPSConnectionPool(host='t.me', port=443): Max retries exceeded with url: /amtmedyaduyuru/2?embed=1&mode=tme (Caused by NameResolutionError("<urllib3.connection.HTTPSConnection object at 0x0000026340BE8B10>: Failed to resolve 't.me' ([Errno 11001] getaddrinfo failed)"))
HTTPSConnectionPool(host='t.me', port=443): Max retries exceeded with url: /amtmedyaduyuru/2?embed=1&mode=tme (Caused by NameResolutionError("<urllib3.connection.HTTPSConnection object at 0x0000026340A4C250>: Failed to resolve 't.me' ([Errno 11001] getaddrinfo failed)"))
HTTPSConnectionPool(host='t.me', port=443): Max retries exceeded with url: /amtmedyaduyuru/2?embed=1&mode=tme (Caused by NameResolutionError("<urllib3.connection.HTTPSConnection object at 0x000002633F9ABED0>: Failed to resolve 't.me' ([Errno 11001] getaddrinfo failed)"))
HTTPSConnectionPool(host='t.me', port=443): Max retries exceeded with url: /amtmedyaduyuru/2?embed=1&mode=tme (Caused by NameResolutionError("<urllib3.connection.HTTPSConnection object at 0x0000026340BBFCD0>: Failed to resolve 't.me' ([Errno 11001] getaddrinfo failed)"))
HTTPSConnectionPool(host='t.me', port=443): Max retries exceeded with url: /amtmedyaduyuru/2?embed=1&mode=tme (Caused by NameResolutionError("<urllib3.connection.HTTPSConnection object at 0x000002633FFB49D0>: Failed to resolve 't.me' ([Errno 11001] getaddrinfo failed)"))
HTTPSConnectionPool(host='t.me', port=443): Max retries exceeded with url: /amtmedyaduyuru/2?embed=1&mode=tme (Caused by NameResolutionError("<urllib3.connection.HTTPSConnection object at 0x000002633FAEC1D0>: Failed to resolve 't.me' ([Errno 11001] getaddrinfo failed)"))
HTTPSConnectionPool(host='t.me', port=443): Max retries exceeded with url: /amtmedyaduyuru/2?embed=1&mode=tme (Caused by NameResolutionError("<urllib3.connection.HTTPSConnection object at 0x0000026338C0EA50>: Failed to resolve 't.me' ([Errno 11001] getaddrinfo failed)"))
HTTPSConnectionPool(host='t.me', port=443): Max retries exceeded with url: /amtmedyaduyuru/2?embed=1&mode=tme (Caused by NameResolutionError("<urllib3.connection.HTTPSConnection object at 0x0000026340E5D010>: Failed to resolve 't.me' ([Errno 11001] getaddrinfo failed)"))
HTTPSConnectionPool(host='t.me', port=443): Max retries exceeded with url: /amtmedyaduyuru/2?embed=1&mode=tme (Caused by NameResolutionError("<urllib3.connection.HTTPSConnection object at 0x0000026340BBCF90>: Failed to resolve 't.me' ([Errno 11001] getaddrinfo failed)"))
HTTPSConnectionPool(host='t.me', port=443): Max retries exceeded with url: /amtmedyaduyuru/2?embed=1&mode=tme (Caused by NameResolutionError("<urllib3.connection.HTTPSConnection object at 0x0000026340BE9510>: Failed to resolve 't.me' ([Errno 11001] getaddrinfo failed)"))
HTTPSConnectionPool(host='t.me', port=443): Max retries exceeded with url: /amtmedyaduyuru/2?embed=1&mode=tme (Caused by NameResolutionError("<urllib3.connection.HTTPSConnection object at 0x0000026340F3FC90>: Failed to resolve 't.me' ([Errno 11001] getaddrinfo failed)"))
HTTPSConnectionPool(host='t.me', port=443): Max retries exceeded with url: /amtmedyaduyuru/2?embed=1&mode=tme (Caused by NameResolutionError("<urllib3.connection.HTTPSConnection object at 0x0000026340C0DDD0>: Failed to resolve 't.me' ([Errno 11001] getaddrinfo failed)"))
HTTPSConnectionPool(host='t.me', port=443): Max retries exceeded with url: /amtmedyaduyuru/2?embed=1&mode=tme (Caused by NameResolutionError("<urllib3.connection.HTTPSConnection object at 0x0000026340D7B490>: Failed to resolve 't.me' ([Errno 11001] getaddrinfo failed)"))
HTTPSConnectionPool(host='t.me', port=443): Max retries exceeded with url: /amtmedyaduyuru/2?embed=1&mode=tme (Caused by NameResolutionError("<urllib3.connection.HTTPSConnection object at 0x0000026340D2E750>: Failed to resolve 't.me' ([Errno 11001] getaddrinfo failed)"))
HTTPSConnectionPool(host='t.me', port=443): Max retries exceeded with url: /amtmedyaduyuru/2?embed=1&mode=tme (Caused by NameResolutionError("<urllib3.connection.HTTPSConnection object at 0x00000263394111D0>: Failed to resolve 't.me' ([Errno 11001] getaddrinfo failed)"))
HTTPSConnectionPool(host='t.me', port=443): Max retries exceeded with url: /amtmedyaduyuru/2?embed=1&mode=tme (Caused by NameResolutionError("<urllib3.connection.HTTPSConnection object at 0x0000026340BBCF50>: Failed to resolve 't.me' ([Errno 11001] getaddrinfo failed)"))
HTTPSConnectionPool(host='t.me', port=443): Max retries exceeded with url: /amtmedyaduyuru/2?embed=1&mode=tme (Caused by NameResolutionError("<urllib3.connection.HTTPSConnection object at 0x0000026340179310>: Failed to resolve 't.me' ([Errno 11001] getaddrinfo failed)"))
HTTPSConnectionPool(host='t.me', port=443): Max retries exceeded with url: /amtmedyaduyuru/2?embed=1&mode=tme (Caused by NameResolutionError("<urllib3.connection.HTTPSConnection object at 0x000002633B977490>: Failed to resolve 't.me' ([Errno 11001] getaddrinfo failed)"))
HTTPSConnectionPool(host='t.me', port=443): Max retries exceeded with url: /amtmedyaduyuru/2?embed=1&mode=tme (Caused by NameResolutionError("<urllib3.connection.HTTPSConnection object at 0x0000026341097490>: Failed to resolve 't.me' ([Errno 11001] getaddrinfo failed)"))
HTTPSConnectionPool(host='t.me', port=443): Max retries exceeded with url: /amtmedyaduyuru/2?embed=1&mode=tme (Caused by NameResolutionError("<urllib3.connection.HTTPSConnection object at 0x0000026340C10250>: Failed to resolve 't.me' ([Errno 11001] getaddrinfo failed)"))
HTTPSConnectionPool(host='t.me', port=443): Max retries exceeded with url: /amtmedyaduyuru/2?embed=1&mode=tme (Caused by NameResolutionError("<urllib3.connection.HTTPSConnection object at 0x00000263389B6590>: Failed to resolve 't.me' ([Errno 11001] getaddrinfo failed)"))
HTTPSConnectionPool(host='t.me', port=443): Max retries exceeded with url: /amtmedyaduyuru/2?embed=1&mode=tme (Caused by NameResolutionError("<urllib3.connection.HTTPSConnection object at 0x0000026340D2D150>: Failed to resolve 't.me' ([Errno 11001] getaddrinfo failed)"))
HTTPSConnectionPool(host='t.me', port=443): Max retries exceeded with url: /amtmedyaduyuru/2?embed=1&mode=tme (Caused by NameResolutionError("<urllib3.connection.HTTPSConnection object at 0x000002634019F390>: Failed to resolve 't.me' ([Errno 11001] getaddrinfo failed)"))
HTTPSConnectionPool(host='t.me', port=443): Max retries exceeded with url: /amtmedyaduyuru/2?embed=1&mode=tme (Caused by NameResolutionError("<urllib3.connection.HTTPSConnection object at 0x0000026340FB2C90>: Failed to resolve 't.me' ([Errno 11001] getaddrinfo failed)"))
HTTPSConnectionPool(host='t.me', port=443): Max retries exceeded with url: /amtmedyaduyuru/2?embed=1&mode=tme (Caused by NameResolutionError("<urllib3.connection.HTTPSConnection object at 0x000002633C38AE50>: Failed to resolve 't.me' ([Errno 11001] getaddrinfo failed)"))
HTTPSConnectionPool(host='t.me', port=443): Max retries exceeded with url: /amtmedyaduyuru/2?embed=1&mode=tme (Caused by NameResolutionError("<urllib3.connection.HTTPSConnection object at 0x0000026340FBEC90>: Failed to resolve 't.me' ([Errno 11001] getaddrinfo failed)"))
HTTPSConnectionPool(host='t.me', port=443): Max retries exceeded with url: /amtmedyaduyuru/2?embed=1&mode=tme (Caused by NameResolutionError("<urllib3.connection.HTTPSConnection object at 0x0000026340F7FD90>: Failed to resolve 't.me' ([Errno 11001] getaddrinfo failed)"))
HTTPSConnectionPool(host='t.me', port=443): Max retries exceeded with url: /amtmedyaduyuru/2?embed=1&mode=tme (Caused by NameResolutionError("<urllib3.connection.HTTPSConnection object at 0x0000026340A58690>: Failed to resolve 't.me' ([Errno 11001] getaddrinfo failed)"))
HTTPSConnectionPool(host='t.me', port=443): Max retries exceeded with url: /amtmedyaduyuru/2?embed=1&mode=tme (Caused by NameResolutionError("<urllib3.connection.HTTPSConnection object at 0x0000026340AD7B10>: Failed to resolve 't.me' ([Errno 11001] getaddrinfo failed)"))
HTTPSConnectionPool(host='t.me', port=443): Max retries exceeded with url: /amtmedyaduyuru/2?embed=1&mode=tme (Caused by NameResolutionError("<urllib3.connection.HTTPSConnection object at 0x0000026340FB3C90>: Failed to resolve 't.me' ([Errno 11001] getaddrinfo failed)"))
HTTPSConnectionPool(host='t.me', port=443): Max retries exceeded with url: /amtmedyaduyuru/2?embed=1&mode=tme (Caused by NameResolutionError("<urllib3.connection.HTTPSConnection object at 0x00000263408C1810>: Failed to resolve 't.me' ([Errno 11001] getaddrinfo failed)"))
HTTPSConnectionPool(host='t.me', port=443): Max retries exceeded with url: /amtmedyaduyuru/2?embed=1&mode=tme (Caused by NameResolutionError("<urllib3.connection.HTTPSConnection object at 0x0000026340362250>: Failed to resolve 't.me' ([Errno 11001] getaddrinfo failed)"))
HTTPSConnectionPool(host='t.me', port=443): Max retries exceeded with url: /amtmedyaduyuru/2?embed=1&mode=tme (Caused by NameResolutionError("<urllib3.connection.HTTPSConnection object at 0x0000026340C0E810>: Failed to resolve 't.me' ([Errno 11001] getaddrinfo failed)"))
HTTPSConnectionPool(host='t.me', port=443): Max retries exceeded with url: /amtmedyaduyuru/2?embed=1&mode=tme (Caused by NameResolutionError("<urllib3.connection.HTTPSConnection object at 0x00000263408278D0>: Failed to resolve 't.me' ([Errno 11001] getaddrinfo failed)"))
HTTPSConnectionPool(host='t.me', port=443): Max retries exceeded with url: /amtmedyaduyuru/2?embed=1&mode=tme (Caused by NameResolutionError("<urllib3.connection.HTTPSConnection object at 0x0000026340689210>: Failed to resolve 't.me' ([Errno 11001] getaddrinfo failed)"))
HTTPSConnectionPool(host='t.me', port=443): Max retries exceeded with url: /amtmedyaduyuru/2?embed=1&mode=tme (Caused by NameResolutionError("<urllib3.connection.HTTPSConnection object at 0x0000026340F7FF50>: Failed to resolve 't.me' ([Errno 11001] getaddrinfo failed)"))
HTTPSConnectionPool(host='t.me', port=443): Max retries exceeded with url: /amtmedyaduyuru/2?embed=1&mode=tme (Caused by NameResolutionError("<urllib3.connection.HTTPSConnection object at 0x0000026340D4CE10>: Failed to resolve 't.me' ([Errno 11001] getaddrinfo failed)"))
HTTPSConnectionPool(host='t.me', port=443): Max retries exceeded with url: /amtmedyaduyuru/2?embed=1&mode=tme (Caused by NameResolutionError("<urllib3.connection.HTTPSConnection object at 0x0000026340F5CD50>: Failed to resolve 't.me' ([Errno 11001] getaddrinfo failed)"))
HTTPSConnectionPool(host='t.me', port=443): Max retries exceeded with url: /amtmedyaduyuru/2?embed=1&mode=tme (Caused by NameResolutionError("<urllib3.connection.HTTPSConnection object at 0x00000263409B6B10>: Failed to resolve 't.me' ([Errno 11001] getaddrinfo failed)"))
HTTPSConnectionPool(host='t.me', port=443): Max retries exceeded with url: /amtmedyaduyuru/2?embed=1&mode=tme (Caused by NameResolutionError("<urllib3.connection.HTTPSConnection object at 0x000002633DFFE390>: Failed to resolve 't.me' ([Errno 11001] getaddrinfo failed)"))
HTTPSConnectionPool(host='t.me', port=443): Max retries exceeded with url: /amtmedyaduyuru/2?embed=1&mode=tme (Caused by NameResolutionError("<urllib3.connection.HTTPSConnection object at 0x0000026339470510>: Failed to resolve 't.me' ([Errno 11001] getaddrinfo failed)"))
HTTPSConnectionPool(host='t.me', port=443): Max retries exceeded with url: /amtmedyaduyuru/2?embed=1&mode=tme (Caused by NameResolutionError("<urllib3.connection.HTTPSConnection object at 0x0000026340F5CE10>: Failed to resolve 't.me' ([Errno 11001] getaddrinfo failed)"))
HTTPSConnectionPool(host='t.me', port=443): Max retries exceeded with url: /amtmedyaduyuru/2?embed=1&mode=tme (Caused by NameResolutionError("<urllib3.connection.HTTPSConnection object at 0x0000026340D4F950>: Failed to resolve 't.me' ([Errno 11001] getaddrinfo failed)"))
HTTPSConnectionPool(host='t.me', port=443): Max retries exceeded with url: /amtmedyaduyuru/2?embed=1&mode=tme (Caused by NameResolutionError("<urllib3.connection.HTTPSConnection object at 0x0000026340FBDCD0>: Failed to resolve 't.me' ([Errno 11001] getaddrinfo failed)"))
HTTPSConnectionPool(host='t.me', port=443): Max retries exceeded with url: /amtmedyaduyuru/2?embed=1&mode=tme (Caused by NameResolutionError("<urllib3.connection.HTTPSConnection object at 0x0000026340D79090>: Failed to resolve 't.me' ([Errno 11001] getaddrinfo failed)"))
HTTPSConnectionPool(host='t.me', port=443): Max retries exceeded with url: /amtmedyaduyuru/2?embed=1&mode=tme (Caused by NameResolutionError("<urllib3.connection.HTTPSConnection object at 0x000002633F94B250>: Failed to resolve 't.me' ([Errno 11001] getaddrinfo failed)"))
HTTPSConnectionPool(host='t.me', port=443): Max retries exceeded with url: /amtmedyaduyuru/2?embed=1&mode=tme (Caused by NameResolutionError("<urllib3.connection.HTTPSConnection object at 0x0000026340CF6010>: Failed to resolve 't.me' ([Errno 11001] getaddrinfo failed)"))
HTTPSConnectionPool(host='t.me', port=443): Max retries exceeded with url: /amtmedyaduyuru/2?embed=1&mode=tme (Caused by NameResolutionError("<urllib3.connection.HTTPSConnection object at 0x000002634056FD90>: Failed to resolve 't.me' ([Errno 11001] getaddrinfo failed)"))
HTTPSConnectionPool(host='t.me', port=443): Max retries exceeded with url: /amtmedyaduyuru/2?embed=1&mode=tme (Caused by NameResolutionError("<urllib3.connection.HTTPSConnection object at 0x0000026340F7E650>: Failed to resolve 't.me' ([Errno 11001] getaddrinfo failed)"))
HTTPSConnectionPool(host='t.me', port=443): Max retries exceeded with url: /amtmedyaduyuru/2?embed=1&mode=tme (Caused by NameResolutionError("<urllib3.connection.HTTPSConnection object at 0x0000026340D4F910>: Failed to resolve 't.me' ([Errno 11001] getaddrinfo failed)"))
HTTPSConnectionPool(host='t.me', port=443): Max retries exceeded with url: /amtmedyaduyuru/2?embed=1&mode=tme (Caused by NameResolutionError("<urllib3.connection.HTTPSConnection object at 0x0000026340D4CBD0>: Failed to resolve 't.me' ([Errno 11001] getaddrinfo failed)"))
HTTPSConnectionPool(host='t.me', port=443): Max retries exceeded with url: /amtmedyaduyuru/2?embed=1&mode=tme (Caused by NameResolutionError("<urllib3.connection.HTTPSConnection object at 0x000002633C6BFD90>: Failed to resolve 't.me' ([Errno 11001] getaddrinfo failed)"))
HTTPSConnectionPool(host='t.me', port=443): Max retries exceeded with url: /amtmedyaduyuru/2?embed=1&mode=tme (Caused by NameResolutionError("<urllib3.connection.HTTPSConnection object at 0x000002634079B550>: Failed to resolve 't.me' ([Errno 11001] getaddrinfo failed)"))
HTTPSConnectionPool(host='t.me', port=443): Max retries exceeded with url: /amtmedyaduyuru/2?embed=1&mode=tme (Caused by NameResolutionError("<urllib3.connection.HTTPSConnection object at 0x0000026340F5EA90>: Failed to resolve 't.me' ([Errno 11001] getaddrinfo failed)"))
HTTPSConnectionPool(host='t.me', port=443): Max retries exceeded with url: /amtmedyaduyuru/2?embed=1&mode=tme (Caused by NameResolutionError("<urllib3.connection.HTTPSConnection object at 0x0000026340D4CA50>: Failed to resolve 't.me' ([Errno 11001] getaddrinfo failed)"))
HTTPSConnectionPool(host='t.me', port=443): Max retries exceeded with url: /amtmedyaduyuru/2?embed=1&mode=tme (Caused by NameResolutionError("<urllib3.connection.HTTPSConnection object at 0x000002633C36F790>: Failed to resolve 't.me' ([Errno 11001] getaddrinfo failed)"))
HTTPSConnectionPool(host='t.me', port=443): Max retries exceeded with url: /amtmedyaduyuru/2?embed=1&mode=tme (Caused by NameResolutionError("<urllib3.connection.HTTPSConnection object at 0x0000026340FBC910>: Failed to resolve 't.me' ([Errno 11001] getaddrinfo failed)"))
HTTPSConnectionPool(host='t.me', port=443): Max retries exceeded with url: /amtmedyaduyuru/2?embed=1&mode=tme (Caused by NameResolutionError("<urllib3.connection.HTTPSConnection object at 0x00000263408694D0>: Failed to resolve 't.me' ([Errno 11001] getaddrinfo failed)"))
HTTPSConnectionPool(host='t.me', port=443): Max retries exceeded with url: /amtmedyaduyuru/2?embed=1&mode=tme (Caused by NameResolutionError("<urllib3.connection.HTTPSConnection object at 0x0000026340799ED0>: Failed to resolve 't.me' ([Errno 11001] getaddrinfo failed)"))
HTTPSConnectionPool(host='t.me', port=443): Max retries exceeded with url: /amtmedyaduyuru/2?embed=1&mode=tme (Caused by NameResolutionError("<urllib3.connection.HTTPSConnection object at 0x000002633AAEC810>: Failed to resolve 't.me' ([Errno 11001] getaddrinfo failed)"))
HTTPSConnectionPool(host='t.me', port=443): Max retries exceeded with url: /amtmedyaduyuru/2?embed=1&mode=tme (Caused by NameResolutionError("<urllib3.connection.HTTPSConnection object at 0x0000026340F71450>: Failed to resolve 't.me' ([Errno 11001] getaddrinfo failed)"))
HTTPSConnectionPool(host='t.me', port=443): Max retries exceeded with url: /amtmedyaduyuru/2?embed=1&mode=tme (Caused by NameResolutionError("<urllib3.connection.HTTPSConnection object at 0x0000026340D4F950>: Failed to resolve 't.me' ([Errno 11001] getaddrinfo failed)"))
HTTPSConnectionPool(host='t.me', port=443): Max retries exceeded with url: /amtmedyaduyuru/2?embed=1&mode=tme (Caused by NameResolutionError("<urllib3.connection.HTTPSConnection object at 0x0000026340FBC650>: Failed to resolve 't.me' ([Errno 11001] getaddrinfo failed)"))
HTTPSConnectionPool(host='t.me', port=443): Max retries exceeded with url: /amtmedyaduyuru/2?embed=1&mode=tme (Caused by NameResolutionError("<urllib3.connection.HTTPSConnection object at 0x0000026340C9F8D0>: Failed to resolve 't.me' ([Errno 11001] getaddrinfo failed)"))
HTTPSConnectionPool(host='t.me', port=443): Max retries exceeded with url: /amtmedyaduyuru/2?embed=1&mode=tme (Caused by NameResolutionError("<urllib3.connection.HTTPSConnection object at 0x000002633FD2D0D0>: Failed to resolve 't.me' ([Errno 11001] getaddrinfo failed)"))
HTTPSConnectionPool(host='t.me', port=443): Max retries exceeded with url: /amtmedyaduyuru/2?embed=1&mode=tme (Caused by NameResolutionError("<urllib3.connection.HTTPSConnection object at 0x000002633FFD6190>: Failed to resolve 't.me' ([Errno 11001] getaddrinfo failed)"))
HTTPSConnectionPool(host='t.me', port=443): Max retries exceeded with url: /amtmedyaduyuru/2?embed=1&mode=tme (Caused by NameResolutionError("<urllib3.connection.HTTPSConnection object at 0x000002634022DD10>: Failed to resolve 't.me' ([Errno 11001] getaddrinfo failed)"))
HTTPSConnectionPool(host='t.me', port=443): Max retries exceeded with url: /amtmedyaduyuru/2?embed=1&mode=tme (Caused by NameResolutionError("<urllib3.connection.HTTPSConnection object at 0x0000026340FBD290>: Failed to resolve 't.me' ([Errno 11001] getaddrinfo failed)"))
HTTPSConnectionPool(host='t.me', port=443): Max retries exceeded with url: /amtmedyaduyuru/2?embed=1&mode=tme (Caused by NameResolutionError("<urllib3.connection.HTTPSConnection object at 0x0000026340D4E250>: Failed to resolve 't.me' ([Errno 11001] getaddrinfo failed)"))
HTTPSConnectionPool(host='t.me', port=443): Max retries exceeded with url: /amtmedyaduyuru/2?embed=1&mode=tme (Caused by NameResolutionError("<urllib3.connection.HTTPSConnection object at 0x0000026340FB0A90>: Failed to resolve 't.me' ([Errno 11001] getaddrinfo failed)"))
HTTPSConnectionPool(host='t.me', port=443): Max retries exceeded with url: /amtmedyaduyuru/2?embed=1&mode=tme (Caused by NameResolutionError("<urllib3.connection.HTTPSConnection object at 0x000002633E029910>: Failed to resolve 't.me' ([Errno 11001] getaddrinfo failed)"))
HTTPSConnectionPool(host='t.me', port=443): Max retries exceeded with url: /amtmedyaduyuru/2?embed=1&mode=tme (Caused by NameResolutionError("<urllib3.connection.HTTPSConnection object at 0x0000026340D7BD90>: Failed to resolve 't.me' ([Errno 11001] getaddrinfo failed)"))
HTTPSConnectionPool(host='t.me', port=443): Max retries exceeded with url: /amtmedyaduyuru/2?embed=1&mode=tme (Caused by NameResolutionError("<urllib3.connection.HTTPSConnection object at 0x000002634062A9D0>: Failed to resolve 't.me' ([Errno 11001] getaddrinfo failed)"))
HTTPSConnectionPool(host='t.me', port=443): Max retries exceeded with url: /amtmedyaduyuru/2?embed=1&mode=tme (Caused by NameResolutionError("<urllib3.connection.HTTPSConnection object at 0x0000026340D4C7D0>: Failed to resolve 't.me' ([Errno 11001] getaddrinfo failed)"))
HTTPSConnectionPool(host='t.me', port=443): Max retries exceeded with url: /amtmedyaduyuru/2?embed=1&mode=tme (Caused by NameResolutionError("<urllib3.connection.HTTPSConnection object at 0x0000026340FBD850>: Failed to resolve 't.me' ([Errno 11001] getaddrinfo failed)"))
HTTPSConnectionPool(host='t.me', port=443): Max retries exceeded with url: /amtmedyaduyuru/2?embed=1&mode=tme (Caused by NameResolutionError("<urllib3.connection.HTTPSConnection object at 0x000002633FBD7B50>: Failed to resolve 't.me' ([Errno 11001] getaddrinfo failed)"))
HTTPSConnectionPool(host='t.me', port=443): Max retries exceeded with url: /amtmedyaduyuru/2?embed=1&mode=tme (Caused by NameResolutionError("<urllib3.connection.HTTPSConnection object at 0x00000263406C5010>: Failed to resolve 't.me' ([Errno 11001] getaddrinfo failed)"))
HTTPSConnectionPool(host='t.me', port=443): Max retries exceeded with url: /amtmedyaduyuru/2?embed=1&mode=tme (Caused by NameResolutionError("<urllib3.connection.HTTPSConnection object at 0x0000026340F720D0>: Failed to resolve 't.me' ([Errno 11001] getaddrinfo failed)"))
HTTPSConnectionPool(host='t.me', port=443): Max retries exceeded with url: /amtmedyaduyuru/2?embed=1&mode=tme (Caused by NameResolutionError("<urllib3.connection.HTTPSConnection object at 0x000002633E02B650>: Failed to resolve 't.me' ([Errno 11001] getaddrinfo failed)"))
HTTPSConnectionPool(host='t.me', port=443): Max retries exceeded with url: /amtmedyaduyuru/2?embed=1&mode=tme (Caused by NameResolutionError("<urllib3.connection.HTTPSConnection object at 0x00000263402CF050>: Failed to resolve 't.me' ([Errno 11001] getaddrinfo failed)"))
HTTPSConnectionPool(host='t.me', port=443): Max retries exceeded with url: /amtmedyaduyuru/2?embed=1&mode=tme (Caused by NameResolutionError("<urllib3.connection.HTTPSConnection object at 0x0000026340799F50>: Failed to resolve 't.me' ([Errno 11001] getaddrinfo failed)"))
HTTPSConnectionPool(host='t.me', port=443): Max retries exceeded with url: /amtmedyaduyuru/2?embed=1&mode=tme (Caused by NameResolutionError("<urllib3.connection.HTTPSConnection object at 0x0000026340D4D7D0>: Failed to resolve 't.me' ([Errno 11001] getaddrinfo failed)"))
HTTPSConnectionPool(host='t.me', port=443): Max retries exceeded with url: /amtmedyaduyuru/2?embed=1&mode=tme (Caused by NameResolutionError("<urllib3.connection.HTTPSConnection object at 0x000002633FEF80D0>: Failed to resolve 't.me' ([Errno 11001] getaddrinfo failed)"))
HTTPSConnectionPool(host='t.me', port=443): Max retries exceeded with url: /amtmedyaduyuru/2?embed=1&mode=tme (Caused by NameResolutionError("<urllib3.connection.HTTPSConnection object at 0x0000026340798550>: Failed to resolve 't.me' ([Errno 11001] getaddrinfo failed)"))
HTTPSConnectionPool(host='t.me', port=443): Max retries exceeded with url: /amtmedyaduyuru/2?embed=1&mode=tme (Caused by NameResolutionError("<urllib3.connection.HTTPSConnection object at 0x000002633FFD2CD0>: Failed to resolve 't.me' ([Errno 11001] getaddrinfo failed)"))
HTTPSConnectionPool(host='t.me', port=443): Max retries exceeded with url: /amtmedyaduyuru/2?embed=1&mode=tme (Caused by NameResolutionError("<urllib3.connection.HTTPSConnection object at 0x0000026340B5F390>: Failed to resolve 't.me' ([Errno 11001] getaddrinfo failed)"))
HTTPSConnectionPool(host='t.me', port=443): Max retries exceeded with url: /amtmedyaduyuru/2?embed=1&mode=tme (Caused by NameResolutionError("<urllib3.connection.HTTPSConnection object at 0x000002633FDC2D90>: Failed to resolve 't.me' ([Errno 11001] getaddrinfo failed)"))
HTTPSConnectionPool(host='t.me', port=443): Max retries exceeded with url: /amtmedyaduyuru/2?embed=1&mode=tme (Caused by NameResolutionError("<urllib3.connection.HTTPSConnection object at 0x0000026340CF5110>: Failed to resolve 't.me' ([Errno 11001] getaddrinfo failed)"))
HTTPSConnectionPool(host='t.me', port=443): Max retries exceeded with url: /amtmedyaduyuru/2?embed=1&mode=tme (Caused by NameResolutionError("<urllib3.connection.HTTPSConnection object at 0x000002633FC4EA10>: Failed to resolve 't.me' ([Errno 11001] getaddrinfo failed)"))
HTTPSConnectionPool(host='t.me', port=443): Max retries exceeded with url: /amtmedyaduyuru/2?embed=1&mode=tme (Caused by NameResolutionError("<urllib3.connection.HTTPSConnection object at 0x000002633C6BD390>: Failed to resolve 't.me' ([Errno 11001] getaddrinfo failed)"))
HTTPSConnectionPool(host='t.me', port=443): Max retries exceeded with url: /amtmedyaduyuru/2?embed=1&mode=tme (Caused by NameResolutionError("<urllib3.connection.HTTPSConnection object at 0x000002633665D310>: Failed to resolve 't.me' ([Errno 11001] getaddrinfo failed)"))
HTTPSConnectionPool(host='t.me', port=443): Max retries exceeded with url: /amtmedyaduyuru/2?embed=1&mode=tme (Caused by NameResolutionError("<urllib3.connection.HTTPSConnection object at 0x000002633C403590>: Failed to resolve 't.me' ([Errno 11001] getaddrinfo failed)"))
HTTPSConnectionPool(host='t.me', port=443): Max retries exceeded with url: /amtmedyaduyuru/2?embed=1&mode=tme (Caused by NameResolutionError("<urllib3.connection.HTTPSConnection object at 0x0000026340D4F490>: Failed to resolve 't.me' ([Errno 11001] getaddrinfo failed)"))
HTTPSConnectionPool(host='t.me', port=443): Max retries exceeded with url: /amtmedyaduyuru/2?embed=1&mode=tme (Caused by NameResolutionError("<urllib3.connection.HTTPSConnection object at 0x000002633FF360D0>: Failed to resolve 't.me' ([Errno 11001] getaddrinfo failed)"))
HTTPSConnectionPool(host='t.me', port=443): Max retries exceeded with url: /amtmedyaduyuru/2?embed=1&mode=tme (Caused by NameResolutionError("<urllib3.connection.HTTPSConnection object at 0x000002633FF36910>: Failed to resolve 't.me' ([Errno 11001] getaddrinfo failed)"))
HTTPSConnectionPool(host='t.me', port=443): Max retries exceeded with url: /amtmedyaduyuru/2?embed=1&mode=tme (Caused by NameResolutionError("<urllib3.connection.HTTPSConnection object at 0x000002634079B850>: Failed to resolve 't.me' ([Errno 11001] getaddrinfo failed)"))
HTTPSConnectionPool(host='t.me', port=443): Max retries exceeded with url: /amtmedyaduyuru/2?embed=1&mode=tme (Caused by NameResolutionError("<urllib3.connection.HTTPSConnection object at 0x000002634019FA10>: Failed to resolve 't.me' ([Errno 11001] getaddrinfo failed)"))
HTTPSConnectionPool(host='t.me', port=443): Max retries exceeded with url: /amtmedyaduyuru/2?embed=1&mode=tme (Caused by NameResolutionError("<urllib3.connection.HTTPSConnection object at 0x0000026340043A90>: Failed to resolve 't.me' ([Errno 11001] getaddrinfo failed)"))
HTTPSConnectionPool(host='t.me', port=443): Max retries exceeded with url: /amtmedyaduyuru/2?embed=1&mode=tme (Caused by NameResolutionError("<urllib3.connection.HTTPSConnection object at 0x000002633FA0D850>: Failed to resolve 't.me' ([Errno 11001] getaddrinfo failed)"))
HTTPSConnectionPool(host='t.me', port=443): Max retries exceeded with url: /amtmedyaduyuru/2?embed=1&mode=tme (Caused by NameResolutionError("<urllib3.connection.HTTPSConnection object at 0x000002633FF51910>: Failed to resolve 't.me' ([Errno 11001] getaddrinfo failed)"))
HTTPSConnectionPool(host='t.me', port=443): Max retries exceeded with url: /amtmedyaduyuru/2?embed=1&mode=tme (Caused by NameResolutionError("<urllib3.connection.HTTPSConnection object at 0x0000026340FB3350>: Failed to resolve 't.me' ([Errno 11001] getaddrinfo failed)"))
HTTPSConnectionPool(host='t.me', port=443): Max retries exceeded with url: /amtmedyaduyuru/2?embed=1&mode=tme (Caused by NameResolutionError("<urllib3.connection.HTTPSConnection object at 0x00000263406C8C90>: Failed to resolve 't.me' ([Errno 11001] getaddrinfo failed)"))
HTTPSConnectionPool(host='t.me', port=443): Max retries exceeded with url: /amtmedyaduyuru/2?embed=1&mode=tme (Caused by NameResolutionError("<urllib3.connection.HTTPSConnection object at 0x000002633BA294D0>: Failed to resolve 't.me' ([Errno 11001] getaddrinfo failed)"))
HTTPSConnectionPool(host='t.me', port=443): Max retries exceeded with url: /amtmedyaduyuru/2?embed=1&mode=tme (Caused by NameResolutionError("<urllib3.connection.HTTPSConnection object at 0x00000263407AD190>: Failed to resolve 't.me' ([Errno 11001] getaddrinfo failed)"))
HTTPSConnectionPool(host='t.me', port=443): Max retries exceeded with url: /amtmedyaduyuru/2?embed=1&mode=tme (Caused by NameResolutionError("<urllib3.connection.HTTPSConnection object at 0x00000263402CF110>: Failed to resolve 't.me' ([Errno 11001] getaddrinfo failed)"))
HTTPSConnectionPool(host='t.me', port=443): Max retries exceeded with url: /amtmedyaduyuru/2?embed=1&mode=tme (Caused by NameResolutionError("<urllib3.connection.HTTPSConnection object at 0x0000026340F729D0>: Failed to resolve 't.me' ([Errno 11001] getaddrinfo failed)"))
HTTPSConnectionPool(host='t.me', port=443): Max retries exceeded with url: /amtmedyaduyuru/2?embed=1&mode=tme (Caused by NameResolutionError("<urllib3.connection.HTTPSConnection object at 0x00000263408FE110>: Failed to resolve 't.me' ([Errno 11001] getaddrinfo failed)"))
HTTPSConnectionPool(host='t.me', port=443): Max retries exceeded with url: /amtmedyaduyuru/2?embed=1&mode=tme (Caused by NameResolutionError("<urllib3.connection.HTTPSConnection object at 0x0000026340FB3050>: Failed to resolve 't.me' ([Errno 11001] getaddrinfo failed)"))
HTTPSConnectionPool(host='t.me', port=443): Max retries exceeded with url: /amtmedyaduyuru/2?embed=1&mode=tme (Caused by NameResolutionError("<urllib3.connection.HTTPSConnection object at 0x0000026340C0F250>: Failed to resolve 't.me' ([Errno 11001] getaddrinfo failed)"))
HTTPSConnectionPool(host='t.me', port=443): Max retries exceeded with url: /amtmedyaduyuru/2?embed=1&mode=tme (Caused by NameResolutionError("<urllib3.connection.HTTPSConnection object at 0x0000026340F7F850>: Failed to resolve 't.me' ([Errno 11001] getaddrinfo failed)"))
HTTPSConnectionPool(host='t.me', port=443): Max retries exceeded with url: /amtmedyaduyuru/2?embed=1&mode=tme (Caused by NameResolutionError("<urllib3.connection.HTTPSConnection object at 0x0000026340D7B990>: Failed to resolve 't.me' ([Errno 11001] getaddrinfo failed)"))
HTTPSConnectionPool(host='t.me', port=443): Max retries exceeded with url: /amtmedyaduyuru/2?embed=1&mode=tme (Caused by NameResolutionError("<urllib3.connection.HTTPSConnection object at 0x00000263410AF690>: Failed to resolve 't.me' ([Errno 11001] getaddrinfo failed)"))
HTTPSConnectionPool(host='t.me', port=443): Max retries exceeded with url: /amtmedyaduyuru/2?embed=1&mode=tme (Caused by NameResolutionError("<urllib3.connection.HTTPSConnection object at 0x00000263365BED90>: Failed to resolve 't.me' ([Errno 11001] getaddrinfo failed)"))
HTTPSConnectionPool(host='t.me', port=443): Max retries exceeded with url: /amtmedyaduyuru/2?embed=1&mode=tme (Caused by NameResolutionError("<urllib3.connection.HTTPSConnection object at 0x0000026340C9FFD0>: Failed to resolve 't.me' ([Errno 11001] getaddrinfo failed)"))
HTTPSConnectionPool(host='t.me', port=443): Max retries exceeded with url: /amtmedyaduyuru/2?embed=1&mode=tme (Caused by NameResolutionError("<urllib3.connection.HTTPSConnection object at 0x00000263365C83D0>: Failed to resolve 't.me' ([Errno 11001] getaddrinfo failed)"))
HTTPSConnectionPool(host='t.me', port=443): Max retries exceeded with url: /amtmedyaduyuru/2?embed=1&mode=tme (Caused by NameResolutionError("<urllib3.connection.HTTPSConnection object at 0x000002633F822850>: Failed to resolve 't.me' ([Errno 11001] getaddrinfo failed)"))
HTTPSConnectionPool(host='t.me', port=443): Max retries exceeded with url: /amtmedyaduyuru/2?embed=1&mode=tme (Caused by NameResolutionError("<urllib3.connection.HTTPSConnection object at 0x000002634011C690>: Failed to resolve 't.me' ([Errno 11001] getaddrinfo failed)"))
HTTPSConnectionPool(host='t.me', port=443): Max retries exceeded with url: /amtmedyaduyuru/2?embed=1&mode=tme (Caused by NameResolutionError("<urllib3.connection.HTTPSConnection object at 0x00000263405B1150>: Failed to resolve 't.me' ([Errno 11001] getaddrinfo failed)"))
HTTPSConnectionPool(host='t.me', port=443): Max retries exceeded with url: /amtmedyaduyuru/2?embed=1&mode=tme (Caused by NameResolutionError("<urllib3.connection.HTTPSConnection object at 0x00000263409EE790>: Failed to resolve 't.me' ([Errno 11001] getaddrinfo failed)"))
HTTPSConnectionPool(host='t.me', port=443): Max retries exceeded with url: /amtmedyaduyuru/2?embed=1&mode=tme (Caused by NameResolutionError("<urllib3.connection.HTTPSConnection object at 0x0000026340E5D010>: Failed to resolve 't.me' ([Errno 11001] getaddrinfo failed)"))
HTTPSConnectionPool(host='t.me', port=443): Max retries exceeded with url: /amtmedyaduyuru/2?embed=1&mode=tme (Caused by NameResolutionError("<urllib3.connection.HTTPSConnection object at 0x0000026340FBC1D0>: Failed to resolve 't.me' ([Errno 11001] getaddrinfo failed)"))
HTTPSConnectionPool(host='t.me', port=443): Max retries exceeded with url: /amtmedyaduyuru/2?embed=1&mode=tme (Caused by NameResolutionError("<urllib3.connection.HTTPSConnection object at 0x0000026340D7AF90>: Failed to resolve 't.me' ([Errno 11001] getaddrinfo failed)"))
HTTPSConnectionPool(host='t.me', port=443): Max retries exceeded with url: /amtmedyaduyuru/2?embed=1&mode=tme (Caused by NameResolutionError("<urllib3.connection.HTTPSConnection object at 0x00000263410AF290>: Failed to resolve 't.me' ([Errno 11001] getaddrinfo failed)"))
HTTPSConnectionPool(host='t.me', port=443): Max retries exceeded with url: /amtmedyaduyuru/2?embed=1&mode=tme (Caused by NameResolutionError("<urllib3.connection.HTTPSConnection object at 0x0000026340FB2D10>: Failed to resolve 't.me' ([Errno 11001] getaddrinfo failed)"))
HTTPSConnectionPool(host='t.me', port=443): Max retries exceeded with url: /amtmedyaduyuru/2?embed=1&mode=tme (Caused by NameResolutionError("<urllib3.connection.HTTPSConnection object at 0x000002633C51A8D0>: Failed to resolve 't.me' ([Errno 11001] getaddrinfo failed)"))
HTTPSConnectionPool(host='t.me', port=443): Max retries exceeded with url: /amtmedyaduyuru/2?embed=1&mode=tme (Caused by NameResolutionError("<urllib3.connection.HTTPSConnection object at 0x0000026340FBED10>: Failed to resolve 't.me' ([Errno 11001] getaddrinfo failed)"))
HTTPSConnectionPool(host='t.me', port=443): Max retries exceeded with url: /amtmedyaduyuru/2?embed=1&mode=tme (Caused by NameResolutionError("<urllib3.connection.HTTPSConnection object at 0x00000263408163D0>: Failed to resolve 't.me' ([Errno 11001] getaddrinfo failed)"))
HTTPSConnectionPool(host='t.me', port=443): Max retries exceeded with url: /amtmedyaduyuru/2?embed=1&mode=tme (Caused by NameResolutionError("<urllib3.connection.HTTPSConnection object at 0x000002633B690B10>: Failed to resolve 't.me' ([Errno 11001] getaddrinfo failed)"))
HTTPSConnectionPool(host='t.me', port=443): Max retries exceeded with url: /amtmedyaduyuru/2?embed=1&mode=tme (Caused by NameResolutionError("<urllib3.connection.HTTPSConnection object at 0x0000026340D6CC90>: Failed to resolve 't.me' ([Errno 11001] getaddrinfo failed)"))
HTTPSConnectionPool(host='t.me', port=443): Max retries exceeded with url: /amtmedyaduyuru/2?embed=1&mode=tme (Caused by NameResolutionError("<urllib3.connection.HTTPSConnection object at 0x0000026340FB1910>: Failed to resolve 't.me' ([Errno 11001] getaddrinfo failed)"))
HTTPSConnectionPool(host='t.me', port=443): Max retries exceeded with url: /amtmedyaduyuru/2?embed=1&mode=tme (Caused by NameResolutionError("<urllib3.connection.HTTPSConnection object at 0x0000026340D4D210>: Failed to resolve 't.me' ([Errno 11001] getaddrinfo failed)"))
HTTPSConnectionPool(host='t.me', port=443): Max retries exceeded with url: /amtmedyaduyuru/2?embed=1&mode=tme (Caused by NameResolutionError("<urllib3.connection.HTTPSConnection object at 0x0000026340D7BD90>: Failed to resolve 't.me' ([Errno 11001] getaddrinfo failed)"))
HTTPSConnectionPool(host='t.me', port=443): Max retries exceeded with url: /amtmedyaduyuru/2?embed=1&mode=tme (Caused by NameResolutionError("<urllib3.connection.HTTPSConnection object at 0x0000026340D7B390>: Failed to resolve 't.me' ([Errno 11001] getaddrinfo failed)"))
HTTPSConnectionPool(host='t.me', port=443): Max retries exceeded with url: /amtmedyaduyuru/2?embed=1&mode=tme (Caused by NameResolutionError("<urllib3.connection.HTTPSConnection object at 0x0000026340D4EC50>: Failed to resolve 't.me' ([Errno 11001] getaddrinfo failed)"))
HTTPSConnectionPool(host='t.me', port=443): Max retries exceeded with url: /amtmedyaduyuru/2?embed=1&mode=tme (Caused by NameResolutionError("<urllib3.connection.HTTPSConnection object at 0x0000026340FB2450>: Failed to resolve 't.me' ([Errno 11001] getaddrinfo failed)"))
HTTPSConnectionPool(host='t.me', port=443): Max retries exceeded with url: /amtmedyaduyuru/2?embed=1&mode=tme (Caused by NameResolutionError("<urllib3.connection.HTTPSConnection object at 0x0000026340BBEA10>: Failed to resolve 't.me' ([Errno 11001] getaddrinfo failed)"))
HTTPSConnectionPool(host='t.me', port=443): Max retries exceeded with url: /amtmedyaduyuru/2?embed=1&mode=tme (Caused by NameResolutionError("<urllib3.connection.HTTPSConnection object at 0x000002633F9ABED0>: Failed to resolve 't.me' ([Errno 11001] getaddrinfo failed)"))
HTTPSConnectionPool(host='t.me', port=443): Max retries exceeded with url: /amtmedyaduyuru/2?embed=1&mode=tme (Caused by NameResolutionError("<urllib3.connection.HTTPSConnection object at 0x0000026340658A90>: Failed to resolve 't.me' ([Errno 11001] getaddrinfo failed)"))
HTTPSConnectionPool(host='t.me', port=443): Max retries exceeded with url: /amtmedyaduyuru/2?embed=1&mode=tme (Caused by NameResolutionError("<urllib3.connection.HTTPSConnection object at 0x0000026340C0FE90>: Failed to resolve 't.me' ([Errno 11001] getaddrinfo failed)"))
HTTPSConnectionPool(host='t.me', port=443): Max retries exceeded with url: /amtmedyaduyuru/2?embed=1&mode=tme (Caused by NameResolutionError("<urllib3.connection.HTTPSConnection object at 0x00000263407766D0>: Failed to resolve 't.me' ([Errno 11001] getaddrinfo failed)"))
HTTPSConnectionPool(host='t.me', port=443): Max retries exceeded with url: /amtmedyaduyuru/2?embed=1&mode=tme (Caused by NameResolutionError("<urllib3.connection.HTTPSConnection object at 0x000002634018BE90>: Failed to resolve 't.me' ([Errno 11001] getaddrinfo failed)"))
HTTPSConnectionPool(host='t.me', port=443): Max retries exceeded with url: /amtmedyaduyuru/2?embed=1&mode=tme (Caused by NameResolutionError("<urllib3.connection.HTTPSConnection object at 0x00000263409B7110>: Failed to resolve 't.me' ([Errno 11001] getaddrinfo failed)"))
HTTPSConnectionPool(host='t.me', port=443): Max retries exceeded with url: /amtmedyaduyuru/2?embed=1&mode=tme (Caused by NameResolutionError("<urllib3.connection.HTTPSConnection object at 0x000002633C6D6DD0>: Failed to resolve 't.me' ([Errno 11001] getaddrinfo failed)"))
HTTPSConnectionPool(host='t.me', port=443): Max retries exceeded with url: /amtmedyaduyuru/2?embed=1&mode=tme (Caused by NameResolutionError("<urllib3.connection.HTTPSConnection object at 0x0000026340FB0A90>: Failed to resolve 't.me' ([Errno 11001] getaddrinfo failed)"))
HTTPSConnectionPool(host='t.me', port=443): Max retries exceeded with url: /amtmedyaduyuru/2?embed=1&mode=tme (Caused by NameResolutionError("<urllib3.connection.HTTPSConnection object at 0x000002634019F050>: Failed to resolve 't.me' ([Errno 11001] getaddrinfo failed)"))
HTTPSConnectionPool(host='t.me', port=443): Max retries exceeded with url: /amtmedyaduyuru/2?embed=1&mode=tme (Caused by NameResolutionError("<urllib3.connection.HTTPSConnection object at 0x000002634019F050>: Failed to resolve 't.me' ([Errno 11001] getaddrinfo failed)"))
HTTPSConnectionPool(host='t.me', port=443): Max retries exceeded with url: /amtmedyaduyuru/2?embed=1&mode=tme (Caused by NameResolutionError("<urllib3.connection.HTTPSConnection object at 0x00000263410AEAD0>: Failed to resolve 't.me' ([Errno 11001] getaddrinfo failed)"))
HTTPSConnectionPool(host='t.me', port=443): Max retries exceeded with url: /amtmedyaduyuru/2?embed=1&mode=tme (Caused by NameResolutionError("<urllib3.connection.HTTPSConnection object at 0x0000026338AF77D0>: Failed to resolve 't.me' ([Errno 11001] getaddrinfo failed)"))
HTTPSConnectionPool(host='t.me', port=443): Max retries exceeded with url: /amtmedyaduyuru/2?embed=1&mode=tme (Caused by NameResolutionError("<urllib3.connection.HTTPSConnection object at 0x000002633E131310>: Failed to resolve 't.me' ([Errno 11001] getaddrinfo failed)"))
HTTPSConnectionPool(host='t.me', port=443): Max retries exceeded with url: /amtmedyaduyuru/2?embed=1&mode=tme (Caused by NameResolutionError("<urllib3.connection.HTTPSConnection object at 0x0000026340E72B10>: Failed to resolve 't.me' ([Errno 11001] getaddrinfo failed)"))
HTTPSConnectionPool(host='t.me', port=443): Max retries exceeded with url: /amtmedyaduyuru/2?embed=1&mode=tme (Caused by NameResolutionError("<urllib3.connection.HTTPSConnection object at 0x0000026340D6D010>: Failed to resolve 't.me' ([Errno 11001] getaddrinfo failed)"))
HTTPSConnectionPool(host='t.me', port=443): Max retries exceeded with url: /amtmedyaduyuru/2?embed=1&mode=tme (Caused by NameResolutionError("<urllib3.connection.HTTPSConnection object at 0x000002633FB39910>: Failed to resolve 't.me' ([Errno 11001] getaddrinfo failed)"))
HTTPSConnectionPool(host='t.me', port=443): Max retries exceeded with url: /amtmedyaduyuru/2?embed=1&mode=tme (Caused by NameResolutionError("<urllib3.connection.HTTPSConnection object at 0x00000263401798D0>: Failed to resolve 't.me' ([Errno 11001] getaddrinfo failed)"))
HTTPSConnectionPool(host='t.me', port=443): Max retries exceeded with url: /amtmedyaduyuru/2?embed=1&mode=tme (Caused by NameResolutionError("<urllib3.connection.HTTPSConnection object at 0x00000263410AF290>: Failed to resolve 't.me' ([Errno 11001] getaddrinfo failed)"))
HTTPSConnectionPool(host='t.me', port=443): Max retries exceeded with url: /amtmedyaduyuru/2?embed=1&mode=tme (Caused by NameResolutionError("<urllib3.connection.HTTPSConnection object at 0x0000026340D6F910>: Failed to resolve 't.me' ([Errno 11001] getaddrinfo failed)"))
HTTPSConnectionPool(host='t.me', port=443): Max retries exceeded with url: /amtmedyaduyuru/2?embed=1&mode=tme (Caused by NameResolutionError("<urllib3.connection.HTTPSConnection object at 0x0000026340712BD0>: Failed to resolve 't.me' ([Errno 11001] getaddrinfo failed)"))
HTTPSConnectionPool(host='t.me', port=443): Max retries exceeded with url: /amtmedyaduyuru/2?embed=1&mode=tme (Caused by NameResolutionError("<urllib3.connection.HTTPSConnection object at 0x0000026340D6CA10>: Failed to resolve 't.me' ([Errno 11001] getaddrinfo failed)"))
HTTPSConnectionPool(host='t.me', port=443): Max retries exceeded with url: /amtmedyaduyuru/2?embed=1&mode=tme (Caused by NameResolutionError("<urllib3.connection.HTTPSConnection object at 0x00000263366DFF10>: Failed to resolve 't.me' ([Errno 11001] getaddrinfo failed)"))
HTTPSConnectionPool(host='t.me', port=443): Max retries exceeded with url: /amtmedyaduyuru/2?embed=1&mode=tme (Caused by NameResolutionError("<urllib3.connection.HTTPSConnection object at 0x00000263403C8A10>: Failed to resolve 't.me' ([Errno 11001] getaddrinfo failed)"))
HTTPSConnectionPool(host='t.me', port=443): Max retries exceeded with url: /amtmedyaduyuru/2?embed=1&mode=tme (Caused by NameResolutionError("<urllib3.connection.HTTPSConnection object at 0x0000026340FB3B90>: Failed to resolve 't.me' ([Errno 11001] getaddrinfo failed)"))
HTTPSConnectionPool(host='t.me', port=443): Max retries exceeded with url: /amtmedyaduyuru/2?embed=1&mode=tme (Caused by NameResolutionError("<urllib3.connection.HTTPSConnection object at 0x0000026340D4DC10>: Failed to resolve 't.me' ([Errno 11001] getaddrinfo failed)"))
HTTPSConnectionPool(host='t.me', port=443): Max retries exceeded with url: /amtmedyaduyuru/2?embed=1&mode=tme (Caused by NameResolutionError("<urllib3.connection.HTTPSConnection object at 0x0000026340F7E890>: Failed to resolve 't.me' ([Errno 11001] getaddrinfo failed)"))
HTTPSConnectionPool(host='t.me', port=443): Max retries exceeded with url: /amtmedyaduyuru/2?embed=1&mode=tme (Caused by NameResolutionError("<urllib3.connection.HTTPSConnection object at 0x000002633E0B4990>: Failed to resolve 't.me' ([Errno 11001] getaddrinfo failed)"))
HTTPSConnectionPool(host='t.me', port=443): Max retries exceeded with url: /amtmedyaduyuru/2?embed=1&mode=tme (Caused by NameResolutionError("<urllib3.connection.HTTPSConnection object at 0x0000026340D4D750>: Failed to resolve 't.me' ([Errno 11001] getaddrinfo failed)"))
HTTPSConnectionPool(host='t.me', port=443): Max retries exceeded with url: /amtmedyaduyuru/2?embed=1&mode=tme (Caused by NameResolutionError("<urllib3.connection.HTTPSConnection object at 0x0000026340775610>: Failed to resolve 't.me' ([Errno 11001] getaddrinfo failed)"))
HTTPSConnectionPool(host='t.me', port=443): Max retries exceeded with url: /amtmedyaduyuru/2?embed=1&mode=tme (Caused by NameResolutionError("<urllib3.connection.HTTPSConnection object at 0x0000026341004810>: Failed to resolve 't.me' ([Errno 11001] getaddrinfo failed)"))
HTTPSConnectionPool(host='t.me', port=443): Max retries exceeded with url: /amtmedyaduyuru/2?embed=1&mode=tme (Caused by NameResolutionError("<urllib3.connection.HTTPSConnection object at 0x0000026340D4D350>: Failed to resolve 't.me' ([Errno 11001] getaddrinfo failed)"))
HTTPSConnectionPool(host='t.me', port=443): Max retries exceeded with url: /amtmedyaduyuru/2?embed=1&mode=tme (Caused by NameResolutionError("<urllib3.connection.HTTPSConnection object at 0x000002634058DDD0>: Failed to resolve 't.me' ([Errno 11001] getaddrinfo failed)"))
HTTPSConnectionPool(host='t.me', port=443): Max retries exceeded with url: /amtmedyaduyuru/2?embed=1&mode=tme (Caused by NameResolutionError("<urllib3.connection.HTTPSConnection object at 0x000002633F86F290>: Failed to resolve 't.me' ([Errno 11001] getaddrinfo failed)"))
HTTPSConnectionPool(host='t.me', port=443): Max retries exceeded with url: /amtmedyaduyuru/2?embed=1&mode=tme (Caused by NameResolutionError("<urllib3.connection.HTTPSConnection object at 0x0000026340D7BA10>: Failed to resolve 't.me' ([Errno 11001] getaddrinfo failed)"))
HTTPSConnectionPool(host='t.me', port=443): Max retries exceeded with url: /amtmedyaduyuru/2?embed=1&mode=tme (Caused by NameResolutionError("<urllib3.connection.HTTPSConnection object at 0x0000026340E5E050>: Failed to resolve 't.me' ([Errno 11001] getaddrinfo failed)"))
HTTPSConnectionPool(host='t.me', port=443): Max retries exceeded with url: /amtmedyaduyuru/2?embed=1&mode=tme (Caused by NameResolutionError("<urllib3.connection.HTTPSConnection object at 0x0000026340E5E050>: Failed to resolve 't.me' ([Errno 11001] getaddrinfo failed)"))
HTTPSConnectionPool(host='t.me', port=443): Max retries exceeded with url: /amtmedyaduyuru/2?embed=1&mode=tme (Caused by NameResolutionError("<urllib3.connection.HTTPSConnection object at 0x0000026340FBF890>: Failed to resolve 't.me' ([Errno 11001] getaddrinfo failed)"))
HTTPSConnectionPool(host='t.me', port=443): Max retries exceeded with url: /amtmedyaduyuru/2?embed=1&mode=tme (Caused by NameResolutionError("<urllib3.connection.HTTPSConnection object at 0x000002633B763A90>: Failed to resolve 't.me' ([Errno 11001] getaddrinfo failed)"))
HTTPSConnectionPool(host='t.me', port=443): Max retries exceeded with url: /amtmedyaduyuru/2?embed=1&mode=tme (Caused by NameResolutionError("<urllib3.connection.HTTPSConnection object at 0x0000026338DAE250>: Failed to resolve 't.me' ([Errno 11001] getaddrinfo failed)"))
HTTPSConnectionPool(host='t.me', port=443): Max retries exceeded with url: /amtmedyaduyuru/2?embed=1&mode=tme (Caused by NameResolutionError("<urllib3.connection.HTTPSConnection object at 0x000002633FB6F8D0>: Failed to resolve 't.me' ([Errno 11001] getaddrinfo failed)"))
HTTPSConnectionPool(host='t.me', port=443): Max retries exceeded with url: /amtmedyaduyuru/2?embed=1&mode=tme (Caused by NameResolutionError("<urllib3.connection.HTTPSConnection object at 0x0000026340D4C8D0>: Failed to resolve 't.me' ([Errno 11001] getaddrinfo failed)"))
HTTPSConnectionPool(host='t.me', port=443): Max retries exceeded with url: /amtmedyaduyuru/2?embed=1&mode=tme (Caused by NameResolutionError("<urllib3.connection.HTTPSConnection object at 0x000002634093C050>: Failed to resolve 't.me' ([Errno 11001] getaddrinfo failed)"))
HTTPSConnectionPool(host='t.me', port=443): Max retries exceeded with url: /amtmedyaduyuru/2?embed=1&mode=tme (Caused by NameResolutionError("<urllib3.connection.HTTPSConnection object at 0x000002633FEF9CD0>: Failed to resolve 't.me' ([Errno 11001] getaddrinfo failed)"))
HTTPSConnectionPool(host='t.me', port=443): Max retries exceeded with url: /amtmedyaduyuru/2?embed=1&mode=tme (Caused by NameResolutionError("<urllib3.connection.HTTPSConnection object at 0x0000026340D6ED90>: Failed to resolve 't.me' ([Errno 11001] getaddrinfo failed)"))
HTTPSConnectionPool(host='t.me', port=443): Max retries exceeded with url: /amtmedyaduyuru/2?embed=1&mode=tme (Caused by NameResolutionError("<urllib3.connection.HTTPSConnection object at 0x00000263405C2AD0>: Failed to resolve 't.me' ([Errno 11001] getaddrinfo failed)"))
HTTPSConnectionPool(host='t.me', port=443): Max retries exceeded with url: /amtmedyaduyuru/2?embed=1&mode=tme (Caused by NameResolutionError("<urllib3.connection.HTTPSConnection object at 0x0000026340A7D0D0>: Failed to resolve 't.me' ([Errno 11001] getaddrinfo failed)"))
HTTPSConnectionPool(host='t.me', port=443): Max retries exceeded with url: /amtmedyaduyuru/2?embed=1&mode=tme (Caused by NameResolutionError("<urllib3.connection.HTTPSConnection object at 0x0000026340D4CD50>: Failed to resolve 't.me' ([Errno 11001] getaddrinfo failed)"))
HTTPSConnectionPool(host='t.me', port=443): Max retries exceeded with url: /amtmedyaduyuru/2?embed=1&mode=tme (Caused by NameResolutionError("<urllib3.connection.HTTPSConnection object at 0x0000026340BE8650>: Failed to resolve 't.me' ([Errno 11001] getaddrinfo failed)"))
HTTPSConnectionPool(host='t.me', port=443): Max retries exceeded with url: /amtmedyaduyuru/2?embed=1&mode=tme (Caused by NameResolutionError("<urllib3.connection.HTTPSConnection object at 0x00000263406001D0>: Failed to resolve 't.me' ([Errno 11001] getaddrinfo failed)"))
HTTPSConnectionPool(host='t.me', port=443): Max retries exceeded with url: /amtmedyaduyuru/2?embed=1&mode=tme (Caused by NameResolutionError("<urllib3.connection.HTTPSConnection object at 0x000002633665CA90>: Failed to resolve 't.me' ([Errno 11001] getaddrinfo failed)"))
HTTPSConnectionPool(host='t.me', port=443): Max retries exceeded with url: /amtmedyaduyuru/2?embed=1&mode=tme (Caused by NameResolutionError("<urllib3.connection.HTTPSConnection object at 0x0000026340701CD0>: Failed to resolve 't.me' ([Errno 11001] getaddrinfo failed)"))
HTTPSConnectionPool(host='t.me', port=443): Max retries exceeded with url: /amtmedyaduyuru/2?embed=1&mode=tme (Caused by NameResolutionError("<urllib3.connection.HTTPSConnection object at 0x000002633E1FCF10>: Failed to resolve 't.me' ([Errno 11001] getaddrinfo failed)"))
HTTPSConnectionPool(host='t.me', port=443): Max retries exceeded with url: /amtmedyaduyuru/2?embed=1&mode=tme (Caused by NameResolutionError("<urllib3.connection.HTTPSConnection object at 0x00000263407E25D0>: Failed to resolve 't.me' ([Errno 11001] getaddrinfo failed)"))
HTTPSConnectionPool(host='t.me', port=443): Max retries exceeded with url: /amtmedyaduyuru/2?embed=1&mode=tme (Caused by NameResolutionError("<urllib3.connection.HTTPSConnection object at 0x00000263409893D0>: Failed to resolve 't.me' ([Errno 11001] getaddrinfo failed)"))
HTTPSConnectionPool(host='t.me', port=443): Max retries exceeded with url: /amtmedyaduyuru/2?embed=1&mode=tme (Caused by NameResolutionError("<urllib3.connection.HTTPSConnection object at 0x000002633B884A10>: Failed to resolve 't.me' ([Errno 11001] getaddrinfo failed)"))
HTTPSConnectionPool(host='t.me', port=443): Max retries exceeded with url: /amtmedyaduyuru/2?embed=1&mode=tme (Caused by NameResolutionError("<urllib3.connection.HTTPSConnection object at 0x000002633C6FC390>: Failed to resolve 't.me' ([Errno 11001] getaddrinfo failed)"))
HTTPSConnectionPool(host='t.me', port=443): Max retries exceeded with url: /amtmedyaduyuru/2?embed=1&mode=tme (Caused by NameResolutionError("<urllib3.connection.HTTPSConnection object at 0x00000263408C66D0>: Failed to resolve 't.me' ([Errno 11001] getaddrinfo failed)"))
HTTPSConnectionPool(host='t.me', port=443): Max retries exceeded with url: /amtmedyaduyuru/2?embed=1&mode=tme (Caused by NameResolutionError("<urllib3.connection.HTTPSConnection object at 0x0000026340D4EB90>: Failed to resolve 't.me' ([Errno 11001] getaddrinfo failed)"))
HTTPSConnectionPool(host='t.me', port=443): Max retries exceeded with url: /amtmedyaduyuru/2?embed=1&mode=tme (Caused by NameResolutionError("<urllib3.connection.HTTPSConnection object at 0x000002633E272050>: Failed to resolve 't.me' ([Errno 11001] getaddrinfo failed)"))
HTTPSConnectionPool(host='t.me', port=443): Max retries exceeded with url: /amtmedyaduyuru/2?embed=1&mode=tme (Caused by NameResolutionError("<urllib3.connection.HTTPSConnection object at 0x00000263406018D0>: Failed to resolve 't.me' ([Errno 11001] getaddrinfo failed)"))
HTTPSConnectionPool(host='t.me', port=443): Max retries exceeded with url: /amtmedyaduyuru/2?embed=1&mode=tme (Caused by NameResolutionError("<urllib3.connection.HTTPSConnection object at 0x0000026340E5ED50>: Failed to resolve 't.me' ([Errno 11001] getaddrinfo failed)"))
HTTPSConnectionPool(host='t.me', port=443): Max retries exceeded with url: /amtmedyaduyuru/2?embed=1&mode=tme (Caused by NameResolutionError("<urllib3.connection.HTTPSConnection object at 0x000002634098A6D0>: Failed to resolve 't.me' ([Errno 11001] getaddrinfo failed)"))
HTTPSConnectionPool(host='t.me', port=443): Max retries exceeded with url: /amtmedyaduyuru/2?embed=1&mode=tme (Caused by NameResolutionError("<urllib3.connection.HTTPSConnection object at 0x000002633C399ED0>: Failed to resolve 't.me' ([Errno 11001] getaddrinfo failed)"))
HTTPSConnectionPool(host='t.me', port=443): Max retries exceeded with url: /amtmedyaduyuru/2?embed=1&mode=tme (Caused by NameResolutionError("<urllib3.connection.HTTPSConnection object at 0x0000026338F89C50>: Failed to resolve 't.me' ([Errno 11001] getaddrinfo failed)"))
HTTPSConnectionPool(host='t.me', port=443): Max retries exceeded with url: /amtmedyaduyuru/2?embed=1&mode=tme (Caused by NameResolutionError("<urllib3.connection.HTTPSConnection object at 0x000002633F936150>: Failed to resolve 't.me' ([Errno 11001] getaddrinfo failed)"))
HTTPSConnectionPool(host='t.me', port=443): Max retries exceeded with url: /amtmedyaduyuru/2?embed=1&mode=tme (Caused by NameResolutionError("<urllib3.connection.HTTPSConnection object at 0x000002633E1FCF10>: Failed to resolve 't.me' ([Errno 11001] getaddrinfo failed)"))
HTTPSConnectionPool(host='t.me', port=443): Max retries exceeded with url: /amtmedyaduyuru/2?embed=1&mode=tme (Caused by NameResolutionError("<urllib3.connection.HTTPSConnection object at 0x00000263403EA190>: Failed to resolve 't.me' ([Errno 11001] getaddrinfo failed)"))
HTTPSConnectionPool(host='t.me', port=443): Max retries exceeded with url: /amtmedyaduyuru/2?embed=1&mode=tme (Caused by NameResolutionError("<urllib3.connection.HTTPSConnection object at 0x0000026340508D90>: Failed to resolve 't.me' ([Errno 11001] getaddrinfo failed)"))
HTTPSConnectionPool(host='t.me', port=443): Max retries exceeded with url: /amtmedyaduyuru/2?embed=1&mode=tme (Caused by NameResolutionError("<urllib3.connection.HTTPSConnection object at 0x00000263403E98D0>: Failed to resolve 't.me' ([Errno 11001] getaddrinfo failed)"))
HTTPSConnectionPool(host='t.me', port=443): Max retries exceeded with url: /amtmedyaduyuru/2?embed=1&mode=tme (Caused by NameResolutionError("<urllib3.connection.HTTPSConnection object at 0x00000263407E0AD0>: Failed to resolve 't.me' ([Errno 11001] getaddrinfo failed)"))
HTTPSConnectionPool(host='t.me', port=443): Max retries exceeded with url: /amtmedyaduyuru/2?embed=1&mode=tme (Caused by NameResolutionError("<urllib3.connection.HTTPSConnection object at 0x000002633FD03990>: Failed to resolve 't.me' ([Errno 11001] getaddrinfo failed)"))
HTTPSConnectionPool(host='t.me', port=443): Max retries exceeded with url: /amtmedyaduyuru/2?embed=1&mode=tme (Caused by NameResolutionError("<urllib3.connection.HTTPSConnection object at 0x0000026340A58B50>: Failed to resolve 't.me' ([Errno 11001] getaddrinfo failed)"))
HTTPSConnectionPool(host='t.me', port=443): Max retries exceeded with url: /amtmedyaduyuru/2?embed=1&mode=tme (Caused by NameResolutionError("<urllib3.connection.HTTPSConnection object at 0x0000026340452ED0>: Failed to resolve 't.me' ([Errno 11001] getaddrinfo failed)"))
HTTPSConnectionPool(host='t.me', port=443): Max retries exceeded with url: /amtmedyaduyuru/2?embed=1&mode=tme (Caused by NameResolutionError("<urllib3.connection.HTTPSConnection object at 0x000002633FD8A6D0>: Failed to resolve 't.me' ([Errno 11001] getaddrinfo failed)"))
HTTPSConnectionPool(host='t.me', port=443): Max retries exceeded with url: /amtmedyaduyuru/2?embed=1&mode=tme (Caused by NameResolutionError("<urllib3.connection.HTTPSConnection object at 0x00000263407E2DD0>: Failed to resolve 't.me' ([Errno 11001] getaddrinfo failed)"))
HTTPSConnectionPool(host='t.me', port=443): Max retries exceeded with url: /amtmedyaduyuru/2?embed=1&mode=tme (Caused by NameResolutionError("<urllib3.connection.HTTPSConnection object at 0x0000026340746310>: Failed to resolve 't.me' ([Errno 11001] getaddrinfo failed)"))
HTTPSConnectionPool(host='t.me', port=443): Max retries exceeded with url: /amtmedyaduyuru/2?embed=1&mode=tme (Caused by NameResolutionError("<urllib3.connection.HTTPSConnection object at 0x0000026340A7C650>: Failed to resolve 't.me' ([Errno 11001] getaddrinfo failed)"))
HTTPSConnectionPool(host='t.me', port=443): Max retries exceeded with url: /amtmedyaduyuru/2?embed=1&mode=tme (Caused by NameResolutionError("<urllib3.connection.HTTPSConnection object at 0x000002634093FCD0>: Failed to resolve 't.me' ([Errno 11001] getaddrinfo failed)"))
HTTPSConnectionPool(host='t.me', port=443): Max retries exceeded with url: /amtmedyaduyuru/2?embed=1&mode=tme (Caused by NameResolutionError("<urllib3.connection.HTTPSConnection object at 0x000002634093FA50>: Failed to resolve 't.me' ([Errno 11001] getaddrinfo failed)"))
HTTPSConnectionPool(host='t.me', port=443): Max retries exceeded with url: /amtmedyaduyuru/2?embed=1&mode=tme (Caused by NameResolutionError("<urllib3.connection.HTTPSConnection object at 0x000002634098A110>: Failed to resolve 't.me' ([Errno 11001] getaddrinfo failed)"))
HTTPSConnectionPool(host='t.me', port=443): Max retries exceeded with url: /amtmedyaduyuru/2?embed=1&mode=tme (Caused by NameResolutionError("<urllib3.connection.HTTPSConnection object at 0x00000263403E9450>: Failed to resolve 't.me' ([Errno 11001] getaddrinfo failed)"))
HTTPSConnectionPool(host='t.me', port=443): Max retries exceeded with url: /amtmedyaduyuru/2?embed=1&mode=tme (Caused by NameResolutionError("<urllib3.connection.HTTPSConnection object at 0x00000263407E0290>: Failed to resolve 't.me' ([Errno 11001] getaddrinfo failed)"))
HTTPSConnectionPool(host='t.me', port=443): Max retries exceeded with url: /amtmedyaduyuru/2?embed=1&mode=tme (Caused by NameResolutionError("<urllib3.connection.HTTPSConnection object at 0x0000026340FBFC10>: Failed to resolve 't.me' ([Errno 11001] getaddrinfo failed)"))
HTTPSConnectionPool(host='t.me', port=443): Max retries exceeded with url: /amtmedyaduyuru/2?embed=1&mode=tme (Caused by NameResolutionError("<urllib3.connection.HTTPSConnection object at 0x000002633FBBD3D0>: Failed to resolve 't.me' ([Errno 11001] getaddrinfo failed)"))
HTTPSConnectionPool(host='t.me', port=443): Max retries exceeded with url: /amtmedyaduyuru/2?embed=1&mode=tme (Caused by NameResolutionError("<urllib3.connection.HTTPSConnection object at 0x0000026340D4F390>: Failed to resolve 't.me' ([Errno 11001] getaddrinfo failed)"))
HTTPSConnectionPool(host='t.me', port=443): Max retries exceeded with url: /amtmedyaduyuru/2?embed=1&mode=tme (Caused by NameResolutionError("<urllib3.connection.HTTPSConnection object at 0x0000026340E346D0>: Failed to resolve 't.me' ([Errno 11001] getaddrinfo failed)"))
HTTPSConnectionPool(host='t.me', port=443): Max retries exceeded with url: /amtmedyaduyuru/2?embed=1&mode=tme (Caused by NameResolutionError("<urllib3.connection.HTTPSConnection object at 0x000002633C2D9B90>: Failed to resolve 't.me' ([Errno 11001] getaddrinfo failed)"))
HTTPSConnectionPool(host='t.me', port=443): Max retries exceeded with url: /amtmedyaduyuru/2?embed=1&mode=tme (Caused by NameResolutionError("<urllib3.connection.HTTPSConnection object at 0x0000026340FC1110>: Failed to resolve 't.me' ([Errno 11001] getaddrinfo failed)"))
HTTPSConnectionPool(host='t.me', port=443): Max retries exceeded with url: /amtmedyaduyuru/2?embed=1&mode=tme (Caused by NameResolutionError("<urllib3.connection.HTTPSConnection object at 0x0000026340A7C990>: Failed to resolve 't.me' ([Errno 11001] getaddrinfo failed)"))
HTTPSConnectionPool(host='t.me', port=443): Max retries exceeded with url: /amtmedyaduyuru/2?embed=1&mode=tme (Caused by NameResolutionError("<urllib3.connection.HTTPSConnection object at 0x0000026340FBC850>: Failed to resolve 't.me' ([Errno 11001] getaddrinfo failed)"))
HTTPSConnectionPool(host='t.me', port=443): Max retries exceeded with url: /amtmedyaduyuru/2?embed=1&mode=tme (Caused by NameResolutionError("<urllib3.connection.HTTPSConnection object at 0x0000026340FBC090>: Failed to resolve 't.me' ([Errno 11001] getaddrinfo failed)"))
HTTPSConnectionPool(host='t.me', port=443): Max retries exceeded with url: /amtmedyaduyuru/2?embed=1&mode=tme (Caused by NameResolutionError("<urllib3.connection.HTTPSConnection object at 0x000002633FA019D0>: Failed to resolve 't.me' ([Errno 11001] getaddrinfo failed)"))
HTTPSConnectionPool(host='t.me', port=443): Max retries exceeded with url: /amtmedyaduyuru/2?embed=1&mode=tme (Caused by NameResolutionError("<urllib3.connection.HTTPSConnection object at 0x000002633BB254D0>: Failed to resolve 't.me' ([Errno 11001] getaddrinfo failed)"))
HTTPSConnectionPool(host='t.me', port=443): Max retries exceeded with url: /amtmedyaduyuru/2?embed=1&mode=tme (Caused by NameResolutionError("<urllib3.connection.HTTPSConnection object at 0x000002633C539690>: Failed to resolve 't.me' ([Errno 11001] getaddrinfo failed)"))
HTTPSConnectionPool(host='t.me', port=443): Max retries exceeded with url: /amtmedyaduyuru/2?embed=1&mode=tme (Caused by NameResolutionError("<urllib3.connection.HTTPSConnection object at 0x00000263407E3890>: Failed to resolve 't.me' ([Errno 11001] getaddrinfo failed)"))
HTTPSConnectionPool(host='t.me', port=443): Max retries exceeded with url: /amtmedyaduyuru/2?embed=1&mode=tme (Caused by NameResolutionError("<urllib3.connection.HTTPSConnection object at 0x00000263405B1AD0>: Failed to resolve 't.me' ([Errno 11001] getaddrinfo failed)"))
HTTPSConnectionPool(host='t.me', port=443): Max retries exceeded with url: /amtmedyaduyuru/2?embed=1&mode=tme (Caused by NameResolutionError("<urllib3.connection.HTTPSConnection object at 0x00000263405B1AD0>: Failed to resolve 't.me' ([Errno 11001] getaddrinfo failed)"))
HTTPSConnectionPool(host='t.me', port=443): Max retries exceeded with url: /amtmedyaduyuru/2?embed=1&mode=tme (Caused by NameResolutionError("<urllib3.connection.HTTPSConnection object at 0x00000263407E3C90>: Failed to resolve 't.me' ([Errno 11001] getaddrinfo failed)"))
HTTPSConnectionPool(host='t.me', port=443): Max retries exceeded with url: /amtmedyaduyuru/2?embed=1&mode=tme (Caused by NameResolutionError("<urllib3.connection.HTTPSConnection object at 0x000002633E1FED10>: Failed to resolve 't.me' ([Errno 11001] getaddrinfo failed)"))
HTTPSConnectionPool(host='t.me', port=443): Max retries exceeded with url: /amtmedyaduyuru/2?embed=1&mode=tme (Caused by NameResolutionError("<urllib3.connection.HTTPSConnection object at 0x0000026340451310>: Failed to resolve 't.me' ([Errno 11001] getaddrinfo failed)"))
HTTPSConnectionPool(host='t.me', port=443): Max retries exceeded with url: /amtmedyaduyuru/2?embed=1&mode=tme (Caused by NameResolutionError("<urllib3.connection.HTTPSConnection object at 0x0000026340A7C990>: Failed to resolve 't.me' ([Errno 11001] getaddrinfo failed)"))
HTTPSConnectionPool(host='t.me', port=443): Max retries exceeded with url: /amtmedyaduyuru/2?embed=1&mode=tme (Caused by NameResolutionError("<urllib3.connection.HTTPSConnection object at 0x000002633F935050>: Failed to resolve 't.me' ([Errno 11001] getaddrinfo failed)"))
HTTPSConnectionPool(host='t.me', port=443): Max retries exceeded with url: /amtmedyaduyuru/2?embed=1&mode=tme (Caused by NameResolutionError("<urllib3.connection.HTTPSConnection object at 0x000002633E01D110>: Failed to resolve 't.me' ([Errno 11001] getaddrinfo failed)"))
HTTPSConnectionPool(host='t.me', port=443): Max retries exceeded with url: /amtmedyaduyuru/2?embed=1&mode=tme (Caused by NameResolutionError("<urllib3.connection.HTTPSConnection object at 0x0000026340E5CDD0>: Failed to resolve 't.me' ([Errno 11001] getaddrinfo failed)"))
HTTPSConnectionPool(host='t.me', port=443): Max retries exceeded with url: /amtmedyaduyuru/2?embed=1&mode=tme (Caused by NameResolutionError("<urllib3.connection.HTTPSConnection object at 0x00000263401C3AD0>: Failed to resolve 't.me' ([Errno 11001] getaddrinfo failed)"))
HTTPSConnectionPool(host='t.me', port=443): Max retries exceeded with url: /amtmedyaduyuru/2?embed=1&mode=tme (Caused by NameResolutionError("<urllib3.connection.HTTPSConnection object at 0x0000026340178E10>: Failed to resolve 't.me' ([Errno 11001] getaddrinfo failed)"))
HTTPSConnectionPool(host='t.me', port=443): Max retries exceeded with url: /amtmedyaduyuru/2?embed=1&mode=tme (Caused by NameResolutionError("<urllib3.connection.HTTPSConnection object at 0x0000026340D4DD50>: Failed to resolve 't.me' ([Errno 11001] getaddrinfo failed)"))
HTTPSConnectionPool(host='t.me', port=443): Max retries exceeded with url: /amtmedyaduyuru/2?embed=1&mode=tme (Caused by NameResolutionError("<urllib3.connection.HTTPSConnection object at 0x0000026340817610>: Failed to resolve 't.me' ([Errno 11001] getaddrinfo failed)"))
HTTPSConnectionPool(host='t.me', port=443): Max retries exceeded with url: /amtmedyaduyuru/2?embed=1&mode=tme (Caused by NameResolutionError("<urllib3.connection.HTTPSConnection object at 0x000002633FB39C90>: Failed to resolve 't.me' ([Errno 11001] getaddrinfo failed)"))
HTTPSConnectionPool(host='t.me', port=443): Max retries exceeded with url: /amtmedyaduyuru/2?embed=1&mode=tme (Caused by NameResolutionError("<urllib3.connection.HTTPSConnection object at 0x000002633FBBD3D0>: Failed to resolve 't.me' ([Errno 11001] getaddrinfo failed)"))
HTTPSConnectionPool(host='t.me', port=443): Max retries exceeded with url: /amtmedyaduyuru/2?embed=1&mode=tme (Caused by NameResolutionError("<urllib3.connection.HTTPSConnection object at 0x00000263407E2E50>: Failed to resolve 't.me' ([Errno 11001] getaddrinfo failed)"))
HTTPSConnectionPool(host='t.me', port=443): Max retries exceeded with url: /amtmedyaduyuru/2?embed=1&mode=tme (Caused by NameResolutionError("<urllib3.connection.HTTPSConnection object at 0x0000026340A59410>: Failed to resolve 't.me' ([Errno 11001] getaddrinfo failed)"))
HTTPSConnectionPool(host='t.me', port=443): Max retries exceeded with url: /amtmedyaduyuru/2?embed=1&mode=tme (Caused by NameResolutionError("<urllib3.connection.HTTPSConnection object at 0x0000026340E5E950>: Failed to resolve 't.me' ([Errno 11001] getaddrinfo failed)"))
HTTPSConnectionPool(host='t.me', port=443): Max retries exceeded with url: /amtmedyaduyuru/2?embed=1&mode=tme (Caused by NameResolutionError("<urllib3.connection.HTTPSConnection object at 0x0000026340B23050>: Failed to resolve 't.me' ([Errno 11001] getaddrinfo failed)"))
HTTPSConnectionPool(host='t.me', port=443): Max retries exceeded with url: /amtmedyaduyuru/2?embed=1&mode=tme (Caused by NameResolutionError("<urllib3.connection.HTTPSConnection object at 0x0000026340B23090>: Failed to resolve 't.me' ([Errno 11001] getaddrinfo failed)"))
HTTPSConnectionPool(host='t.me', port=443): Max retries exceeded with url: /amtmedyaduyuru/2?embed=1&mode=tme (Caused by NameResolutionError("<urllib3.connection.HTTPSConnection object at 0x0000026340E5E710>: Failed to resolve 't.me' ([Errno 11001] getaddrinfo failed)"))
HTTPSConnectionPool(host='t.me', port=443): Max retries exceeded with url: /amtmedyaduyuru/2?embed=1&mode=tme (Caused by NameResolutionError("<urllib3.connection.HTTPSConnection object at 0x000002634068B850>: Failed to resolve 't.me' ([Errno 11001] getaddrinfo failed)"))
HTTPSConnectionPool(host='t.me', port=443): Max retries exceeded with url: /amtmedyaduyuru/2?embed=1&mode=tme (Caused by NameResolutionError("<urllib3.connection.HTTPSConnection object at 0x0000026340733E10>: Failed to resolve 't.me' ([Errno 11001] getaddrinfo failed)"))
HTTPSConnectionPool(host='t.me', port=443): Max retries exceeded with url: /amtmedyaduyuru/2?embed=1&mode=tme (Caused by NameResolutionError("<urllib3.connection.HTTPSConnection object at 0x0000026340FC1550>: Failed to resolve 't.me' ([Errno 11001] getaddrinfo failed)"))
HTTPSConnectionPool(host='t.me', port=443): Max retries exceeded with url: /amtmedyaduyuru/2?embed=1&mode=tme (Caused by NameResolutionError("<urllib3.connection.HTTPSConnection object at 0x00000263401A69D0>: Failed to resolve 't.me' ([Errno 11001] getaddrinfo failed)"))
HTTPSConnectionPool(host='t.me', port=443): Max retries exceeded with url: /amtmedyaduyuru/2?embed=1&mode=tme (Caused by NameResolutionError("<urllib3.connection.HTTPSConnection object at 0x0000026340B2D910>: Failed to resolve 't.me' ([Errno 11001] getaddrinfo failed)"))
HTTPSConnectionPool(host='t.me', port=443): Max retries exceeded with url: /amtmedyaduyuru/2?embed=1&mode=tme (Caused by NameResolutionError("<urllib3.connection.HTTPSConnection object at 0x000002634058FDD0>: Failed to resolve 't.me' ([Errno 11001] getaddrinfo failed)"))
HTTPSConnectionPool(host='t.me', port=443): Max retries exceeded with url: /amtmedyaduyuru/2?embed=1&mode=tme (Caused by NameResolutionError("<urllib3.connection.HTTPSConnection object at 0x0000026340746310>: Failed to resolve 't.me' ([Errno 11001] getaddrinfo failed)"))
HTTPSConnectionPool(host='t.me', port=443): Max retries exceeded with url: /amtmedyaduyuru/2?embed=1&mode=tme (Caused by NameResolutionError("<urllib3.connection.HTTPSConnection object at 0x00000263390CBB90>: Failed to resolve 't.me' ([Errno 11001] getaddrinfo failed)"))
HTTPSConnectionPool(host='t.me', port=443): Max retries exceeded with url: /amtmedyaduyuru/2?embed=1&mode=tme (Caused by NameResolutionError("<urllib3.connection.HTTPSConnection object at 0x0000026336681690>: Failed to resolve 't.me' ([Errno 11001] getaddrinfo failed)"))
HTTPSConnectionPool(host='t.me', port=443): Max retries exceeded with url: /amtmedyaduyuru/2?embed=1&mode=tme (Caused by NameResolutionError("<urllib3.connection.HTTPSConnection object at 0x0000026340D4EE90>: Failed to resolve 't.me' ([Errno 11001] getaddrinfo failed)"))
HTTPSConnectionPool(host='t.me', port=443): Max retries exceeded with url: /amtmedyaduyuru/2?embed=1&mode=tme (Caused by NameResolutionError("<urllib3.connection.HTTPSConnection object at 0x0000026340E5FD50>: Failed to resolve 't.me' ([Errno 11001] getaddrinfo failed)"))
HTTPSConnectionPool(host='t.me', port=443): Max retries exceeded with url: /amtmedyaduyuru/2?embed=1&mode=tme (Caused by NameResolutionError("<urllib3.connection.HTTPSConnection object at 0x000002633C2F9890>: Failed to resolve 't.me' ([Errno 11001] getaddrinfo failed)"))
HTTPSConnectionPool(host='t.me', port=443): Max retries exceeded with url: /amtmedyaduyuru/2?embed=1&mode=tme (Caused by NameResolutionError("<urllib3.connection.HTTPSConnection object at 0x000002634093EDD0>: Failed to resolve 't.me' ([Errno 11001] getaddrinfo failed)"))
HTTPSConnectionPool(host='t.me', port=443): Max retries exceeded with url: /amtmedyaduyuru/2?embed=1&mode=tme (Caused by NameResolutionError("<urllib3.connection.HTTPSConnection object at 0x0000026340D7A390>: Failed to resolve 't.me' ([Errno 11001] getaddrinfo failed)"))
HTTPSConnectionPool(host='t.me', port=443): Max retries exceeded with url: /amtmedyaduyuru/2?embed=1&mode=tme (Caused by NameResolutionError("<urllib3.connection.HTTPSConnection object at 0x00000263407133D0>: Failed to resolve 't.me' ([Errno 11001] getaddrinfo failed)"))
HTTPSConnectionPool(host='t.me', port=443): Max retries exceeded with url: /amtmedyaduyuru/2?embed=1&mode=tme (Caused by NameResolutionError("<urllib3.connection.HTTPSConnection object at 0x0000026340E346D0>: Failed to resolve 't.me' ([Errno 11001] getaddrinfo failed)"))
HTTPSConnectionPool(host='t.me', port=443): Max retries exceeded with url: /amtmedyaduyuru/2?embed=1&mode=tme (Caused by NameResolutionError("<urllib3.connection.HTTPSConnection object at 0x000002634062B390>: Failed to resolve 't.me' ([Errno 11001] getaddrinfo failed)"))
HTTPSConnectionPool(host='t.me', port=443): Max retries exceeded with url: /amtmedyaduyuru/2?embed=1&mode=tme (Caused by NameResolutionError("<urllib3.connection.HTTPSConnection object at 0x00000263405B1AD0>: Failed to resolve 't.me' ([Errno 11001] getaddrinfo failed)"))
HTTPSConnectionPool(host='t.me', port=443): Max retries exceeded with url: /amtmedyaduyuru/2?embed=1&mode=tme (Caused by NameResolutionError("<urllib3.connection.HTTPSConnection object at 0x000002633C2D9B90>: Failed to resolve 't.me' ([Errno 11001] getaddrinfo failed)"))
HTTPSConnectionPool(host='t.me', port=443): Max retries exceeded with url: /amtmedyaduyuru/2?embed=1&mode=tme (Caused by NameResolutionError("<urllib3.connection.HTTPSConnection object at 0x0000026336683050>: Failed to resolve 't.me' ([Errno 11001] getaddrinfo failed)"))
HTTPSConnectionPool(host='t.me', port=443): Max retries exceeded with url: /amtmedyaduyuru/2?embed=1&mode=tme (Caused by NameResolutionError("<urllib3.connection.HTTPSConnection object at 0x0000026340E5C450>: Failed to resolve 't.me' ([Errno 11001] getaddrinfo failed)"))
HTTPSConnectionPool(host='t.me', port=443): Max retries exceeded with url: /amtmedyaduyuru/2?embed=1&mode=tme (Caused by NameResolutionError("<urllib3.connection.HTTPSConnection object at 0x0000026340D6FAD0>: Failed to resolve 't.me' ([Errno 11001] getaddrinfo failed)"))
HTTPSConnectionPool(host='t.me', port=443): Max retries exceeded with url: /amtmedyaduyuru/2?embed=1&mode=tme (Caused by NameResolutionError("<urllib3.connection.HTTPSConnection object at 0x000002633FEB2E10>: Failed to resolve 't.me' ([Errno 11001] getaddrinfo failed)"))
HTTPSConnectionPool(host='t.me', port=443): Max retries exceeded with url: /amtmedyaduyuru/2?embed=1&mode=tme (Caused by NameResolutionError("<urllib3.connection.HTTPSConnection object at 0x0000026340B07790>: Failed to resolve 't.me' ([Errno 11001] getaddrinfo failed)"))
HTTPSConnectionPool(host='t.me', port=443): Max retries exceeded with url: /amtmedyaduyuru/2?embed=1&mode=tme (Caused by NameResolutionError("<urllib3.connection.HTTPSConnection object at 0x00000263403D7D90>: Failed to resolve 't.me' ([Errno 11001] getaddrinfo failed)"))
HTTPSConnectionPool(host='t.me', port=443): Max retries exceeded with url: /amtmedyaduyuru/2?embed=1&mode=tme (Caused by NameResolutionError("<urllib3.connection.HTTPSConnection object at 0x0000026340689C90>: Failed to resolve 't.me' ([Errno 11001] getaddrinfo failed)"))
HTTPSConnectionPool(host='t.me', port=443): Max retries exceeded with url: /amtmedyaduyuru/2?embed=1&mode=tme (Caused by NameResolutionError("<urllib3.connection.HTTPSConnection object at 0x0000026340E73E50>: Failed to resolve 't.me' ([Errno 11001] getaddrinfo failed)"))
HTTPSConnectionPool(host='t.me', port=443): Max retries exceeded with url: /amtmedyaduyuru/2?embed=1&mode=tme (Caused by NameResolutionError("<urllib3.connection.HTTPSConnection object at 0x000002634068B850>: Failed to resolve 't.me' ([Errno 11001] getaddrinfo failed)"))
HTTPSConnectionPool(host='t.me', port=443): Max retries exceeded with url: /amtmedyaduyuru/2?embed=1&mode=tme (Caused by NameResolutionError("<urllib3.connection.HTTPSConnection object at 0x00000263407AF410>: Failed to resolve 't.me' ([Errno 11001] getaddrinfo failed)"))
HTTPSConnectionPool(host='t.me', port=443): Max retries exceeded with url: /amtmedyaduyuru/2?embed=1&mode=tme (Caused by NameResolutionError("<urllib3.connection.HTTPSConnection object at 0x0000026340E89090>: Failed to resolve 't.me' ([Errno 11001] getaddrinfo failed)"))
HTTPSConnectionPool(host='t.me', port=443): Max retries exceeded with url: /amtmedyaduyuru/2?embed=1&mode=tme (Caused by NameResolutionError("<urllib3.connection.HTTPSConnection object at 0x00000263406018D0>: Failed to resolve 't.me' ([Errno 11001] getaddrinfo failed)"))
HTTPSConnectionPool(host='t.me', port=443): Max retries exceeded with url: /amtmedyaduyuru/2?embed=1&mode=tme (Caused by NameResolutionError("<urllib3.connection.HTTPSConnection object at 0x000002633B7EA110>: Failed to resolve 't.me' ([Errno 11001] getaddrinfo failed)"))
HTTPSConnectionPool(host='t.me', port=443): Max retries exceeded with url: /amtmedyaduyuru/2?embed=1&mode=tme (Caused by NameResolutionError("<urllib3.connection.HTTPSConnection object at 0x00000263404D4490>: Failed to resolve 't.me' ([Errno 11001] getaddrinfo failed)"))
HTTPSConnectionPool(host='t.me', port=443): Max retries exceeded with url: /amtmedyaduyuru/2?embed=1&mode=tme (Caused by NameResolutionError("<urllib3.connection.HTTPSConnection object at 0x0000026340635850>: Failed to resolve 't.me' ([Errno 11001] getaddrinfo failed)"))
HTTPSConnectionPool(host='t.me', port=443): Max retries exceeded with url: /amtmedyaduyuru/2?embed=1&mode=tme (Caused by NameResolutionError("<urllib3.connection.HTTPSConnection object at 0x0000026340E71990>: Failed to resolve 't.me' ([Errno 11001] getaddrinfo failed)"))
HTTPSConnectionPool(host='t.me', port=443): Max retries exceeded with url: /amtmedyaduyuru/2?embed=1&mode=tme (Caused by NameResolutionError("<urllib3.connection.HTTPSConnection object at 0x00000263409B6DD0>: Failed to resolve 't.me' ([Errno 11001] getaddrinfo failed)"))
HTTPSConnectionPool(host='t.me', port=443): Max retries exceeded with url: /amtmedyaduyuru/2?embed=1&mode=tme (Caused by NameResolutionError("<urllib3.connection.HTTPSConnection object at 0x000002633FEE8150>: Failed to resolve 't.me' ([Errno 11001] getaddrinfo failed)"))
HTTPSConnectionPool(host='t.me', port=443): Max retries exceeded with url: /amtmedyaduyuru/2?embed=1&mode=tme (Caused by NameResolutionError("<urllib3.connection.HTTPSConnection object at 0x0000026340C0D810>: Failed to resolve 't.me' ([Errno 11001] getaddrinfo failed)"))
HTTPSConnectionPool(host='t.me', port=443): Max retries exceeded with url: /amtmedyaduyuru/2?embed=1&mode=tme (Caused by NameResolutionError("<urllib3.connection.HTTPSConnection object at 0x0000026340701F90>: Failed to resolve 't.me' ([Errno 11001] getaddrinfo failed)"))
HTTPSConnectionPool(host='t.me', port=443): Max retries exceeded with url: /amtmedyaduyuru/2?embed=1&mode=tme (Caused by NameResolutionError("<urllib3.connection.HTTPSConnection object at 0x0000026340E73E50>: Failed to resolve 't.me' ([Errno 11001] getaddrinfo failed)"))
HTTPSConnectionPool(host='t.me', port=443): Max retries exceeded with url: /amtmedyaduyuru/2?embed=1&mode=tme (Caused by NameResolutionError("<urllib3.connection.HTTPSConnection object at 0x0000026338FAFA50>: Failed to resolve 't.me' ([Errno 11001] getaddrinfo failed)"))
HTTPSConnectionPool(host='t.me', port=443): Max retries exceeded with url: /amtmedyaduyuru/2?embed=1&mode=tme (Caused by NameResolutionError("<urllib3.connection.HTTPSConnection object at 0x0000026340E5C190>: Failed to resolve 't.me' ([Errno 11001] getaddrinfo failed)"))
HTTPSConnectionPool(host='t.me', port=443): Max retries exceeded with url: /amtmedyaduyuru/2?embed=1&mode=tme (Caused by NameResolutionError("<urllib3.connection.HTTPSConnection object at 0x000002634096AE50>: Failed to resolve 't.me' ([Errno 11001] getaddrinfo failed)"))
HTTPSConnectionPool(host='t.me', port=443): Max retries exceeded with url: /amtmedyaduyuru/2?embed=1&mode=tme (Caused by NameResolutionError("<urllib3.connection.HTTPSConnection object at 0x0000026340FC3310>: Failed to resolve 't.me' ([Errno 11001] getaddrinfo failed)"))
HTTPSConnectionPool(host='t.me', port=443): Max retries exceeded with url: /amtmedyaduyuru/2?embed=1&mode=tme (Caused by NameResolutionError("<urllib3.connection.HTTPSConnection object at 0x000002633F94D550>: Failed to resolve 't.me' ([Errno 11001] getaddrinfo failed)"))
HTTPSConnectionPool(host='t.me', port=443): Max retries exceeded with url: /amtmedyaduyuru/2?embed=1&mode=tme (Caused by NameResolutionError("<urllib3.connection.HTTPSConnection object at 0x000002633AC47090>: Failed to resolve 't.me' ([Errno 11001] getaddrinfo failed)"))
HTTPSConnectionPool(host='t.me', port=443): Max retries exceeded with url: /amtmedyaduyuru/2?embed=1&mode=tme (Caused by NameResolutionError("<urllib3.connection.HTTPSConnection object at 0x00000263406C9350>: Failed to resolve 't.me' ([Errno 11001] getaddrinfo failed)"))
HTTPSConnectionPool(host='t.me', port=443): Max retries exceeded with url: /amtmedyaduyuru/2?embed=1&mode=tme (Caused by NameResolutionError("<urllib3.connection.HTTPSConnection object at 0x0000026340D56710>: Failed to resolve 't.me' ([Errno 11001] getaddrinfo failed)"))
HTTPSConnectionPool(host='t.me', port=443): Max retries exceeded with url: /amtmedyaduyuru/2?embed=1&mode=tme (Caused by NameResolutionError("<urllib3.connection.HTTPSConnection object at 0x0000026340FDF4D0>: Failed to resolve 't.me' ([Errno 11001] getaddrinfo failed)"))
HTTPSConnectionPool(host='t.me', port=443): Max retries exceeded with url: /amtmedyaduyuru/2?embed=1&mode=tme (Caused by NameResolutionError("<urllib3.connection.HTTPSConnection object at 0x000002633F86E1D0>: Failed to resolve 't.me' ([Errno 11001] getaddrinfo failed)"))
HTTPSConnectionPool(host='t.me', port=443): Max retries exceeded with url: /amtmedyaduyuru/2?embed=1&mode=tme (Caused by NameResolutionError("<urllib3.connection.HTTPSConnection object at 0x0000026340492F50>: Failed to resolve 't.me' ([Errno 11001] getaddrinfo failed)"))
HTTPSConnectionPool(host='t.me', port=443): Max retries exceeded with url: /amtmedyaduyuru/2?embed=1&mode=tme (Caused by NameResolutionError("<urllib3.connection.HTTPSConnection object at 0x0000026340B22FD0>: Failed to resolve 't.me' ([Errno 11001] getaddrinfo failed)"))
HTTPSConnectionPool(host='t.me', port=443): Max retries exceeded with url: /amtmedyaduyuru/2?embed=1&mode=tme (Caused by NameResolutionError("<urllib3.connection.HTTPSConnection object at 0x000002633F781490>: Failed to resolve 't.me' ([Errno 11001] getaddrinfo failed)"))
HTTPSConnectionPool(host='t.me', port=443): Max retries exceeded with url: /amtmedyaduyuru/2?embed=1&mode=tme (Caused by NameResolutionError("<urllib3.connection.HTTPSConnection object at 0x000002633BA60510>: Failed to resolve 't.me' ([Errno 11001] getaddrinfo failed)"))
HTTPSConnectionPool(host='t.me', port=443): Max retries exceeded with url: /amtmedyaduyuru/2?embed=1&mode=tme (Caused by NameResolutionError("<urllib3.connection.HTTPSConnection object at 0x000002633FFD2CD0>: Failed to resolve 't.me' ([Errno 11001] getaddrinfo failed)"))
HTTPSConnectionPool(host='t.me', port=443): Max retries exceeded with url: /amtmedyaduyuru/2?embed=1&mode=tme (Caused by NameResolutionError("<urllib3.connection.HTTPSConnection object at 0x0000026340BBDE90>: Failed to resolve 't.me' ([Errno 11001] getaddrinfo failed)"))
HTTPSConnectionPool(host='t.me', port=443): Max retries exceeded with url: /amtmedyaduyuru/2?embed=1&mode=tme (Caused by NameResolutionError("<urllib3.connection.HTTPSConnection object at 0x0000026340FDD5D0>: Failed to resolve 't.me' ([Errno 11001] getaddrinfo failed)"))
HTTPSConnectionPool(host='t.me', port=443): Max retries exceeded with url: /amtmedyaduyuru/2?embed=1&mode=tme (Caused by NameResolutionError("<urllib3.connection.HTTPSConnection object at 0x000002634093F750>: Failed to resolve 't.me' ([Errno 11001] getaddrinfo failed)"))
HTTPSConnectionPool(host='t.me', port=443): Max retries exceeded with url: /amtmedyaduyuru/2?embed=1&mode=tme (Caused by NameResolutionError("<urllib3.connection.HTTPSConnection object at 0x0000026340FBC850>: Failed to resolve 't.me' ([Errno 11001] getaddrinfo failed)"))
HTTPSConnectionPool(host='t.me', port=443): Max retries exceeded with url: /amtmedyaduyuru/2?embed=1&mode=tme (Caused by NameResolutionError("<urllib3.connection.HTTPSConnection object at 0x0000026340FBFE10>: Failed to resolve 't.me' ([Errno 11001] getaddrinfo failed)"))
HTTPSConnectionPool(host='t.me', port=443): Max retries exceeded with url: /amtmedyaduyuru/2?embed=1&mode=tme (Caused by NameResolutionError("<urllib3.connection.HTTPSConnection object at 0x0000026334D201D0>: Failed to resolve 't.me' ([Errno 11001] getaddrinfo failed)"))
HTTPSConnectionPool(host='t.me', port=443): Max retries exceeded with url: /amtmedyaduyuru/2?embed=1&mode=tme (Caused by NameResolutionError("<urllib3.connection.HTTPSConnection object at 0x0000026340D4C9D0>: Failed to resolve 't.me' ([Errno 11001] getaddrinfo failed)"))
HTTPSConnectionPool(host='t.me', port=443): Max retries exceeded with url: /amtmedyaduyuru/2?embed=1&mode=tme (Caused by NameResolutionError("<urllib3.connection.HTTPSConnection object at 0x00000263402E5E10>: Failed to resolve 't.me' ([Errno 11001] getaddrinfo failed)"))
HTTPSConnectionPool(host='t.me', port=443): Max retries exceeded with url: /amtmedyaduyuru/2?embed=1&mode=tme (Caused by NameResolutionError("<urllib3.connection.HTTPSConnection object at 0x0000026340A4FF50>: Failed to resolve 't.me' ([Errno 11001] getaddrinfo failed)"))
HTTPSConnectionPool(host='t.me', port=443): Max retries exceeded with url: /amtmedyaduyuru/2?embed=1&mode=tme (Caused by NameResolutionError("<urllib3.connection.HTTPSConnection object at 0x00000263407C9610>: Failed to resolve 't.me' ([Errno 11001] getaddrinfo failed)"))
HTTPSConnectionPool(host='t.me', port=443): Max retries exceeded with url: /amtmedyaduyuru/2?embed=1&mode=tme (Caused by NameResolutionError("<urllib3.connection.HTTPSConnection object at 0x000002633E028DD0>: Failed to resolve 't.me' ([Errno 11001] getaddrinfo failed)"))
HTTPSConnectionPool(host='t.me', port=443): Max retries exceeded with url: /amtmedyaduyuru/2?embed=1&mode=tme (Caused by NameResolutionError("<urllib3.connection.HTTPSConnection object at 0x0000026340D79C50>: Failed to resolve 't.me' ([Errno 11001] getaddrinfo failed)"))
HTTPSConnectionPool(host='t.me', port=443): Max retries exceeded with url: /amtmedyaduyuru/2?embed=1&mode=tme (Caused by NameResolutionError("<urllib3.connection.HTTPSConnection object at 0x0000026338F88590>: Failed to resolve 't.me' ([Errno 11001] getaddrinfo failed)"))
HTTPSConnectionPool(host='t.me', port=443): Max retries exceeded with url: /amtmedyaduyuru/2?embed=1&mode=tme (Caused by NameResolutionError("<urllib3.connection.HTTPSConnection object at 0x000002633C54DC50>: Failed to resolve 't.me' ([Errno 11001] getaddrinfo failed)"))
HTTPSConnectionPool(host='t.me', port=443): Max retries exceeded with url: /amtmedyaduyuru/2?embed=1&mode=tme (Caused by NameResolutionError("<urllib3.connection.HTTPSConnection object at 0x0000026340D4E410>: Failed to resolve 't.me' ([Errno 11001] getaddrinfo failed)"))
